
> frontend@0.1.0 test
> cross-env VITEST=true vitest run


[1m[46m RUN [49m[22m [36mv4.0.15 [39m[90m/home/user/FREESPORT/frontend[39m

 [31m❯[39m src/components/product/__tests__/ProductInfo.test.tsx [2m([22m[2m18 tests[22m[2m | [22m[31m2 failed[39m[2m)[22m[32m 130[2mms[22m[39m
     [32m✓[39m рендерит название товара[32m 44[2mms[22m[39m
     [32m✓[39m рендерит SKU и бренд[32m 6[2mms[22m[39m
     [32m✓[39m отображает retail цену для гостя[32m 5[2mms[22m[39m
     [32m✓[39m отображает wholesale level1 цену для wholesale_level1[32m 4[2mms[22m[39m
     [32m✓[39m отображает trainer цену для trainer[32m 6[2mms[22m[39m
     [32m✓[39m отображает federation цену для federation_rep[32m 3[2mms[22m[39m
     [32m✓[39m отображает статус "В наличии" для товара в наличии[32m 4[2mms[22m[39m
     [32m✓[39m отображает статус "Под заказ" для товара под заказ[32m 4[2mms[22m[39m
     [32m✓[39m отображает статус "Нет в наличии" для недоступного товара[32m 5[2mms[22m[39m
     [32m✓[39m рендерит рейтинг звездами[32m 3[2mms[22m[39m
     [32m✓[39m рендерит количество отзывов[32m 4[2mms[22m[39m
     [32m✓[39m не отображает рейтинг если он отсутствует[32m 2[2mms[22m[39m
[31m     [31m×[31m рендерит описание[39m[32m 14[2mms[22m[39m
[31m     [31m×[31m рендерит полное описание[39m[32m 5[2mms[22m[39m
     [32m✓[39m не отображает описание если оно отсутствует[32m 4[2mms[22m[39m
     [32m✓[39m применяет корректный CSS класс для статуса "В наличии"[32m 4[2mms[22m[39m
     [32m✓[39m применяет корректный CSS класс для статуса "Под заказ"[32m 4[2mms[22m[39m
     [32m✓[39m применяет корректный CSS класс для статуса "Нет в наличии"[32m 3[2mms[22m[39m
 [31m❯[39m src/components/home/__tests__/CategoryCard.test.tsx [2m([22m[2m42 tests[22m[2m | [22m[31m2 failed[39m[2m)[22m[32m 200[2mms[22m[39m
       [32m✓[39m renders as a Link component with correct href[32m 33[2mms[22m[39m
       [32m✓[39m renders with white background[32m 8[2mms[22m[39m
       [32m✓[39m renders with rounded corners (rounded-2xl)[32m 5[2mms[22m[39m
       [32m✓[39m renders with default shadow[32m 4[2mms[22m[39m
       [32m✓[39m renders image with alt text matching name by default[32m 6[2mms[22m[39m
       [32m✓[39m renders image with custom alt text when provided[32m 4[2mms[22m[39m
       [32m✓[39m image container has aspect-square ratio[32m 5[2mms[22m[39m
       [32m✓[39m renders Image component with fill property[32m 3[2mms[22m[39m
       [32m✓[39m applies hover scale effect to image[32m 5[2mms[22m[39m
       [32m✓[39m image has relative positioning in aspect-square container[32m 4[2mms[22m[39m
       [32m✓[39m renders category name as h3 element[32m 4[2mms[22m[39m
[31m       [31m×[31m applies correct typography to name (text-xl font-semibold)[39m[32m 7[2mms[22m[39m
       [32m✓[39m centers category name text[32m 4[2mms[22m[39m
       [32m✓[39m name is inside p-4 padding container[32m 4[2mms[22m[39m
       [32m✓[39m renders different category names correctly[32m 16[2mms[22m[39m
       [32m✓[39m applies hover shadow effect[32m 3[2mms[22m[39m
       [32m✓[39m applies hover lift effect (-translate-y-0.5)[32m 2[2mms[22m[39m
       [32m✓[39m applies transition to all hover effects[32m 2[2mms[22m[39m
       [32m✓[39m card is part of group for coordinated hover effects[32m 4[2mms[22m[39m
       [32m✓[39m link has proper focus styles[32m 4[2mms[22m[39m
       [32m✓[39m image has descriptive alt text[32m 2[2mms[22m[39m
       [32m✓[39m uses semantic heading for category name[32m 3[2mms[22m[39m
       [32m✓[39m card is keyboard accessible via Link[32m 2[2mms[22m[39m
       [32m✓[39m renders with custom alt text for better accessibility[32m 2[2mms[22m[39m
       [32m✓[39m uses correct shadow tokens (shadow-default, hover:shadow-hover)[32m 2[2mms[22m[39m
       [32m✓[39m uses correct border radius (rounded-2xl = 16px)[32m 3[2mms[22m[39m
       [32m✓[39m uses correct typography for title (text-xl font-semibold)[32m 3[2mms[22m[39m
[31m       [31m×[31m uses correct color token (text-primary)[39m[32m 4[2mms[22m[39m
       [32m✓[39m uses correct motion duration (180ms)[32m 3[2mms[22m[39m
       [32m✓[39m uses correct spacing (p-4 for content)[32m 3[2mms[22m[39m
       [32m✓[39m uses correct hover lift transform (-translate-y-0.5 = -2px)[32m 3[2mms[22m[39m
       [32m✓[39m renders with correct href for different categories[32m 8[2mms[22m[39m
       [32m✓[39m renders absolute href correctly[32m 7[2mms[22m[39m
       [32m✓[39m renders href with query parameters[32m 3[2mms[22m[39m
       [32m✓[39m renders with minimal name[32m 3[2mms[22m[39m
       [32m✓[39m renders with very long name[32m 3[2mms[22m[39m
       [32m✓[39m renders with empty alt text (defaults to name)[32m 2[2mms[22m[39m
       [32m✓[39m handles Cyrillic characters in href[32m 2[2mms[22m[39m
       [32m✓[39m renders with special characters in name[32m 2[2mms[22m[39m
       [32m✓[39m renders with data URI image[32m 2[2mms[22m[39m
       [32m✓[39m has displayName set for debugging[32m 0[2mms[22m[39m
       [32m✓[39m renders multiple cards with different props[32m 9[2mms[22m[39m
[90mstderr[2m | src/providers/__tests__/AuthProvider.test.tsx[2m > [22m[2mAuthProvider - Session Initialization[2m > [22m[2minitializes session with valid refresh token
[22m[39m[MSW] Warning: intercepted a request without a matching request handler:

  • GET http://localhost:8001/api/v1/users/profile/

If you still wish to intercept this unhandled request, please create a request handler for it.
Read more: https://mswjs.io/docs/http/intercepting-requests

[90mstderr[2m | src/providers/__tests__/AuthProvider.test.tsx[2m > [22m[2mAuthProvider - Session Initialization[2m > [22m[2minitializes session with valid refresh token
[22m[39m[MSW] Warning: intercepted a request without a matching request handler:

  • GET http://localhost:8001/api/v1/users/profile/

If you still wish to intercept this unhandled request, please create a request handler for it.
Read more: https://mswjs.io/docs/http/intercepting-requests

Error: connect ECONNREFUSED 127.0.0.1:8001
    at TCPConnectWrap.afterConnect [as oncomplete] (node:net:1637:16) {
  errno: -111,
  code: 'ECONNREFUSED',
  syscall: 'connect',
  address: '127.0.0.1',
  port: 8001
}
[90mstderr[2m | src/providers/__tests__/AuthProvider.test.tsx[2m > [22m[2mAuthProvider - Session Initialization[2m > [22m[2minitializes session with valid refresh token
[22m[39mAuth initialization failed (attempt 1/3), retrying in 1000ms...

[90mstderr[2m | src/components/auth/__tests__/PasswordResetConfirmForm.test.tsx[2m > [22m[2mPasswordResetConfirmForm[2m > [22m[2mToken Validation on Mount[2m > [22m[2mshould show error for expired token (410)
[22m[39mToken validation error: { response: { status: [33m410[39m } }

[90mstderr[2m | src/components/auth/__tests__/PasswordResetConfirmForm.test.tsx[2m > [22m[2mPasswordResetConfirmForm[2m > [22m[2mToken Validation on Mount[2m > [22m[2mshould show error for invalid token (404)
[22m[39mToken validation error: { response: { status: [33m404[39m } }

[90mstderr[2m | src/components/auth/__tests__/PasswordResetConfirmForm.test.tsx[2m > [22m[2mPasswordResetConfirmForm[2m > [22m[2mToken Validation on Mount[2m > [22m[2mshould show generic error for other validation errors
[22m[39mToken validation error: { response: { status: [33m500[39m } }

[90mstderr[2m | src/components/auth/__tests__/PasswordResetConfirmForm.test.tsx[2m > [22m[2mPasswordResetConfirmForm[2m > [22m[2mToken Validation on Mount[2m > [22m[2mshould show link to request new reset when token is invalid
[22m[39mToken validation error: { response: { status: [33m410[39m } }

 [31m❯[39m src/app/news/__tests__/page.test.tsx [2m([22m[2m23 tests[22m[2m | [22m[31m2 failed[39m[2m)[22m[32m 150[2mms[22m[39m
       [32m✓[39m должна рендериться без ошибок[32m 31[2mms[22m[39m
       [32m✓[39m должна отображать заголовок h1[32m 15[2mms[22m[39m
       [32m✓[39m должна отображать описание секции[32m 6[2mms[22m[39m
       [32m✓[39m должна отображать breadcrumb[32m 5[2mms[22m[39m
[31m       [31m×[31m должна иметь ссылку на главную[39m[32m 9[2mms[22m[39m
       [32m✓[39m должна рендерить карточки новостей[32m 4[2mms[22m[39m
       [32m✓[39m должна передавать правильные props в NewsCard[32m 9[2mms[22m[39m
[31m       [31m×[31m должна иметь ссылки на детальные страницы новостей[39m[32m 5[2mms[22m[39m
       [32m✓[39m должна использовать grid layout для карточек[32m 5[2mms[22m[39m
       [32m✓[39m должна отображать кнопки пагинации когда страниц > 1[32m 5[2mms[22m[39m
       [32m✓[39m должна отображать номера страниц[32m 5[2mms[22m[39m
       [32m✓[39m должна выделять текущую страницу[32m 6[2mms[22m[39m
       [32m✓[39m не должна отображать пагинацию когда 1 страница[32m 3[2mms[22m[39m
       [32m✓[39m должна запрашивать правильную страницу из searchParams[32m 3[2mms[22m[39m
       [32m✓[39m должна отображать empty state когда нет новостей[32m 4[2mms[22m[39m
       [32m✓[39m должна отображать иконку в empty state[32m 4[2mms[22m[39m
       [32m✓[39m не должна отображать grid когда нет новостей[32m 4[2mms[22m[39m
       [32m✓[39m должна содержать правильный title[32m 0[2mms[22m[39m
       [32m✓[39m должна содержать правильный description[32m 0[2mms[22m[39m
       [32m✓[39m должна содержать OpenGraph метатеги[32m 0[2mms[22m[39m
       [32m✓[39m должна корректно обрабатывать ошибку загрузки данных[32m 5[2mms[22m[39m
       [32m✓[39m должна иметь responsive контейнеры[32m 6[2mms[22m[39m
       [32m✓[39m должна иметь responsive grid для карточек[32m 10[2mms[22m[39m
[90mstderr[2m | src/app/checkout/__tests__/page.test.tsx[2m > [22m[2mCheckoutPage[2m > [22m[2mАвторизованный пользователь[2m > [22m[2mдолжен отображать приветствие с именем пользователя
[22m[39mFailed to fetch delivery methods: TypeError: Cannot read properties of undefined (reading 'accessToken')
    at [90m/home/user/FREESPORT/frontend/[39msrc/services/api-client.ts:97:41
[90m    at processTicksAndRejections (node:internal/process/task_queues:105:5)[39m
    at Axios.request [90m(file:///home/user/FREESPORT/frontend/[39mnode_modules/[4maxios[24m/lib/core/Axios.js:40:14[90m)[39m
    at Object.getDeliveryMethods [90m(/home/user/FREESPORT/frontend/[39msrc/services/deliveryService.ts:14:22[90m)[39m
    at fetchMethods [90m(/home/user/FREESPORT/frontend/[39msrc/components/checkout/DeliveryOptions.tsx:41:22[90m)[39m

[90mstderr[2m | src/app/checkout/__tests__/page.test.tsx[2m > [22m[2mCheckoutPage[2m > [22m[2mАвторизованный пользователь[2m > [22m[2mдолжен отображать форму checkout
[22m[39mFailed to fetch delivery methods: TypeError: Cannot read properties of undefined (reading 'accessToken')
    at [90m/home/user/FREESPORT/frontend/[39msrc/services/api-client.ts:97:41
[90m    at processTicksAndRejections (node:internal/process/task_queues:105:5)[39m
    at Axios.request [90m(file:///home/user/FREESPORT/frontend/[39mnode_modules/[4maxios[24m/lib/core/Axios.js:40:14[90m)[39m
    at Object.getDeliveryMethods [90m(/home/user/FREESPORT/frontend/[39msrc/services/deliveryService.ts:14:22[90m)[39m
    at fetchMethods [90m(/home/user/FREESPORT/frontend/[39msrc/components/checkout/DeliveryOptions.tsx:41:22[90m)[39m

[90mstderr[2m | src/app/checkout/__tests__/page.test.tsx[2m > [22m[2mCheckoutPage[2m > [22m[2mАвторизованный пользователь[2m > [22m[2mдолжен автозаполнить данные пользователя
[22m[39mFailed to fetch delivery methods: TypeError: Cannot read properties of undefined (reading 'accessToken')
    at [90m/home/user/FREESPORT/frontend/[39msrc/services/api-client.ts:97:41
[90m    at processTicksAndRejections (node:internal/process/task_queues:105:5)[39m
    at Axios.request [90m(file:///home/user/FREESPORT/frontend/[39mnode_modules/[4maxios[24m/lib/core/Axios.js:40:14[90m)[39m
    at Object.getDeliveryMethods [90m(/home/user/FREESPORT/frontend/[39msrc/services/deliveryService.ts:14:22[90m)[39m
    at fetchMethods [90m(/home/user/FREESPORT/frontend/[39msrc/components/checkout/DeliveryOptions.tsx:41:22[90m)[39m

[90mstderr[2m | src/app/checkout/__tests__/page.test.tsx[2m > [22m[2mCheckoutPage[2m > [22m[2mНеавторизованный пользователь[2m > [22m[2mдолжен отображать форму checkout без приветствия
[22m[39mFailed to fetch delivery methods: TypeError: Cannot read properties of undefined (reading 'accessToken')
    at [90m/home/user/FREESPORT/frontend/[39msrc/services/api-client.ts:97:41
[90m    at processTicksAndRejections (node:internal/process/task_queues:105:5)[39m
    at Axios.request [90m(file:///home/user/FREESPORT/frontend/[39mnode_modules/[4maxios[24m/lib/core/Axios.js:40:14[90m)[39m
    at Object.getDeliveryMethods [90m(/home/user/FREESPORT/frontend/[39msrc/services/deliveryService.ts:14:22[90m)[39m
    at fetchMethods [90m(/home/user/FREESPORT/frontend/[39msrc/components/checkout/DeliveryOptions.tsx:41:22[90m)[39m

[90mstderr[2m | src/app/checkout/__tests__/page.test.tsx[2m > [22m[2mCheckoutPage[2m > [22m[2mНеавторизованный пользователь[2m > [22m[2mдолжен отображать пустую форму
[22m[39mFailed to fetch delivery methods: TypeError: Cannot read properties of undefined (reading 'accessToken')
    at [90m/home/user/FREESPORT/frontend/[39msrc/services/api-client.ts:97:41
[90m    at processTicksAndRejections (node:internal/process/task_queues:105:5)[39m
    at Axios.request [90m(file:///home/user/FREESPORT/frontend/[39mnode_modules/[4maxios[24m/lib/core/Axios.js:40:14[90m)[39m
    at Object.getDeliveryMethods [90m(/home/user/FREESPORT/frontend/[39msrc/services/deliveryService.ts:14:22[90m)[39m
    at fetchMethods [90m(/home/user/FREESPORT/frontend/[39msrc/components/checkout/DeliveryOptions.tsx:41:22[90m)[39m

[90mstderr[2m | src/providers/__tests__/AuthProvider.test.tsx[2m > [22m[2mAuthProvider - Session Initialization[2m > [22m[2mlogs out on expired refresh token (401)
[22m[39mSession expired: AxiosError: Request failed with status code 401
    at settle [90m(file:///home/user/FREESPORT/frontend/[39mnode_modules/[4maxios[24m/lib/core/settle.js:19:12[90m)[39m
    at XMLHttpRequest.onloadend [90m(file:///home/user/FREESPORT/frontend/[39mnode_modules/[4maxios[24m/lib/adapters/xhr.js:59:7[90m)[39m
    at XMLHttpRequest.methodCall [90m(file:///home/user/FREESPORT/frontend/[39mnode_modules/[4m@mswjs/interceptors[24m/lib/node/chunk-5V3SIIW2.mjs:354:20[90m)[39m
    at Proxy.<anonymous> [90m(file:///home/user/FREESPORT/frontend/[39mnode_modules/[4m@mswjs/interceptors[24m/lib/node/chunk-5V3SIIW2.mjs:177:29[90m)[39m
    at XMLHttpRequestController.trigger [90m(file:///home/user/FREESPORT/frontend/[39mnode_modules/[4m@mswjs/interceptors[24m/lib/node/chunk-5V3SIIW2.mjs:652:16[90m)[39m
    at finalizeResponse [90m(file:///home/user/FREESPORT/frontend/[39mnode_modules/[4m@mswjs/interceptors[24m/lib/node/chunk-5V3SIIW2.mjs:506:12[90m)[39m
    at readNextResponseBodyChunk [90m(file:///home/user/FREESPORT/frontend/[39mnode_modules/[4m@mswjs/interceptors[24m/lib/node/chunk-5V3SIIW2.mjs:518:11[90m)[39m
    at Axios.request [90m(file:///home/user/FREESPORT/frontend/[39mnode_modules/[4maxios[24m/lib/core/Axios.js:45:41[90m)[39m
    at [90m/home/user/FREESPORT/frontend/[39msrc/services/api-client.ts:150:26
    at Axios.request [90m(file:///home/user/FREESPORT/frontend/[39mnode_modules/[4maxios[24m/lib/core/Axios.js:40:14[90m)[39m
    at initializeAuth [90m(/home/user/FREESPORT/frontend/[39msrc/providers/AuthProvider.tsx:63:28[90m)[39m
    at Axios.request [90m(file:///home/user/FREESPORT/frontend/[39mnode_modules/[4maxios[24m/lib/core/Axios.js:45:41[90m)[39m
    at initializeAuth [90m(/home/user/FREESPORT/frontend/[39msrc/providers/AuthProvider.tsx:63:28[90m)[39m {
  code: [32m'ERR_BAD_REQUEST'[39m,
  config: {
    transitional: {
      silentJSONParsing: [33mtrue[39m,
      forcedJSONParsing: [33mtrue[39m,
      clarifyTimeoutError: [33mfalse[39m
    },
    adapter: [ [32m'xhr'[39m, [32m'http'[39m, [32m'fetch'[39m ],
    transformRequest: [ [36m[Function: transformRequest][39m ],
    transformResponse: [ [36m[Function: transformResponse][39m ],
    timeout: [33m30000[39m,
    xsrfCookieName: [32m'XSRF-TOKEN'[39m,
    xsrfHeaderName: [32m'X-XSRF-TOKEN'[39m,
    maxContentLength: [33m-1[39m,
    maxBodyLength: [33m-1[39m,
    env: { FormData: [36m[Function [FormData]][39m, Blob: [36m[class Blob][39m },
    validateStatus: [36m[Function: validateStatus][39m,
    headers: Object [AxiosHeaders] {
      Accept: [32m'application/json, text/plain, */*'[39m,
      [32m'Content-Type'[39m: [32m'application/json'[39m
    },
    baseURL: [32m'http://localhost:8001/api/v1'[39m,
    method: [32m'post'[39m,
    url: [32m'/auth/refresh/'[39m,
    data: [32m'{"refresh":"expired-token"}'[39m,
    allowAbsoluteUrls: [33mtrue[39m
  },
  request: XMLHttpRequest [EventTarget] {
    onloadstart: [1mnull[22m,
    onprogress: [1mnull[22m,
    onabort: [36m[Function: handleAbort][39m,
    onerror: [36m[Function: handleError][39m,
    onload: [1mnull[22m,
    ontimeout: [36m[Function: handleTimeout][39m,
    onloadend: [36m[Function: onloadend][39m,
    upload: XMLHttpRequestUpload [EventTarget] {
      onloadstart: [1mnull[22m,
      onprogress: [1mnull[22m,
      onabort: [1mnull[22m,
      onerror: [1mnull[22m,
      onload: [1mnull[22m,
      ontimeout: [1mnull[22m,
      onloadend: [1mnull[22m,
      [[32mSymbol(listeners)[39m]: [36m[Object][39m,
      [[32mSymbol(listenerOptions)[39m]: [36m[Object][39m
    },
    withCredentials: [33mfalse[39m,
    timeout: [33m30000[39m,
    status: [33m401[39m,
    statusText: [32m'Unauthorized'[39m,
    responseURL: [32m'http://localhost:8001/api/v1/auth/refresh/'[39m,
    response: [36m[Getter][39m,
    responseText: [36m[Getter][39m,
    responseXML: [36m[Getter][39m,
    readyState: [90mundefined[39m,
    [[32mSymbol(listeners)[39m]: { capturing: Map(0) {}, bubbling: [36m[Map][39m },
    [[32mSymbol(listenerOptions)[39m]: { capturing: Map(0) {}, bubbling: [36m[Map][39m }
  },
  response: {
    data: { detail: [32m'Invalid refresh token'[39m },
    status: [33m401[39m,
    statusText: [32m'Unauthorized'[39m,
    headers: Object [AxiosHeaders] {
      [32m'content-type'[39m: [32m'application/json'[39m,
      [32m'content-length'[39m: [32m'34'[39m
    },
    config: {
      transitional: [36m[Object][39m,
      adapter: [36m[Array][39m,
      transformRequest: [36m[Array][39m,
      transformResponse: [36m[Array][39m,
      timeout: [33m30000[39m,
      xsrfCookieName: [32m'XSRF-TOKEN'[39m,
      xsrfHeaderName: [32m'X-XSRF-TOKEN'[39m,
      maxContentLength: [33m-1[39m,
      maxBodyLength: [33m-1[39m,
      env: [36m[Object][39m,
      validateStatus: [36m[Function: validateStatus][39m,
      headers: [36m[Object [AxiosHeaders]][39m,
      baseURL: [32m'http://localhost:8001/api/v1'[39m,
      method: [32m'post'[39m,
      url: [32m'/auth/refresh/'[39m,
      data: [32m'{"refresh":"expired-token"}'[39m,
      allowAbsoluteUrls: [33mtrue[39m
    },
    request: XMLHttpRequest [EventTarget] {
      onloadstart: [1mnull[22m,
      onprogress: [1mnull[22m,
      onabort: [36m[Function: handleAbort][39m,
      onerror: [36m[Function: handleError][39m,
      onload: [1mnull[22m,
      ontimeout: [36m[Function: handleTimeout][39m,
      onloadend: [36m[Function: onloadend][39m,
      upload: [36m[XMLHttpRequestUpload [EventTarget]][39m,
      withCredentials: [33mfalse[39m,
      timeout: [33m30000[39m,
      status: [33m401[39m,
      statusText: [32m'Unauthorized'[39m,
      responseURL: [32m'http://localhost:8001/api/v1/auth/refresh/'[39m,
      response: [36m[Getter][39m,
      responseText: [36m[Getter][39m,
      responseXML: [36m[Getter][39m,
      readyState: [90mundefined[39m,
      [[32mSymbol(listeners)[39m]: [36m[Object][39m,
      [[32mSymbol(listenerOptions)[39m]: [36m[Object][39m
    }
  },
  status: [33m401[39m
}

[90mstderr[2m | src/providers/__tests__/AuthProvider.test.tsx[2m > [22m[2mAuthProvider - Session Initialization[2m > [22m[2mlogs out on forbidden token (403)
[22m[39mSession expired: AxiosError: Request failed with status code 403
    at settle [90m(file:///home/user/FREESPORT/frontend/[39mnode_modules/[4maxios[24m/lib/core/settle.js:19:12[90m)[39m
    at XMLHttpRequest.onloadend [90m(file:///home/user/FREESPORT/frontend/[39mnode_modules/[4maxios[24m/lib/adapters/xhr.js:59:7[90m)[39m
    at XMLHttpRequest.methodCall [90m(file:///home/user/FREESPORT/frontend/[39mnode_modules/[4m@mswjs/interceptors[24m/lib/node/chunk-5V3SIIW2.mjs:354:20[90m)[39m
    at Proxy.<anonymous> [90m(file:///home/user/FREESPORT/frontend/[39mnode_modules/[4m@mswjs/interceptors[24m/lib/node/chunk-5V3SIIW2.mjs:177:29[90m)[39m
    at XMLHttpRequestController.trigger [90m(file:///home/user/FREESPORT/frontend/[39mnode_modules/[4m@mswjs/interceptors[24m/lib/node/chunk-5V3SIIW2.mjs:652:16[90m)[39m
    at finalizeResponse [90m(file:///home/user/FREESPORT/frontend/[39mnode_modules/[4m@mswjs/interceptors[24m/lib/node/chunk-5V3SIIW2.mjs:506:12[90m)[39m
    at readNextResponseBodyChunk [90m(file:///home/user/FREESPORT/frontend/[39mnode_modules/[4m@mswjs/interceptors[24m/lib/node/chunk-5V3SIIW2.mjs:518:11[90m)[39m
    at Axios.request [90m(file:///home/user/FREESPORT/frontend/[39mnode_modules/[4maxios[24m/lib/core/Axios.js:45:41[90m)[39m
    at initializeAuth [90m(/home/user/FREESPORT/frontend/[39msrc/providers/AuthProvider.tsx:63:28[90m)[39m {
  code: [32m'ERR_BAD_REQUEST'[39m,
  config: {
    transitional: {
      silentJSONParsing: [33mtrue[39m,
      forcedJSONParsing: [33mtrue[39m,
      clarifyTimeoutError: [33mfalse[39m
    },
    adapter: [ [32m'xhr'[39m, [32m'http'[39m, [32m'fetch'[39m ],
    transformRequest: [ [36m[Function: transformRequest][39m ],
    transformResponse: [ [36m[Function: transformResponse][39m ],
    timeout: [33m30000[39m,
    xsrfCookieName: [32m'XSRF-TOKEN'[39m,
    xsrfHeaderName: [32m'X-XSRF-TOKEN'[39m,
    maxContentLength: [33m-1[39m,
    maxBodyLength: [33m-1[39m,
    env: { FormData: [36m[Function [FormData]][39m, Blob: [36m[class Blob][39m },
    validateStatus: [36m[Function: validateStatus][39m,
    headers: Object [AxiosHeaders] {
      Accept: [32m'application/json, text/plain, */*'[39m,
      [32m'Content-Type'[39m: [32m'application/json'[39m
    },
    baseURL: [32m'http://localhost:8001/api/v1'[39m,
    withCredentials: [33mtrue[39m,
    method: [32m'get'[39m,
    url: [32m'/users/profile/'[39m,
    allowAbsoluteUrls: [33mtrue[39m,
    data: [90mundefined[39m
  },
  request: XMLHttpRequest [EventTarget] {
    onloadstart: [1mnull[22m,
    onprogress: [1mnull[22m,
    onabort: [36m[Function: handleAbort][39m,
    onerror: [36m[Function: handleError][39m,
    onload: [1mnull[22m,
    ontimeout: [36m[Function: handleTimeout][39m,
    onloadend: [36m[Function: onloadend][39m,
    upload: XMLHttpRequestUpload [EventTarget] {
      onloadstart: [1mnull[22m,
      onprogress: [1mnull[22m,
      onabort: [1mnull[22m,
      onerror: [1mnull[22m,
      onload: [1mnull[22m,
      ontimeout: [1mnull[22m,
      onloadend: [1mnull[22m,
      [[32mSymbol(listeners)[39m]: [36m[Object][39m,
      [[32mSymbol(listenerOptions)[39m]: [36m[Object][39m
    },
    withCredentials: [33mtrue[39m,
    timeout: [33m30000[39m,
    status: [33m403[39m,
    statusText: [32m'Forbidden'[39m,
    responseURL: [32m'http://localhost:8001/api/v1/users/profile/'[39m,
    response: [36m[Getter][39m,
    responseText: [36m[Getter][39m,
    responseXML: [36m[Getter][39m,
    readyState: [90mundefined[39m,
    [[32mSymbol(listeners)[39m]: { capturing: Map(0) {}, bubbling: [36m[Map][39m },
    [[32mSymbol(listenerOptions)[39m]: { capturing: Map(0) {}, bubbling: [36m[Map][39m }
  },
  response: {
    data: { detail: [32m'Token expired'[39m },
    status: [33m403[39m,
    statusText: [32m'Forbidden'[39m,
    headers: Object [AxiosHeaders] {
      [32m'content-type'[39m: [32m'application/json'[39m,
      [32m'content-length'[39m: [32m'26'[39m
    },
    config: {
      transitional: [36m[Object][39m,
      adapter: [36m[Array][39m,
      transformRequest: [36m[Array][39m,
      transformResponse: [36m[Array][39m,
      timeout: [33m30000[39m,
      xsrfCookieName: [32m'XSRF-TOKEN'[39m,
      xsrfHeaderName: [32m'X-XSRF-TOKEN'[39m,
      maxContentLength: [33m-1[39m,
      maxBodyLength: [33m-1[39m,
      env: [36m[Object][39m,
      validateStatus: [36m[Function: validateStatus][39m,
      headers: [36m[Object [AxiosHeaders]][39m,
      baseURL: [32m'http://localhost:8001/api/v1'[39m,
      withCredentials: [33mtrue[39m,
      method: [32m'get'[39m,
      url: [32m'/users/profile/'[39m,
      allowAbsoluteUrls: [33mtrue[39m,
      data: [90mundefined[39m
    },
    request: XMLHttpRequest [EventTarget] {
      onloadstart: [1mnull[22m,
      onprogress: [1mnull[22m,
      onabort: [36m[Function: handleAbort][39m,
      onerror: [36m[Function: handleError][39m,
      onload: [1mnull[22m,
      ontimeout: [36m[Function: handleTimeout][39m,
      onloadend: [36m[Function: onloadend][39m,
      upload: [36m[XMLHttpRequestUpload [EventTarget]][39m,
      withCredentials: [33mtrue[39m,
      timeout: [33m30000[39m,
      status: [33m403[39m,
      statusText: [32m'Forbidden'[39m,
      responseURL: [32m'http://localhost:8001/api/v1/users/profile/'[39m,
      response: [36m[Getter][39m,
      responseText: [36m[Getter][39m,
      responseXML: [36m[Getter][39m,
      readyState: [90mundefined[39m,
      [[32mSymbol(listeners)[39m]: [36m[Object][39m,
      [[32mSymbol(listenerOptions)[39m]: [36m[Object][39m
    }
  },
  status: [33m403[39m
}

[90mstderr[2m | src/app/checkout/__tests__/page.test.tsx[2m > [22m[2mCheckoutPage[2m > [22m[2mЗаголовок страницы[2m > [22m[2mдолжен отображать заголовок "Оформление заказа"
[22m[39mFailed to fetch delivery methods: TypeError: Cannot read properties of undefined (reading 'accessToken')
    at [90m/home/user/FREESPORT/frontend/[39msrc/services/api-client.ts:97:41
[90m    at processTicksAndRejections (node:internal/process/task_queues:105:5)[39m
    at Axios.request [90m(file:///home/user/FREESPORT/frontend/[39mnode_modules/[4maxios[24m/lib/core/Axios.js:40:14[90m)[39m
    at Object.getDeliveryMethods [90m(/home/user/FREESPORT/frontend/[39msrc/services/deliveryService.ts:14:22[90m)[39m
    at fetchMethods [90m(/home/user/FREESPORT/frontend/[39msrc/components/checkout/DeliveryOptions.tsx:41:22[90m)[39m

[90mstderr[2m | src/app/checkout/__tests__/page.test.tsx[2m > [22m[2mCheckoutPage[2m > [22m[2mОтображение корзины[2m > [22m[2mдолжен отображать товары из корзины в OrderSummary
[22m[39mFailed to fetch delivery methods: TypeError: Cannot read properties of undefined (reading 'accessToken')
    at [90m/home/user/FREESPORT/frontend/[39msrc/services/api-client.ts:97:41
[90m    at processTicksAndRejections (node:internal/process/task_queues:105:5)[39m
    at Axios.request [90m(file:///home/user/FREESPORT/frontend/[39mnode_modules/[4maxios[24m/lib/core/Axios.js:40:14[90m)[39m
    at Object.getDeliveryMethods [90m(/home/user/FREESPORT/frontend/[39msrc/services/deliveryService.ts:14:22[90m)[39m
    at fetchMethods [90m(/home/user/FREESPORT/frontend/[39msrc/components/checkout/DeliveryOptions.tsx:41:22[90m)[39m

[90mstderr[2m | src/app/checkout/__tests__/page.test.tsx[2m > [22m[2mCheckoutPage[2m > [22m[2mОтображение корзины[2m > [22m[2mдолжен показывать сообщение о пустой корзине
[22m[39mFailed to fetch delivery methods: TypeError: Cannot read properties of undefined (reading 'accessToken')
    at [90m/home/user/FREESPORT/frontend/[39msrc/services/api-client.ts:97:41
[90m    at processTicksAndRejections (node:internal/process/task_queues:105:5)[39m
    at Axios.request [90m(file:///home/user/FREESPORT/frontend/[39mnode_modules/[4maxios[24m/lib/core/Axios.js:40:14[90m)[39m
    at Object.getDeliveryMethods [90m(/home/user/FREESPORT/frontend/[39msrc/services/deliveryService.ts:14:22[90m)[39m
    at fetchMethods [90m(/home/user/FREESPORT/frontend/[39msrc/components/checkout/DeliveryOptions.tsx:41:22[90m)[39m

 [31m❯[39m src/app/checkout/__tests__/page.test.tsx [2m([22m[2m8 tests[22m[2m | [22m[31m1 failed[39m[2m)[22m[32m 293[2mms[22m[39m
       [32m✓[39m должен отображать приветствие с именем пользователя[32m 92[2mms[22m[39m
       [32m✓[39m должен отображать форму checkout[32m 32[2mms[22m[39m
       [32m✓[39m должен автозаполнить данные пользователя[32m 21[2mms[22m[39m
       [32m✓[39m должен отображать форму checkout без приветствия[32m 22[2mms[22m[39m
       [32m✓[39m должен отображать пустую форму[32m 32[2mms[22m[39m
       [32m✓[39m должен отображать заголовок "Оформление заказа"[32m 28[2mms[22m[39m
       [32m✓[39m должен отображать товары из корзины в OrderSummary[32m 32[2mms[22m[39m
[31m       [31m×[31m должен показывать сообщение о пустой корзине[39m[32m 29[2mms[22m[39m
[90mstderr[2m | src/components/checkout/__tests__/CheckoutForm.integration.test.tsx[2m > [22m[2mCheckoutForm Integration[2m > [22m[2mОтображение ошибок[2m > [22m[2mпоказывает ошибку API в InfoPanel
[22m[39mAn update to CheckoutForm inside a test was not wrapped in act(...).

When testing, code that causes React state updates should be wrapped into act(...):

act(() => {
  /* fire events that update state */
});
/* assert on the output */

This ensures that you're testing the behavior the user would see in the browser. Learn more at https://react.dev/link/wrap-tests-with-act

[90mstderr[2m | src/providers/__tests__/AuthProvider.test.tsx[2m > [22m[2mAuthProvider - Session Initialization[2m > [22m[2mretries on network error and succeeds
[22m[39mAuth initialization failed (attempt 1/3), retrying in 1000ms...

 [31m❯[39m src/components/business/OrderDetail/OrderDetail.test.tsx [2m([22m[2m16 tests[22m[2m | [22m[31m1 failed[39m[2m)[22m[33m 438[2mms[22m[39m
     [32m✓[39m renders order number and status[32m 79[2mms[22m[39m
     [32m✓[39m renders formatted date[32m 24[2mms[22m[39m
[31m     [31m×[31m renders order items table[39m[32m 25[2mms[22m[39m
     [32m✓[39m renders delivery information[32m 28[2mms[22m[39m
     [32m✓[39m renders payment information[32m 20[2mms[22m[39m
     [32m✓[39m renders order totals[32m 19[2mms[22m[39m
     [32m✓[39m renders notes section when notes exist[32m 29[2mms[22m[39m
     [32m✓[39m renders repeat order button[32m 15[2mms[22m[39m
     [32m✓[39m calls onRepeatOrder when repeat button is clicked[32m 19[2mms[22m[39m
     [32m✓[39m does not render export PDF button by default[32m 31[2mms[22m[39m
     [32m✓[39m renders export PDF button for B2B users[32m 14[2mms[22m[39m
     [32m✓[39m calls onExportPDF when export button is clicked[32m 15[2mms[22m[39m
     [32m✓[39m shows loading state on repeat button[32m 25[2mms[22m[39m
     [32m✓[39m shows loading state on export button[32m 58[2mms[22m[39m
     [32m✓[39m renders back link to orders list[32m 15[2mms[22m[39m
     [32m✓[39m renders tracking number when available[32m 17[2mms[22m[39m
 [31m❯[39m src/components/business/SizeChartModal/__tests__/SizeChartModal.test.tsx [2m([22m[2m16 tests[22m[2m | [22m[31m1 failed[39m[2m)[22m[33m 500[2mms[22m[39m
     [32m✓[39m renders when open[32m 69[2mms[22m[39m
     [32m✓[39m does not render when closed[32m 4[2mms[22m[39m
       [32m✓[39m shows all three tabs[32m 21[2mms[22m[39m
       [32m✓[39m shows clothing tab by default[32m 16[2mms[22m[39m
       [32m✓[39m switches to shoes tab[32m 71[2mms[22m[39m
       [32m✓[39m switches to gloves tab[32m 36[2mms[22m[39m
[31m       [31m×[31m displays clothing size table[39m[32m 34[2mms[22m[39m
       [32m✓[39m shows measurement instructions for clothing[32m 17[2mms[22m[39m
       [32m✓[39m displays shoe size table[32m 22[2mms[22m[39m
       [32m✓[39m shows measurement instructions for shoes[32m 33[2mms[22m[39m
       [32m✓[39m displays glove size table[32m 33[2mms[22m[39m
       [32m✓[39m shows measurement instructions for gloves[32m 36[2mms[22m[39m
       [32m✓[39m applies zebra striping to table rows[32m 46[2mms[22m[39m
       [32m✓[39m has header with correct styling[32m 24[2mms[22m[39m
     [32m✓[39m uses large size from Modal[32m 12[2mms[22m[39m
     [32m✓[39m calls onClose when modal is closed[32m 22[2mms[22m[39m
 [31m❯[39m src/components/checkout/__tests__/CheckoutForm.test.tsx [2m([22m[2m10 tests[22m[2m | [22m[31m1 failed[39m[2m)[22m[33m 488[2mms[22m[39m
       [32m✓[39m должен отображать все секции формы[32m 108[2mms[22m[39m
       [32m✓[39m должен отображать кнопку "Оформить заказ"[32m 43[2mms[22m[39m
       [32m✓[39m должен автозаполнять контактные данные из user[32m 22[2mms[22m[39m
       [32m✓[39m должен отображать пустые поля для неавторизованных пользователей[32m 26[2mms[22m[39m
       [32m✓[39m должен показывать ошибки при отправке пустой формы[32m 85[2mms[22m[39m
       [32m✓[39m должен показывать ошибку при некорректном формате email[32m 84[2mms[22m[39m
       [32m✓[39m должен показывать ошибку при некорректном формате телефона[32m 36[2mms[22m[39m
       [32m✓[39m должен блокировать кнопку во время отправки[32m 23[2mms[22m[39m
       [32m✓[39m должен отображать товары из корзины[32m 25[2mms[22m[39m
[31m       [31m×[31m должен показывать сообщение о пустой корзине[39m[32m 26[2mms[22m[39m
 [31m❯[39m src/components/checkout/__tests__/CheckoutForm.integration.test.tsx [2m([22m[2m11 tests[22m[2m | [22m[31m1 failed[39m[2m)[22m[33m 767[2mms[22m[39m
       [32m✓[39m отображает форму с секциями[32m 118[2mms[22m[39m
       [32m✓[39m автозаполняет данные для авторизованного пользователя[32m 31[2mms[22m[39m
       [32m✓[39m показывает предупреждение при пустой корзине[32m 26[2mms[22m[39m
       [32m✓[39m форма не отображает кнопку "Оформить заказ" при пустой корзине[32m 18[2mms[22m[39m
       [32m✓[39m кнопка показывает "Оформление..." во время isSubmitting[32m 26[2mms[22m[39m
       [32m✓[39m кнопка disabled во время isSubmitting[32m 25[2mms[22m[39m
       [32m✓[39m показывает ошибку API в InfoPanel[32m 46[2mms[22m[39m
       [32m✓[39m показывает ошибку валидации формы[32m 103[2mms[22m[39m
[31m       [31m×[31m заполненная форма вызывает createOrder[39m[33m 319[2mms[22m[39m
       [32m✓[39m отображает товары из корзины в OrderSummary[32m 21[2mms[22m[39m
       [32m✓[39m отображает информацию о варианте товара[32m 18[2mms[22m[39m
 [31m❯[39m src/components/cart/__tests__/accessibility.test.tsx [2m([22m[2m22 tests[22m[2m | [22m[31m1 failed[39m[2m | [22m[33m2 skipped[39m[2m)[22m[33m 385[2mms[22m[39m
       [2m[90m↓[39m[22m has no accessibility violations with items
       [32m✓[39m has no accessibility violations when empty[32m 134[2mms[22m[39m
       [32m✓[39m has proper heading hierarchy[32m 50[2mms[22m[39m
       [32m✓[39m has main landmark role[32m 23[2mms[22m[39m
       [32m✓[39m has no accessibility violations[32m 32[2mms[22m[39m
       [32m✓[39m image has proper alt text[32m 5[2mms[22m[39m
       [32m✓[39m remove button has aria-label[32m 5[2mms[22m[39m
       [32m✓[39m quantity controls are keyboard accessible[32m 5[2mms[22m[39m
       [32m✓[39m has no accessibility violations[32m 26[2mms[22m[39m
       [32m✓[39m has aria-live for price updates[32m 6[2mms[22m[39m
       [32m✓[39m disabled button has aria-disabled[32m 4[2mms[22m[39m
       [32m✓[39m has no accessibility violations[32m 17[2mms[22m[39m
       [32m✓[39m icon has aria-hidden[32m 2[2mms[22m[39m
       [32m✓[39m CTA button is keyboard accessible[32m 3[2mms[22m[39m
       [32m✓[39m has no accessibility violations[32m 22[2mms[22m[39m
       [32m✓[39m has role="spinbutton"[32m 3[2mms[22m[39m
       [32m✓[39m has correct aria attributes[32m 3[2mms[22m[39m
       [32m✓[39m buttons have aria-labels[32m 2[2mms[22m[39m
       [32m✓[39m supports keyboard navigation[32m 4[2mms[22m[39m
       [32m✓[39m maintains focus when updating quantity[32m 2[2mms[22m[39m
[31m       [31m×[31m all interactive elements can receive focus[39m[32m 31[2mms[22m[39m
       [2m[90m↓[39m[22m CartPage passes color contrast checks
 [31m❯[39m src/components/home/__tests__/NewsSection.test.tsx [2m([22m[2m10 tests[22m[2m | [22m[31m2 failed[39m[2m)[22m[33m 2219[2mms[22m[39m
     [32m✓[39m shows skeleton loader while loading[32m 76[2mms[22m[39m
     [32m✓[39m loads and displays 3 news items[32m 18[2mms[22m[39m
     [32m✓[39m displays news excerpts[32m 22[2mms[22m[39m
     [32m✓[39m shows static news items when API returns error[32m 22[2mms[22m[39m
     [32m✓[39m shows static news items when no news available[32m 12[2mms[22m[39m
     [32m✓[39m handles news item without image using fallback[32m 16[2mms[22m[39m
     [32m✓[39m formats dates in Russian locale[32m 15[2mms[22m[39m
[31m     [31m×[31m renders "Все новости" button[39m[33m 1013[2mms[22m[39m
[31m     [31m×[31m button links to /news[39m[33m 1006[2mms[22m[39m
     [32m✓[39m passes slug prop to NewsCard components[32m 14[2mms[22m[39m
 [31m❯[39m src/components/cart/__tests__/CartPage.test.tsx [2m([22m[2m22 tests[22m[2m | [22m[31m1 failed[39m[2m)[22m[33m 1384[2mms[22m[39m
       [32m✓[39m renders EmptyCart when cart is empty[32m 36[2mms[22m[39m
       [32m✓[39m shows "Ваша корзина пуста" message[32m 14[2mms[22m[39m
       [32m✓[39m shows "В каталог" button[32m 23[2mms[22m[39m
       [32m✓[39m renders cart page with items[32m 44[2mms[22m[39m
       [32m✓[39m displays product name[32m 17[2mms[22m[39m
       [32m✓[39m displays product variant info[32m 17[2mms[22m[39m
       [32m✓[39m displays total price[32m 15[2mms[22m[39m
       [32m✓[39m renders cart items list[32m 19[2mms[22m[39m
       [32m✓[39m renders CartSkeleton when loading and empty[32m 8[2mms[22m[39m
       [32m✓[39m shows loading skeleton before hydration[32m 6[2mms[22m[39m
       [32m✓[39m renders CartError when error occurs[32m 9[2mms[22m[39m
       [32m✓[39m displays error message[32m 11[2mms[22m[39m
       [32m✓[39m calls fetchCart on retry button click[32m 17[2mms[22m[39m
       [32m✓[39m renders breadcrumb with correct items[32m 13[2mms[22m[39m
       [32m✓[39m renders page title "Ваша корзина"[32m 26[2mms[22m[39m
       [32m✓[39m has main landmark with role="main"[32m 14[2mms[22m[39m
       [32m✓[39m has proper section aria-labels[32m 15[2mms[22m[39m
       [32m✓[39m cart summary has aria-live for dynamic updates[32m 21[2mms[22m[39m
       [32m✓[39m has correct grid classes for responsive layout[32m 13[2mms[22m[39m
       [32m✓[39m items section spans 2 columns on desktop[32m 12[2mms[22m[39m
       [32m✓[39m calls fetchCart on mount when items empty[32m 8[2mms[22m[39m
[31m       [31m×[31m does not call fetchCart when items exist[39m[33m 1020[2mms[22m[39m
[90mstderr[2m | src/providers/__tests__/AuthProvider.test.tsx[2m > [22m[2mAuthProvider - Session Initialization[2m > [22m[2mlogs out after all retry attempts fail
[22m[39mAuth initialization failed (attempt 1/3), retrying in 1000ms...

 [31m❯[39m src/components/layout/__tests__/Header.test.tsx [2m([22m[2m47 tests[22m[2m | [22m[31m1 failed[39m[2m)[22m[33m 1028[2mms[22m[39m
       [32m✓[39m should render logo[32m 47[2mms[22m[39m
[31m       [31m×[31m should render navigation items[39m[32m 42[2mms[22m[39m
       [32m✓[39m should render action icons (search, favorites, cart)[32m 13[2mms[22m[39m
       [32m✓[39m should render login and register buttons[32m 12[2mms[22m[39m
       [32m✓[39m should NOT render B2B badge when user is not B2B[32m 12[2mms[22m[39m
       [32m✓[39m should NOT render B2B navigation items[32m 12[2mms[22m[39m
       [32m✓[39m should have correct href for login button (desktop)[32m 11[2mms[22m[39m
       [32m✓[39m should have correct href for register button (desktop)[32m 13[2mms[22m[39m
       [32m✓[39m should have correct href for login button (mobile)[32m 48[2mms[22m[39m
       [32m✓[39m should have correct href for register button (mobile)[32m 28[2mms[22m[39m
       [32m✓[39m should render user greeting with first name[32m 9[2mms[22m[39m
       [32m✓[39m should render profile button instead of login/register[32m 16[2mms[22m[39m
       [32m✓[39m should NOT render B2B badge for B2C user[32m 9[2mms[22m[39m
       [32m✓[39m should NOT render B2B navigation items for B2C user[32m 12[2mms[22m[39m
       [32m✓[39m should render B2B badge next to logo[32m 8[2mms[22m[39m
       [32m✓[39m should NOT display cart badge when cart is empty[32m 12[2mms[22m[39m
       [32m✓[39m should display cart badge with correct count when cart has items[32m 11[2mms[22m[39m
       [32m✓[39m should display "99+" when cart has more than 99 items[32m 16[2mms[22m[39m
       [32m✓[39m should have correct aria-label with item count[32m 10[2mms[22m[39m
       [32m✓[39m should render mobile menu toggle button[32m 11[2mms[22m[39m
       [32m✓[39m should NOT show mobile navigation by default[32m 9[2mms[22m[39m
       [32m✓[39m should toggle mobile menu when button is clicked[32m 32[2mms[22m[39m
       [32m✓[39m should close mobile menu when close button is clicked[32m 39[2mms[22m[39m
       [32m✓[39m should have correct aria-expanded attribute[32m 28[2mms[22m[39m
       [32m✓[39m should have proper ARIA labels for action links[32m 11[2mms[22m[39m
       [32m✓[39m should have focus styles on interactive elements[32m 9[2mms[22m[39m
       [32m✓[39m should use semantic HTML nav elements[32m 7[2mms[22m[39m
       [32m✓[39m should render Partners link[32m 8[2mms[22m[39m
       [32m✓[39m should apply relative positioning for active state styles[32m 13[2mms[22m[39m
       [32m✓[39m should have correct header height (60px)[32m 8[2mms[22m[39m
       [32m✓[39m should have correct shadow styling[32m 7[2mms[22m[39m
       [32m✓[39m should have sticky positioning[32m 8[2mms[22m[39m
       [32m✓[39m should apply correct Cart Badge colors[32m 9[2mms[22m[39m
       [32m✓[39m should apply correct B2B badge colors[32m 12[2mms[22m[39m
         [32m✓[39m should display logout button for authenticated users (desktop)[32m 13[2mms[22m[39m
         [32m✓[39m should display logout button for authenticated users (mobile)[32m 25[2mms[22m[39m
         [32m✓[39m should call authStore.logout() on desktop button click[32m 21[2mms[22m[39m
         [32m✓[39m should redirect to home page after logout (desktop)[32m 15[2mms[22m[39m
         [32m✓[39m should call authStore.logout() and redirect on mobile button click[32m 35[2mms[22m[39m
         [32m✓[39m should close mobile menu after logout[32m 39[2mms[22m[39m
         [32m✓[39m should NOT display logout button for unauthenticated users[32m 6[2mms[22m[39m
       [32m✓[39m should have no accessibility violations (unauthenticated)[32m 78[2mms[22m[39m
       [32m✓[39m should have no accessibility violations (authenticated B2C)[32m 53[2mms[22m[39m
       [32m✓[39m should have no accessibility violations (authenticated B2B)[32m 45[2mms[22m[39m
       [32m✓[39m should have no accessibility violations with cart items[32m 36[2mms[22m[39m
       [32m✓[39m should have no accessibility violations with mobile menu open[32m 64[2mms[22m[39m
       [32m✓[39m should verify color contrast for Cart Badge (#A63232 on #F9E1E1)[32m 37[2mms[22m[39m
[90mstderr[2m | src/providers/__tests__/AuthProvider.test.tsx[2m > [22m[2mAuthProvider - Session Initialization[2m > [22m[2mlogs out after all retry attempts fail
[22m[39mAuth initialization failed (attempt 2/3), retrying in 2000ms...

 [31m❯[39m src/components/auth/__tests__/RegisterForm.test.tsx [2m([22m[2m23 tests[22m[2m | [22m[31m1 failed[39m[2m)[22m[33m 3296[2mms[22m[39m
       [32m✓[39m should render all form fields[32m 69[2mms[22m[39m
       [32m✓[39m should have proper autocomplete attributes[32m 14[2mms[22m[39m
       [32m✓[39m should show password helper text[32m 18[2mms[22m[39m
       [32m✓[39m should show validation error for empty first name[32m 56[2mms[22m[39m
       [32m✓[39m should show validation error for invalid email[32m 155[2mms[22m[39m
       [32m✓[39m should show validation error when passwords do not match[32m 148[2mms[22m[39m
       [32m✓[39m should show validation error for password without digit[32m 128[2mms[22m[39m
       [32m✓[39m should show validation error for password without uppercase[32m 127[2mms[22m[39m
[31m       [31m×[31m should submit form with valid data[39m[33m 1152[2mms[22m[39m
       [32m✓[39m should call onSuccess callback after successful registration[32m 139[2mms[22m[39m
       [32m✓[39m should display API error on 409 Conflict (existing email)[32m 144[2mms[22m[39m
       [32m✓[39m should display API error on 400 Bad Request (weak password)[32m 125[2mms[22m[39m
       [32m✓[39m should display API error on 500 Internal Server Error[32m 135[2mms[22m[39m
       [32m✓[39m should show loading state during submission[32m 215[2mms[22m[39m
       [32m✓[39m should disable form inputs during submission[32m 221[2mms[22m[39m
       [32m✓[39m should have proper labels for all inputs[32m 11[2mms[22m[39m
       [32m✓[39m should have role="alert" for error message container[32m 133[2mms[22m[39m
       [32m✓[39m should have role selector with retail selected by default[32m 10[2mms[22m[39m
       [32m✓[39m should show InfoPanel when B2B role is selected[32m 23[2mms[22m[39m
       [32m✓[39m should show company_name field for B2B roles[32m 26[2mms[22m[39m
       [32m✓[39m should show tax_id field for wholesale and federation roles[32m 47[2mms[22m[39m
       [32m✓[39m should submit form with selected role[32m 173[2mms[22m[39m
       [32m✓[39m should support keyboard navigation for role selector[32m 23[2mms[22m[39m
 [31m❯[39m src/components/ui/PriceRangeSlider/__tests__/PriceRangeSlider.test.tsx [2m([22m[2m8 tests[22m[2m | [22m[31m2 failed[39m[2m)[22m[32m 108[2mms[22m[39m
     [32m✓[39m renders with min and max inputs[32m 58[2mms[22m[39m
     [32m✓[39m renders slider thumbs[32m 9[2mms[22m[39m
     [32m✓[39m updates min value via input[32m 9[2mms[22m[39m
     [32m✓[39m updates max value via input[32m 6[2mms[22m[39m
     [32m✓[39m validates min cannot be greater than max[32m 5[2mms[22m[39m
     [32m✓[39m validates max cannot be less than min[32m 4[2mms[22m[39m
[31m     [31m×[31m formats price with custom formatter[39m[32m 8[2mms[22m[39m
[31m     [31m×[31m has correct accessibility attributes[39m[32m 6[2mms[22m[39m
 [31m❯[39m src/components/product/__tests__/ProductBreadcrumbs.test.tsx [2m([22m[2m10 tests[22m[2m | [22m[31m3 failed[39m[2m)[22m[32m 109[2mms[22m[39m
     [32m✓[39m рендерит все breadcrumbs[32m 33[2mms[22m[39m
[31m     [31m×[31m рендерит ссылку на главную страницу[39m[32m 13[2mms[22m[39m
     [32m✓[39m рендерит ссылки на категории с корректными href[32m 10[2mms[22m[39m
     [32m✓[39m отображает текущий товар с aria-current[32m 7[2mms[22m[39m
[31m     [31m×[31m содержит schema.org разметку[39m[32m 11[2mms[22m[39m
[31m     [31m×[31m корректно отображает позиции в schema.org[39m[32m 6[2mms[22m[39m
     [32m✓[39m рендерит иконки-разделители[32m 5[2mms[22m[39m
     [32m✓[39m корректно работает с минимальным набором breadcrumbs[32m 9[2mms[22m[39m
     [32m✓[39m применяет корректные CSS классы для навигации[32m 5[2mms[22m[39m
     [32m✓[39m текущий товар имеет жирный шрифт[32m 6[2mms[22m[39m
[90mstderr[2m | src/services/__tests__/authService.test.ts[2m > [22m[2mauthService[2m > [22m[2mrefreshToken[2m > [22m[2mupdates access token successfully
[22m[39m[MSW] Warning: intercepted a request without a matching request handler:

  • POST http://localhost:8001/api/v1/auth/refresh/

  • Request body: {"refresh":"mock-refresh-token"}

If you still wish to intercept this unhandled request, please create a request handler for it.
Read more: https://mswjs.io/docs/http/intercepting-requests

Error: connect ECONNREFUSED 127.0.0.1:8001
    at TCPConnectWrap.afterConnect [as oncomplete] (node:net:1637:16) {
  errno: -111,
  code: 'ECONNREFUSED',
  syscall: 'connect',
  address: '127.0.0.1',
  port: 8001
}
[90mstderr[2m | src/services/__tests__/authService.test.ts[2m > [22m[2mauthService[2m > [22m[2mrefreshToken[2m > [22m[2mthrows error when refresh token is expired
[22m[39m[MSW] Warning: intercepted a request without a matching request handler:

  • POST http://localhost:8001/api/v1/auth/refresh/

  • Request body: {"refresh":"expired-token"}

If you still wish to intercept this unhandled request, please create a request handler for it.
Read more: https://mswjs.io/docs/http/intercepting-requests

Error: connect ECONNREFUSED 127.0.0.1:8001
    at TCPConnectWrap.afterConnect [as oncomplete] (node:net:1637:16) {
  errno: -111,
  code: 'ECONNREFUSED',
  syscall: 'connect',
  address: '127.0.0.1',
  port: 8001
}
Error: connect ECONNREFUSED 127.0.0.1:8001
    at TCPConnectWrap.afterConnect [as oncomplete] (node:net:1637:16) {
  errno: -111,
  code: 'ECONNREFUSED',
  syscall: 'connect',
  address: '127.0.0.1',
  port: 8001
}
Error: connect ECONNREFUSED 127.0.0.1:8001
    at TCPConnectWrap.afterConnect [as oncomplete] (node:net:1637:16) {
  errno: -111,
  code: 'ECONNREFUSED',
  syscall: 'connect',
  address: '127.0.0.1',
  port: 8001
}
 [31m❯[39m src/services/__tests__/authService.test.ts [2m([22m[2m7 tests[22m[2m | [22m[31m1 failed[39m[2m)[22m[32m 92[2mms[22m[39m
       [32m✓[39m successfully authenticates user[32m 22[2mms[22m[39m
       [32m✓[39m fails with invalid credentials[32m 7[2mms[22m[39m
       [32m✓[39m handles network error[32m 3[2mms[22m[39m
       [32m✓[39m clears tokens and store[32m 4[2mms[22m[39m
[31m       [31m×[31m updates access token successfully[39m[32m 41[2mms[22m[39m
       [32m✓[39m throws error when refresh token is expired[32m 10[2mms[22m[39m
       [32m✓[39m throws error when no refresh token available[32m 1[2mms[22m[39m
[90mstderr[2m | src/services/__tests__/favoriteService.test.ts[2m > [22m[2mfavoriteService[2m > [22m[2mgetFavorites[2m > [22m[2mreturns list of favorites on success
[22m[39m[MSW] Warning: intercepted a request without a matching request handler:

  • GET http://localhost:8001/api/v1/users/favorites/

If you still wish to intercept this unhandled request, please create a request handler for it.
Read more: https://mswjs.io/docs/http/intercepting-requests

[90mstderr[2m | src/components/auth/__tests__/PasswordResetConfirmForm.test.tsx[2m > [22m[2mPasswordResetConfirmForm[2m > [22m[2mError Handling[2m > [22m[2mshould show error for expired token during confirmation (410)
[22m[39mPassword reset confirm error: { response: { status: [33m410[39m } }

Error: connect ECONNREFUSED 127.0.0.1:8001
    at TCPConnectWrap.afterConnect [as oncomplete] (node:net:1637:16) {
  errno: -111,
  code: 'ECONNREFUSED',
  syscall: 'connect',
  address: '127.0.0.1',
  port: 8001
}
 [31m❯[39m src/services/__tests__/favoriteService.test.ts [2m([22m[2m8 tests[22m[2m | [22m[31m8 failed[39m[2m)[22m[32m 60[2mms[22m[39m
[31m       [31m×[31m returns list of favorites on success[39m[32m 52[2mms[22m[39m
[31m       [31m×[31m throws error on 401 unauthorized[39m[32m 1[2mms[22m[39m
[31m       [31m×[31m adds product to favorites on success[39m[32m 1[2mms[22m[39m
[31m       [31m×[31m throws error when product already in favorites[39m[32m 0[2mms[22m[39m
[31m       [31m×[31m throws FavoriteValidationError on other 400 errors[39m[32m 0[2mms[22m[39m
[31m       [31m×[31m removes favorite on success[39m[32m 1[2mms[22m[39m
[31m       [31m×[31m throws error on 404 not found[39m[32m 0[2mms[22m[39m
[31m       [31m×[31m throws error on 401 unauthorized[39m[32m 1[2mms[22m[39m
[90mstderr[2m | src/services/__tests__/categoriesService.test.ts[2m > [22m[2mcategoriesService[2m > [22m[2mgetTree[2m > [22m[2mfetches category tree successfully
[22m[39m[MSW] Warning: intercepted a request without a matching request handler:

  • GET http://localhost:8001/api/v1/categories-tree/

If you still wish to intercept this unhandled request, please create a request handler for it.
Read more: https://mswjs.io/docs/http/intercepting-requests

 [31m❯[39m src/services/__tests__/productsService.integration.test.ts [2m([22m[2m10 tests[22m[2m | [22m[31m6 failed[39m[2m)[22m[32m 89[2mms[22m[39m
[31m       [31m×[31m получает детальную информацию о товаре по slug[39m[32m 39[2mms[22m[39m
       [32m✓[39m возвращает все поля ProductDetail[32m 6[2mms[22m[39m
[31m       [31m×[31m возвращает корректную структуру цен[39m[32m 6[2mms[22m[39m
[31m       [31m×[31m возвращает корректную структуру категории с breadcrumbs[39m[32m 5[2mms[22m[39m
[31m       [31m×[31m возвращает изображения товара[39m[32m 5[2mms[22m[39m
[31m       [31m×[31m возвращает рейтинг и отзывы[39m[32m 5[2mms[22m[39m
       [32m✓[39m возвращает спецификации товара[32m 4[2mms[22m[39m
       [32m✓[39m обрабатывает товар "Под заказ"[32m 3[2mms[22m[39m
       [32m✓[39m обрабатывает недоступный товар[32m 4[2mms[22m[39m
[31m       [31m×[31m выбрасывает ошибку для несуществующего товара[39m[32m 7[2mms[22m[39m
Error: connect ECONNREFUSED 127.0.0.1:8001
    at TCPConnectWrap.afterConnect [as oncomplete] (node:net:1637:16) {
  errno: -111,
  code: 'ECONNREFUSED',
  syscall: 'connect',
  address: '127.0.0.1',
  port: 8001
}
Error: connect ECONNREFUSED 127.0.0.1:8001
    at TCPConnectWrap.afterConnect [as oncomplete] (node:net:1637:16) {
  errno: -111,
  code: 'ECONNREFUSED',
  syscall: 'connect',
  address: '127.0.0.1',
  port: 8001
}
[90mstderr[2m | src/providers/__tests__/AuthProvider.test.tsx[2m > [22m[2mAuthProvider - Session Initialization[2m > [22m[2mlogs out after all retry attempts fail
[22m[39mAuth initialization failed after retries: AxiosError: Network Error
    at XMLHttpRequest.handleError [as onerror] [90m(file:///home/user/FREESPORT/frontend/[39mnode_modules/[4maxios[24m/lib/adapters/xhr.js:112:20[90m)[39m
    at XMLHttpRequest.methodCall [90m(file:///home/user/FREESPORT/frontend/[39mnode_modules/[4m@mswjs/interceptors[24m/lib/node/chunk-5V3SIIW2.mjs:354:20[90m)[39m
    at Proxy.<anonymous> [90m(file:///home/user/FREESPORT/frontend/[39mnode_modules/[4m@mswjs/interceptors[24m/lib/node/chunk-5V3SIIW2.mjs:177:29[90m)[39m
    at XMLHttpRequestController.trigger [90m(file:///home/user/FREESPORT/frontend/[39mnode_modules/[4m@mswjs/interceptors[24m/lib/node/chunk-5V3SIIW2.mjs:652:16[90m)[39m
    at XMLHttpRequestController.errorWith [90m(file:///home/user/FREESPORT/frontend/[39mnode_modules/[4m@mswjs/interceptors[24m/lib/node/chunk-5V3SIIW2.mjs:620:10[90m)[39m
    at Object.respondWith [90m(file:///home/user/FREESPORT/frontend/[39mnode_modules/[4m@mswjs/interceptors[24m/lib/node/chunk-5V3SIIW2.mjs:759:20[90m)[39m
    at _RequestController.respondWith [90m(file:///home/user/FREESPORT/frontend/[39mnode_modules/[4m@mswjs/interceptors[24m/lib/node/chunk-JXGB54LE.mjs:220:17[90m)[39m
    at _Emitter.<anonymous> [90m(file:///home/user/FREESPORT/frontend/[39mnode_modules/[4mmsw[24m/lib/node/index.mjs:65:22[90m)[39m
    at emitAsync [90m(file:///home/user/FREESPORT/frontend/[39mnode_modules/[4m@mswjs/interceptors[24m/lib/node/chunk-R6T7CL5E.mjs:13:5[90m)[39m
    at [90mfile:///home/user/FREESPORT/frontend/[39mnode_modules/[4m@mswjs/interceptors[24m/lib/node/chunk-R6T7CL5E.mjs:127:5
    at Axios.request [90m(file:///home/user/FREESPORT/frontend/[39mnode_modules/[4maxios[24m/lib/core/Axios.js:45:41[90m)[39m
    at initializeAuth [90m(/home/user/FREESPORT/frontend/[39msrc/providers/AuthProvider.tsx:63:28[90m)[39m {
  code: [32m'ERR_NETWORK'[39m,
  config: {
    transitional: {
      silentJSONParsing: [33mtrue[39m,
      forcedJSONParsing: [33mtrue[39m,
      clarifyTimeoutError: [33mfalse[39m
    },
    adapter: [ [32m'xhr'[39m, [32m'http'[39m, [32m'fetch'[39m ],
    transformRequest: [ [36m[Function: transformRequest][39m ],
    transformResponse: [ [36m[Function: transformResponse][39m ],
    timeout: [33m30000[39m,
    xsrfCookieName: [32m'XSRF-TOKEN'[39m,
    xsrfHeaderName: [32m'X-XSRF-TOKEN'[39m,
    maxContentLength: [33m-1[39m,
    maxBodyLength: [33m-1[39m,
    env: { FormData: [36m[Function [FormData]][39m, Blob: [36m[class Blob][39m },
    validateStatus: [36m[Function: validateStatus][39m,
    headers: Object [AxiosHeaders] {
      Accept: [32m'application/json, text/plain, */*'[39m,
      [32m'Content-Type'[39m: [32m'application/json'[39m
    },
    baseURL: [32m'http://localhost:8001/api/v1'[39m,
    withCredentials: [33mtrue[39m,
    method: [32m'get'[39m,
    url: [32m'/users/profile/'[39m,
    allowAbsoluteUrls: [33mtrue[39m,
    data: [90mundefined[39m
  },
  request: XMLHttpRequest [EventTarget] {
    onloadstart: [1mnull[22m,
    onprogress: [1mnull[22m,
    onabort: [36m[Function: handleAbort][39m,
    onerror: [36m[Function: handleError][39m,
    onload: [1mnull[22m,
    ontimeout: [36m[Function: handleTimeout][39m,
    onloadend: [36m[Function: onloadend][39m,
    upload: XMLHttpRequestUpload [EventTarget] {
      onloadstart: [1mnull[22m,
      onprogress: [1mnull[22m,
      onabort: [1mnull[22m,
      onerror: [1mnull[22m,
      onload: [1mnull[22m,
      ontimeout: [1mnull[22m,
      onloadend: [1mnull[22m,
      [[32mSymbol(listeners)[39m]: [36m[Object][39m,
      [[32mSymbol(listenerOptions)[39m]: [36m[Object][39m
    },
    withCredentials: [33mtrue[39m,
    timeout: [33m30000[39m,
    readyState: [90mundefined[39m,
    [[32mSymbol(listeners)[39m]: { capturing: Map(0) {}, bubbling: [36m[Map][39m },
    [[32mSymbol(listenerOptions)[39m]: { capturing: Map(0) {}, bubbling: [36m[Map][39m }
  },
  event: ProgressEvent {
    NONE: [33m0[39m,
    CAPTURING_PHASE: [33m1[39m,
    AT_TARGET: [33m2[39m,
    BUBBLING_PHASE: [33m3[39m,
    lengthComputable: [33mtrue[39m,
    loaded: [33m0[39m,
    total: [33m0[39m,
    [[32mSymbol(composed)[39m]: [33mfalse[39m,
    [[32mSymbol(bubbles)[39m]: [33mfalse[39m,
    [[32mSymbol(cancelable)[39m]: [33mfalse[39m,
    [[32mSymbol(defaultPrevented)[39m]: [33mfalse[39m,
    [[32mSymbol(eventPhase)[39m]: [33m0[39m,
    [[32mSymbol(timeStamp)[39m]: [33m11813.172024[39m,
    [[32mSymbol(type)[39m]: [32m'error'[39m,
    [[32mSymbol(dispatching)[39m]: [33mfalse[39m,
    [[32mSymbol(immediatePropagationStopped)[39m]: [33mfalse[39m,
    [[32mSymbol(propagationStopped)[39m]: [33mfalse[39m,
    [[32mSymbol(target)[39m]: [1mnull[22m,
    [[32mSymbol(currentTarget)[39m]: [1mnull[22m,
    [[32mSymbol(isInPassiveEventListener)[39m]: [33mfalse[39m
  }
}

[90mstderr[2m | src/services/__tests__/categoriesService.test.ts[2m > [22m[2mcategoriesService[2m > [22m[2mgetTree[2m > [22m[2mhandles empty tree
[22m[39m[MSW] Warning: intercepted a request without a matching request handler:

  • GET http://localhost:8001/api/v1/categories-tree/

If you still wish to intercept this unhandled request, please create a request handler for it.
Read more: https://mswjs.io/docs/http/intercepting-requests

 [31m❯[39m src/providers/__tests__/AuthProvider.test.tsx [2m([22m[2m8 tests[22m[2m | [22m[31m1 failed[39m[2m)[22m[33m 5242[2mms[22m[39m
     [32m✓[39m initializes without refresh token - shows children immediately[32m 28[2mms[22m[39m
[31m     [31m×[31m initializes session with valid refresh token[39m[33m 1012[2mms[22m[39m
     [32m✓[39m logs out on expired refresh token (401)[32m 25[2mms[22m[39m
     [32m✓[39m logs out on forbidden token (403)[32m 14[2mms[22m[39m
     [32m✓[39m shows loading state during initialization[32m 127[2mms[22m[39m
     [33m[2m✓[22m[39m retries on network error and succeeds [33m 1011[2mms[22m[39m
     [33m[2m✓[22m[39m logs out after all retry attempts fail [33m 3015[2mms[22m[39m
     [32m✓[39m provides isInitialized and isLoading values[32m 4[2mms[22m[39m
 [31m❯[39m src/services/__tests__/categoriesService.test.ts [2m([22m[2m5 tests[22m[2m | [22m[31m4 failed[39m[2m)[22m[32m 86[2mms[22m[39m
[31m       [31m×[31m fetches categories list successfully[39m[32m 28[2mms[22m[39m
[31m       [31m×[31m handles empty categories list[39m[32m 5[2mms[22m[39m
       [32m✓[39m handles network error[32m 5[2mms[22m[39m
[31m       [31m×[31m fetches category tree successfully[39m[32m 36[2mms[22m[39m
[31m       [31m×[31m handles empty tree[39m[32m 9[2mms[22m[39m
[90mstderr[2m | src/components/auth/__tests__/PasswordResetConfirmForm.test.tsx[2m > [22m[2mPasswordResetConfirmForm[2m > [22m[2mError Handling[2m > [22m[2mshould show error for invalid token during confirmation (404)
[22m[39mPassword reset confirm error: { response: { status: [33m404[39m } }

[90mstderr[2m | src/services/__tests__/addressService.test.ts[2m > [22m[2maddressService[2m > [22m[2mgetAddresses[2m > [22m[2mreturns list of addresses on success
[22m[39m[MSW] Warning: intercepted a request without a matching request handler:

  • GET http://localhost:8001/api/v1/users/addresses/

If you still wish to intercept this unhandled request, please create a request handler for it.
Read more: https://mswjs.io/docs/http/intercepting-requests

[90mstderr[2m | src/components/auth/__tests__/PasswordResetConfirmForm.test.tsx[2m > [22m[2mPasswordResetConfirmForm[2m > [22m[2mError Handling[2m > [22m[2mshould show validation error for weak password from backend (400)
[22m[39mPassword reset confirm error: { response: { status: [33m400[39m, data: { new_password: [36m[Array][39m } } }

Error: connect ECONNREFUSED 127.0.0.1:8001
    at TCPConnectWrap.afterConnect [as oncomplete] (node:net:1637:16) {
  errno: -111,
  code: 'ECONNREFUSED',
  syscall: 'connect',
  address: '127.0.0.1',
  port: 8001
}
 [31m❯[39m src/services/__tests__/addressService.test.ts [2m([22m[2m8 tests[22m[2m | [22m[31m8 failed[39m[2m)[22m[32m 56[2mms[22m[39m
[31m       [31m×[31m returns list of addresses on success[39m[32m 49[2mms[22m[39m
[31m       [31m×[31m throws error on 401 unauthorized[39m[32m 1[2mms[22m[39m
[31m       [31m×[31m creates new address on success[39m[32m 1[2mms[22m[39m
[31m       [31m×[31m throws AddressValidationError on 400[39m[32m 0[2mms[22m[39m
[31m       [31m×[31m updates address on success[39m[32m 0[2mms[22m[39m
[31m       [31m×[31m throws error on 404 not found[39m[32m 0[2mms[22m[39m
[31m       [31m×[31m deletes address on success[39m[32m 0[2mms[22m[39m
[31m       [31m×[31m throws error on 404 not found[39m[32m 0[2mms[22m[39m
[90mstderr[2m | src/components/auth/__tests__/PasswordResetConfirmForm.test.tsx[2m > [22m[2mPasswordResetConfirmForm[2m > [22m[2mError Handling[2m > [22m[2mshould show generic error for other API errors
[22m[39mPassword reset confirm error: { response: { status: [33m500[39m } }

 [31m❯[39m src/services/__tests__/bannersService.test.ts [2m([22m[2m5 tests[22m[2m | [22m[31m1 failed[39m[2m)[22m[32m 47[2mms[22m[39m
[31m       [31m×[31m fetches active banners successfully[39m[32m 30[2mms[22m[39m
       [32m✓[39m handles empty banners list[32m 4[2mms[22m[39m
       [32m✓[39m handles network error[32m 4[2mms[22m[39m
       [32m✓[39m handles API error response[32m 3[2mms[22m[39m
       [32m✓[39m validates banner structure[32m 3[2mms[22m[39m
 [31m❯[39m src/__tests__/design-system/tokens.test.ts [2m([22m[2m18 tests[22m[2m | [22m[31m1 failed[39m[2m)[22m[32m 13[2mms[22m[39m
       [32m✓[39m должны содержать все primary цвета[32m 2[2mms[22m[39m
       [32m✓[39m должны содержать все text цвета[32m 0[2mms[22m[39m
       [32m✓[39m должны содержать typography colorUsage[32m 0[2mms[22m[39m
       [32m✓[39m должны содержать background переменные[32m 0[2mms[22m[39m
       [32m✓[39m должны содержать все spacing токены[32m 0[2mms[22m[39m
       [32m✓[39m должны содержать все radius токены[32m 0[2mms[22m[39m
       [32m✓[39m должны содержать все shadow токены с правильными rgba значениями[32m 0[2mms[22m[39m
       [32m✓[39m должны содержать motion токены[32m 0[2mms[22m[39m
       [32m✓[39m должны содержать все utility классы для типографики[32m 1[2mms[22m[39m
       [32m✓[39m utility классы должны иметь правильные font-size[32m 0[2mms[22m[39m
       [32m✓[39m должен содержать правильный font stack[32m 0[2mms[22m[39m
       [32m✓[39m text-primary на neutral-100: контраст >= 4.5:1 (WCAG AA)[32m 0[2mms[22m[39m
       [32m✓[39m text-secondary на neutral-100: контраст >= 4.5:1[32m 0[2mms[22m[39m
       [32m✓[39m text-muted на neutral-100: контраст >= 4.5:1[32m 0[2mms[22m[39m
[31m       [31m×[31m text-inverse на primary: контраст >= 4.5:1[39m[32m 2[2mms[22m[39m
       [32m✓[39m typography-primary на neutral-100: контраст >= 4.5:1[32m 0[2mms[22m[39m
       [32m✓[39m typography-secondary на neutral-100: контраст >= 4.5:1[32m 0[2mms[22m[39m
       [32m✓[39m все основные цветовые комбинации соответствуют WCAG 2.1 AA[32m 0[2mms[22m[39m
 [31m❯[39m src/__tests__/design-system/accessibility.test.ts [2m([22m[2m23 tests[22m[2m | [22m[31m3 failed[39m[2m)[22m[32m 12[2mms[22m[39m
       [32m✓[39m Primary button: text-inverse (#FFFFFF) на primary (#1F1F1F) >= 4.5:1[32m 2[2mms[22m[39m
       [32m✓[39m Secondary button: primary text (#1F1F1F) на neutral-100 (#FFFFFF) >= 4.5:1[32m 0[2mms[22m[39m
       [32m✓[39m Tertiary button: primary text (#1F1F1F) на transparent (white bg) >= 4.5:1[32m 0[2mms[22m[39m
       [32m✓[39m Subtle button: primary text (#1F1F1F) на #E7F3FF >= 4.5:1[32m 0[2mms[22m[39m
       [32m✓[39m Label: text-primary (#1B1B1B) на neutral-100 (#FFFFFF) >= 4.5:1[32m 0[2mms[22m[39m
       [32m✓[39m Input text: text-primary (#1B1B1B) на neutral-100 (#FFFFFF) >= 4.5:1[32m 0[2mms[22m[39m
       [32m✓[39m Error text: accent-danger (#2B2B2B) на neutral-100 (#FFFFFF) >= 4.5:1[32m 0[2mms[22m[39m
       [32m✓[39m Success text: accent-success (#4D4D4D) на neutral-100 (#FFFFFF) >= 4.5:1[32m 0[2mms[22m[39m
[31m       [31m×[31m Helper text: text-muted (#7A7A7A) на neutral-100 (#FFFFFF) >= 4.5:1[39m[32m 2[2mms[22m[39m
       [32m✓[39m Badge "delivered": текст #1F7A1F на фоне #E0F5E0 >= 4.5:1[32m 0[2mms[22m[39m
[31m       [31m×[31m Badge "transit": текст #B07600 на фоне #FFF1CC >= 4.5:1[39m[32m 1[2mms[22m[39m
[31m       [31m×[31m Badge "cancelled": текст #C23B3B на фоне #FFE1E1 >= 4.5:1[39m[32m 0[2mms[22m[39m
       [32m✓[39m Badge "promo": текст #8C4C00 на фоне #F4EBDC >= 4.5:1[32m 0[2mms[22m[39m
       [32m✓[39m Badge "sale": текст #A63232 на фоне #F9E1E1 >= 4.5:1[32m 0[2mms[22m[39m
       [32m✓[39m Badge "discount": текст #5E32A1 на фоне #F4E9FF >= 4.5:1[32m 0[2mms[22m[39m
       [32m✓[39m Badge "premium": текст #6D4C1F на фоне #F6F0E4 >= 4.5:1[32m 0[2mms[22m[39m
       [32m✓[39m Badge "new": текст #0F5DA3 на фоне #E1F0FF >= 4.5:1[32m 0[2mms[22m[39m
       [32m✓[39m Badge "hit": текст #1F7A4A на фоне #E3F6EC >= 4.5:1[32m 0[2mms[22m[39m
     [32m✓[39m Button: должен иметь focus ring с primary цветом[32m 0[2mms[22m[39m
     [32m✓[39m Input: должен иметь focus ring с primary цветом[32m 0[2mms[22m[39m
     [32m✓[39m Input: должен поддерживать aria-invalid при ошибке[32m 0[2mms[22m[39m
     [32m✓[39m Input: должен поддерживать aria-describedby для связи с helper/error текстом[32m 0[2mms[22m[39m
     [32m✓[39m Badge icons: должны иметь aria-hidden="true"[32m 0[2mms[22m[39m
[90mstderr[2m | src/components/auth/__tests__/PasswordResetConfirmForm.test.tsx[2m > [22m[2mPasswordResetConfirmForm[2m > [22m[2mAccessibility[2m > [22m[2mshould have role="alert" for error messages
[22m[39mPassword reset confirm error: { response: { status: [33m500[39m } }

 [31m❯[39m src/components/auth/__tests__/PasswordResetConfirmForm.test.tsx [2m([22m[2m28 tests[22m[2m | [22m[31m4 failed[39m[2m)[22m[33m 5671[2mms[22m[39m
       [32m✓[39m should show loading state while validating token[32m 26[2mms[22m[39m
       [32m✓[39m should validate token on component mount[32m 25[2mms[22m[39m
       [32m✓[39m should show form after successful token validation[32m 32[2mms[22m[39m
       [32m✓[39m should show error for expired token (410)[32m 18[2mms[22m[39m
       [32m✓[39m should show error for invalid token (404)[32m 6[2mms[22m[39m
       [32m✓[39m should show generic error for other validation errors[32m 6[2mms[22m[39m
       [32m✓[39m should show link to request new reset when token is invalid[32m 8[2mms[22m[39m
       [32m✓[39m should render password fields after valid token[32m 10[2mms[22m[39m
       [32m✓[39m should have password strength hint[32m 10[2mms[22m[39m
       [32m✓[39m should have proper autocomplete attributes[32m 10[2mms[22m[39m
[31m       [31m×[31m should show error for short password[39m[33m 1087[2mms[22m[39m
[31m       [31m×[31m should show error for password without digit[39m[33m 1085[2mms[22m[39m
[31m       [31m×[31m should show error for password without uppercase[39m[33m 1088[2mms[22m[39m
[31m       [31m×[31m should show error when passwords do not match[39m[33m 1087[2mms[22m[39m
       [32m✓[39m should submit form with valid password[32m 86[2mms[22m[39m
       [32m✓[39m should redirect to login page with success query on successful reset[32m 92[2mms[22m[39m
       [32m✓[39m should use router.replace() instead of router.push() for security[32m 90[2mms[22m[39m
       [32m✓[39m should show error for expired token during confirmation (410)[32m 98[2mms[22m[39m
       [32m✓[39m should show error for invalid token during confirmation (404)[32m 96[2mms[22m[39m
       [32m✓[39m should show validation error for weak password from backend (400)[32m 80[2mms[22m[39m
       [32m✓[39m should show generic error for other API errors[32m 92[2mms[22m[39m
       [32m✓[39m should show loading state during password reset submission[32m 187[2mms[22m[39m
       [32m✓[39m should disable form inputs during submission[32m 187[2mms[22m[39m
       [32m✓[39m should have proper labels for password inputs[32m 9[2mms[22m[39m
       [32m✓[39m should have aria-required on password fields[32m 11[2mms[22m[39m
       [32m✓[39m should have aria-describedby for error messages[32m 37[2mms[22m[39m
       [32m✓[39m should have role="alert" for error messages[32m 90[2mms[22m[39m
       [32m✓[39m should have aria-label on submit button[32m 11[2mms[22m[39m
 [31m❯[39m src/app/product/[slug]/__tests__/page.test.tsx [2m([22m[2m10 tests[22m[2m | [22m[31m10 failed[39m[2m)[22m[32m 12[2mms[22m[39m
[31m     [31m×[31m должен вернуть guest когда нет sessionid cookie[39m[32m 3[2mms[22m[39m
[31m     [31m×[31m должен вернуть guest когда API вернул 401[39m[32m 1[2mms[22m[39m
[31m     [31m×[31m должен вернуть роль retail для розничного покупателя[39m[32m 1[2mms[22m[39m
[31m     [31m×[31m должен вернуть роль wholesale_level1 для оптового покупателя[39m[32m 1[2mms[22m[39m
[31m     [31m×[31m должен вернуть роль trainer для тренера[39m[32m 0[2mms[22m[39m
[31m     [31m×[31m должен вернуть роль federation_rep для представителя федерации[39m[32m 0[2mms[22m[39m
[31m     [31m×[31m должен обработать ошибку сети и вернуть guest[39m[32m 1[2mms[22m[39m
[31m     [31m×[31m должен использовать fallback retail для неизвестной роли[39m[32m 1[2mms[22m[39m
[31m     [31m×[31m должен корректно передать Cookie header в запросе[39m[32m 1[2mms[22m[39m
[31m     [31m×[31m должен использовать переменную окружения NEXT_PUBLIC_API_URL[39m[32m 1[2mms[22m[39m
[90mstderr[2m | src/hooks/__tests__/useDebounce.test.ts[2m > [22m[2museDebounce[2m > [22m[2mcancels previous timeout on rapid changes
[22m[39mAn update to TestComponent inside a test was not wrapped in act(...).

When testing, code that causes React state updates should be wrapped into act(...):

act(() => {
  /* fire events that update state */
});
/* assert on the output */

This ensures that you're testing the behavior the user would see in the browser. Learn more at https://react.dev/link/wrap-tests-with-act

[90mstderr[2m | src/components/home/__tests__/NewArrivalsSection.test.tsx[2m > [22m[2mNewArrivalsSection[2m > [22m[2mloads and displays 8 new products with "new" badge priority
[22m[39mReceived `true` for a non-boolean attribute `jsx`.

If you want to write it to the DOM, pass a string instead: jsx="true" or jsx={value.toString()}.

[90mstderr[2m | src/components/home/__tests__/HitsSection.test.tsx[2m > [22m[2mHitsSection[2m > [22m[2mloads and displays 8 hit products with badges
[22m[39mReceived `true` for a non-boolean attribute `jsx`.

If you want to write it to the DOM, pass a string instead: jsx="true" or jsx={value.toString()}.

[90mstderr[2m | src/components/business/SearchAutocomplete/__tests__/SearchAutocomplete.test.tsx[2m > [22m[2mSearchAutocomplete[2m > [22m[2mSearch Functionality[2m > [22m[2mdoes not call search for queries less than 2 characters
[22m[39mAn update to SearchField inside a test was not wrapped in act(...).

When testing, code that causes React state updates should be wrapped into act(...):

act(() => {
  /* fire events that update state */
});
/* assert on the output */

This ensures that you're testing the behavior the user would see in the browser. Learn more at https://react.dev/link/wrap-tests-with-act

[90mstderr[2m | src/app/catalog/__tests__/CatalogPage.test.tsx[2m > [22m[2mCatalogPage - Search Integration (Story 18.4)[2m > [22m[2mAC 1: должен отображать SearchField на странице каталога
[22m[39mReceived `true` for a non-boolean attribute `jsx`.

If you want to write it to the DOM, pass a string instead: jsx="true" or jsx={value.toString()}.

[90mstderr[2m | src/components/auth/__tests__/PasswordResetRequestForm.test.tsx[2m > [22m[2mPasswordResetRequestForm[2m > [22m[2mError Handling[2m > [22m[2mshould display error message on API failure
[22m[39mPassword reset request error: Error: Network error
    at [90m/home/user/FREESPORT/frontend/[39msrc/components/auth/__tests__/PasswordResetRequestForm.test.tsx:166:50
    at [90mfile:///home/user/FREESPORT/frontend/[39mnode_modules/[4m@vitest/runner[24m/dist/index.js:145:11
    at [90mfile:///home/user/FREESPORT/frontend/[39mnode_modules/[4m@vitest/runner[24m/dist/index.js:915:26
    at [90mfile:///home/user/FREESPORT/frontend/[39mnode_modules/[4m@vitest/runner[24m/dist/index.js:1240:20
    at new Promise (<anonymous>)
    at runWithTimeout [90m(file:///home/user/FREESPORT/frontend/[39mnode_modules/[4m@vitest/runner[24m/dist/index.js:1206:10[90m)[39m
    at [90mfile:///home/user/FREESPORT/frontend/[39mnode_modules/[4m@vitest/runner[24m/dist/index.js:1650:37
    at Traces.$ [90m(file:///home/user/FREESPORT/frontend/[39mnode_modules/[4mvitest[24m/dist/chunks/traces.U4xDYhzZ.js:115:27[90m)[39m
    at trace [90m(file:///home/user/FREESPORT/frontend/[39mnode_modules/[4mvitest[24m/dist/chunks/test.BT8LKgU9.js:239:21[90m)[39m
    at runTest [90m(file:///home/user/FREESPORT/frontend/[39mnode_modules/[4m@vitest/runner[24m/dist/index.js:1650:12[90m)[39m

[90mstderr[2m | src/components/auth/__tests__/PasswordResetRequestForm.test.tsx[2m > [22m[2mPasswordResetRequestForm[2m > [22m[2mError Handling[2m > [22m[2mshould clear previous error on new submission
[22m[39mPassword reset request error: Error: Network error
    at [90m/home/user/FREESPORT/frontend/[39msrc/components/auth/__tests__/PasswordResetRequestForm.test.tsx:186:54
    at [90mfile:///home/user/FREESPORT/frontend/[39mnode_modules/[4m@vitest/runner[24m/dist/index.js:145:11
    at [90mfile:///home/user/FREESPORT/frontend/[39mnode_modules/[4m@vitest/runner[24m/dist/index.js:915:26
    at [90mfile:///home/user/FREESPORT/frontend/[39mnode_modules/[4m@vitest/runner[24m/dist/index.js:1240:20
    at new Promise (<anonymous>)
    at runWithTimeout [90m(file:///home/user/FREESPORT/frontend/[39mnode_modules/[4m@vitest/runner[24m/dist/index.js:1206:10[90m)[39m
    at [90mfile:///home/user/FREESPORT/frontend/[39mnode_modules/[4m@vitest/runner[24m/dist/index.js:1650:37
    at Traces.$ [90m(file:///home/user/FREESPORT/frontend/[39mnode_modules/[4mvitest[24m/dist/chunks/traces.U4xDYhzZ.js:115:27[90m)[39m
    at trace [90m(file:///home/user/FREESPORT/frontend/[39mnode_modules/[4mvitest[24m/dist/chunks/test.BT8LKgU9.js:239:21[90m)[39m
    at runTest [90m(file:///home/user/FREESPORT/frontend/[39mnode_modules/[4m@vitest/runner[24m/dist/index.js:1650:12[90m)[39m

[90mstderr[2m | src/components/auth/__tests__/PasswordResetRequestForm.test.tsx[2m > [22m[2mPasswordResetRequestForm[2m > [22m[2mAccessibility[2m > [22m[2mshould have aria-describedby for error messages
[22m[39mPassword reset request error: Error: Network error
    at [90m/home/user/FREESPORT/frontend/[39msrc/components/auth/__tests__/PasswordResetRequestForm.test.tsx:299:50
    at [90mfile:///home/user/FREESPORT/frontend/[39mnode_modules/[4m@vitest/runner[24m/dist/index.js:145:11
    at [90mfile:///home/user/FREESPORT/frontend/[39mnode_modules/[4m@vitest/runner[24m/dist/index.js:915:26
    at [90mfile:///home/user/FREESPORT/frontend/[39mnode_modules/[4m@vitest/runner[24m/dist/index.js:1240:20
    at new Promise (<anonymous>)
    at runWithTimeout [90m(file:///home/user/FREESPORT/frontend/[39mnode_modules/[4m@vitest/runner[24m/dist/index.js:1206:10[90m)[39m
    at [90mfile:///home/user/FREESPORT/frontend/[39mnode_modules/[4m@vitest/runner[24m/dist/index.js:1650:37
    at Traces.$ [90m(file:///home/user/FREESPORT/frontend/[39mnode_modules/[4mvitest[24m/dist/chunks/traces.U4xDYhzZ.js:115:27[90m)[39m
    at trace [90m(file:///home/user/FREESPORT/frontend/[39mnode_modules/[4mvitest[24m/dist/chunks/test.BT8LKgU9.js:239:21[90m)[39m
    at runTest [90m(file:///home/user/FREESPORT/frontend/[39mnode_modules/[4m@vitest/runner[24m/dist/index.js:1650:12[90m)[39m

 [32m✓[39m src/components/auth/__tests__/PasswordResetRequestForm.test.tsx [2m([22m[2m16 tests[22m[2m)[22m[33m 739[2mms[22m[39m
[90mstderr[2m | src/hooks/__tests__/useDebounce.test.ts[2m > [22m[2museDebounce[2m > [22m[2mrespects custom delay
[22m[39mAn update to TestComponent inside a test was not wrapped in act(...).

When testing, code that causes React state updates should be wrapped into act(...):

act(() => {
  /* fire events that update state */
});
/* assert on the output */

This ensures that you're testing the behavior the user would see in the browser. Learn more at https://react.dev/link/wrap-tests-with-act

 [32m✓[39m src/hooks/__tests__/useDebounce.test.ts [2m([22m[2m6 tests[22m[2m)[22m[33m 2141[2mms[22m[39m
     [33m[2m✓[22m[39m cancels previous timeout on rapid changes [33m 1007[2mms[22m[39m
     [33m[2m✓[22m[39m respects custom delay [33m 1102[2mms[22m[39m
 [32m✓[39m src/components/auth/__tests__/LoginForm.test.tsx [2m([22m[2m15 tests[22m[2m)[22m[33m 1279[2mms[22m[39m
[90mstderr[2m | src/app/__tests__/page.test.tsx[2m > [22m[2mГлавная страница (/)[2m > [22m[2mРендеринг страницы[2m > [22m[2mдолжна рендериться без ошибок
[22m[39mReceived `true` for a non-boolean attribute `jsx`.

If you want to write it to the DOM, pass a string instead: jsx="true" or jsx={value.toString()}.

[90mstderr[2m | src/app/catalog/__tests__/CatalogPage.test.tsx[2m > [22m[2mCatalogPage - Search Integration (Story 18.4)[2m > [22m[2mне должен отправлять параметр search если длина меньше minLength (2 символа)
[22m[39mAn update to SearchField inside a test was not wrapped in act(...).

When testing, code that causes React state updates should be wrapped into act(...):

act(() => {
  /* fire events that update state */
});
/* assert on the output */

This ensures that you're testing the behavior the user would see in the browser. Learn more at https://react.dev/link/wrap-tests-with-act

 [32m✓[39m src/app/catalog/__tests__/CatalogPage.test.tsx [2m([22m[2m8 tests[22m[2m)[22m[33m 1890[2mms[22m[39m
     [33m[2m✓[22m[39m AC 3: должен обновлять URL с параметром search при вводе запроса [33m 388[2mms[22m[39m
     [33m[2m✓[22m[39m AC 2, AC 4: должен передавать параметр search в API вместе с существующими фильтрами [33m 415[2mms[22m[39m
     [33m[2m✓[22m[39m AC 2: должен показывать индикатор результатов при активном поиске [33m 360[2mms[22m[39m
     [33m[2m✓[22m[39m не должен отправлять параметр search если длина меньше minLength (2 символа) [33m 437[2mms[22m[39m
 [32m✓[39m src/app/__tests__/page.test.tsx [2m([22m[2m14 tests[22m[2m)[22m[33m 569[2mms[22m[39m
DOMException [AbortError]: The operation was aborted.
    at Fetch.onAsyncTaskManagerAbort (file:///home/user/FREESPORT/frontend/node_modules/happy-dom/lib/fetch/Fetch.js:546:23)
    at Object.<anonymous> (file:///home/user/FREESPORT/frontend/node_modules/happy-dom/lib/fetch/Fetch.js:416:101)
    at AsyncTaskManager.abortAll (file:///home/user/FREESPORT/frontend/node_modules/happy-dom/lib/async-task-manager/AsyncTaskManager.js:292:30)
    at AsyncTaskManager.destroy (file:///home/user/FREESPORT/frontend/node_modules/happy-dom/lib/async-task-manager/AsyncTaskManager.js:64:21)
    at file:///home/user/FREESPORT/frontend/node_modules/happy-dom/lib/browser/utilities/BrowserFrameFactory.js:43:22
    at new Promise (<anonymous>)
    at Function.destroyFrame (file:///home/user/FREESPORT/frontend/node_modules/happy-dom/lib/browser/utilities/BrowserFrameFactory.js:30:16)
    at HTMLIFrameElement.#unloadPage (file:///home/user/FREESPORT/frontend/node_modules/happy-dom/lib/nodes/html-iframe-element/HTMLIFrameElement.js:363:33)
    at HTMLIFrameElement.[disconnectedFromDocument] (file:///home/user/FREESPORT/frontend/node_modules/happy-dom/lib/nodes/html-iframe-element/HTMLIFrameElement.js:238:25)
    at HTMLIFrameElement.[connectedToNode] (file:///home/user/FREESPORT/frontend/node_modules/happy-dom/lib/nodes/node/Node.js:788:58)
DOMException [AbortError]: The operation was aborted.
    at Fetch.onAsyncTaskManagerAbort (file:///home/user/FREESPORT/frontend/node_modules/happy-dom/lib/fetch/Fetch.js:546:23)
    at Object.<anonymous> (file:///home/user/FREESPORT/frontend/node_modules/happy-dom/lib/fetch/Fetch.js:416:101)
    at AsyncTaskManager.abortAll (file:///home/user/FREESPORT/frontend/node_modules/happy-dom/lib/async-task-manager/AsyncTaskManager.js:292:30)
    at AsyncTaskManager.destroy (file:///home/user/FREESPORT/frontend/node_modules/happy-dom/lib/async-task-manager/AsyncTaskManager.js:64:21)
    at file:///home/user/FREESPORT/frontend/node_modules/happy-dom/lib/browser/utilities/BrowserFrameFactory.js:43:22
    at new Promise (<anonymous>)
    at Function.destroyFrame (file:///home/user/FREESPORT/frontend/node_modules/happy-dom/lib/browser/utilities/BrowserFrameFactory.js:30:16)
    at HTMLIFrameElement.#unloadPage (file:///home/user/FREESPORT/frontend/node_modules/happy-dom/lib/nodes/html-iframe-element/HTMLIFrameElement.js:363:33)
    at HTMLIFrameElement.[disconnectedFromDocument] (file:///home/user/FREESPORT/frontend/node_modules/happy-dom/lib/nodes/html-iframe-element/HTMLIFrameElement.js:238:25)
    at HTMLIFrameElement.[connectedToNode] (file:///home/user/FREESPORT/frontend/node_modules/happy-dom/lib/nodes/node/Node.js:788:58)
DOMException [AbortError]: The operation was aborted.
    at Fetch.onAsyncTaskManagerAbort (file:///home/user/FREESPORT/frontend/node_modules/happy-dom/lib/fetch/Fetch.js:546:23)
    at Object.<anonymous> (file:///home/user/FREESPORT/frontend/node_modules/happy-dom/lib/fetch/Fetch.js:416:101)
    at AsyncTaskManager.abortAll (file:///home/user/FREESPORT/frontend/node_modules/happy-dom/lib/async-task-manager/AsyncTaskManager.js:292:30)
    at AsyncTaskManager.destroy (file:///home/user/FREESPORT/frontend/node_modules/happy-dom/lib/async-task-manager/AsyncTaskManager.js:64:21)
    at file:///home/user/FREESPORT/frontend/node_modules/happy-dom/lib/browser/utilities/BrowserFrameFactory.js:43:22
    at new Promise (<anonymous>)
    at Function.destroyFrame (file:///home/user/FREESPORT/frontend/node_modules/happy-dom/lib/browser/utilities/BrowserFrameFactory.js:30:16)
    at HTMLIFrameElement.#unloadPage (file:///home/user/FREESPORT/frontend/node_modules/happy-dom/lib/nodes/html-iframe-element/HTMLIFrameElement.js:363:33)
    at HTMLIFrameElement.[disconnectedFromDocument] (file:///home/user/FREESPORT/frontend/node_modules/happy-dom/lib/nodes/html-iframe-element/HTMLIFrameElement.js:238:25)
    at HTMLIFrameElement.[connectedToNode] (file:///home/user/FREESPORT/frontend/node_modules/happy-dom/lib/nodes/node/Node.js:788:58)
DOMException [AbortError]: The operation was aborted.
    at Fetch.onAsyncTaskManagerAbort (file:///home/user/FREESPORT/frontend/node_modules/happy-dom/lib/fetch/Fetch.js:546:23)
    at Object.<anonymous> (file:///home/user/FREESPORT/frontend/node_modules/happy-dom/lib/fetch/Fetch.js:416:101)
    at AsyncTaskManager.abortAll (file:///home/user/FREESPORT/frontend/node_modules/happy-dom/lib/async-task-manager/AsyncTaskManager.js:292:30)
    at AsyncTaskManager.destroy (file:///home/user/FREESPORT/frontend/node_modules/happy-dom/lib/async-task-manager/AsyncTaskManager.js:64:21)
    at file:///home/user/FREESPORT/frontend/node_modules/happy-dom/lib/browser/utilities/BrowserFrameFactory.js:43:22
    at new Promise (<anonymous>)
    at Function.destroyFrame (file:///home/user/FREESPORT/frontend/node_modules/happy-dom/lib/browser/utilities/BrowserFrameFactory.js:30:16)
    at HTMLIFrameElement.#unloadPage (file:///home/user/FREESPORT/frontend/node_modules/happy-dom/lib/nodes/html-iframe-element/HTMLIFrameElement.js:363:33)
    at HTMLIFrameElement.[disconnectedFromDocument] (file:///home/user/FREESPORT/frontend/node_modules/happy-dom/lib/nodes/html-iframe-element/HTMLIFrameElement.js:238:25)
    at HTMLIFrameElement.[connectedToNode] (file:///home/user/FREESPORT/frontend/node_modules/happy-dom/lib/nodes/node/Node.js:788:58)
DOMException [AbortError]: The operation was aborted.
    at Fetch.onAsyncTaskManagerAbort (file:///home/user/FREESPORT/frontend/node_modules/happy-dom/lib/fetch/Fetch.js:546:23)
    at Object.<anonymous> (file:///home/user/FREESPORT/frontend/node_modules/happy-dom/lib/fetch/Fetch.js:416:101)
    at AsyncTaskManager.abortAll (file:///home/user/FREESPORT/frontend/node_modules/happy-dom/lib/async-task-manager/AsyncTaskManager.js:292:30)
    at AsyncTaskManager.destroy (file:///home/user/FREESPORT/frontend/node_modules/happy-dom/lib/async-task-manager/AsyncTaskManager.js:64:21)
    at file:///home/user/FREESPORT/frontend/node_modules/happy-dom/lib/browser/utilities/BrowserFrameFactory.js:43:22
    at new Promise (<anonymous>)
    at Function.destroyFrame (file:///home/user/FREESPORT/frontend/node_modules/happy-dom/lib/browser/utilities/BrowserFrameFactory.js:30:16)
    at HTMLIFrameElement.#unloadPage (file:///home/user/FREESPORT/frontend/node_modules/happy-dom/lib/nodes/html-iframe-element/HTMLIFrameElement.js:363:33)
    at HTMLIFrameElement.[disconnectedFromDocument] (file:///home/user/FREESPORT/frontend/node_modules/happy-dom/lib/nodes/html-iframe-element/HTMLIFrameElement.js:238:25)
    at HTMLIFrameElement.[connectedToNode] (file:///home/user/FREESPORT/frontend/node_modules/happy-dom/lib/nodes/node/Node.js:788:58)
DOMException [AbortError]: The operation was aborted.
    at Fetch.onAsyncTaskManagerAbort (file:///home/user/FREESPORT/frontend/node_modules/happy-dom/lib/fetch/Fetch.js:546:23)
    at Object.<anonymous> (file:///home/user/FREESPORT/frontend/node_modules/happy-dom/lib/fetch/Fetch.js:416:101)
    at AsyncTaskManager.abortAll (file:///home/user/FREESPORT/frontend/node_modules/happy-dom/lib/async-task-manager/AsyncTaskManager.js:292:30)
    at AsyncTaskManager.destroy (file:///home/user/FREESPORT/frontend/node_modules/happy-dom/lib/async-task-manager/AsyncTaskManager.js:64:21)
    at file:///home/user/FREESPORT/frontend/node_modules/happy-dom/lib/browser/utilities/BrowserFrameFactory.js:43:22
    at new Promise (<anonymous>)
    at Function.destroyFrame (file:///home/user/FREESPORT/frontend/node_modules/happy-dom/lib/browser/utilities/BrowserFrameFactory.js:30:16)
    at HTMLIFrameElement.#unloadPage (file:///home/user/FREESPORT/frontend/node_modules/happy-dom/lib/nodes/html-iframe-element/HTMLIFrameElement.js:363:33)
    at HTMLIFrameElement.[disconnectedFromDocument] (file:///home/user/FREESPORT/frontend/node_modules/happy-dom/lib/nodes/html-iframe-element/HTMLIFrameElement.js:238:25)
    at HTMLIFrameElement.[connectedToNode] (file:///home/user/FREESPORT/frontend/node_modules/happy-dom/lib/nodes/node/Node.js:788:58)
DOMException [AbortError]: The operation was aborted.
    at Fetch.onAsyncTaskManagerAbort (file:///home/user/FREESPORT/frontend/node_modules/happy-dom/lib/fetch/Fetch.js:546:23)
    at Object.<anonymous> (file:///home/user/FREESPORT/frontend/node_modules/happy-dom/lib/fetch/Fetch.js:416:101)
    at AsyncTaskManager.abortAll (file:///home/user/FREESPORT/frontend/node_modules/happy-dom/lib/async-task-manager/AsyncTaskManager.js:292:30)
    at AsyncTaskManager.destroy (file:///home/user/FREESPORT/frontend/node_modules/happy-dom/lib/async-task-manager/AsyncTaskManager.js:64:21)
    at file:///home/user/FREESPORT/frontend/node_modules/happy-dom/lib/browser/utilities/BrowserFrameFactory.js:43:22
    at new Promise (<anonymous>)
    at Function.destroyFrame (file:///home/user/FREESPORT/frontend/node_modules/happy-dom/lib/browser/utilities/BrowserFrameFactory.js:30:16)
    at HTMLIFrameElement.#unloadPage (file:///home/user/FREESPORT/frontend/node_modules/happy-dom/lib/nodes/html-iframe-element/HTMLIFrameElement.js:363:33)
    at HTMLIFrameElement.[disconnectedFromDocument] (file:///home/user/FREESPORT/frontend/node_modules/happy-dom/lib/nodes/html-iframe-element/HTMLIFrameElement.js:238:25)
    at HTMLIFrameElement.[connectedToNode] (file:///home/user/FREESPORT/frontend/node_modules/happy-dom/lib/nodes/node/Node.js:788:58)
DOMException [AbortError]: The operation was aborted.
    at Fetch.onAsyncTaskManagerAbort (file:///home/user/FREESPORT/frontend/node_modules/happy-dom/lib/fetch/Fetch.js:546:23)
    at Object.<anonymous> (file:///home/user/FREESPORT/frontend/node_modules/happy-dom/lib/fetch/Fetch.js:416:101)
    at AsyncTaskManager.abortAll (file:///home/user/FREESPORT/frontend/node_modules/happy-dom/lib/async-task-manager/AsyncTaskManager.js:292:30)
    at AsyncTaskManager.destroy (file:///home/user/FREESPORT/frontend/node_modules/happy-dom/lib/async-task-manager/AsyncTaskManager.js:64:21)
    at file:///home/user/FREESPORT/frontend/node_modules/happy-dom/lib/browser/utilities/BrowserFrameFactory.js:43:22
    at new Promise (<anonymous>)
    at Function.destroyFrame (file:///home/user/FREESPORT/frontend/node_modules/happy-dom/lib/browser/utilities/BrowserFrameFactory.js:30:16)
    at HTMLIFrameElement.#unloadPage (file:///home/user/FREESPORT/frontend/node_modules/happy-dom/lib/nodes/html-iframe-element/HTMLIFrameElement.js:363:33)
    at HTMLIFrameElement.[disconnectedFromDocument] (file:///home/user/FREESPORT/frontend/node_modules/happy-dom/lib/nodes/html-iframe-element/HTMLIFrameElement.js:238:25)
    at HTMLIFrameElement.[connectedToNode] (file:///home/user/FREESPORT/frontend/node_modules/happy-dom/lib/nodes/node/Node.js:788:58)
DOMException [AbortError]: The operation was aborted.
    at Fetch.onAsyncTaskManagerAbort (file:///home/user/FREESPORT/frontend/node_modules/happy-dom/lib/fetch/Fetch.js:546:23)
    at Object.<anonymous> (file:///home/user/FREESPORT/frontend/node_modules/happy-dom/lib/fetch/Fetch.js:416:101)
    at AsyncTaskManager.abortAll (file:///home/user/FREESPORT/frontend/node_modules/happy-dom/lib/async-task-manager/AsyncTaskManager.js:292:30)
    at AsyncTaskManager.destroy (file:///home/user/FREESPORT/frontend/node_modules/happy-dom/lib/async-task-manager/AsyncTaskManager.js:64:21)
    at file:///home/user/FREESPORT/frontend/node_modules/happy-dom/lib/browser/utilities/BrowserFrameFactory.js:43:22
    at new Promise (<anonymous>)
    at Function.destroyFrame (file:///home/user/FREESPORT/frontend/node_modules/happy-dom/lib/browser/utilities/BrowserFrameFactory.js:30:16)
    at HTMLIFrameElement.#unloadPage (file:///home/user/FREESPORT/frontend/node_modules/happy-dom/lib/nodes/html-iframe-element/HTMLIFrameElement.js:363:33)
    at HTMLIFrameElement.[disconnectedFromDocument] (file:///home/user/FREESPORT/frontend/node_modules/happy-dom/lib/nodes/html-iframe-element/HTMLIFrameElement.js:238:25)
    at HTMLIFrameElement.[connectedToNode] (file:///home/user/FREESPORT/frontend/node_modules/happy-dom/lib/nodes/node/Node.js:788:58)
DOMException [AbortError]: The operation was aborted.
    at Fetch.onAsyncTaskManagerAbort (file:///home/user/FREESPORT/frontend/node_modules/happy-dom/lib/fetch/Fetch.js:546:23)
    at Object.<anonymous> (file:///home/user/FREESPORT/frontend/node_modules/happy-dom/lib/fetch/Fetch.js:416:101)
    at AsyncTaskManager.abortAll (file:///home/user/FREESPORT/frontend/node_modules/happy-dom/lib/async-task-manager/AsyncTaskManager.js:292:30)
    at AsyncTaskManager.destroy (file:///home/user/FREESPORT/frontend/node_modules/happy-dom/lib/async-task-manager/AsyncTaskManager.js:64:21)
    at file:///home/user/FREESPORT/frontend/node_modules/happy-dom/lib/browser/utilities/BrowserFrameFactory.js:43:22
    at new Promise (<anonymous>)
    at Function.destroyFrame (file:///home/user/FREESPORT/frontend/node_modules/happy-dom/lib/browser/utilities/BrowserFrameFactory.js:30:16)
    at HTMLIFrameElement.#unloadPage (file:///home/user/FREESPORT/frontend/node_modules/happy-dom/lib/nodes/html-iframe-element/HTMLIFrameElement.js:363:33)
    at HTMLIFrameElement.[disconnectedFromDocument] (file:///home/user/FREESPORT/frontend/node_modules/happy-dom/lib/nodes/html-iframe-element/HTMLIFrameElement.js:238:25)
    at HTMLIFrameElement.[connectedToNode] (file:///home/user/FREESPORT/frontend/node_modules/happy-dom/lib/nodes/node/Node.js:788:58)
DOMException [AbortError]: The operation was aborted.
    at Fetch.onAsyncTaskManagerAbort (file:///home/user/FREESPORT/frontend/node_modules/happy-dom/lib/fetch/Fetch.js:546:23)
    at Object.<anonymous> (file:///home/user/FREESPORT/frontend/node_modules/happy-dom/lib/fetch/Fetch.js:416:101)
    at AsyncTaskManager.abortAll (file:///home/user/FREESPORT/frontend/node_modules/happy-dom/lib/async-task-manager/AsyncTaskManager.js:292:30)
    at AsyncTaskManager.destroy (file:///home/user/FREESPORT/frontend/node_modules/happy-dom/lib/async-task-manager/AsyncTaskManager.js:64:21)
    at file:///home/user/FREESPORT/frontend/node_modules/happy-dom/lib/browser/utilities/BrowserFrameFactory.js:43:22
    at new Promise (<anonymous>)
    at Function.destroyFrame (file:///home/user/FREESPORT/frontend/node_modules/happy-dom/lib/browser/utilities/BrowserFrameFactory.js:30:16)
    at HTMLIFrameElement.#unloadPage (file:///home/user/FREESPORT/frontend/node_modules/happy-dom/lib/nodes/html-iframe-element/HTMLIFrameElement.js:363:33)
    at HTMLIFrameElement.[disconnectedFromDocument] (file:///home/user/FREESPORT/frontend/node_modules/happy-dom/lib/nodes/html-iframe-element/HTMLIFrameElement.js:238:25)
    at HTMLIFrameElement.[connectedToNode] (file:///home/user/FREESPORT/frontend/node_modules/happy-dom/lib/nodes/node/Node.js:788:58)
DOMException [AbortError]: The operation was aborted.
    at Fetch.onAsyncTaskManagerAbort (file:///home/user/FREESPORT/frontend/node_modules/happy-dom/lib/fetch/Fetch.js:546:23)
    at Object.<anonymous> (file:///home/user/FREESPORT/frontend/node_modules/happy-dom/lib/fetch/Fetch.js:416:101)
    at AsyncTaskManager.abortAll (file:///home/user/FREESPORT/frontend/node_modules/happy-dom/lib/async-task-manager/AsyncTaskManager.js:292:30)
    at AsyncTaskManager.destroy (file:///home/user/FREESPORT/frontend/node_modules/happy-dom/lib/async-task-manager/AsyncTaskManager.js:64:21)
    at file:///home/user/FREESPORT/frontend/node_modules/happy-dom/lib/browser/utilities/BrowserFrameFactory.js:43:22
    at new Promise (<anonymous>)
    at Function.destroyFrame (file:///home/user/FREESPORT/frontend/node_modules/happy-dom/lib/browser/utilities/BrowserFrameFactory.js:30:16)
    at HTMLIFrameElement.#unloadPage (file:///home/user/FREESPORT/frontend/node_modules/happy-dom/lib/nodes/html-iframe-element/HTMLIFrameElement.js:363:33)
    at HTMLIFrameElement.[disconnectedFromDocument] (file:///home/user/FREESPORT/frontend/node_modules/happy-dom/lib/nodes/html-iframe-element/HTMLIFrameElement.js:238:25)
    at HTMLIFrameElement.[connectedToNode] (file:///home/user/FREESPORT/frontend/node_modules/happy-dom/lib/nodes/node/Node.js:788:58)
DOMException [AbortError]: The operation was aborted.
    at Fetch.onAsyncTaskManagerAbort (file:///home/user/FREESPORT/frontend/node_modules/happy-dom/lib/fetch/Fetch.js:546:23)
    at Object.<anonymous> (file:///home/user/FREESPORT/frontend/node_modules/happy-dom/lib/fetch/Fetch.js:416:101)
    at AsyncTaskManager.abortAll (file:///home/user/FREESPORT/frontend/node_modules/happy-dom/lib/async-task-manager/AsyncTaskManager.js:292:30)
    at AsyncTaskManager.destroy (file:///home/user/FREESPORT/frontend/node_modules/happy-dom/lib/async-task-manager/AsyncTaskManager.js:64:21)
    at file:///home/user/FREESPORT/frontend/node_modules/happy-dom/lib/browser/utilities/BrowserFrameFactory.js:43:22
    at new Promise (<anonymous>)
    at Function.destroyFrame (file:///home/user/FREESPORT/frontend/node_modules/happy-dom/lib/browser/utilities/BrowserFrameFactory.js:30:16)
    at HTMLIFrameElement.#unloadPage (file:///home/user/FREESPORT/frontend/node_modules/happy-dom/lib/nodes/html-iframe-element/HTMLIFrameElement.js:363:33)
    at HTMLIFrameElement.[disconnectedFromDocument] (file:///home/user/FREESPORT/frontend/node_modules/happy-dom/lib/nodes/html-iframe-element/HTMLIFrameElement.js:238:25)
    at HTMLIFrameElement.[connectedToNode] (file:///home/user/FREESPORT/frontend/node_modules/happy-dom/lib/nodes/node/Node.js:788:58)
DOMException [AbortError]: The operation was aborted.
    at Fetch.onAsyncTaskManagerAbort (file:///home/user/FREESPORT/frontend/node_modules/happy-dom/lib/fetch/Fetch.js:546:23)
    at Object.<anonymous> (file:///home/user/FREESPORT/frontend/node_modules/happy-dom/lib/fetch/Fetch.js:416:101)
    at AsyncTaskManager.abortAll (file:///home/user/FREESPORT/frontend/node_modules/happy-dom/lib/async-task-manager/AsyncTaskManager.js:292:30)
    at AsyncTaskManager.destroy (file:///home/user/FREESPORT/frontend/node_modules/happy-dom/lib/async-task-manager/AsyncTaskManager.js:64:21)
    at file:///home/user/FREESPORT/frontend/node_modules/happy-dom/lib/browser/utilities/BrowserFrameFactory.js:43:22
    at new Promise (<anonymous>)
    at Function.destroyFrame (file:///home/user/FREESPORT/frontend/node_modules/happy-dom/lib/browser/utilities/BrowserFrameFactory.js:30:16)
    at HTMLIFrameElement.#unloadPage (file:///home/user/FREESPORT/frontend/node_modules/happy-dom/lib/nodes/html-iframe-element/HTMLIFrameElement.js:363:33)
    at HTMLIFrameElement.[disconnectedFromDocument] (file:///home/user/FREESPORT/frontend/node_modules/happy-dom/lib/nodes/html-iframe-element/HTMLIFrameElement.js:238:25)
    at HTMLIFrameElement.[connectedToNode] (file:///home/user/FREESPORT/frontend/node_modules/happy-dom/lib/nodes/node/Node.js:788:58)
DOMException [AbortError]: The operation was aborted.
    at Fetch.onAsyncTaskManagerAbort (file:///home/user/FREESPORT/frontend/node_modules/happy-dom/lib/fetch/Fetch.js:546:23)
    at Object.<anonymous> (file:///home/user/FREESPORT/frontend/node_modules/happy-dom/lib/fetch/Fetch.js:416:101)
    at AsyncTaskManager.abortAll (file:///home/user/FREESPORT/frontend/node_modules/happy-dom/lib/async-task-manager/AsyncTaskManager.js:292:30)
    at AsyncTaskManager.destroy (file:///home/user/FREESPORT/frontend/node_modules/happy-dom/lib/async-task-manager/AsyncTaskManager.js:64:21)
    at file:///home/user/FREESPORT/frontend/node_modules/happy-dom/lib/browser/utilities/BrowserFrameFactory.js:43:22
    at new Promise (<anonymous>)
    at Function.destroyFrame (file:///home/user/FREESPORT/frontend/node_modules/happy-dom/lib/browser/utilities/BrowserFrameFactory.js:30:16)
    at HTMLIFrameElement.#unloadPage (file:///home/user/FREESPORT/frontend/node_modules/happy-dom/lib/nodes/html-iframe-element/HTMLIFrameElement.js:363:33)
    at HTMLIFrameElement.[disconnectedFromDocument] (file:///home/user/FREESPORT/frontend/node_modules/happy-dom/lib/nodes/html-iframe-element/HTMLIFrameElement.js:238:25)
    at HTMLIFrameElement.[connectedToNode] (file:///home/user/FREESPORT/frontend/node_modules/happy-dom/lib/nodes/node/Node.js:788:58)
DOMException [AbortError]: The operation was aborted.
    at Fetch.onAsyncTaskManagerAbort (file:///home/user/FREESPORT/frontend/node_modules/happy-dom/lib/fetch/Fetch.js:546:23)
    at Object.<anonymous> (file:///home/user/FREESPORT/frontend/node_modules/happy-dom/lib/fetch/Fetch.js:416:101)
    at AsyncTaskManager.abortAll (file:///home/user/FREESPORT/frontend/node_modules/happy-dom/lib/async-task-manager/AsyncTaskManager.js:292:30)
    at AsyncTaskManager.destroy (file:///home/user/FREESPORT/frontend/node_modules/happy-dom/lib/async-task-manager/AsyncTaskManager.js:64:21)
    at file:///home/user/FREESPORT/frontend/node_modules/happy-dom/lib/browser/utilities/BrowserFrameFactory.js:43:22
    at new Promise (<anonymous>)
    at Function.destroyFrame (file:///home/user/FREESPORT/frontend/node_modules/happy-dom/lib/browser/utilities/BrowserFrameFactory.js:30:16)
    at HTMLIFrameElement.#unloadPage (file:///home/user/FREESPORT/frontend/node_modules/happy-dom/lib/nodes/html-iframe-element/HTMLIFrameElement.js:363:33)
    at HTMLIFrameElement.[disconnectedFromDocument] (file:///home/user/FREESPORT/frontend/node_modules/happy-dom/lib/nodes/html-iframe-element/HTMLIFrameElement.js:238:25)
    at HTMLIFrameElement.[connectedToNode] (file:///home/user/FREESPORT/frontend/node_modules/happy-dom/lib/nodes/node/Node.js:788:58)
DOMException [AbortError]: The operation was aborted.
    at Fetch.onAsyncTaskManagerAbort (file:///home/user/FREESPORT/frontend/node_modules/happy-dom/lib/fetch/Fetch.js:546:23)
    at Object.<anonymous> (file:///home/user/FREESPORT/frontend/node_modules/happy-dom/lib/fetch/Fetch.js:416:101)
    at AsyncTaskManager.abortAll (file:///home/user/FREESPORT/frontend/node_modules/happy-dom/lib/async-task-manager/AsyncTaskManager.js:292:30)
    at AsyncTaskManager.destroy (file:///home/user/FREESPORT/frontend/node_modules/happy-dom/lib/async-task-manager/AsyncTaskManager.js:64:21)
    at file:///home/user/FREESPORT/frontend/node_modules/happy-dom/lib/browser/utilities/BrowserFrameFactory.js:43:22
    at new Promise (<anonymous>)
    at Function.destroyFrame (file:///home/user/FREESPORT/frontend/node_modules/happy-dom/lib/browser/utilities/BrowserFrameFactory.js:30:16)
    at HTMLIFrameElement.#unloadPage (file:///home/user/FREESPORT/frontend/node_modules/happy-dom/lib/nodes/html-iframe-element/HTMLIFrameElement.js:363:33)
    at HTMLIFrameElement.[disconnectedFromDocument] (file:///home/user/FREESPORT/frontend/node_modules/happy-dom/lib/nodes/html-iframe-element/HTMLIFrameElement.js:238:25)
    at HTMLIFrameElement.[connectedToNode] (file:///home/user/FREESPORT/frontend/node_modules/happy-dom/lib/nodes/node/Node.js:788:58)
DOMException [AbortError]: The operation was aborted.
    at Fetch.onAsyncTaskManagerAbort (file:///home/user/FREESPORT/frontend/node_modules/happy-dom/lib/fetch/Fetch.js:546:23)
    at Object.<anonymous> (file:///home/user/FREESPORT/frontend/node_modules/happy-dom/lib/fetch/Fetch.js:416:101)
    at AsyncTaskManager.abortAll (file:///home/user/FREESPORT/frontend/node_modules/happy-dom/lib/async-task-manager/AsyncTaskManager.js:292:30)
    at AsyncTaskManager.destroy (file:///home/user/FREESPORT/frontend/node_modules/happy-dom/lib/async-task-manager/AsyncTaskManager.js:64:21)
    at file:///home/user/FREESPORT/frontend/node_modules/happy-dom/lib/browser/utilities/BrowserFrameFactory.js:43:22
    at new Promise (<anonymous>)
    at Function.destroyFrame (file:///home/user/FREESPORT/frontend/node_modules/happy-dom/lib/browser/utilities/BrowserFrameFactory.js:30:16)
    at HTMLIFrameElement.#unloadPage (file:///home/user/FREESPORT/frontend/node_modules/happy-dom/lib/nodes/html-iframe-element/HTMLIFrameElement.js:363:33)
    at HTMLIFrameElement.[disconnectedFromDocument] (file:///home/user/FREESPORT/frontend/node_modules/happy-dom/lib/nodes/html-iframe-element/HTMLIFrameElement.js:238:25)
    at HTMLIFrameElement.[connectedToNode] (file:///home/user/FREESPORT/frontend/node_modules/happy-dom/lib/nodes/node/Node.js:788:58)
DOMException [AbortError]: The operation was aborted.
    at Fetch.onAsyncTaskManagerAbort (file:///home/user/FREESPORT/frontend/node_modules/happy-dom/lib/fetch/Fetch.js:546:23)
    at Object.<anonymous> (file:///home/user/FREESPORT/frontend/node_modules/happy-dom/lib/fetch/Fetch.js:416:101)
    at AsyncTaskManager.abortAll (file:///home/user/FREESPORT/frontend/node_modules/happy-dom/lib/async-task-manager/AsyncTaskManager.js:292:30)
    at AsyncTaskManager.destroy (file:///home/user/FREESPORT/frontend/node_modules/happy-dom/lib/async-task-manager/AsyncTaskManager.js:64:21)
    at file:///home/user/FREESPORT/frontend/node_modules/happy-dom/lib/browser/utilities/BrowserFrameFactory.js:43:22
    at new Promise (<anonymous>)
    at Function.destroyFrame (file:///home/user/FREESPORT/frontend/node_modules/happy-dom/lib/browser/utilities/BrowserFrameFactory.js:30:16)
    at HTMLIFrameElement.#unloadPage (file:///home/user/FREESPORT/frontend/node_modules/happy-dom/lib/nodes/html-iframe-element/HTMLIFrameElement.js:363:33)
    at HTMLIFrameElement.[disconnectedFromDocument] (file:///home/user/FREESPORT/frontend/node_modules/happy-dom/lib/nodes/html-iframe-element/HTMLIFrameElement.js:238:25)
    at HTMLIFrameElement.[connectedToNode] (file:///home/user/FREESPORT/frontend/node_modules/happy-dom/lib/nodes/node/Node.js:788:58)
DOMException [AbortError]: The operation was aborted.
    at Fetch.onAsyncTaskManagerAbort (file:///home/user/FREESPORT/frontend/node_modules/happy-dom/lib/fetch/Fetch.js:546:23)
    at Object.<anonymous> (file:///home/user/FREESPORT/frontend/node_modules/happy-dom/lib/fetch/Fetch.js:416:101)
    at AsyncTaskManager.abortAll (file:///home/user/FREESPORT/frontend/node_modules/happy-dom/lib/async-task-manager/AsyncTaskManager.js:292:30)
    at AsyncTaskManager.destroy (file:///home/user/FREESPORT/frontend/node_modules/happy-dom/lib/async-task-manager/AsyncTaskManager.js:64:21)
    at file:///home/user/FREESPORT/frontend/node_modules/happy-dom/lib/browser/utilities/BrowserFrameFactory.js:43:22
    at new Promise (<anonymous>)
    at Function.destroyFrame (file:///home/user/FREESPORT/frontend/node_modules/happy-dom/lib/browser/utilities/BrowserFrameFactory.js:30:16)
    at HTMLIFrameElement.#unloadPage (file:///home/user/FREESPORT/frontend/node_modules/happy-dom/lib/nodes/html-iframe-element/HTMLIFrameElement.js:363:33)
    at HTMLIFrameElement.[disconnectedFromDocument] (file:///home/user/FREESPORT/frontend/node_modules/happy-dom/lib/nodes/html-iframe-element/HTMLIFrameElement.js:238:25)
    at HTMLIFrameElement.[connectedToNode] (file:///home/user/FREESPORT/frontend/node_modules/happy-dom/lib/nodes/node/Node.js:788:58)
DOMException [AbortError]: The operation was aborted.
    at Fetch.onAsyncTaskManagerAbort (file:///home/user/FREESPORT/frontend/node_modules/happy-dom/lib/fetch/Fetch.js:546:23)
    at Object.<anonymous> (file:///home/user/FREESPORT/frontend/node_modules/happy-dom/lib/fetch/Fetch.js:416:101)
    at AsyncTaskManager.abortAll (file:///home/user/FREESPORT/frontend/node_modules/happy-dom/lib/async-task-manager/AsyncTaskManager.js:292:30)
    at AsyncTaskManager.destroy (file:///home/user/FREESPORT/frontend/node_modules/happy-dom/lib/async-task-manager/AsyncTaskManager.js:64:21)
    at file:///home/user/FREESPORT/frontend/node_modules/happy-dom/lib/browser/utilities/BrowserFrameFactory.js:43:22
    at new Promise (<anonymous>)
    at Function.destroyFrame (file:///home/user/FREESPORT/frontend/node_modules/happy-dom/lib/browser/utilities/BrowserFrameFactory.js:30:16)
    at HTMLIFrameElement.#unloadPage (file:///home/user/FREESPORT/frontend/node_modules/happy-dom/lib/nodes/html-iframe-element/HTMLIFrameElement.js:363:33)
    at HTMLIFrameElement.[disconnectedFromDocument] (file:///home/user/FREESPORT/frontend/node_modules/happy-dom/lib/nodes/html-iframe-element/HTMLIFrameElement.js:238:25)
    at HTMLIFrameElement.[connectedToNode] (file:///home/user/FREESPORT/frontend/node_modules/happy-dom/lib/nodes/node/Node.js:788:58)
DOMException [AbortError]: The operation was aborted.
    at Fetch.onAsyncTaskManagerAbort (file:///home/user/FREESPORT/frontend/node_modules/happy-dom/lib/fetch/Fetch.js:546:23)
    at Object.<anonymous> (file:///home/user/FREESPORT/frontend/node_modules/happy-dom/lib/fetch/Fetch.js:416:101)
    at AsyncTaskManager.abortAll (file:///home/user/FREESPORT/frontend/node_modules/happy-dom/lib/async-task-manager/AsyncTaskManager.js:292:30)
    at AsyncTaskManager.destroy (file:///home/user/FREESPORT/frontend/node_modules/happy-dom/lib/async-task-manager/AsyncTaskManager.js:64:21)
    at file:///home/user/FREESPORT/frontend/node_modules/happy-dom/lib/browser/utilities/BrowserFrameFactory.js:43:22
    at new Promise (<anonymous>)
    at Function.destroyFrame (file:///home/user/FREESPORT/frontend/node_modules/happy-dom/lib/browser/utilities/BrowserFrameFactory.js:30:16)
    at HTMLIFrameElement.#unloadPage (file:///home/user/FREESPORT/frontend/node_modules/happy-dom/lib/nodes/html-iframe-element/HTMLIFrameElement.js:363:33)
    at HTMLIFrameElement.[disconnectedFromDocument] (file:///home/user/FREESPORT/frontend/node_modules/happy-dom/lib/nodes/html-iframe-element/HTMLIFrameElement.js:238:25)
    at HTMLIFrameElement.[connectedToNode] (file:///home/user/FREESPORT/frontend/node_modules/happy-dom/lib/nodes/node/Node.js:788:58)
DOMException [AbortError]: The operation was aborted.
    at Fetch.onAsyncTaskManagerAbort (file:///home/user/FREESPORT/frontend/node_modules/happy-dom/lib/fetch/Fetch.js:546:23)
    at Object.<anonymous> (file:///home/user/FREESPORT/frontend/node_modules/happy-dom/lib/fetch/Fetch.js:416:101)
    at AsyncTaskManager.abortAll (file:///home/user/FREESPORT/frontend/node_modules/happy-dom/lib/async-task-manager/AsyncTaskManager.js:292:30)
    at AsyncTaskManager.destroy (file:///home/user/FREESPORT/frontend/node_modules/happy-dom/lib/async-task-manager/AsyncTaskManager.js:64:21)
    at file:///home/user/FREESPORT/frontend/node_modules/happy-dom/lib/browser/utilities/BrowserFrameFactory.js:43:22
    at new Promise (<anonymous>)
    at Function.destroyFrame (file:///home/user/FREESPORT/frontend/node_modules/happy-dom/lib/browser/utilities/BrowserFrameFactory.js:30:16)
    at HTMLIFrameElement.#unloadPage (file:///home/user/FREESPORT/frontend/node_modules/happy-dom/lib/nodes/html-iframe-element/HTMLIFrameElement.js:363:33)
    at HTMLIFrameElement.[disconnectedFromDocument] (file:///home/user/FREESPORT/frontend/node_modules/happy-dom/lib/nodes/html-iframe-element/HTMLIFrameElement.js:238:25)
    at HTMLIFrameElement.[connectedToNode] (file:///home/user/FREESPORT/frontend/node_modules/happy-dom/lib/nodes/node/Node.js:788:58)
DOMException [AbortError]: The operation was aborted.
    at Fetch.onAsyncTaskManagerAbort (file:///home/user/FREESPORT/frontend/node_modules/happy-dom/lib/fetch/Fetch.js:546:23)
    at Object.<anonymous> (file:///home/user/FREESPORT/frontend/node_modules/happy-dom/lib/fetch/Fetch.js:416:101)
    at AsyncTaskManager.abortAll (file:///home/user/FREESPORT/frontend/node_modules/happy-dom/lib/async-task-manager/AsyncTaskManager.js:292:30)
    at AsyncTaskManager.destroy (file:///home/user/FREESPORT/frontend/node_modules/happy-dom/lib/async-task-manager/AsyncTaskManager.js:64:21)
    at file:///home/user/FREESPORT/frontend/node_modules/happy-dom/lib/browser/utilities/BrowserFrameFactory.js:43:22
    at new Promise (<anonymous>)
    at Function.destroyFrame (file:///home/user/FREESPORT/frontend/node_modules/happy-dom/lib/browser/utilities/BrowserFrameFactory.js:30:16)
    at HTMLIFrameElement.#unloadPage (file:///home/user/FREESPORT/frontend/node_modules/happy-dom/lib/nodes/html-iframe-element/HTMLIFrameElement.js:363:33)
    at HTMLIFrameElement.[disconnectedFromDocument] (file:///home/user/FREESPORT/frontend/node_modules/happy-dom/lib/nodes/html-iframe-element/HTMLIFrameElement.js:238:25)
    at HTMLIFrameElement.[connectedToNode] (file:///home/user/FREESPORT/frontend/node_modules/happy-dom/lib/nodes/node/Node.js:788:58)
DOMException [AbortError]: The operation was aborted.
    at Fetch.onAsyncTaskManagerAbort (file:///home/user/FREESPORT/frontend/node_modules/happy-dom/lib/fetch/Fetch.js:546:23)
    at Object.<anonymous> (file:///home/user/FREESPORT/frontend/node_modules/happy-dom/lib/fetch/Fetch.js:416:101)
    at AsyncTaskManager.abortAll (file:///home/user/FREESPORT/frontend/node_modules/happy-dom/lib/async-task-manager/AsyncTaskManager.js:292:30)
    at AsyncTaskManager.destroy (file:///home/user/FREESPORT/frontend/node_modules/happy-dom/lib/async-task-manager/AsyncTaskManager.js:64:21)
    at file:///home/user/FREESPORT/frontend/node_modules/happy-dom/lib/browser/utilities/BrowserFrameFactory.js:43:22
    at new Promise (<anonymous>)
    at Function.destroyFrame (file:///home/user/FREESPORT/frontend/node_modules/happy-dom/lib/browser/utilities/BrowserFrameFactory.js:30:16)
    at HTMLIFrameElement.#unloadPage (file:///home/user/FREESPORT/frontend/node_modules/happy-dom/lib/nodes/html-iframe-element/HTMLIFrameElement.js:363:33)
    at HTMLIFrameElement.[disconnectedFromDocument] (file:///home/user/FREESPORT/frontend/node_modules/happy-dom/lib/nodes/html-iframe-element/HTMLIFrameElement.js:238:25)
    at HTMLIFrameElement.[connectedToNode] (file:///home/user/FREESPORT/frontend/node_modules/happy-dom/lib/nodes/node/Node.js:788:58)
DOMException [AbortError]: The operation was aborted.
    at Fetch.onAsyncTaskManagerAbort (file:///home/user/FREESPORT/frontend/node_modules/happy-dom/lib/fetch/Fetch.js:546:23)
    at Object.<anonymous> (file:///home/user/FREESPORT/frontend/node_modules/happy-dom/lib/fetch/Fetch.js:416:101)
    at AsyncTaskManager.abortAll (file:///home/user/FREESPORT/frontend/node_modules/happy-dom/lib/async-task-manager/AsyncTaskManager.js:292:30)
    at AsyncTaskManager.destroy (file:///home/user/FREESPORT/frontend/node_modules/happy-dom/lib/async-task-manager/AsyncTaskManager.js:64:21)
    at file:///home/user/FREESPORT/frontend/node_modules/happy-dom/lib/browser/utilities/BrowserFrameFactory.js:43:22
    at new Promise (<anonymous>)
    at Function.destroyFrame (file:///home/user/FREESPORT/frontend/node_modules/happy-dom/lib/browser/utilities/BrowserFrameFactory.js:30:16)
    at HTMLIFrameElement.#unloadPage (file:///home/user/FREESPORT/frontend/node_modules/happy-dom/lib/nodes/html-iframe-element/HTMLIFrameElement.js:363:33)
    at HTMLIFrameElement.[disconnectedFromDocument] (file:///home/user/FREESPORT/frontend/node_modules/happy-dom/lib/nodes/html-iframe-element/HTMLIFrameElement.js:238:25)
    at HTMLIFrameElement.[connectedToNode] (file:///home/user/FREESPORT/frontend/node_modules/happy-dom/lib/nodes/node/Node.js:788:58)
DOMException [AbortError]: The operation was aborted.
    at Fetch.onAsyncTaskManagerAbort (file:///home/user/FREESPORT/frontend/node_modules/happy-dom/lib/fetch/Fetch.js:546:23)
    at Object.<anonymous> (file:///home/user/FREESPORT/frontend/node_modules/happy-dom/lib/fetch/Fetch.js:416:101)
    at AsyncTaskManager.abortAll (file:///home/user/FREESPORT/frontend/node_modules/happy-dom/lib/async-task-manager/AsyncTaskManager.js:292:30)
    at AsyncTaskManager.destroy (file:///home/user/FREESPORT/frontend/node_modules/happy-dom/lib/async-task-manager/AsyncTaskManager.js:64:21)
    at file:///home/user/FREESPORT/frontend/node_modules/happy-dom/lib/browser/utilities/BrowserFrameFactory.js:43:22
    at new Promise (<anonymous>)
    at Function.destroyFrame (file:///home/user/FREESPORT/frontend/node_modules/happy-dom/lib/browser/utilities/BrowserFrameFactory.js:30:16)
    at HTMLIFrameElement.#unloadPage (file:///home/user/FREESPORT/frontend/node_modules/happy-dom/lib/nodes/html-iframe-element/HTMLIFrameElement.js:363:33)
    at HTMLIFrameElement.[disconnectedFromDocument] (file:///home/user/FREESPORT/frontend/node_modules/happy-dom/lib/nodes/html-iframe-element/HTMLIFrameElement.js:238:25)
    at HTMLIFrameElement.[connectedToNode] (file:///home/user/FREESPORT/frontend/node_modules/happy-dom/lib/nodes/node/Node.js:788:58)
DOMException [NetworkError]: Failed to execute "fetch()" on "Window" with URL "https://yandex.ru/map-widget/v1/?ll=41.930429%2C45.096235&z=17&pt=41.930429,45.096235,pm2rdm": The operation was aborted.
    at Fetch.onError (file:///home/user/FREESPORT/frontend/node_modules/happy-dom/lib/fetch/Fetch.js:540:21)
    at ClientRequest.emit (node:events:519:28)
    at emitErrorEvent (node:_http_client:107:11)
    at _destroy (node:_http_client:954:9)
    at onSocketNT (node:_http_client:974:5)
    at processTicksAndRejections (node:internal/process/task_queues:91:21)
DOMException [NetworkError]: Failed to execute "fetch()" on "Window" with URL "https://yandex.ru/map-widget/v1/?ll=41.930429%2C45.096235&z=17&pt=41.930429,45.096235,pm2rdm": The operation was aborted.
    at Fetch.onError (file:///home/user/FREESPORT/frontend/node_modules/happy-dom/lib/fetch/Fetch.js:540:21)
    at ClientRequest.emit (node:events:519:28)
    at emitErrorEvent (node:_http_client:107:11)
    at _destroy (node:_http_client:954:9)
    at onSocketNT (node:_http_client:974:5)
    at processTicksAndRejections (node:internal/process/task_queues:91:21)
DOMException [NetworkError]: Failed to execute "fetch()" on "Window" with URL "https://yandex.ru/map-widget/v1/?ll=41.930429%2C45.096235&z=17&pt=41.930429,45.096235,pm2rdm": The operation was aborted.
    at Fetch.onError (file:///home/user/FREESPORT/frontend/node_modules/happy-dom/lib/fetch/Fetch.js:540:21)
    at ClientRequest.emit (node:events:519:28)
    at emitErrorEvent (node:_http_client:107:11)
    at _destroy (node:_http_client:954:9)
    at onSocketNT (node:_http_client:974:5)
    at processTicksAndRejections (node:internal/process/task_queues:91:21)
DOMException [NetworkError]: Failed to execute "fetch()" on "Window" with URL "https://yandex.ru/map-widget/v1/?ll=41.930429%2C45.096235&z=17&pt=41.930429,45.096235,pm2rdm": The operation was aborted.
    at Fetch.onError (file:///home/user/FREESPORT/frontend/node_modules/happy-dom/lib/fetch/Fetch.js:540:21)
    at ClientRequest.emit (node:events:519:28)
    at emitErrorEvent (node:_http_client:107:11)
    at _destroy (node:_http_client:954:9)
    at onSocketNT (node:_http_client:974:5)
    at processTicksAndRejections (node:internal/process/task_queues:91:21)
DOMException [NetworkError]: Failed to execute "fetch()" on "Window" with URL "https://yandex.ru/map-widget/v1/?ll=41.930429%2C45.096235&z=17&pt=41.930429,45.096235,pm2rdm": The operation was aborted.
    at Fetch.onError (file:///home/user/FREESPORT/frontend/node_modules/happy-dom/lib/fetch/Fetch.js:540:21)
    at ClientRequest.emit (node:events:519:28)
    at emitErrorEvent (node:_http_client:107:11)
    at _destroy (node:_http_client:954:9)
    at onSocketNT (node:_http_client:974:5)
    at processTicksAndRejections (node:internal/process/task_queues:91:21)
DOMException [NetworkError]: Failed to execute "fetch()" on "Window" with URL "https://yandex.ru/map-widget/v1/?ll=41.930429%2C45.096235&z=17&pt=41.930429,45.096235,pm2rdm": The operation was aborted.
    at Fetch.onError (file:///home/user/FREESPORT/frontend/node_modules/happy-dom/lib/fetch/Fetch.js:540:21)
    at ClientRequest.emit (node:events:519:28)
    at emitErrorEvent (node:_http_client:107:11)
    at _destroy (node:_http_client:954:9)
    at onSocketNT (node:_http_client:974:5)
    at processTicksAndRejections (node:internal/process/task_queues:91:21)
DOMException [NetworkError]: Failed to execute "fetch()" on "Window" with URL "https://yandex.ru/map-widget/v1/?ll=41.930429%2C45.096235&z=17&pt=41.930429,45.096235,pm2rdm": The operation was aborted.
    at Fetch.onError (file:///home/user/FREESPORT/frontend/node_modules/happy-dom/lib/fetch/Fetch.js:540:21)
    at ClientRequest.emit (node:events:519:28)
    at emitErrorEvent (node:_http_client:107:11)
    at _destroy (node:_http_client:954:9)
    at onSocketNT (node:_http_client:974:5)
    at processTicksAndRejections (node:internal/process/task_queues:91:21)
DOMException [NetworkError]: Failed to execute "fetch()" on "Window" with URL "https://yandex.ru/map-widget/v1/?ll=41.930429%2C45.096235&z=17&pt=41.930429,45.096235,pm2rdm": The operation was aborted.
    at Fetch.onError (file:///home/user/FREESPORT/frontend/node_modules/happy-dom/lib/fetch/Fetch.js:540:21)
    at ClientRequest.emit (node:events:519:28)
    at emitErrorEvent (node:_http_client:107:11)
    at _destroy (node:_http_client:954:9)
    at onSocketNT (node:_http_client:974:5)
    at processTicksAndRejections (node:internal/process/task_queues:91:21)
DOMException [NetworkError]: Failed to execute "fetch()" on "Window" with URL "https://yandex.ru/map-widget/v1/?ll=41.930429%2C45.096235&z=17&pt=41.930429,45.096235,pm2rdm": The operation was aborted.
    at Fetch.onError (file:///home/user/FREESPORT/frontend/node_modules/happy-dom/lib/fetch/Fetch.js:540:21)
    at ClientRequest.emit (node:events:519:28)
    at emitErrorEvent (node:_http_client:107:11)
    at _destroy (node:_http_client:954:9)
    at onSocketNT (node:_http_client:974:5)
    at processTicksAndRejections (node:internal/process/task_queues:91:21)
DOMException [NetworkError]: Failed to execute "fetch()" on "Window" with URL "https://yandex.ru/map-widget/v1/?ll=41.930429%2C45.096235&z=17&pt=41.930429,45.096235,pm2rdm": The operation was aborted.
    at Fetch.onError (file:///home/user/FREESPORT/frontend/node_modules/happy-dom/lib/fetch/Fetch.js:540:21)
    at ClientRequest.emit (node:events:519:28)
    at emitErrorEvent (node:_http_client:107:11)
    at _destroy (node:_http_client:954:9)
    at onSocketNT (node:_http_client:974:5)
    at processTicksAndRejections (node:internal/process/task_queues:91:21)
DOMException [NetworkError]: Failed to execute "fetch()" on "Window" with URL "https://yandex.ru/map-widget/v1/?ll=41.930429%2C45.096235&z=17&pt=41.930429,45.096235,pm2rdm": The operation was aborted.
    at Fetch.onError (file:///home/user/FREESPORT/frontend/node_modules/happy-dom/lib/fetch/Fetch.js:540:21)
    at ClientRequest.emit (node:events:519:28)
    at emitErrorEvent (node:_http_client:107:11)
    at _destroy (node:_http_client:954:9)
    at onSocketNT (node:_http_client:974:5)
    at processTicksAndRejections (node:internal/process/task_queues:91:21)
DOMException [NetworkError]: Failed to execute "fetch()" on "Window" with URL "https://yandex.ru/map-widget/v1/?ll=41.930429%2C45.096235&z=17&pt=41.930429,45.096235,pm2rdm": The operation was aborted.
    at Fetch.onError (file:///home/user/FREESPORT/frontend/node_modules/happy-dom/lib/fetch/Fetch.js:540:21)
    at ClientRequest.emit (node:events:519:28)
    at emitErrorEvent (node:_http_client:107:11)
    at _destroy (node:_http_client:954:9)
    at onSocketNT (node:_http_client:974:5)
    at processTicksAndRejections (node:internal/process/task_queues:91:21)
DOMException [NetworkError]: Failed to execute "fetch()" on "Window" with URL "https://yandex.ru/map-widget/v1/?ll=41.930429%2C45.096235&z=17&pt=41.930429,45.096235,pm2rdm": The operation was aborted.
    at Fetch.onError (file:///home/user/FREESPORT/frontend/node_modules/happy-dom/lib/fetch/Fetch.js:540:21)
    at ClientRequest.emit (node:events:519:28)
    at emitErrorEvent (node:_http_client:107:11)
    at _destroy (node:_http_client:954:9)
    at onSocketNT (node:_http_client:974:5)
    at processTicksAndRejections (node:internal/process/task_queues:91:21)
DOMException [NetworkError]: Failed to execute "fetch()" on "Window" with URL "https://yandex.ru/map-widget/v1/?ll=41.930429%2C45.096235&z=17&pt=41.930429,45.096235,pm2rdm": The operation was aborted.
    at Fetch.onError (file:///home/user/FREESPORT/frontend/node_modules/happy-dom/lib/fetch/Fetch.js:540:21)
    at ClientRequest.emit (node:events:519:28)
    at emitErrorEvent (node:_http_client:107:11)
    at _destroy (node:_http_client:954:9)
    at onSocketNT (node:_http_client:974:5)
    at processTicksAndRejections (node:internal/process/task_queues:91:21)
DOMException [NetworkError]: Failed to execute "fetch()" on "Window" with URL "https://yandex.ru/map-widget/v1/?ll=41.930429%2C45.096235&z=17&pt=41.930429,45.096235,pm2rdm": The operation was aborted.
    at Fetch.onError (file:///home/user/FREESPORT/frontend/node_modules/happy-dom/lib/fetch/Fetch.js:540:21)
    at ClientRequest.emit (node:events:519:28)
    at emitErrorEvent (node:_http_client:107:11)
    at _destroy (node:_http_client:954:9)
    at onSocketNT (node:_http_client:974:5)
    at processTicksAndRejections (node:internal/process/task_queues:91:21)
DOMException [NetworkError]: Failed to execute "fetch()" on "Window" with URL "https://yandex.ru/map-widget/v1/?ll=41.930429%2C45.096235&z=17&pt=41.930429,45.096235,pm2rdm": The operation was aborted.
    at Fetch.onError (file:///home/user/FREESPORT/frontend/node_modules/happy-dom/lib/fetch/Fetch.js:540:21)
    at ClientRequest.emit (node:events:519:28)
    at emitErrorEvent (node:_http_client:107:11)
    at _destroy (node:_http_client:954:9)
    at onSocketNT (node:_http_client:974:5)
    at processTicksAndRejections (node:internal/process/task_queues:91:21)
DOMException [NetworkError]: Failed to execute "fetch()" on "Window" with URL "https://yandex.ru/map-widget/v1/?ll=41.930429%2C45.096235&z=17&pt=41.930429,45.096235,pm2rdm": The operation was aborted.
    at Fetch.onError (file:///home/user/FREESPORT/frontend/node_modules/happy-dom/lib/fetch/Fetch.js:540:21)
    at ClientRequest.emit (node:events:519:28)
    at emitErrorEvent (node:_http_client:107:11)
    at _destroy (node:_http_client:954:9)
    at onSocketNT (node:_http_client:974:5)
    at processTicksAndRejections (node:internal/process/task_queues:91:21)
DOMException [NetworkError]: Failed to execute "fetch()" on "Window" with URL "https://yandex.ru/map-widget/v1/?ll=41.930429%2C45.096235&z=17&pt=41.930429,45.096235,pm2rdm": The operation was aborted.
    at Fetch.onError (file:///home/user/FREESPORT/frontend/node_modules/happy-dom/lib/fetch/Fetch.js:540:21)
    at ClientRequest.emit (node:events:519:28)
    at emitErrorEvent (node:_http_client:107:11)
    at _destroy (node:_http_client:954:9)
    at onSocketNT (node:_http_client:974:5)
    at processTicksAndRejections (node:internal/process/task_queues:91:21)
DOMException [NetworkError]: Failed to execute "fetch()" on "Window" with URL "https://yandex.ru/map-widget/v1/?ll=41.930429%2C45.096235&z=17&pt=41.930429,45.096235,pm2rdm": The operation was aborted.
    at Fetch.onError (file:///home/user/FREESPORT/frontend/node_modules/happy-dom/lib/fetch/Fetch.js:540:21)
    at ClientRequest.emit (node:events:519:28)
    at emitErrorEvent (node:_http_client:107:11)
    at _destroy (node:_http_client:954:9)
    at onSocketNT (node:_http_client:974:5)
    at processTicksAndRejections (node:internal/process/task_queues:91:21)
DOMException [NetworkError]: Failed to execute "fetch()" on "Window" with URL "https://yandex.ru/map-widget/v1/?ll=41.930429%2C45.096235&z=17&pt=41.930429,45.096235,pm2rdm": The operation was aborted.
    at Fetch.onError (file:///home/user/FREESPORT/frontend/node_modules/happy-dom/lib/fetch/Fetch.js:540:21)
    at ClientRequest.emit (node:events:519:28)
    at emitErrorEvent (node:_http_client:107:11)
    at _destroy (node:_http_client:954:9)
    at onSocketNT (node:_http_client:974:5)
    at processTicksAndRejections (node:internal/process/task_queues:91:21)
DOMException [NetworkError]: Failed to execute "fetch()" on "Window" with URL "https://yandex.ru/map-widget/v1/?ll=41.930429%2C45.096235&z=17&pt=41.930429,45.096235,pm2rdm": The operation was aborted.
    at Fetch.onError (file:///home/user/FREESPORT/frontend/node_modules/happy-dom/lib/fetch/Fetch.js:540:21)
    at ClientRequest.emit (node:events:519:28)
    at emitErrorEvent (node:_http_client:107:11)
    at _destroy (node:_http_client:954:9)
    at onSocketNT (node:_http_client:974:5)
    at processTicksAndRejections (node:internal/process/task_queues:91:21)
DOMException [NetworkError]: Failed to execute "fetch()" on "Window" with URL "https://yandex.ru/map-widget/v1/?ll=41.930429%2C45.096235&z=17&pt=41.930429,45.096235,pm2rdm": The operation was aborted.
    at Fetch.onError (file:///home/user/FREESPORT/frontend/node_modules/happy-dom/lib/fetch/Fetch.js:540:21)
    at ClientRequest.emit (node:events:519:28)
    at emitErrorEvent (node:_http_client:107:11)
    at _destroy (node:_http_client:954:9)
    at onSocketNT (node:_http_client:974:5)
    at processTicksAndRejections (node:internal/process/task_queues:91:21)
DOMException [NetworkError]: Failed to execute "fetch()" on "Window" with URL "https://yandex.ru/map-widget/v1/?ll=41.930429%2C45.096235&z=17&pt=41.930429,45.096235,pm2rdm": The operation was aborted.
    at Fetch.onError (file:///home/user/FREESPORT/frontend/node_modules/happy-dom/lib/fetch/Fetch.js:540:21)
    at ClientRequest.emit (node:events:519:28)
    at emitErrorEvent (node:_http_client:107:11)
    at _destroy (node:_http_client:954:9)
    at onSocketNT (node:_http_client:974:5)
    at processTicksAndRejections (node:internal/process/task_queues:91:21)
DOMException [NetworkError]: Failed to execute "fetch()" on "Window" with URL "https://yandex.ru/map-widget/v1/?ll=41.930429%2C45.096235&z=17&pt=41.930429,45.096235,pm2rdm": The operation was aborted.
    at Fetch.onError (file:///home/user/FREESPORT/frontend/node_modules/happy-dom/lib/fetch/Fetch.js:540:21)
    at ClientRequest.emit (node:events:519:28)
    at emitErrorEvent (node:_http_client:107:11)
    at _destroy (node:_http_client:954:9)
    at onSocketNT (node:_http_client:974:5)
    at processTicksAndRejections (node:internal/process/task_queues:91:21)
DOMException [NetworkError]: Failed to execute "fetch()" on "Window" with URL "https://yandex.ru/map-widget/v1/?ll=41.930429%2C45.096235&z=17&pt=41.930429,45.096235,pm2rdm": The operation was aborted.
    at Fetch.onError (file:///home/user/FREESPORT/frontend/node_modules/happy-dom/lib/fetch/Fetch.js:540:21)
    at ClientRequest.emit (node:events:519:28)
    at emitErrorEvent (node:_http_client:107:11)
    at _destroy (node:_http_client:954:9)
    at onSocketNT (node:_http_client:974:5)
    at processTicksAndRejections (node:internal/process/task_queues:91:21)
DOMException [NetworkError]: Failed to execute "fetch()" on "Window" with URL "https://yandex.ru/map-widget/v1/?ll=41.930429%2C45.096235&z=17&pt=41.930429,45.096235,pm2rdm": The operation was aborted.
    at Fetch.onError (file:///home/user/FREESPORT/frontend/node_modules/happy-dom/lib/fetch/Fetch.js:540:21)
    at ClientRequest.emit (node:events:519:28)
    at emitErrorEvent (node:_http_client:107:11)
    at _destroy (node:_http_client:954:9)
    at onSocketNT (node:_http_client:974:5)
    at processTicksAndRejections (node:internal/process/task_queues:91:21)
DOMException [NetworkError]: Failed to execute "fetch()" on "Window" with URL "https://yandex.ru/map-widget/v1/?ll=41.930429%2C45.096235&z=17&pt=41.930429,45.096235,pm2rdm": The operation was aborted.
    at Fetch.onError (file:///home/user/FREESPORT/frontend/node_modules/happy-dom/lib/fetch/Fetch.js:540:21)
    at ClientRequest.emit (node:events:519:28)
    at emitErrorEvent (node:_http_client:107:11)
    at _destroy (node:_http_client:954:9)
    at onSocketNT (node:_http_client:974:5)
    at processTicksAndRejections (node:internal/process/task_queues:91:21)
 [32m✓[39m src/app/delivery/__tests__/page.test.tsx [2m([22m[2m29 tests[22m[2m)[22m[33m 481[2mms[22m[39m
 [32m✓[39m src/components/ui/Modal/__tests__/Modal.test.tsx [2m([22m[2m30 tests[22m[2m)[22m[33m 612[2mms[22m[39m
 [32m✓[39m src/components/business/SearchAutocomplete/__tests__/SearchAutocomplete.test.tsx [2m([22m[2m25 tests[22m[2m)[22m[33m 4450[2mms[22m[39m
       [33m[2m✓[22m[39m calls productsService.search() when user types query [33m 364[2mms[22m[39m
       [33m[2m✓[22m[39m does not call search for queries less than 2 characters [33m 423[2mms[22m[39m
       [33m[2m✓[22m[39m limits displayed products to 5 [33m 335[2mms[22m[39m
       [33m[2m✓[22m[39m navigates to product page on product click [33m 340[2mms[22m[39m
       [33m[2m✓[22m[39m announces search results count to screen readers [33m 326[2mms[22m[39m
       [33m[2m✓[22m[39m shows loading skeleton while searching [33m 326[2mms[22m[39m
       [33m[2m✓[22m[39m hides skeleton after search completes [33m 328[2mms[22m[39m
       [33m[2m✓[22m[39m navigates down with Arrow Down key [33m 335[2mms[22m[39m
       [33m[2m✓[22m[39m navigates up with Arrow Up key [33m 335[2mms[22m[39m
       [33m[2m✓[22m[39m closes dropdown with Escape key [33m 333[2mms[22m[39m
       [33m[2m✓[22m[39m selects product with Enter on highlighted item [33m 336[2mms[22m[39m
       [33m[2m✓[22m[39m adds search query to history on product click [33m 336[2mms[22m[39m
 [32m✓[39m src/app/about/__tests__/page.test.tsx [2m([22m[2m31 tests[22m[2m)[22m[33m 371[2mms[22m[39m
[90mstderr[2m | src/components/business/ProfileForm/ProfileForm.test.tsx[2m > [22m[2mProfileForm[2m > [22m[2mData Loading[2m > [22m[2mloads and displays current user data
[22m[39m[MSW] Warning: intercepted a request without a matching request handler:

  • GET http://localhost:8001/api/v1/users/profile/

If you still wish to intercept this unhandled request, please create a request handler for it.
Read more: https://mswjs.io/docs/http/intercepting-requests

[90mstderr[2m | src/components/business/ProfileForm/ProfileForm.test.tsx[2m > [22m[2mProfileForm[2m > [22m[2mData Loading[2m > [22m[2mloads and displays current user data
[22m[39m[MSW] Warning: intercepted a request without a matching request handler:

  • GET http://localhost:8001/api/v1/users/profile/

If you still wish to intercept this unhandled request, please create a request handler for it.
Read more: https://mswjs.io/docs/http/intercepting-requests

[90mstderr[2m | src/components/business/ProfileForm/ProfileForm.test.tsx[2m > [22m[2mProfileForm[2m > [22m[2mData Loading[2m > [22m[2mdisplays error toast on fetch failure
[22m[39m[MSW] Warning: intercepted a request without a matching request handler:

  • GET http://localhost:8001/api/v1/users/profile/

If you still wish to intercept this unhandled request, please create a request handler for it.
Read more: https://mswjs.io/docs/http/intercepting-requests

[90mstderr[2m | src/components/business/ProfileForm/ProfileForm.test.tsx[2m > [22m[2mProfileForm[2m > [22m[2mData Loading[2m > [22m[2mdisplays error toast on fetch failure
[22m[39mFailed to fetch profile: AxiosError: Request failed with status code 400
    at settle [90m(file:///home/user/FREESPORT/frontend/[39mnode_modules/[4maxios[24m/lib/core/settle.js:19:12[90m)[39m
    at XMLHttpRequest.onloadend [90m(file:///home/user/FREESPORT/frontend/[39mnode_modules/[4maxios[24m/lib/adapters/xhr.js:59:7[90m)[39m
    at XMLHttpRequest.methodCall [90m(file:///home/user/FREESPORT/frontend/[39mnode_modules/[4m@mswjs/interceptors[24m/lib/node/chunk-5V3SIIW2.mjs:354:20[90m)[39m
    at Proxy.<anonymous> [90m(file:///home/user/FREESPORT/frontend/[39mnode_modules/[4m@mswjs/interceptors[24m/lib/node/chunk-5V3SIIW2.mjs:177:29[90m)[39m
    at XMLHttpRequestController.trigger [90m(file:///home/user/FREESPORT/frontend/[39mnode_modules/[4m@mswjs/interceptors[24m/lib/node/chunk-5V3SIIW2.mjs:652:16[90m)[39m
    at finalizeResponse [90m(file:///home/user/FREESPORT/frontend/[39mnode_modules/[4m@mswjs/interceptors[24m/lib/node/chunk-5V3SIIW2.mjs:506:12[90m)[39m
    at readNextResponseBodyChunk [90m(file:///home/user/FREESPORT/frontend/[39mnode_modules/[4m@mswjs/interceptors[24m/lib/node/chunk-5V3SIIW2.mjs:518:11[90m)[39m
    at Axios.request [90m(file:///home/user/FREESPORT/frontend/[39mnode_modules/[4maxios[24m/lib/core/Axios.js:45:41[90m)[39m
    at fetchProfile [90m(/home/user/FREESPORT/frontend/[39msrc/components/business/ProfileForm/ProfileForm.tsx:86:26[90m)[39m {
  code: [32m'ERR_BAD_REQUEST'[39m,
  config: {
    transitional: {
      silentJSONParsing: [33mtrue[39m,
      forcedJSONParsing: [33mtrue[39m,
      clarifyTimeoutError: [33mfalse[39m
    },
    adapter: [ [32m'xhr'[39m, [32m'http'[39m, [32m'fetch'[39m ],
    transformRequest: [ [36m[Function: transformRequest][39m ],
    transformResponse: [ [36m[Function: transformResponse][39m ],
    timeout: [33m30000[39m,
    xsrfCookieName: [32m'XSRF-TOKEN'[39m,
    xsrfHeaderName: [32m'X-XSRF-TOKEN'[39m,
    maxContentLength: [33m-1[39m,
    maxBodyLength: [33m-1[39m,
    env: { FormData: [36m[Function [FormData]][39m, Blob: [36m[class Blob][39m },
    validateStatus: [36m[Function: validateStatus][39m,
    headers: Object [AxiosHeaders] {
      Accept: [32m'application/json, text/plain, */*'[39m,
      [32m'Content-Type'[39m: [32m'application/json'[39m,
      Authorization: [32m'Bearer mock-token'[39m
    },
    baseURL: [32m'http://localhost:8001/api/v1'[39m,
    withCredentials: [33mtrue[39m,
    method: [32m'get'[39m,
    url: [32m'/users/profile/'[39m,
    allowAbsoluteUrls: [33mtrue[39m,
    data: [90mundefined[39m
  },
  request: XMLHttpRequest [EventTarget] {
    onloadstart: [1mnull[22m,
    onprogress: [1mnull[22m,
    onabort: [36m[Function: handleAbort][39m,
    onerror: [36m[Function: handleError][39m,
    onload: [1mnull[22m,
    ontimeout: [36m[Function: handleTimeout][39m,
    onloadend: [36m[Function: onloadend][39m,
    upload: XMLHttpRequestUpload [EventTarget] {
      onloadstart: [1mnull[22m,
      onprogress: [1mnull[22m,
      onabort: [1mnull[22m,
      onerror: [1mnull[22m,
      onload: [1mnull[22m,
      ontimeout: [1mnull[22m,
      onloadend: [1mnull[22m,
      [[32mSymbol(listeners)[39m]: [36m[Object][39m,
      [[32mSymbol(listenerOptions)[39m]: [36m[Object][39m
    },
    withCredentials: [33mtrue[39m,
    timeout: [33m30000[39m,
    status: [33m400[39m,
    statusText: [32m'Bad Request'[39m,
    responseURL: [32m'http://localhost:8001/api/v1/users/profile/'[39m,
    response: [36m[Getter][39m,
    responseText: [36m[Getter][39m,
    responseXML: [36m[Getter][39m,
    readyState: [90mundefined[39m,
    [[32mSymbol(listeners)[39m]: { capturing: Map(0) {}, bubbling: [36m[Map][39m },
    [[32mSymbol(listenerOptions)[39m]: { capturing: Map(0) {}, bubbling: [36m[Map][39m }
  },
  response: {
    data: { detail: [32m'Server error'[39m },
    status: [33m400[39m,
    statusText: [32m'Bad Request'[39m,
    headers: Object [AxiosHeaders] {
      [32m'content-type'[39m: [32m'application/json'[39m,
      [32m'content-length'[39m: [32m'25'[39m
    },
    config: {
      transitional: [36m[Object][39m,
      adapter: [36m[Array][39m,
      transformRequest: [36m[Array][39m,
      transformResponse: [36m[Array][39m,
      timeout: [33m30000[39m,
      xsrfCookieName: [32m'XSRF-TOKEN'[39m,
      xsrfHeaderName: [32m'X-XSRF-TOKEN'[39m,
      maxContentLength: [33m-1[39m,
      maxBodyLength: [33m-1[39m,
      env: [36m[Object][39m,
      validateStatus: [36m[Function: validateStatus][39m,
      headers: [36m[Object [AxiosHeaders]][39m,
      baseURL: [32m'http://localhost:8001/api/v1'[39m,
      withCredentials: [33mtrue[39m,
      method: [32m'get'[39m,
      url: [32m'/users/profile/'[39m,
      allowAbsoluteUrls: [33mtrue[39m,
      data: [90mundefined[39m
    },
    request: XMLHttpRequest [EventTarget] {
      onloadstart: [1mnull[22m,
      onprogress: [1mnull[22m,
      onabort: [36m[Function: handleAbort][39m,
      onerror: [36m[Function: handleError][39m,
      onload: [1mnull[22m,
      ontimeout: [36m[Function: handleTimeout][39m,
      onloadend: [36m[Function: onloadend][39m,
      upload: [36m[XMLHttpRequestUpload [EventTarget]][39m,
      withCredentials: [33mtrue[39m,
      timeout: [33m30000[39m,
      status: [33m400[39m,
      statusText: [32m'Bad Request'[39m,
      responseURL: [32m'http://localhost:8001/api/v1/users/profile/'[39m,
      response: [36m[Getter][39m,
      responseText: [36m[Getter][39m,
      responseXML: [36m[Getter][39m,
      readyState: [90mundefined[39m,
      [[32mSymbol(listeners)[39m]: [36m[Object][39m,
      [[32mSymbol(listenerOptions)[39m]: [36m[Object][39m
    }
  },
  status: [33m400[39m
}

[90mstderr[2m | src/components/business/ProfileForm/ProfileForm.test.tsx[2m > [22m[2mProfileForm[2m > [22m[2mForm Fields[2m > [22m[2mrenders email field as readonly
[22m[39m[MSW] Warning: intercepted a request without a matching request handler:

  • GET http://localhost:8001/api/v1/users/profile/

If you still wish to intercept this unhandled request, please create a request handler for it.
Read more: https://mswjs.io/docs/http/intercepting-requests

[90mstderr[2m | src/components/business/ProfileForm/ProfileForm.test.tsx[2m > [22m[2mProfileForm[2m > [22m[2mForm Fields[2m > [22m[2mrenders required fields with asterisks
[22m[39m[MSW] Warning: intercepted a request without a matching request handler:

  • GET http://localhost:8001/api/v1/users/profile/

If you still wish to intercept this unhandled request, please create a request handler for it.
Read more: https://mswjs.io/docs/http/intercepting-requests

[90mstderr[2m | src/components/business/ProfileForm/ProfileForm.test.tsx[2m > [22m[2mProfileForm[2m > [22m[2mB2B Fields[2m > [22m[2mdoes not show B2B fields for retail users
[22m[39m[MSW] Warning: intercepted a request without a matching request handler:

  • GET http://localhost:8001/api/v1/users/profile/

If you still wish to intercept this unhandled request, please create a request handler for it.
Read more: https://mswjs.io/docs/http/intercepting-requests

[90mstderr[2m | src/components/business/ProfileForm/ProfileForm.test.tsx[2m > [22m[2mProfileForm[2m > [22m[2mB2B Fields[2m > [22m[2mshows B2B fields for wholesale users
[22m[39m[MSW] Warning: intercepted a request without a matching request handler:

  • GET http://localhost:8001/api/v1/users/profile/

If you still wish to intercept this unhandled request, please create a request handler for it.
Read more: https://mswjs.io/docs/http/intercepting-requests

[90mstderr[2m | src/components/business/ProfileForm/ProfileForm.test.tsx[2m > [22m[2mProfileForm[2m > [22m[2mForm Validation[2m > [22m[2mshows validation error for invalid phone format
[22m[39m[MSW] Warning: intercepted a request without a matching request handler:

  • GET http://localhost:8001/api/v1/users/profile/

If you still wish to intercept this unhandled request, please create a request handler for it.
Read more: https://mswjs.io/docs/http/intercepting-requests

[90mstderr[2m | src/components/business/ProfileForm/ProfileForm.test.tsx[2m > [22m[2mProfileForm[2m > [22m[2mForm Validation[2m > [22m[2mshows validation error for empty first name
[22m[39m[MSW] Warning: intercepted a request without a matching request handler:

  • GET http://localhost:8001/api/v1/users/profile/

If you still wish to intercept this unhandled request, please create a request handler for it.
Read more: https://mswjs.io/docs/http/intercepting-requests

[90mstderr[2m | src/components/business/ProfileForm/ProfileForm.test.tsx[2m > [22m[2mProfileForm[2m > [22m[2mForm Submission[2m > [22m[2msubmits form and shows success toast
[22m[39m[MSW] Warning: intercepted a request without a matching request handler:

  • GET http://localhost:8001/api/v1/users/profile/

If you still wish to intercept this unhandled request, please create a request handler for it.
Read more: https://mswjs.io/docs/http/intercepting-requests

 [32m✓[39m src/components/cart/__tests__/CartPage.integration.test.tsx [2m([22m[2m13 tests[22m[2m | [22m[33m1 skipped[39m[2m)[22m[33m 370[2mms[22m[39m
[90mstderr[2m | src/components/business/ProfileForm/ProfileForm.test.tsx[2m > [22m[2mProfileForm[2m > [22m[2mForm Submission[2m > [22m[2msubmits form and shows success toast
[22m[39m[MSW] Warning: intercepted a request without a matching request handler:

  • PUT http://localhost:8001/api/v1/users/profile/

  • Request body: {"first_name":"Updated","last_name":"User","phone":"+79001234567"}

If you still wish to intercept this unhandled request, please create a request handler for it.
Read more: https://mswjs.io/docs/http/intercepting-requests

[90mstderr[2m | src/components/business/ProfileForm/ProfileForm.test.tsx[2m > [22m[2mProfileForm[2m > [22m[2mForm Submission[2m > [22m[2mshows error toast on submission failure
[22m[39m[MSW] Warning: intercepted a request without a matching request handler:

  • GET http://localhost:8001/api/v1/users/profile/

If you still wish to intercept this unhandled request, please create a request handler for it.
Read more: https://mswjs.io/docs/http/intercepting-requests

 [32m✓[39m src/components/product/__tests__/ProductOptions.integration.test.tsx [2m([22m[2m20 tests[22m[2m)[22m[33m 428[2mms[22m[39m
[90mstderr[2m | src/components/business/ProfileForm/ProfileForm.test.tsx[2m > [22m[2mProfileForm[2m > [22m[2mForm Submission[2m > [22m[2mshows error toast on submission failure
[22m[39m[MSW] Warning: intercepted a request without a matching request handler:

  • PUT http://localhost:8001/api/v1/users/profile/

  • Request body: {"first_name":"Updated","last_name":"User","phone":"+79001234567"}

If you still wish to intercept this unhandled request, please create a request handler for it.
Read more: https://mswjs.io/docs/http/intercepting-requests

[90mstderr[2m | src/components/business/ProfileForm/ProfileForm.test.tsx[2m > [22m[2mProfileForm[2m > [22m[2mForm Submission[2m > [22m[2mshows error toast on submission failure
[22m[39mFailed to update profile: AxiosError: Request failed with status code 400
    at settle [90m(file:///home/user/FREESPORT/frontend/[39mnode_modules/[4maxios[24m/lib/core/settle.js:19:12[90m)[39m
    at XMLHttpRequest.onloadend [90m(file:///home/user/FREESPORT/frontend/[39mnode_modules/[4maxios[24m/lib/adapters/xhr.js:59:7[90m)[39m
    at XMLHttpRequest.methodCall [90m(file:///home/user/FREESPORT/frontend/[39mnode_modules/[4m@mswjs/interceptors[24m/lib/node/chunk-5V3SIIW2.mjs:354:20[90m)[39m
    at Proxy.<anonymous> [90m(file:///home/user/FREESPORT/frontend/[39mnode_modules/[4m@mswjs/interceptors[24m/lib/node/chunk-5V3SIIW2.mjs:177:29[90m)[39m
    at XMLHttpRequestController.trigger [90m(file:///home/user/FREESPORT/frontend/[39mnode_modules/[4m@mswjs/interceptors[24m/lib/node/chunk-5V3SIIW2.mjs:652:16[90m)[39m
    at finalizeResponse [90m(file:///home/user/FREESPORT/frontend/[39mnode_modules/[4m@mswjs/interceptors[24m/lib/node/chunk-5V3SIIW2.mjs:506:12[90m)[39m
    at readNextResponseBodyChunk [90m(file:///home/user/FREESPORT/frontend/[39mnode_modules/[4m@mswjs/interceptors[24m/lib/node/chunk-5V3SIIW2.mjs:518:11[90m)[39m
    at Axios.request [90m(file:///home/user/FREESPORT/frontend/[39mnode_modules/[4maxios[24m/lib/core/Axios.js:45:41[90m)[39m
    at onSubmit [90m(/home/user/FREESPORT/frontend/[39msrc/components/business/ProfileForm/ProfileForm.tsx:132:24[90m)[39m
    at [90mfile:///home/user/FREESPORT/frontend/[39mnode_modules/[4mreact-hook-form[24m/dist/index.esm.mjs:2064:17 {
  code: [32m'ERR_BAD_REQUEST'[39m,
  config: {
    transitional: {
      silentJSONParsing: [33mtrue[39m,
      forcedJSONParsing: [33mtrue[39m,
      clarifyTimeoutError: [33mfalse[39m
    },
    adapter: [ [32m'xhr'[39m, [32m'http'[39m, [32m'fetch'[39m ],
    transformRequest: [ [36m[Function: transformRequest][39m ],
    transformResponse: [ [36m[Function: transformResponse][39m ],
    timeout: [33m30000[39m,
    xsrfCookieName: [32m'XSRF-TOKEN'[39m,
    xsrfHeaderName: [32m'X-XSRF-TOKEN'[39m,
    maxContentLength: [33m-1[39m,
    maxBodyLength: [33m-1[39m,
    env: { FormData: [36m[Function [FormData]][39m, Blob: [36m[class Blob][39m },
    validateStatus: [36m[Function: validateStatus][39m,
    headers: Object [AxiosHeaders] {
      Accept: [32m'application/json, text/plain, */*'[39m,
      [32m'Content-Type'[39m: [32m'application/json'[39m,
      Authorization: [32m'Bearer mock-token'[39m
    },
    baseURL: [32m'http://localhost:8001/api/v1'[39m,
    withCredentials: [33mtrue[39m,
    method: [32m'put'[39m,
    url: [32m'/users/profile/'[39m,
    data: [32m'{"first_name":"Updated","last_name":"User","phone":"+79001234567"}'[39m,
    allowAbsoluteUrls: [33mtrue[39m
  },
  request: XMLHttpRequest [EventTarget] {
    onloadstart: [1mnull[22m,
    onprogress: [1mnull[22m,
    onabort: [36m[Function: handleAbort][39m,
    onerror: [36m[Function: handleError][39m,
    onload: [1mnull[22m,
    ontimeout: [36m[Function: handleTimeout][39m,
    onloadend: [36m[Function: onloadend][39m,
    upload: XMLHttpRequestUpload [EventTarget] {
      onloadstart: [1mnull[22m,
      onprogress: [1mnull[22m,
      onabort: [1mnull[22m,
      onerror: [1mnull[22m,
      onload: [1mnull[22m,
      ontimeout: [1mnull[22m,
      onloadend: [1mnull[22m,
      [[32mSymbol(listeners)[39m]: [36m[Object][39m,
      [[32mSymbol(listenerOptions)[39m]: [36m[Object][39m
    },
    withCredentials: [33mtrue[39m,
    timeout: [33m30000[39m,
    status: [33m400[39m,
    statusText: [32m'Bad Request'[39m,
    responseURL: [32m'http://localhost:8001/api/v1/users/profile/'[39m,
    response: [36m[Getter][39m,
    responseText: [36m[Getter][39m,
    responseXML: [36m[Getter][39m,
    readyState: [90mundefined[39m,
    [[32mSymbol(listeners)[39m]: { capturing: Map(0) {}, bubbling: [36m[Map][39m },
    [[32mSymbol(listenerOptions)[39m]: { capturing: Map(0) {}, bubbling: [36m[Map][39m }
  },
  response: {
    data: { detail: [32m'Server error'[39m },
    status: [33m400[39m,
    statusText: [32m'Bad Request'[39m,
    headers: Object [AxiosHeaders] {
      [32m'content-type'[39m: [32m'application/json'[39m,
      [32m'content-length'[39m: [32m'25'[39m
    },
    config: {
      transitional: [36m[Object][39m,
      adapter: [36m[Array][39m,
      transformRequest: [36m[Array][39m,
      transformResponse: [36m[Array][39m,
      timeout: [33m30000[39m,
      xsrfCookieName: [32m'XSRF-TOKEN'[39m,
      xsrfHeaderName: [32m'X-XSRF-TOKEN'[39m,
      maxContentLength: [33m-1[39m,
      maxBodyLength: [33m-1[39m,
      env: [36m[Object][39m,
      validateStatus: [36m[Function: validateStatus][39m,
      headers: [36m[Object [AxiosHeaders]][39m,
      baseURL: [32m'http://localhost:8001/api/v1'[39m,
      withCredentials: [33mtrue[39m,
      method: [32m'put'[39m,
      url: [32m'/users/profile/'[39m,
      data: [32m'{"first_name":"Updated","last_name":"User","phone":"+79001234567"}'[39m,
      allowAbsoluteUrls: [33mtrue[39m
    },
    request: XMLHttpRequest [EventTarget] {
      onloadstart: [1mnull[22m,
      onprogress: [1mnull[22m,
      onabort: [36m[Function: handleAbort][39m,
      onerror: [36m[Function: handleError][39m,
      onload: [1mnull[22m,
      ontimeout: [36m[Function: handleTimeout][39m,
      onloadend: [36m[Function: onloadend][39m,
      upload: [36m[XMLHttpRequestUpload [EventTarget]][39m,
      withCredentials: [33mtrue[39m,
      timeout: [33m30000[39m,
      status: [33m400[39m,
      statusText: [32m'Bad Request'[39m,
      responseURL: [32m'http://localhost:8001/api/v1/users/profile/'[39m,
      response: [36m[Getter][39m,
      responseText: [36m[Getter][39m,
      responseXML: [36m[Getter][39m,
      readyState: [90mundefined[39m,
      [[32mSymbol(listeners)[39m]: [36m[Object][39m,
      [[32mSymbol(listenerOptions)[39m]: [36m[Object][39m
    }
  },
  status: [33m400[39m
}

[90mstderr[2m | src/components/business/ProfileForm/ProfileForm.test.tsx[2m > [22m[2mProfileForm[2m > [22m[2mForm Submission[2m > [22m[2mdisables submit button when form is not dirty
[22m[39m[MSW] Warning: intercepted a request without a matching request handler:

  • GET http://localhost:8001/api/v1/users/profile/

If you still wish to intercept this unhandled request, please create a request handler for it.
Read more: https://mswjs.io/docs/http/intercepting-requests

[90mstderr[2m | src/components/business/ProfileForm/ProfileForm.test.tsx[2m > [22m[2mProfileForm[2m > [22m[2mForm Submission[2m > [22m[2menables submit button when form is modified
[22m[39m[MSW] Warning: intercepted a request without a matching request handler:

  • GET http://localhost:8001/api/v1/users/profile/

If you still wish to intercept this unhandled request, please create a request handler for it.
Read more: https://mswjs.io/docs/http/intercepting-requests

[90mstderr[2m | src/components/business/ProfileForm/ProfileForm.test.tsx[2m > [22m[2mProfileForm[2m > [22m[2mLoading States[2m > [22m[2mshows loading indicator during form submission
[22m[39m[MSW] Warning: intercepted a request without a matching request handler:

  • GET http://localhost:8001/api/v1/users/profile/

If you still wish to intercept this unhandled request, please create a request handler for it.
Read more: https://mswjs.io/docs/http/intercepting-requests

[90mstderr[2m | src/components/business/ProfileForm/ProfileForm.test.tsx[2m > [22m[2mProfileForm[2m > [22m[2mLoading States[2m > [22m[2mshows loading indicator during form submission
[22m[39m[MSW] Warning: intercepted a request without a matching request handler:

  • PUT http://localhost:8001/api/v1/users/profile/

  • Request body: {"first_name":"Updated","last_name":"User","phone":"+79001234567"}

If you still wish to intercept this unhandled request, please create a request handler for it.
Read more: https://mswjs.io/docs/http/intercepting-requests

 [32m✓[39m src/components/business/ProfileForm/ProfileForm.test.tsx [2m([22m[2m14 tests[22m[2m)[22m[33m 467[2mms[22m[39m
 [32m✓[39m src/__tests__/stores/authStore.test.ts [2m([22m[2m6 tests[22m[2m)[22m[33m 466[2mms[22m[39m
     [33m[2m✓[22m[39m calls authService.logoutFromServer with refresh token from localStorage [33m 445[2mms[22m[39m
 [32m✓[39m src/stores/__tests__/authStore.test.ts [2m([22m[2m4 tests[22m[2m)[22m[33m 530[2mms[22m[39m
     [33m[2m✓[22m[39m logout clears all data [33m 521[2mms[22m[39m
[90mstderr[2m | src/components/home/__tests__/CategoriesSection.test.tsx[2m > [22m[2mCategoriesSection[2m > [22m[2muses correct API endpoint with parent_id__isnull filter
[22m[39mTypeError: Cannot read properties of undefined (reading 'length')
    at CategoriesSection [90m(/home/user/FREESPORT/frontend/[39msrc/components/home/CategoriesSection.tsx:98:42[90m)[39m
    at Object.react-stack-bottom-frame [90m(/home/user/FREESPORT/frontend/[39mnode_modules/[4mreact-dom[24m/cjs/react-dom-client.development.js:23863:20[90m)[39m
    at renderWithHooks [90m(/home/user/FREESPORT/frontend/[39mnode_modules/[4mreact-dom[24m/cjs/react-dom-client.development.js:5529:22[90m)[39m
    at updateFunctionComponent [90m(/home/user/FREESPORT/frontend/[39mnode_modules/[4mreact-dom[24m/cjs/react-dom-client.development.js:8897:19[90m)[39m
    at beginWork [90m(/home/user/FREESPORT/frontend/[39mnode_modules/[4mreact-dom[24m/cjs/react-dom-client.development.js:10522:18[90m)[39m
    at runWithFiberInDEV [90m(/home/user/FREESPORT/frontend/[39mnode_modules/[4mreact-dom[24m/cjs/react-dom-client.development.js:1522:13[90m)[39m
    at performUnitOfWork [90m(/home/user/FREESPORT/frontend/[39mnode_modules/[4mreact-dom[24m/cjs/react-dom-client.development.js:15140:22[90m)[39m
    at workLoopSync [90m(/home/user/FREESPORT/frontend/[39mnode_modules/[4mreact-dom[24m/cjs/react-dom-client.development.js:14956:41[90m)[39m
    at renderRootSync [90m(/home/user/FREESPORT/frontend/[39mnode_modules/[4mreact-dom[24m/cjs/react-dom-client.development.js:14936:11[90m)[39m
    at performWorkOnRoot [90m(/home/user/FREESPORT/frontend/[39mnode_modules/[4mreact-dom[24m/cjs/react-dom-client.development.js:14462:44[90m)[39m
An error occurred in the <CategoriesSection> component.

Consider adding an error boundary to your tree to customize error handling behavior.
Visit https://react.dev/link/error-boundaries to learn more about error boundaries.


[90mstderr[2m | src/components/home/__tests__/CategoriesSection.test.tsx[2m > [22m[2mCategoriesSection[2m > [22m[2mdoes not render when no categories are returned
[22m[39mTypeError: Cannot read properties of undefined (reading 'length')
    at CategoriesSection [90m(/home/user/FREESPORT/frontend/[39msrc/components/home/CategoriesSection.tsx:98:42[90m)[39m
    at Object.react-stack-bottom-frame [90m(/home/user/FREESPORT/frontend/[39mnode_modules/[4mreact-dom[24m/cjs/react-dom-client.development.js:23863:20[90m)[39m
    at renderWithHooks [90m(/home/user/FREESPORT/frontend/[39mnode_modules/[4mreact-dom[24m/cjs/react-dom-client.development.js:5529:22[90m)[39m
    at updateFunctionComponent [90m(/home/user/FREESPORT/frontend/[39mnode_modules/[4mreact-dom[24m/cjs/react-dom-client.development.js:8897:19[90m)[39m
    at beginWork [90m(/home/user/FREESPORT/frontend/[39mnode_modules/[4mreact-dom[24m/cjs/react-dom-client.development.js:10522:18[90m)[39m
    at runWithFiberInDEV [90m(/home/user/FREESPORT/frontend/[39mnode_modules/[4mreact-dom[24m/cjs/react-dom-client.development.js:1522:13[90m)[39m
    at performUnitOfWork [90m(/home/user/FREESPORT/frontend/[39mnode_modules/[4mreact-dom[24m/cjs/react-dom-client.development.js:15140:22[90m)[39m
    at workLoopSync [90m(/home/user/FREESPORT/frontend/[39mnode_modules/[4mreact-dom[24m/cjs/react-dom-client.development.js:14956:41[90m)[39m
    at renderRootSync [90m(/home/user/FREESPORT/frontend/[39mnode_modules/[4mreact-dom[24m/cjs/react-dom-client.development.js:14936:11[90m)[39m
    at performWorkOnRoot [90m(/home/user/FREESPORT/frontend/[39mnode_modules/[4mreact-dom[24m/cjs/react-dom-client.development.js:14462:44[90m)[39m
An error occurred in the <CategoriesSection> component.

Consider adding an error boundary to your tree to customize error handling behavior.
Visit https://react.dev/link/error-boundaries to learn more about error boundaries.


 [32m✓[39m src/components/home/__tests__/CategoriesSection.test.tsx [2m([22m[2m7 tests[22m[2m)[22m[33m 7220[2mms[22m[39m
     [33m[2m✓[22m[39m shows error state on API failure and allows retry [33m 7063[2mms[22m[39m
 [32m✓[39m src/components/home/__tests__/SubscribeForm.test.tsx [2m([22m[2m7 tests[22m[2m)[22m[33m 366[2mms[22m[39m
[90mstderr[2m | src/components/home/__tests__/NewArrivalsSection.test.tsx[2m > [22m[2mNewArrivalsSection[2m > [22m[2mshows error state on API failure and allows retry
[22m[39mAxiosError: Request failed with status code 500
    at settle [90m(file:///home/user/FREESPORT/frontend/[39mnode_modules/[4maxios[24m/lib/core/settle.js:19:12[90m)[39m
    at XMLHttpRequest.onloadend [90m(file:///home/user/FREESPORT/frontend/[39mnode_modules/[4maxios[24m/lib/adapters/xhr.js:59:7[90m)[39m
    at XMLHttpRequest.methodCall [90m(file:///home/user/FREESPORT/frontend/[39mnode_modules/[4m@mswjs/interceptors[24m/lib/node/chunk-5V3SIIW2.mjs:354:20[90m)[39m
    at Proxy.<anonymous> [90m(file:///home/user/FREESPORT/frontend/[39mnode_modules/[4m@mswjs/interceptors[24m/lib/node/chunk-5V3SIIW2.mjs:177:29[90m)[39m
    at XMLHttpRequestController.trigger [90m(file:///home/user/FREESPORT/frontend/[39mnode_modules/[4m@mswjs/interceptors[24m/lib/node/chunk-5V3SIIW2.mjs:652:16[90m)[39m
    at finalizeResponse [90m(file:///home/user/FREESPORT/frontend/[39mnode_modules/[4m@mswjs/interceptors[24m/lib/node/chunk-5V3SIIW2.mjs:506:12[90m)[39m
    at readNextResponseBodyChunk [90m(file:///home/user/FREESPORT/frontend/[39mnode_modules/[4m@mswjs/interceptors[24m/lib/node/chunk-5V3SIIW2.mjs:518:11[90m)[39m
    at Axios.request [90m(file:///home/user/FREESPORT/frontend/[39mnode_modules/[4maxios[24m/lib/core/Axios.js:45:41[90m)[39m
    at retryRequest [90m(/home/user/FREESPORT/frontend/[39msrc/services/api-client.ts:71:12[90m)[39m
    at Axios.request [90m(file:///home/user/FREESPORT/frontend/[39mnode_modules/[4maxios[24m/lib/core/Axios.js:40:14[90m)[39m
    at ProductsService.getNew [90m(/home/user/FREESPORT/frontend/[39msrc/services/productsService.ts:213:22[90m)[39m
    at fetchNewArrivals [90m(/home/user/FREESPORT/frontend/[39msrc/components/home/NewArrivalsSection.tsx:42:20[90m)[39m {
  code: [32m'ERR_BAD_RESPONSE'[39m,
  config: {
    transitional: {
      silentJSONParsing: [33mtrue[39m,
      forcedJSONParsing: [33mtrue[39m,
      clarifyTimeoutError: [33mfalse[39m
    },
    adapter: [ [32m'xhr'[39m, [32m'http'[39m, [32m'fetch'[39m ],
    transformRequest: [ [36m[Function: transformRequest][39m ],
    transformResponse: [ [36m[Function: transformResponse][39m ],
    timeout: [33m30000[39m,
    xsrfCookieName: [32m'XSRF-TOKEN'[39m,
    xsrfHeaderName: [32m'X-XSRF-TOKEN'[39m,
    maxContentLength: [33m-1[39m,
    maxBodyLength: [33m-1[39m,
    env: { FormData: [36m[Function [FormData]][39m, Blob: [36m[class Blob][39m },
    validateStatus: [36m[Function: validateStatus][39m,
    headers: Object [AxiosHeaders] {
      Accept: [32m'application/json, text/plain, */*'[39m,
      [32m'Content-Type'[39m: [32m'application/json'[39m
    },
    baseURL: [32m'http://localhost:8001/api/v1'[39m,
    withCredentials: [33mtrue[39m,
    params: {
      is_new: [33mtrue[39m,
      ordering: [32m'-created_at'[39m,
      page_size: [33m8[39m,
      in_stock: [33mtrue[39m
    },
    method: [32m'get'[39m,
    url: [32m'/products/'[39m,
    allowAbsoluteUrls: [33mtrue[39m,
    data: [90mundefined[39m
  },
  request: XMLHttpRequest [EventTarget] {
    onloadstart: [1mnull[22m,
    onprogress: [1mnull[22m,
    onabort: [36m[Function: handleAbort][39m,
    onerror: [36m[Function: handleError][39m,
    onload: [1mnull[22m,
    ontimeout: [36m[Function: handleTimeout][39m,
    onloadend: [36m[Function: onloadend][39m,
    upload: XMLHttpRequestUpload [EventTarget] {
      onloadstart: [1mnull[22m,
      onprogress: [1mnull[22m,
      onabort: [1mnull[22m,
      onerror: [1mnull[22m,
      onload: [1mnull[22m,
      ontimeout: [1mnull[22m,
      onloadend: [1mnull[22m,
      [[32mSymbol(listeners)[39m]: [36m[Object][39m,
      [[32mSymbol(listenerOptions)[39m]: [36m[Object][39m
    },
    withCredentials: [33mtrue[39m,
    timeout: [33m30000[39m,
    status: [33m500[39m,
    statusText: [32m'Internal Server Error'[39m,
    responseURL: [32m'http://localhost:8001/api/v1/products/?is_new=true&ordering=-created_at&page_size=8&in_stock=true'[39m,
    response: [36m[Getter][39m,
    responseText: [36m[Getter][39m,
    responseXML: [36m[Getter][39m,
    readyState: [90mundefined[39m,
    [[32mSymbol(listeners)[39m]: { capturing: Map(0) {}, bubbling: [36m[Map][39m },
    [[32mSymbol(listenerOptions)[39m]: { capturing: Map(0) {}, bubbling: [36m[Map][39m }
  },
  response: {
    data: { detail: [32m'Internal Server Error'[39m },
    status: [33m500[39m,
    statusText: [32m'Internal Server Error'[39m,
    headers: Object [AxiosHeaders] { [32m'content-type'[39m: [32m'application/json'[39m },
    config: {
      transitional: [36m[Object][39m,
      adapter: [36m[Array][39m,
      transformRequest: [36m[Array][39m,
      transformResponse: [36m[Array][39m,
      timeout: [33m30000[39m,
      xsrfCookieName: [32m'XSRF-TOKEN'[39m,
      xsrfHeaderName: [32m'X-XSRF-TOKEN'[39m,
      maxContentLength: [33m-1[39m,
      maxBodyLength: [33m-1[39m,
      env: [36m[Object][39m,
      validateStatus: [36m[Function: validateStatus][39m,
      headers: [36m[Object [AxiosHeaders]][39m,
      baseURL: [32m'http://localhost:8001/api/v1'[39m,
      withCredentials: [33mtrue[39m,
      params: [36m[Object][39m,
      method: [32m'get'[39m,
      url: [32m'/products/'[39m,
      allowAbsoluteUrls: [33mtrue[39m,
      data: [90mundefined[39m
    },
    request: XMLHttpRequest [EventTarget] {
      onloadstart: [1mnull[22m,
      onprogress: [1mnull[22m,
      onabort: [36m[Function: handleAbort][39m,
      onerror: [36m[Function: handleError][39m,
      onload: [1mnull[22m,
      ontimeout: [36m[Function: handleTimeout][39m,
      onloadend: [36m[Function: onloadend][39m,
      upload: [36m[XMLHttpRequestUpload [EventTarget]][39m,
      withCredentials: [33mtrue[39m,
      timeout: [33m30000[39m,
      status: [33m500[39m,
      statusText: [32m'Internal Server Error'[39m,
      responseURL: [32m'http://localhost:8001/api/v1/products/?is_new=true&ordering=-created_at&page_size=8&in_stock=true'[39m,
      response: [36m[Getter][39m,
      responseText: [36m[Getter][39m,
      responseXML: [36m[Getter][39m,
      readyState: [90mundefined[39m,
      [[32mSymbol(listeners)[39m]: [36m[Object][39m,
      [[32mSymbol(listenerOptions)[39m]: [36m[Object][39m
    }
  },
  status: [33m500[39m
}

[90mstderr[2m | src/components/home/__tests__/HitsSection.test.tsx[2m > [22m[2mHitsSection[2m > [22m[2mshows error state on API failure and allows retry
[22m[39mAxiosError: Request failed with status code 500
    at settle [90m(file:///home/user/FREESPORT/frontend/[39mnode_modules/[4maxios[24m/lib/core/settle.js:19:12[90m)[39m
    at XMLHttpRequest.onloadend [90m(file:///home/user/FREESPORT/frontend/[39mnode_modules/[4maxios[24m/lib/adapters/xhr.js:59:7[90m)[39m
    at XMLHttpRequest.methodCall [90m(file:///home/user/FREESPORT/frontend/[39mnode_modules/[4m@mswjs/interceptors[24m/lib/node/chunk-5V3SIIW2.mjs:354:20[90m)[39m
    at Proxy.<anonymous> [90m(file:///home/user/FREESPORT/frontend/[39mnode_modules/[4m@mswjs/interceptors[24m/lib/node/chunk-5V3SIIW2.mjs:177:29[90m)[39m
    at XMLHttpRequestController.trigger [90m(file:///home/user/FREESPORT/frontend/[39mnode_modules/[4m@mswjs/interceptors[24m/lib/node/chunk-5V3SIIW2.mjs:652:16[90m)[39m
    at finalizeResponse [90m(file:///home/user/FREESPORT/frontend/[39mnode_modules/[4m@mswjs/interceptors[24m/lib/node/chunk-5V3SIIW2.mjs:506:12[90m)[39m
    at readNextResponseBodyChunk [90m(file:///home/user/FREESPORT/frontend/[39mnode_modules/[4m@mswjs/interceptors[24m/lib/node/chunk-5V3SIIW2.mjs:518:11[90m)[39m
    at Axios.request [90m(file:///home/user/FREESPORT/frontend/[39mnode_modules/[4maxios[24m/lib/core/Axios.js:45:41[90m)[39m
    at retryRequest [90m(/home/user/FREESPORT/frontend/[39msrc/services/api-client.ts:71:12[90m)[39m
    at Axios.request [90m(file:///home/user/FREESPORT/frontend/[39mnode_modules/[4maxios[24m/lib/core/Axios.js:40:14[90m)[39m
    at ProductsService.getHits [90m(/home/user/FREESPORT/frontend/[39msrc/services/productsService.ts:196:22[90m)[39m
    at fetchHits [90m(/home/user/FREESPORT/frontend/[39msrc/components/home/HitsSection.tsx:42:20[90m)[39m {
  code: [32m'ERR_BAD_RESPONSE'[39m,
  config: {
    transitional: {
      silentJSONParsing: [33mtrue[39m,
      forcedJSONParsing: [33mtrue[39m,
      clarifyTimeoutError: [33mfalse[39m
    },
    adapter: [ [32m'xhr'[39m, [32m'http'[39m, [32m'fetch'[39m ],
    transformRequest: [ [36m[Function: transformRequest][39m ],
    transformResponse: [ [36m[Function: transformResponse][39m ],
    timeout: [33m30000[39m,
    xsrfCookieName: [32m'XSRF-TOKEN'[39m,
    xsrfHeaderName: [32m'X-XSRF-TOKEN'[39m,
    maxContentLength: [33m-1[39m,
    maxBodyLength: [33m-1[39m,
    env: { FormData: [36m[Function [FormData]][39m, Blob: [36m[class Blob][39m },
    validateStatus: [36m[Function: validateStatus][39m,
    headers: Object [AxiosHeaders] {
      Accept: [32m'application/json, text/plain, */*'[39m,
      [32m'Content-Type'[39m: [32m'application/json'[39m
    },
    baseURL: [32m'http://localhost:8001/api/v1'[39m,
    withCredentials: [33mtrue[39m,
    params: {
      is_hit: [33mtrue[39m,
      ordering: [32m'-created_at'[39m,
      page_size: [33m8[39m,
      in_stock: [33mtrue[39m
    },
    method: [32m'get'[39m,
    url: [32m'/products/'[39m,
    allowAbsoluteUrls: [33mtrue[39m,
    data: [90mundefined[39m
  },
  request: XMLHttpRequest [EventTarget] {
    onloadstart: [1mnull[22m,
    onprogress: [1mnull[22m,
    onabort: [36m[Function: handleAbort][39m,
    onerror: [36m[Function: handleError][39m,
    onload: [1mnull[22m,
    ontimeout: [36m[Function: handleTimeout][39m,
    onloadend: [36m[Function: onloadend][39m,
    upload: XMLHttpRequestUpload [EventTarget] {
      onloadstart: [1mnull[22m,
      onprogress: [1mnull[22m,
      onabort: [1mnull[22m,
      onerror: [1mnull[22m,
      onload: [1mnull[22m,
      ontimeout: [1mnull[22m,
      onloadend: [1mnull[22m,
      [[32mSymbol(listeners)[39m]: [36m[Object][39m,
      [[32mSymbol(listenerOptions)[39m]: [36m[Object][39m
    },
    withCredentials: [33mtrue[39m,
    timeout: [33m30000[39m,
    status: [33m500[39m,
    statusText: [32m'Internal Server Error'[39m,
    responseURL: [32m'http://localhost:8001/api/v1/products/?is_hit=true&ordering=-created_at&page_size=8&in_stock=true'[39m,
    response: [36m[Getter][39m,
    responseText: [36m[Getter][39m,
    responseXML: [36m[Getter][39m,
    readyState: [90mundefined[39m,
    [[32mSymbol(listeners)[39m]: { capturing: Map(0) {}, bubbling: [36m[Map][39m },
    [[32mSymbol(listenerOptions)[39m]: { capturing: Map(0) {}, bubbling: [36m[Map][39m }
  },
  response: {
    data: { detail: [32m'Internal Server Error'[39m },
    status: [33m500[39m,
    statusText: [32m'Internal Server Error'[39m,
    headers: Object [AxiosHeaders] { [32m'content-type'[39m: [32m'application/json'[39m },
    config: {
      transitional: [36m[Object][39m,
      adapter: [36m[Array][39m,
      transformRequest: [36m[Array][39m,
      transformResponse: [36m[Array][39m,
      timeout: [33m30000[39m,
      xsrfCookieName: [32m'XSRF-TOKEN'[39m,
      xsrfHeaderName: [32m'X-XSRF-TOKEN'[39m,
      maxContentLength: [33m-1[39m,
      maxBodyLength: [33m-1[39m,
      env: [36m[Object][39m,
      validateStatus: [36m[Function: validateStatus][39m,
      headers: [36m[Object [AxiosHeaders]][39m,
      baseURL: [32m'http://localhost:8001/api/v1'[39m,
      withCredentials: [33mtrue[39m,
      params: [36m[Object][39m,
      method: [32m'get'[39m,
      url: [32m'/products/'[39m,
      allowAbsoluteUrls: [33mtrue[39m,
      data: [90mundefined[39m
    },
    request: XMLHttpRequest [EventTarget] {
      onloadstart: [1mnull[22m,
      onprogress: [1mnull[22m,
      onabort: [36m[Function: handleAbort][39m,
      onerror: [36m[Function: handleError][39m,
      onload: [1mnull[22m,
      ontimeout: [36m[Function: handleTimeout][39m,
      onloadend: [36m[Function: onloadend][39m,
      upload: [36m[XMLHttpRequestUpload [EventTarget]][39m,
      withCredentials: [33mtrue[39m,
      timeout: [33m30000[39m,
      status: [33m500[39m,
      statusText: [32m'Internal Server Error'[39m,
      responseURL: [32m'http://localhost:8001/api/v1/products/?is_hit=true&ordering=-created_at&page_size=8&in_stock=true'[39m,
      response: [36m[Getter][39m,
      responseText: [36m[Getter][39m,
      responseXML: [36m[Getter][39m,
      readyState: [90mundefined[39m,
      [[32mSymbol(listeners)[39m]: [36m[Object][39m,
      [[32mSymbol(listenerOptions)[39m]: [36m[Object][39m
    }
  },
  status: [33m500[39m
}

 [32m✓[39m src/components/home/__tests__/NewArrivalsSection.test.tsx [2m([22m[2m5 tests[22m[2m)[22m[33m 7254[2mms[22m[39m
     [33m[2m✓[22m[39m shows error state on API failure and allows retry [33m 7084[2mms[22m[39m
 [32m✓[39m src/components/home/__tests__/HitsSection.test.tsx [2m([22m[2m6 tests[22m[2m)[22m[33m 7297[2mms[22m[39m
     [33m[2m✓[22m[39m shows error state on API failure and allows retry [33m 7088[2mms[22m[39m
 [32m✓[39m src/components/business/SidebarFilters/__tests__/SidebarFilters.test.tsx [2m([22m[2m17 tests[22m[2m)[22m[33m 310[2mms[22m[39m
 [32m✓[39m src/app/partners/__tests__/page.test.tsx [2m([22m[2m10 tests[22m[2m)[22m[33m 346[2mms[22m[39m
 [32m✓[39m src/components/layout/__tests__/Footer.test.tsx [2m([22m[2m37 tests[22m[2m)[22m[32m 288[2mms[22m[39m
[90mstderr[2m | src/components/checkout/__tests__/DeliveryOptions.test.tsx[2m > [22m[2mDeliveryOptions[2m > [22m[2mError State[2m > [22m[2mпоказывает сообщение об ошибке при сбое загрузки
[22m[39mFailed to fetch delivery methods: Error: Network error
    at [90m/home/user/FREESPORT/frontend/[39msrc/components/checkout/__tests__/DeliveryOptions.test.tsx:237:71
    at [90mfile:///home/user/FREESPORT/frontend/[39mnode_modules/[4m@vitest/runner[24m/dist/index.js:145:11
    at [90mfile:///home/user/FREESPORT/frontend/[39mnode_modules/[4m@vitest/runner[24m/dist/index.js:915:26
    at [90mfile:///home/user/FREESPORT/frontend/[39mnode_modules/[4m@vitest/runner[24m/dist/index.js:1240:20
    at new Promise (<anonymous>)
    at runWithTimeout [90m(file:///home/user/FREESPORT/frontend/[39mnode_modules/[4m@vitest/runner[24m/dist/index.js:1206:10[90m)[39m
    at [90mfile:///home/user/FREESPORT/frontend/[39mnode_modules/[4m@vitest/runner[24m/dist/index.js:1650:37
    at Traces.$ [90m(file:///home/user/FREESPORT/frontend/[39mnode_modules/[4mvitest[24m/dist/chunks/traces.U4xDYhzZ.js:115:27[90m)[39m
    at trace [90m(file:///home/user/FREESPORT/frontend/[39mnode_modules/[4mvitest[24m/dist/chunks/test.BT8LKgU9.js:239:21[90m)[39m
    at runTest [90m(file:///home/user/FREESPORT/frontend/[39mnode_modules/[4m@vitest/runner[24m/dist/index.js:1650:12[90m)[39m

[90mstderr[2m | src/components/checkout/__tests__/DeliveryOptions.test.tsx[2m > [22m[2mDeliveryOptions[2m > [22m[2mError State[2m > [22m[2mрендерит ошибку с ролью alert
[22m[39mFailed to fetch delivery methods: Error: Network error
    at [90m/home/user/FREESPORT/frontend/[39msrc/components/checkout/__tests__/DeliveryOptions.test.tsx:247:71
    at [90mfile:///home/user/FREESPORT/frontend/[39mnode_modules/[4m@vitest/runner[24m/dist/index.js:145:11
    at [90mfile:///home/user/FREESPORT/frontend/[39mnode_modules/[4m@vitest/runner[24m/dist/index.js:915:26
    at [90mfile:///home/user/FREESPORT/frontend/[39mnode_modules/[4m@vitest/runner[24m/dist/index.js:1240:20
    at new Promise (<anonymous>)
    at runWithTimeout [90m(file:///home/user/FREESPORT/frontend/[39mnode_modules/[4m@vitest/runner[24m/dist/index.js:1206:10[90m)[39m
    at [90mfile:///home/user/FREESPORT/frontend/[39mnode_modules/[4m@vitest/runner[24m/dist/index.js:1650:37
    at Traces.$ [90m(file:///home/user/FREESPORT/frontend/[39mnode_modules/[4mvitest[24m/dist/chunks/traces.U4xDYhzZ.js:115:27[90m)[39m
    at trace [90m(file:///home/user/FREESPORT/frontend/[39mnode_modules/[4mvitest[24m/dist/chunks/test.BT8LKgU9.js:239:21[90m)[39m
    at runTest [90m(file:///home/user/FREESPORT/frontend/[39mnode_modules/[4m@vitest/runner[24m/dist/index.js:1650:12[90m)[39m

[90mstderr[2m | src/components/checkout/__tests__/DeliveryOptions.test.tsx[2m > [22m[2mDeliveryOptions[2m > [22m[2mError State[2m > [22m[2mотображает заголовок секции при ошибке
[22m[39mFailed to fetch delivery methods: Error: Network error
    at [90m/home/user/FREESPORT/frontend/[39msrc/components/checkout/__tests__/DeliveryOptions.test.tsx:258:71
    at [90mfile:///home/user/FREESPORT/frontend/[39mnode_modules/[4m@vitest/runner[24m/dist/index.js:145:11
    at [90mfile:///home/user/FREESPORT/frontend/[39mnode_modules/[4m@vitest/runner[24m/dist/index.js:915:26
    at [90mfile:///home/user/FREESPORT/frontend/[39mnode_modules/[4m@vitest/runner[24m/dist/index.js:1240:20
    at new Promise (<anonymous>)
    at runWithTimeout [90m(file:///home/user/FREESPORT/frontend/[39mnode_modules/[4m@vitest/runner[24m/dist/index.js:1206:10[90m)[39m
    at [90mfile:///home/user/FREESPORT/frontend/[39mnode_modules/[4m@vitest/runner[24m/dist/index.js:1650:37
    at Traces.$ [90m(file:///home/user/FREESPORT/frontend/[39mnode_modules/[4mvitest[24m/dist/chunks/traces.U4xDYhzZ.js:115:27[90m)[39m
    at trace [90m(file:///home/user/FREESPORT/frontend/[39mnode_modules/[4mvitest[24m/dist/chunks/test.BT8LKgU9.js:239:21[90m)[39m
    at runTest [90m(file:///home/user/FREESPORT/frontend/[39mnode_modules/[4m@vitest/runner[24m/dist/index.js:1650:12[90m)[39m

 [32m✓[39m src/components/checkout/__tests__/DeliveryOptions.test.tsx [2m([22m[2m22 tests[22m[2m)[22m[32m 277[2mms[22m[39m
 [32m✓[39m src/components/product/__tests__/ProductOptions.test.tsx [2m([22m[2m37 tests[22m[2m)[22m[32m 269[2mms[22m[39m
 [32m✓[39m src/components/checkout/__tests__/OrderSuccessView.test.tsx [2m([22m[2m26 tests[22m[2m)[22m[32m 287[2mms[22m[39m
 [32m✓[39m src/components/cart/__tests__/CartItemCard.test.tsx [2m([22m[2m28 tests[22m[2m)[22m[32m 220[2mms[22m[39m
 [32m✓[39m src/components/ui/Pagination/__tests__/Pagination.test.tsx [2m([22m[2m29 tests[22m[2m)[22m[32m 240[2mms[22m[39m
 [32m✓[39m src/components/home/__tests__/BlogPostCard.test.tsx [2m([22m[2m39 tests[22m[2m)[22m[32m 217[2mms[22m[39m
 [32m✓[39m src/components/checkout/__tests__/AddressSection.test.tsx [2m([22m[2m13 tests[22m[2m)[22m[32m 244[2mms[22m[39m
 [32m✓[39m src/components/business/SearchHistory/__tests__/SearchHistory.test.tsx [2m([22m[2m16 tests[22m[2m)[22m[32m 220[2mms[22m[39m
 [32m✓[39m src/components/business/OrdersList/OrdersList.test.tsx [2m([22m[2m11 tests[22m[2m)[22m[32m 189[2mms[22m[39m
 [32m✓[39m src/components/ui/Accordion/Accordion.test.tsx [2m([22m[2m16 tests[22m[2m)[22m[32m 200[2mms[22m[39m
[90mstderr[2m | src/components/business/SearchPageClient/__tests__/SearchPageClient.test.tsx[2m > [22m[2mSearchPageClient[2m > [22m[2mSearch Functionality[2m > [22m[2mshows loading state initially
[22m[39mAn update to SearchPageClient inside a test was not wrapped in act(...).

When testing, code that causes React state updates should be wrapped into act(...):

act(() => {
  /* fire events that update state */
});
/* assert on the output */

This ensures that you're testing the behavior the user would see in the browser. Learn more at https://react.dev/link/wrap-tests-with-act
An update to SearchPageClient inside a test was not wrapped in act(...).

When testing, code that causes React state updates should be wrapped into act(...):

act(() => {
  /* fire events that update state */
});
/* assert on the output */

This ensures that you're testing the behavior the user would see in the browser. Learn more at https://react.dev/link/wrap-tests-with-act
An update to SearchPageClient inside a test was not wrapped in act(...).

When testing, code that causes React state updates should be wrapped into act(...):

act(() => {
  /* fire events that update state */
});
/* assert on the output */

This ensures that you're testing the behavior the user would see in the browser. Learn more at https://react.dev/link/wrap-tests-with-act

 [32m✓[39m src/components/business/SearchPageClient/__tests__/SearchPageClient.test.tsx [2m([22m[2m20 tests[22m[2m)[22m[32m 182[2mms[22m[39m
 [32m✓[39m src/components/checkout/__tests__/ContactSection.test.tsx [2m([22m[2m12 tests[22m[2m)[22m[32m 201[2mms[22m[39m
 [32m✓[39m src/components/ui/Tabs/__tests__/Tabs.test.tsx [2m([22m[2m28 tests[22m[2m)[22m[32m 158[2mms[22m[39m
[90mstderr[2m | src/components/home/__tests__/HeroSection.test.tsx[2m > [22m[2mHeroSection Component[2m > [22m[2mFallback на статические баннеры[2m > [22m[2mдолжен отображать статический баннер при ошибке API
[22m[39mFailed to load banners: Error: API Error
    at [90m/home/user/FREESPORT/frontend/[39msrc/components/home/__tests__/HeroSection.test.tsx:138:61
    at [90mfile:///home/user/FREESPORT/frontend/[39mnode_modules/[4m@vitest/runner[24m/dist/index.js:145:11
    at [90mfile:///home/user/FREESPORT/frontend/[39mnode_modules/[4m@vitest/runner[24m/dist/index.js:915:26
    at [90mfile:///home/user/FREESPORT/frontend/[39mnode_modules/[4m@vitest/runner[24m/dist/index.js:1240:20
    at new Promise (<anonymous>)
    at runWithTimeout [90m(file:///home/user/FREESPORT/frontend/[39mnode_modules/[4m@vitest/runner[24m/dist/index.js:1206:10[90m)[39m
    at [90mfile:///home/user/FREESPORT/frontend/[39mnode_modules/[4m@vitest/runner[24m/dist/index.js:1650:37
    at Traces.$ [90m(file:///home/user/FREESPORT/frontend/[39mnode_modules/[4mvitest[24m/dist/chunks/traces.U4xDYhzZ.js:115:27[90m)[39m
    at trace [90m(file:///home/user/FREESPORT/frontend/[39mnode_modules/[4mvitest[24m/dist/chunks/test.BT8LKgU9.js:239:21[90m)[39m
    at runTest [90m(file:///home/user/FREESPORT/frontend/[39mnode_modules/[4m@vitest/runner[24m/dist/index.js:1650:12[90m)[39m

[90mstderr[2m | src/components/home/__tests__/HeroSection.test.tsx[2m > [22m[2mHeroSection Component[2m > [22m[2mFallback на статические баннеры[2m > [22m[2mдолжен отображать B2B статический баннер для wholesale пользователя при ошибке API
[22m[39mFailed to load banners: Error: API Error
    at [90m/home/user/FREESPORT/frontend/[39msrc/components/home/__tests__/HeroSection.test.tsx:182:61
    at [90mfile:///home/user/FREESPORT/frontend/[39mnode_modules/[4m@vitest/runner[24m/dist/index.js:145:11
    at [90mfile:///home/user/FREESPORT/frontend/[39mnode_modules/[4m@vitest/runner[24m/dist/index.js:915:26
    at [90mfile:///home/user/FREESPORT/frontend/[39mnode_modules/[4m@vitest/runner[24m/dist/index.js:1240:20
    at new Promise (<anonymous>)
    at runWithTimeout [90m(file:///home/user/FREESPORT/frontend/[39mnode_modules/[4m@vitest/runner[24m/dist/index.js:1206:10[90m)[39m
    at [90mfile:///home/user/FREESPORT/frontend/[39mnode_modules/[4m@vitest/runner[24m/dist/index.js:1650:37
    at Traces.$ [90m(file:///home/user/FREESPORT/frontend/[39mnode_modules/[4mvitest[24m/dist/chunks/traces.U4xDYhzZ.js:115:27[90m)[39m
    at trace [90m(file:///home/user/FREESPORT/frontend/[39mnode_modules/[4mvitest[24m/dist/chunks/test.BT8LKgU9.js:239:21[90m)[39m
    at runTest [90m(file:///home/user/FREESPORT/frontend/[39mnode_modules/[4m@vitest/runner[24m/dist/index.js:1650:12[90m)[39m

[90mstderr[2m | src/components/home/__tests__/HeroSection.test.tsx[2m > [22m[2mHeroSection Component[2m > [22m[2mFallback на статические баннеры[2m > [22m[2mдолжен отображать B2C статический баннер для retail пользователя при ошибке API
[22m[39mFailed to load banners: Error: API Error
    at [90m/home/user/FREESPORT/frontend/[39msrc/components/home/__tests__/HeroSection.test.tsx:211:61
    at [90mfile:///home/user/FREESPORT/frontend/[39mnode_modules/[4m@vitest/runner[24m/dist/index.js:145:11
    at [90mfile:///home/user/FREESPORT/frontend/[39mnode_modules/[4m@vitest/runner[24m/dist/index.js:915:26
    at [90mfile:///home/user/FREESPORT/frontend/[39mnode_modules/[4m@vitest/runner[24m/dist/index.js:1240:20
    at new Promise (<anonymous>)
    at runWithTimeout [90m(file:///home/user/FREESPORT/frontend/[39mnode_modules/[4m@vitest/runner[24m/dist/index.js:1206:10[90m)[39m
    at [90mfile:///home/user/FREESPORT/frontend/[39mnode_modules/[4m@vitest/runner[24m/dist/index.js:1650:37
    at Traces.$ [90m(file:///home/user/FREESPORT/frontend/[39mnode_modules/[4mvitest[24m/dist/chunks/traces.U4xDYhzZ.js:115:27[90m)[39m
    at trace [90m(file:///home/user/FREESPORT/frontend/[39mnode_modules/[4mvitest[24m/dist/chunks/test.BT8LKgU9.js:239:21[90m)[39m
    at runTest [90m(file:///home/user/FREESPORT/frontend/[39mnode_modules/[4m@vitest/runner[24m/dist/index.js:1650:12[90m)[39m

 [32m✓[39m src/components/home/__tests__/HeroSection.test.tsx [2m([22m[2m13 tests[22m[2m)[22m[32m 183[2mms[22m[39m
 [32m✓[39m src/components/cart/__tests__/QuantitySelector.test.tsx [2m([22m[2m34 tests[22m[2m)[22m[32m 162[2mms[22m[39m
 [32m✓[39m src/components/ui/Toast/__tests__/ToastProvider.test.tsx [2m([22m[2m21 tests[22m[2m)[22m[32m 168[2mms[22m[39m
 [32m✓[39m src/components/cart/__tests__/PromoCodeInput.test.tsx [2m([22m[2m22 tests[22m[2m)[22m[32m 158[2mms[22m[39m
 [32m✓[39m src/components/ui/ConfirmDialog/__tests__/ConfirmDialog.test.tsx [2m([22m[2m12 tests[22m[2m)[22m[32m 151[2mms[22m[39m
 [32m✓[39m src/components/product/__tests__/ProductImageGallery.test.tsx [2m([22m[2m15 tests[22m[2m)[22m[32m 141[2mms[22m[39m
 [32m✓[39m src/components/ui/InfoPanel/__tests__/InfoPanel.test.tsx [2m([22m[2m35 tests[22m[2m)[22m[32m 138[2mms[22m[39m
[90mstderr[2m | src/components/ui/SearchField/__tests__/SearchField.test.tsx[2m > [22m[2mSearchField[2m > [22m[2monSearch Callback[2m > [22m[2mcalls onSearch when input meets minLength after debounce
[22m[39mAn update to SearchField inside a test was not wrapped in act(...).

When testing, code that causes React state updates should be wrapped into act(...):

act(() => {
  /* fire events that update state */
});
/* assert on the output */

This ensures that you're testing the behavior the user would see in the browser. Learn more at https://react.dev/link/wrap-tests-with-act

[90mstderr[2m | src/components/ui/SearchField/__tests__/SearchField.test.tsx[2m > [22m[2mSearchField[2m > [22m[2monSearch Callback[2m > [22m[2mdoes not call onSearch when input is below minLength
[22m[39mAn update to SearchField inside a test was not wrapped in act(...).

When testing, code that causes React state updates should be wrapped into act(...):

act(() => {
  /* fire events that update state */
});
/* assert on the output */

This ensures that you're testing the behavior the user would see in the browser. Learn more at https://react.dev/link/wrap-tests-with-act

 [32m✓[39m src/components/ui/SearchField/__tests__/SearchField.test.tsx [2m([22m[2m17 tests[22m[2m)[22m[32m 138[2mms[22m[39m
 [32m✓[39m src/components/ui/Breadcrumb/__tests__/Breadcrumb.test.tsx [2m([22m[2m21 tests[22m[2m)[22m[32m 140[2mms[22m[39m
 [32m✓[39m src/components/cart/__tests__/CartSummary.test.tsx [2m([22m[2m19 tests[22m[2m)[22m[32m 134[2mms[22m[39m
 [32m✓[39m src/stores/__tests__/cartStore.test.ts [2m([22m[2m10 tests[22m[2m)[22m[32m 117[2mms[22m[39m
 [32m✓[39m src/components/layout/__tests__/ProfileLayout.test.tsx [2m([22m[2m11 tests[22m[2m)[22m[32m 142[2mms[22m[39m
 [32m✓[39m src/components/ui/Select/__tests__/Select.test.tsx [2m([22m[2m15 tests[22m[2m)[22m[32m 126[2mms[22m[39m
 [32m✓[39m src/__tests__/components/B2BRegisterForm.test.tsx [2m([22m[2m4 tests[22m[2m)[22m[32m 144[2mms[22m[39m
 [32m✓[39m src/components/home/__tests__/AboutTeaser.test.tsx [2m([22m[2m11 tests[22m[2m)[22m[32m 129[2mms[22m[39m
 [32m✓[39m src/components/ui/SupportPanel/__tests__/SupportPanel.test.tsx [2m([22m[2m32 tests[22m[2m)[22m[32m 138[2mms[22m[39m
 [32m✓[39m src/components/business/OrderCard/OrderCard.test.tsx [2m([22m[2m8 tests[22m[2m)[22m[32m 118[2mms[22m[39m
 [32m✓[39m src/components/cart/__tests__/CartError.test.tsx [2m([22m[2m14 tests[22m[2m)[22m[32m 108[2mms[22m[39m
 [32m✓[39m src/components/ui/Toast/__tests__/Toast.test.tsx [2m([22m[2m12 tests[22m[2m)[22m[32m 114[2mms[22m[39m
 [32m✓[39m src/components/ui/Toggle/__tests__/Toggle.test.tsx [2m([22m[2m24 tests[22m[2m)[22m[32m 104[2mms[22m[39m
 [32m✓[39m src/components/home/__tests__/DeliveryTeaser.test.tsx [2m([22m[2m10 tests[22m[2m)[22m[32m 109[2mms[22m[39m
 [32m✓[39m src/components/business/FavoriteProductCard/FavoriteProductCard.test.tsx [2m([22m[2m8 tests[22m[2m)[22m[32m 114[2mms[22m[39m
 [32m✓[39m src/components/ui/Badge/__tests__/Badge.test.tsx [2m([22m[2m30 tests[22m[2m)[22m[32m 92[2mms[22m[39m
 [32m✓[39m src/components/home/__tests__/WhyFreesportSection.test.tsx [2m([22m[2m6 tests[22m[2m)[22m[32m 99[2mms[22m[39m
 [32m✓[39m src/components/business/AddressCard/AddressCard.test.tsx [2m([22m[2m8 tests[22m[2m)[22m[32m 89[2mms[22m[39m
 [32m✓[39m src/components/ui/Spinner/__tests__/Spinner.test.tsx [2m([22m[2m20 tests[22m[2m)[22m[32m 91[2mms[22m[39m
 [32m✓[39m src/components/ui/StatCounter/StatCounter.test.tsx [2m([22m[2m10 tests[22m[2m)[22m[32m 86[2mms[22m[39m
 [32m✓[39m src/components/home/__tests__/NewsCard.test.tsx [2m([22m[2m7 tests[22m[2m)[22m[32m 98[2mms[22m[39m
 [32m✓[39m src/components/business/EmptySearchResults/__tests__/EmptySearchResults.test.tsx [2m([22m[2m15 tests[22m[2m)[22m[32m 107[2mms[22m[39m
 [32m✓[39m src/components/ui/SortSelect/__tests__/SortSelect.test.tsx [2m([22m[2m10 tests[22m[2m)[22m[32m 103[2mms[22m[39m
 [32m✓[39m src/components/ui/Input/__tests__/Input.test.tsx [2m([22m[2m11 tests[22m[2m)[22m[32m 95[2mms[22m[39m
 [32m✓[39m src/components/ui/FilterGroup/__tests__/FilterGroup.test.tsx [2m([22m[2m8 tests[22m[2m)[22m[32m 95[2mms[22m[39m
 [32m✓[39m src/components/ui/ProcessSteps/ProcessSteps.test.tsx [2m([22m[2m15 tests[22m[2m)[22m[32m 100[2mms[22m[39m
 [32m✓[39m src/components/cart/__tests__/EmptyCart.test.tsx [2m([22m[2m14 tests[22m[2m)[22m[32m 101[2mms[22m[39m
 [32m✓[39m src/components/ui/Button/__tests__/Button.test.tsx [2m([22m[2m17 tests[22m[2m)[22m[32m 84[2mms[22m[39m
 [32m✓[39m src/components/ui/Chip/__tests__/Chip.test.tsx [2m([22m[2m26 tests[22m[2m)[22m[32m 91[2mms[22m[39m
 [32m✓[39m src/components/cart/__tests__/CartSkeleton.test.tsx [2m([22m[2m9 tests[22m[2m)[22m[32m 87[2mms[22m[39m
 [32m✓[39m src/components/ui/Input/__tests__/PasswordInput.test.tsx [2m([22m[2m4 tests[22m[2m)[22m[32m 68[2mms[22m[39m
[90mstderr[2m | src/components/ui/Checkbox/__tests__/Checkbox.test.tsx[2m > [22m[2mCheckbox[2m > [22m[2mhas motion-reduce class for animations
[22m[39mYou provided a `checked` prop to a form field without an `onChange` handler. This will render a read-only field. If the field should be mutable use `defaultChecked`. Otherwise, set either `onChange` or `readOnly`.

 [32m✓[39m src/components/ui/Checkbox/__tests__/Checkbox.test.tsx [2m([22m[2m7 tests[22m[2m)[22m[32m 65[2mms[22m[39m
 [32m✓[39m src/components/ui/Tag/__tests__/Tag.test.tsx [2m([22m[2m20 tests[22m[2m)[22m[32m 63[2mms[22m[39m
 [32m✓[39m src/components/product/__tests__/ProductSpecs.test.tsx [2m([22m[2m10 tests[22m[2m)[22m[32m 56[2mms[22m[39m
 [32m✓[39m src/components/ui/Skeleton/__tests__/Skeleton.test.tsx [2m([22m[2m18 tests[22m[2m)[22m[32m 56[2mms[22m[39m
 [32m✓[39m src/components/business/OrderStatusBadge/OrderStatusBadge.test.tsx [2m([22m[2m11 tests[22m[2m)[22m[32m 71[2mms[22m[39m
 [32m✓[39m src/components/ui/Card/__tests__/Card.test.tsx [2m([22m[2m12 tests[22m[2m)[22m[32m 62[2mms[22m[39m
 [32m✓[39m src/components/ui/FeatureCard/FeatureCard.test.tsx [2m([22m[2m9 tests[22m[2m)[22m[32m 62[2mms[22m[39m
 [32m✓[39m src/services/__tests__/cartService.test.ts [2m([22m[2m9 tests[22m[2m)[22m[32m 61[2mms[22m[39m
 [32m✓[39m src/services/__tests__/deliveryService.test.ts [2m([22m[2m5 tests[22m[2m)[22m[32m 46[2mms[22m[39m
 [32m✓[39m src/services/__tests__/productsService.test.ts [2m([22m[2m7 tests[22m[2m)[22m[32m 53[2mms[22m[39m
 [32m✓[39m src/__tests__/services/authService.test.ts [2m([22m[2m6 tests[22m[2m)[22m[32m 45[2mms[22m[39m
 [32m✓[39m src/utils/__tests__/pricing.test.ts [2m([22m[2m17 tests[22m[2m)[22m[32m 31[2mms[22m[39m
 [32m✓[39m src/components/common/__tests__/ProductBadge.test.tsx [2m([22m[2m12 tests[22m[2m)[22m[32m 55[2mms[22m[39m
 [32m✓[39m src/components/auth/__tests__/RoleInfoPanel.test.tsx [2m([22m[2m5 tests[22m[2m)[22m[32m 43[2mms[22m[39m
 [32m✓[39m src/components/business/SearchResults/__tests__/SearchResults.test.tsx [2m([22m[2m9 tests[22m[2m)[22m[32m 56[2mms[22m[39m
 [32m✓[39m src/hooks/__tests__/useSearchHistory.test.ts [2m([22m[2m16 tests[22m[2m)[22m[32m 44[2mms[22m[39m
 [32m✓[39m src/__tests__/docker-environment.test.ts [2m([22m[2m9 tests[22m[2m | [22m[33m2 skipped[39m[2m)[22m[32m 8[2mms[22m[39m
 [32m✓[39m src/__tests__/utils/b2b-validators.test.ts [2m([22m[2m20 tests[22m[2m)[22m[32m 12[2mms[22m[39m
 [32m✓[39m src/schemas/__tests__/authSchemas.test.ts [2m([22m[2m27 tests[22m[2m)[22m[32m 19[2mms[22m[39m
 [32m✓[39m src/__tests__/middleware.test.ts [2m([22m[2m15 tests[22m[2m | [22m[33m3 skipped[39m[2m)[22m[32m 18[2mms[22m[39m
 [32m✓[39m src/services/__tests__/blogService.test.ts [2m([22m[2m6 tests[22m[2m)[22m[32m 11[2mms[22m[39m

[31m⎯⎯⎯⎯⎯⎯[39m[1m[41m Failed Suites 8 [49m[22m[31m⎯⎯⎯⎯⎯⎯⎯[39m

[41m[1m FAIL [22m[49m src/__tests__/eslint.config.test.ts[2m [ src/__tests__/eslint.config.test.ts ][22m
[31m[1mError[22m: Failed to resolve import "@jest/globals" from "src/__tests__/eslint.config.test.ts". Does the file exist?[39m
  Plugin: [35mvite:import-analysis[39m
  File: [36m/home/user/FREESPORT/frontend/src/__tests__/eslint.config.test.ts[39m:6:37
[33m  1  |  import { describe, it, expect } from "@jest/globals";
     |                                        ^
  2  |  import fs from "fs";
  3  |  import path from "path";[39m
[90m [2m❯[22m TransformPluginContext._formatLog node_modules/vite/dist/node/chunks/dep-D4NMHUTW.js:[2m42528:41[22m[39m
[90m [2m❯[22m TransformPluginContext.error node_modules/vite/dist/node/chunks/dep-D4NMHUTW.js:[2m42525:16[22m[39m
[90m [2m❯[22m normalizeUrl node_modules/vite/dist/node/chunks/dep-D4NMHUTW.js:[2m40504:23[22m[39m
[90m [2m❯[22m node_modules/vite/dist/node/chunks/dep-D4NMHUTW.js:[2m40623:37[22m[39m
[90m [2m❯[22m TransformPluginContext.transform node_modules/vite/dist/node/chunks/dep-D4NMHUTW.js:[2m40550:7[22m[39m
[90m [2m❯[22m EnvironmentPluginContainer.transform node_modules/vite/dist/node/chunks/dep-D4NMHUTW.js:[2m42323:18[22m[39m
[90m [2m❯[22m loadAndTransform node_modules/vite/dist/node/chunks/dep-D4NMHUTW.js:[2m35739:27[22m[39m

[31m[2m⎯⎯⎯⎯⎯⎯⎯⎯⎯⎯⎯⎯⎯⎯⎯⎯⎯⎯⎯⎯⎯⎯⎯[1/77]⎯[22m[39m

[41m[1m FAIL [22m[49m src/__tests__/prettier.config.test.ts[2m [ src/__tests__/prettier.config.test.ts ][22m
[31m[1mError[22m: Failed to resolve import "@jest/globals" from "src/__tests__/prettier.config.test.ts". Does the file exist?[39m
  Plugin: [35mvite:import-analysis[39m
  File: [36m/home/user/FREESPORT/frontend/src/__tests__/prettier.config.test.ts[39m:6:37
[33m  1  |  import { describe, it, expect } from "@jest/globals";
     |                                        ^
  2  |  import fs from "fs";
  3  |  import path from "path";[39m
[90m [2m❯[22m TransformPluginContext._formatLog node_modules/vite/dist/node/chunks/dep-D4NMHUTW.js:[2m42528:41[22m[39m
[90m [2m❯[22m TransformPluginContext.error node_modules/vite/dist/node/chunks/dep-D4NMHUTW.js:[2m42525:16[22m[39m
[90m [2m❯[22m normalizeUrl node_modules/vite/dist/node/chunks/dep-D4NMHUTW.js:[2m40504:23[22m[39m
[90m [2m❯[22m node_modules/vite/dist/node/chunks/dep-D4NMHUTW.js:[2m40623:37[22m[39m
[90m [2m❯[22m TransformPluginContext.transform node_modules/vite/dist/node/chunks/dep-D4NMHUTW.js:[2m40550:7[22m[39m
[90m [2m❯[22m EnvironmentPluginContainer.transform node_modules/vite/dist/node/chunks/dep-D4NMHUTW.js:[2m42323:18[22m[39m
[90m [2m❯[22m loadAndTransform node_modules/vite/dist/node/chunks/dep-D4NMHUTW.js:[2m35739:27[22m[39m

[31m[2m⎯⎯⎯⎯⎯⎯⎯⎯⎯⎯⎯⎯⎯⎯⎯⎯⎯⎯⎯⎯⎯⎯⎯[2/77]⎯[22m[39m

[41m[1m FAIL [22m[49m src/stores/__tests__/orderStore.test.ts[2m [ src/stores/__tests__/orderStore.test.ts ][22m
[31m[1mError[22m: Failed to resolve import "../__mocks__/api/server" from "src/stores/__tests__/orderStore.test.ts". Does the file exist?[39m
  Plugin: [35mvite:import-analysis[39m
  File: [36m/home/user/FREESPORT/frontend/src/stores/__tests__/orderStore.test.ts[39m:16:23
[33m  2  |  import { useOrderStore } from "../orderStore";
  3  |  import { useCartStore } from "../cartStore";
  4  |  import { server } from "../__mocks__/api/server";
     |                          ^
  5  |  import { ordersErrorHandlers, mockSuccessOrder } from "../../__mocks__/handlers/ordersHandlers";
  6  |  const mockFormData = {[39m
[90m [2m❯[22m TransformPluginContext._formatLog node_modules/vite/dist/node/chunks/dep-D4NMHUTW.js:[2m42528:41[22m[39m
[90m [2m❯[22m TransformPluginContext.error node_modules/vite/dist/node/chunks/dep-D4NMHUTW.js:[2m42525:16[22m[39m
[90m [2m❯[22m normalizeUrl node_modules/vite/dist/node/chunks/dep-D4NMHUTW.js:[2m40504:23[22m[39m
[90m [2m❯[22m node_modules/vite/dist/node/chunks/dep-D4NMHUTW.js:[2m40623:37[22m[39m
[90m [2m❯[22m TransformPluginContext.transform node_modules/vite/dist/node/chunks/dep-D4NMHUTW.js:[2m40550:7[22m[39m
[90m [2m❯[22m EnvironmentPluginContainer.transform node_modules/vite/dist/node/chunks/dep-D4NMHUTW.js:[2m42323:18[22m[39m
[90m [2m❯[22m loadAndTransform node_modules/vite/dist/node/chunks/dep-D4NMHUTW.js:[2m35739:27[22m[39m

[31m[2m⎯⎯⎯⎯⎯⎯⎯⎯⎯⎯⎯⎯⎯⎯⎯⎯⎯⎯⎯⎯⎯⎯⎯[3/77]⎯[22m[39m

[41m[1m FAIL [22m[49m src/services/__tests__/ordersService.test.ts[2m [ src/services/__tests__/ordersService.test.ts ][22m
[31m[1mError[22m: Failed to resolve import "../__mocks__/api/server" from "src/services/__tests__/ordersService.test.ts". Does the file exist?[39m
  Plugin: [35mvite:import-analysis[39m
  File: [36m/home/user/FREESPORT/frontend/src/services/__tests__/ordersService.test.ts[39m:15:23
[33m  1  |  import ordersService, { mapFormDataToPayload, parseApiError } from "../ordersService";
  2  |  import { server } from "../__mocks__/api/server";
     |                          ^
  3  |  import { ordersErrorHandlers, mockSuccessOrder } from "../../__mocks__/handlers/ordersHandlers";
  4  |  const mockFormData = {[39m
[90m [2m❯[22m TransformPluginContext._formatLog node_modules/vite/dist/node/chunks/dep-D4NMHUTW.js:[2m42528:41[22m[39m
[90m [2m❯[22m TransformPluginContext.error node_modules/vite/dist/node/chunks/dep-D4NMHUTW.js:[2m42525:16[22m[39m
[90m [2m❯[22m normalizeUrl node_modules/vite/dist/node/chunks/dep-D4NMHUTW.js:[2m40504:23[22m[39m
[90m [2m❯[22m node_modules/vite/dist/node/chunks/dep-D4NMHUTW.js:[2m40623:37[22m[39m
[90m [2m❯[22m TransformPluginContext.transform node_modules/vite/dist/node/chunks/dep-D4NMHUTW.js:[2m40550:7[22m[39m
[90m [2m❯[22m EnvironmentPluginContainer.transform node_modules/vite/dist/node/chunks/dep-D4NMHUTW.js:[2m42323:18[22m[39m
[90m [2m❯[22m loadAndTransform node_modules/vite/dist/node/chunks/dep-D4NMHUTW.js:[2m35739:27[22m[39m

[31m[2m⎯⎯⎯⎯⎯⎯⎯⎯⎯⎯⎯⎯⎯⎯⎯⎯⎯⎯⎯⎯⎯⎯⎯[4/77]⎯[22m[39m

[41m[1m FAIL [22m[49m src/app/blog/__tests__/page.test.tsx[2m [ src/app/blog/__tests__/page.test.tsx ][22m
[31m[1mError[22m: [vitest] There was an error when mocking a module. If you are using "vi.mock" factory, make sure there are no top level variables inside, since this call is hoisted to top of the file. Read more: https://vitest.dev/api/vi.html#vi-mock[39m
[36m [2m❯[22m src/components/home/BlogPostCard.tsx:[2m7:1[22m[39m
    [90m  5| [39m[35mimport[39m [33mReact[39m [35mfrom[39m [32m'react'[39m[33m;[39m
    [90m  6| [39m[35mimport[39m [33mLink[39m [35mfrom[39m [32m'next/link'[39m[33m;[39m
    [90m  7| [39m[35mimport[39m [33mImage[39m [35mfrom[39m [32m'next/image'[39m[33m;[39m
    [90m   | [39m[31m^[39m
    [90m  8| [39m[35mimport[39m { normalizeImageUrl } [35mfrom[39m [32m'@/utils/media'[39m[33m;[39m
    [90m  9| [39m

[31m[1mCaused by: ReferenceError[22m: Cannot access 'MockImage' before initialization[39m
[36m [2m❯[22m src/app/blog/__tests__/page.test.tsx:[2m40:12[22m[39m

[31m[2m⎯⎯⎯⎯⎯⎯⎯⎯⎯⎯⎯⎯⎯⎯⎯⎯⎯⎯⎯⎯⎯⎯⎯[5/77]⎯[22m[39m

[41m[1m FAIL [22m[49m src/app/news/[slug]/__tests__/page.test.tsx[2m [ src/app/news/[slug]/__tests__/page.test.tsx ][22m
[31m[1mError[22m: [vitest] There was an error when mocking a module. If you are using "vi.mock" factory, make sure there are no top level variables inside, since this call is hoisted to top of the file. Read more: https://vitest.dev/api/vi.html#vi-mock[39m
[36m [2m❯[22m src/app/news/[slug]/page.tsx:[2m10:1[22m[39m
    [90m  8| [39m[35mimport[39m [33mReact[39m [35mfrom[39m [32m'react'[39m[33m;[39m
    [90m  9| [39m[35mimport[39m type { [33mMetadata[39m } [35mfrom[39m [32m'next'[39m[33m;[39m
    [90m 10| [39m[35mimport[39m [33mLink[39m [35mfrom[39m [32m'next/link'[39m[33m;[39m
    [90m   | [39m[31m^[39m
    [90m 11| [39m[35mimport[39m [33mImage[39m [35mfrom[39m [32m'next/image'[39m[33m;[39m
    [90m 12| [39m[35mimport[39m { notFound } [35mfrom[39m [32m'next/navigation'[39m[33m;[39m

[31m[1mCaused by: ReferenceError[22m: Cannot access 'MockLink' before initialization[39m
[36m [2m❯[22m src/app/news/[slug]/__tests__/page.test.tsx:[2m37:12[22m[39m

[31m[2m⎯⎯⎯⎯⎯⎯⎯⎯⎯⎯⎯⎯⎯⎯⎯⎯⎯⎯⎯⎯⎯⎯⎯[6/77]⎯[22m[39m

[41m[1m FAIL [22m[49m src/app/blog/[slug]/__tests__/page.test.tsx[2m [ src/app/blog/[slug]/__tests__/page.test.tsx ][22m
[31m[1mError[22m: [vitest] There was an error when mocking a module. If you are using "vi.mock" factory, make sure there are no top level variables inside, since this call is hoisted to top of the file. Read more: https://vitest.dev/api/vi.html#vi-mock[39m
[36m [2m❯[22m src/app/blog/[slug]/page.tsx:[2m10:1[22m[39m
    [90m  8| [39m[35mimport[39m [33mReact[39m [35mfrom[39m [32m'react'[39m[33m;[39m
    [90m  9| [39m[35mimport[39m type { [33mMetadata[39m } [35mfrom[39m [32m'next'[39m[33m;[39m
    [90m 10| [39m[35mimport[39m [33mLink[39m [35mfrom[39m [32m'next/link'[39m[33m;[39m
    [90m   | [39m[31m^[39m
    [90m 11| [39m[35mimport[39m [33mImage[39m [35mfrom[39m [32m'next/image'[39m[33m;[39m
    [90m 12| [39m[35mimport[39m { notFound } [35mfrom[39m [32m'next/navigation'[39m[33m;[39m

[31m[1mCaused by: ReferenceError[22m: Cannot access 'MockLink' before initialization[39m
[36m [2m❯[22m src/app/blog/[slug]/__tests__/page.test.tsx:[2m37:12[22m[39m

[31m[2m⎯⎯⎯⎯⎯⎯⎯⎯⎯⎯⎯⎯⎯⎯⎯⎯⎯⎯⎯⎯⎯⎯⎯[7/77]⎯[22m[39m

[41m[1m FAIL [22m[49m src/components/business/ProductCard/__tests__/ProductCard.test.tsx[2m [ src/components/business/ProductCard/__tests__/ProductCard.test.tsx ][22m
[31m[1mError[22m: [vitest] There was an error when mocking a module. If you are using "vi.mock" factory, make sure there are no top level variables inside, since this call is hoisted to top of the file. Read more: https://vitest.dev/api/vi.html#vi-mock[39m
[36m [2m❯[22m src/components/business/ProductCard/ProductCard.tsx:[2m31:1[22m[39m
    [90m 29| [39m
    [90m 30| [39m[35mimport[39m [33mReact[39m[33m,[39m { useEffect[33m,[39m useState } [35mfrom[39m [32m'react'[39m[33m;[39m
    [90m 31| [39m[35mimport[39m [33mImage[39m [35mfrom[39m [32m'next/image'[39m[33m;[39m
    [90m   | [39m[31m^[39m
    [90m 32| [39m[35mimport[39m [33mLink[39m [35mfrom[39m [32m'next/link'[39m[33m;[39m
    [90m 33| [39m[35mimport[39m { [33mHeart[39m } [35mfrom[39m [32m'lucide-react'[39m[33m;[39m

[31m[1mCaused by: ReferenceError[22m: Cannot access 'MockImage' before initialization[39m
[36m [2m❯[22m src/components/business/ProductCard/__tests__/ProductCard.test.tsx:[2m35:12[22m[39m

[31m[2m⎯⎯⎯⎯⎯⎯⎯⎯⎯⎯⎯⎯⎯⎯⎯⎯⎯⎯⎯⎯⎯⎯⎯[8/77]⎯[22m[39m


[31m⎯⎯⎯⎯⎯⎯[39m[1m[41m Failed Tests 69 [49m[22m[31m⎯⎯⎯⎯⎯⎯⎯[39m

[41m[1m FAIL [22m[49m src/__tests__/design-system/accessibility.test.ts[2m > [22mAccessibility - Contrast Ratios (WCAG 2.1 AA)[2m > [22mInput Component[2m > [22mHelper text: text-muted (#7A7A7A) на neutral-100 (#FFFFFF) >= 4.5:1
[31m[1mAssertionError[22m: expected 4.2924099118391155 to be greater than or equal to 4.5[39m
[36m [2m❯[22m src/__tests__/design-system/accessibility.test.ts:[2m87:24[22m[39m
    [90m 85| [39m    it('Helper text: text-muted (#7A7A7A) на neutral-100 (#FFFFFF) >= …
    [90m 86| [39m      [35mconst[39m contrast [33m=[39m [34mgetContrastRatio[39m([32m'#7A7A7A'[39m[33m,[39m [32m'#FFFFFF'[39m)[33m;[39m
    [90m 87| [39m      [34mexpect[39m(contrast)[33m.[39m[34mtoBeGreaterThanOrEqual[39m([34m4.5[39m)[33m;[39m
    [90m   | [39m                       [31m^[39m
    [90m 88| [39m    })[33m;[39m
    [90m 89| [39m  })[33m;[39m

[31m[2m⎯⎯⎯⎯⎯⎯⎯⎯⎯⎯⎯⎯⎯⎯⎯⎯⎯⎯⎯⎯⎯⎯⎯[9/77]⎯[22m[39m

[41m[1m FAIL [22m[49m src/__tests__/design-system/accessibility.test.ts[2m > [22mAccessibility - Contrast Ratios (WCAG 2.1 AA)[2m > [22mBadge Component[2m > [22mBadge "transit": текст #B07600 на фоне #FFF1CC >= 4.5:1
[31m[1mAssertionError[22m: expected 3.4402589441193308 to be greater than or equal to 4.5[39m
[36m [2m❯[22m src/__tests__/design-system/accessibility.test.ts:[2m107:26[22m[39m
    [90m105| [39m      it(`Badge "${name}": текст ${text} на фоне ${bg} >= 4.5:1`, () =…
    [90m106| [39m        [35mconst[39m contrast [33m=[39m [34mgetContrastRatio[39m(text[33m,[39m bg)[33m;[39m
    [90m107| [39m        [34mexpect[39m(contrast)[33m.[39m[34mtoBeGreaterThanOrEqual[39m([34m4.5[39m)[33m;[39m
    [90m   | [39m                         [31m^[39m
    [90m108| [39m      })[33m;[39m
    [90m109| [39m    })[33m;[39m

[31m[2m⎯⎯⎯⎯⎯⎯⎯⎯⎯⎯⎯⎯⎯⎯⎯⎯⎯⎯⎯⎯⎯⎯[10/77]⎯[22m[39m

[41m[1m FAIL [22m[49m src/__tests__/design-system/accessibility.test.ts[2m > [22mAccessibility - Contrast Ratios (WCAG 2.1 AA)[2m > [22mBadge Component[2m > [22mBadge "cancelled": текст #C23B3B на фоне #FFE1E1 >= 4.5:1
[31m[1mAssertionError[22m: expected 4.296014697266728 to be greater than or equal to 4.5[39m
[36m [2m❯[22m src/__tests__/design-system/accessibility.test.ts:[2m107:26[22m[39m
    [90m105| [39m      it(`Badge "${name}": текст ${text} на фоне ${bg} >= 4.5:1`, () =…
    [90m106| [39m        [35mconst[39m contrast [33m=[39m [34mgetContrastRatio[39m(text[33m,[39m bg)[33m;[39m
    [90m107| [39m        [34mexpect[39m(contrast)[33m.[39m[34mtoBeGreaterThanOrEqual[39m([34m4.5[39m)[33m;[39m
    [90m   | [39m                         [31m^[39m
    [90m108| [39m      })[33m;[39m
    [90m109| [39m    })[33m;[39m

[31m[2m⎯⎯⎯⎯⎯⎯⎯⎯⎯⎯⎯⎯⎯⎯⎯⎯⎯⎯⎯⎯⎯⎯[11/77]⎯[22m[39m

[41m[1m FAIL [22m[49m src/__tests__/design-system/tokens.test.ts[2m > [22mDesign System v2.1 - Accessibility (WCAG 2.1)[2m > [22mColor Contrast Tests[2m > [22mtext-inverse на primary: контраст >= 4.5:1
[31m[1mAssertionError[22m: expected 5.100617660206274 to be greater than or equal to 7[39m
[36m [2m❯[22m src/__tests__/design-system/tokens.test.ts:[2m193:24[22m[39m
    [90m191| [39m
    [90m192| [39m      [34mexpect[39m(contrast)[33m.[39m[34mtoBeGreaterThanOrEqual[39m([34m4.5[39m)[33m;[39m
    [90m193| [39m      [34mexpect[39m(contrast)[33m.[39m[34mtoBeGreaterThanOrEqual[39m([34m7[39m)[33m;[39m [90m// AAA уровень[39m
    [90m   | [39m                       [31m^[39m
    [90m194| [39m    })[33m;[39m
    [90m195| [39m

[31m[2m⎯⎯⎯⎯⎯⎯⎯⎯⎯⎯⎯⎯⎯⎯⎯⎯⎯⎯⎯⎯⎯⎯[12/77]⎯[22m[39m

[41m[1m FAIL [22m[49m src/providers/__tests__/AuthProvider.test.tsx[2m > [22mAuthProvider - Session Initialization[2m > [22minitializes session with valid refresh token
[31m[1mTestingLibraryElementError[22m: Unable to find an element by: [data-testid="app-content"]

Ignored nodes: comments, script, style
[36m<body>[31m
  [36m<div>[31m
    [36m<div[31m
      [33mclass[31m=[32m"flex items-center justify-center min-h-screen bg-[var(--color-neutral-100)]"[31m
    [36m>[31m
      [36m<div[31m
        [33mclass[31m=[32m"flex flex-col items-center gap-4"[31m
      [36m>[31m
        [36m<div[31m
          [33mclass[31m=[32m"animate-spin rounded-full h-12 w-12 border-t-2 border-b-2 border-primary"[31m
        [36m/>[31m
        [36m<p[31m
          [33mclass[31m=[32m"text-body-m text-[var(--color-text-muted)]"[31m
        [36m>[31m
          [0mЗагрузка...[0m
        [36m</p>[31m
      [36m</div>[31m
    [36m</div>[31m
  [36m</div>[31m
[36m</body>[31m

Ignored nodes: comments, script, style
[36m<html>[31m
  [36m<head />[31m
  [36m<body>[31m
    [36m<div>[31m
      [36m<div[31m
        [33mclass[31m=[32m"flex items-center justify-center min-h-screen bg-[var(--color-neutral-100)]"[31m
      [36m>[31m
        [36m<div[31m
          [33mclass[31m=[32m"flex flex-col items-center gap-4"[31m
        [36m>[31m
          [36m<div[31m
            [33mclass[31m=[32m"animate-spin rounded-full h-12 w-12 border-t-2 border-b-2 border-primary"[31m
          [36m/>[31m
          [36m<p[31m
            [33mclass[31m=[32m"text-body-m text-[var(--color-text-muted)]"[31m
          [36m>[31m
            [0mЗагрузка...[0m
          [36m</p>[31m
        [36m</div>[31m
      [36m</div>[31m
    [36m</div>[31m
  [36m</body>[31m
[36m</html>[31m[39m
[90m [2m❯[22m waitForWrapper node_modules/@testing-library/dom/dist/wait-for.js:[2m163:27[22m[39m
[36m [2m❯[22m src/providers/__tests__/AuthProvider.test.tsx:[2m110:11[22m[39m
    [90m108| [39m
    [90m109| [39m    [90m// После инициализации[39m
    [90m110| [39m    [35mawait[39m [34mwaitFor[39m(() [33m=>[39m {
    [90m   | [39m          [31m^[39m
    [90m111| [39m      [34mexpect[39m(screen[33m.[39m[34mgetByTestId[39m([32m'app-content'[39m))[33m.[39m[34mtoBeInTheDocument[39m()[33m;[39m
    [90m112| [39m    })[33m;[39m

[31m[2m⎯⎯⎯⎯⎯⎯⎯⎯⎯⎯⎯⎯⎯⎯⎯⎯⎯⎯⎯⎯⎯⎯[13/77]⎯[22m[39m

[41m[1m FAIL [22m[49m src/services/__tests__/addressService.test.ts[2m > [22maddressService[2m > [22mgetAddresses[2m > [22mreturns list of addresses on success
[31m[1mError[22m: Не удалось загрузить адреса. Попробуйте снова.[39m
[36m [2m❯[22m getAddresses src/services/addressService.ts:[2m60:11[22m[39m
    [90m 58| [39m      }
    [90m 59| [39m    }
    [90m 60| [39m    [35mthrow[39m [35mnew[39m [33mError[39m([32m'Не удалось загрузить адреса. Попробуйте снова.'[39m)[33m;[39m
    [90m   | [39m          [31m^[39m
    [90m 61| [39m  }
    [90m 62| [39m}
[90m [2m❯[22m src/services/__tests__/addressService.test.ts:[2m79:22[22m[39m

[31m[2m⎯⎯⎯⎯⎯⎯⎯⎯⎯⎯⎯⎯⎯⎯⎯⎯⎯⎯⎯⎯⎯⎯[14/77]⎯[22m[39m

[41m[1m FAIL [22m[49m src/services/__tests__/addressService.test.ts[2m > [22maddressService[2m > [22mgetAddresses[2m > [22mthrows error on 401 unauthorized
[41m[1m FAIL [22m[49m src/services/__tests__/addressService.test.ts[2m > [22maddressService[2m > [22mcreateAddress[2m > [22mcreates new address on success
[41m[1m FAIL [22m[49m src/services/__tests__/addressService.test.ts[2m > [22maddressService[2m > [22mcreateAddress[2m > [22mthrows AddressValidationError on 400
[41m[1m FAIL [22m[49m src/services/__tests__/addressService.test.ts[2m > [22maddressService[2m > [22mupdateAddress[2m > [22mupdates address on success
[41m[1m FAIL [22m[49m src/services/__tests__/addressService.test.ts[2m > [22maddressService[2m > [22mupdateAddress[2m > [22mthrows error on 404 not found
[41m[1m FAIL [22m[49m src/services/__tests__/addressService.test.ts[2m > [22maddressService[2m > [22mdeleteAddress[2m > [22mdeletes address on success
[41m[1m FAIL [22m[49m src/services/__tests__/addressService.test.ts[2m > [22maddressService[2m > [22mdeleteAddress[2m > [22mthrows error on 404 not found
[31m[1mInvariant Violation[22m: Failed to patch the "XMLHttpRequest" module: already patched.[39m
[90m [2m❯[22m _XMLHttpRequestInterceptor.apply node_modules/@mswjs/interceptors/lib/node/chunk-JXGB54LE.mjs:[2m80:10[22m[39m
[90m [2m❯[22m BatchInterceptor.setup node_modules/@mswjs/interceptors/lib/node/chunk-SQ6RHTJR.mjs:[2m17:19[22m[39m
[90m [2m❯[22m BatchInterceptor.apply node_modules/@mswjs/interceptors/lib/node/chunk-JXGB54LE.mjs:[2m80:10[22m[39m
[90m [2m❯[22m SetupServerApi.listen node_modules/msw/lib/node/index.mjs:[2m106:22[22m[39m
[36m [2m❯[22m src/services/__tests__/addressService.test.ts:[2m57:10[22m[39m
    [90m 55| [39m
    [90m 56| [39m[34mbeforeEach[39m(() [33m=>[39m {
    [90m 57| [39m  server[33m.[39m[34mlisten[39m({ onUnhandledRequest[33m:[39m [32m'bypass'[39m })[33m;[39m
    [90m   | [39m         [31m^[39m
    [90m 58| [39m})[33m;[39m
    [90m 59| [39m

[31m[2m⎯⎯⎯⎯⎯⎯⎯⎯⎯⎯⎯⎯⎯⎯⎯⎯⎯⎯⎯⎯⎯⎯[15/77]⎯[22m[39m

[41m[1m FAIL [22m[49m src/services/__tests__/authService.test.ts[2m > [22mauthService[2m > [22mrefreshToken[2m > [22mupdates access token successfully
[31m[1mAxiosError[22m: Failed to execute "fetch()" on "Window" with URL "http://localhost:8001/api/v1/auth/refresh/": connect ECONNREFUSED 127.0.0.1:8001[39m
[90m [2m❯[22m handleError node_modules/axios/lib/adapters/xhr.js:[2m112:20[22m[39m
[90m [2m❯[22m XMLHttpRequest.#callDispatchEventListeners node_modules/happy-dom/lib/event/EventTarget.js:[2m276:21[22m[39m
[90m [2m❯[22m XMLHttpRequest.dispatchEvent node_modules/happy-dom/lib/event/EventTarget.js:[2m100:41[22m[39m
[90m [2m❯[22m XMLHttpRequest.#goThroughDispatchEventPhases node_modules/happy-dom/lib/event/EventTarget.js:[2m160:38[22m[39m
[90m [2m❯[22m XMLHttpRequest.dispatchEvent node_modules/happy-dom/lib/event/EventTarget.js:[2m96:47[22m[39m
[90m [2m❯[22m XMLHttpRequest.#dispatchEvent node_modules/happy-dom/lib/xml-http-request/XMLHttpRequest.js:[2m448:14[22m[39m
[90m [2m❯[22m onError node_modules/happy-dom/lib/xml-http-request/XMLHttpRequest.js:[2m315:36[22m[39m
[90m [2m❯[22m XMLHttpRequest.#sendAsync node_modules/happy-dom/lib/xml-http-request/XMLHttpRequest.js:[2m331:13[22m[39m
[90m [2m❯[22m Axios.request node_modules/axios/lib/core/Axios.js:[2m45:41[22m[39m
[36m [2m❯[22m AuthService.refreshToken src/services/authService.ts:[2m115:22[22m[39m
    [90m113| [39m    }
    [90m114| [39m
    [90m115| [39m    const response = await apiClient.post<RefreshTokenResponse>('/auth…
    [90m   | [39m                     [31m^[39m
    [90m116| [39m      refresh[33m:[39m refreshToken[33m,[39m
    [90m117| [39m    })[33m;[39m
[90m [2m❯[22m src/services/__tests__/authService.test.ts:[2m70:22[22m[39m

[31m[2m⎯⎯⎯⎯⎯⎯⎯⎯⎯⎯⎯⎯⎯⎯⎯⎯⎯⎯⎯⎯⎯⎯[16/77]⎯[22m[39m

[41m[1m FAIL [22m[49m src/services/__tests__/bannersService.test.ts[2m > [22mbannersService[2m > [22mgetActive[2m > [22mfetches active banners successfully
[31m[1mAssertionError[22m: expected 'FREESPORT - Спортивные товары для про…' to be 'Test Banner' // Object.is equality[39m

Expected: [32m"Test Banner"[39m
Received: [31m"FREESPORT - Спортивные товары для профессионалов и любителей"[39m

[36m [2m❯[22m src/services/__tests__/bannersService.test.ts:[2m16:31[22m[39m
    [90m 14| [39m
    [90m 15| [39m      [34mexpect[39m(result)[33m.[39m[34mtoHaveLength[39m([34m1[39m)[33m;[39m
    [90m 16| [39m      [34mexpect[39m(result[[34m0[39m][33m.[39mtitle)[33m.[39m[34mtoBe[39m([32m'Test Banner'[39m)[33m;[39m
    [90m   | [39m                              [31m^[39m
    [90m 17| [39m      [34mexpect[39m(result[[34m0[39m][33m.[39mimage_url)[33m.[39m[34mtoBe[39m([32m'/media/banners/test.jpg'[39m)[33m;[39m
    [90m 18| [39m      [34mexpect[39m(result[[34m0[39m][33m.[39mimage_alt)[33m.[39m[34mtoBe[39m([32m'Test banner'[39m)[33m;[39m

[31m[2m⎯⎯⎯⎯⎯⎯⎯⎯⎯⎯⎯⎯⎯⎯⎯⎯⎯⎯⎯⎯⎯⎯[17/77]⎯[22m[39m

[41m[1m FAIL [22m[49m src/services/__tests__/categoriesService.test.ts[2m > [22mcategoriesService[2m > [22mgetAll[2m > [22mfetches categories list successfully
[31m[1mAssertionError[22m: Target cannot be null or undefined.[39m
[36m [2m❯[22m src/services/__tests__/categoriesService.test.ts:[2m32:22[22m[39m
    [90m 30| [39m      [35mconst[39m result [33m=[39m [35mawait[39m categoriesService[33m.[39m[34mgetAll[39m()[33m;[39m
    [90m 31| [39m
    [90m 32| [39m      [34mexpect[39m(result)[33m.[39m[34mtoHaveLength[39m([34m2[39m)[33m;[39m
    [90m   | [39m                     [31m^[39m
    [90m 33| [39m      [34mexpect[39m(result[[34m0[39m][33m.[39mname)[33m.[39m[34mtoBe[39m([32m'Футбол'[39m)[33m;[39m
    [90m 34| [39m      [34mexpect[39m(result[[34m1[39m][33m.[39mname)[33m.[39m[34mtoBe[39m([32m'Баскетбол'[39m)[33m;[39m

[31m[2m⎯⎯⎯⎯⎯⎯⎯⎯⎯⎯⎯⎯⎯⎯⎯⎯⎯⎯⎯⎯⎯⎯[18/77]⎯[22m[39m

[41m[1m FAIL [22m[49m src/services/__tests__/categoriesService.test.ts[2m > [22mcategoriesService[2m > [22mgetAll[2m > [22mhandles empty categories list
[31m[1mAssertionError[22m: Target cannot be null or undefined.[39m
[36m [2m❯[22m src/services/__tests__/categoriesService.test.ts:[2m46:22[22m[39m
    [90m 44| [39m      [35mconst[39m result [33m=[39m [35mawait[39m categoriesService[33m.[39m[34mgetAll[39m()[33m;[39m
    [90m 45| [39m
    [90m 46| [39m      [34mexpect[39m(result)[33m.[39m[34mtoHaveLength[39m([34m0[39m)[33m;[39m
    [90m   | [39m                     [31m^[39m
    [90m 47| [39m    })[33m;[39m
    [90m 48| [39m

[31m[2m⎯⎯⎯⎯⎯⎯⎯⎯⎯⎯⎯⎯⎯⎯⎯⎯⎯⎯⎯⎯⎯⎯[19/77]⎯[22m[39m

[41m[1m FAIL [22m[49m src/services/__tests__/categoriesService.test.ts[2m > [22mcategoriesService[2m > [22mgetTree[2m > [22mfetches category tree successfully
[31m[1mAxiosError[22m: Failed to execute "fetch()" on "Window" with URL "http://localhost:8001/api/v1/categories-tree/": connect ECONNREFUSED 127.0.0.1:8001[39m
[90m [2m❯[22m handleError node_modules/axios/lib/adapters/xhr.js:[2m112:20[22m[39m
[90m [2m❯[22m XMLHttpRequest.#callDispatchEventListeners node_modules/happy-dom/lib/event/EventTarget.js:[2m276:21[22m[39m
[90m [2m❯[22m XMLHttpRequest.dispatchEvent node_modules/happy-dom/lib/event/EventTarget.js:[2m100:41[22m[39m
[90m [2m❯[22m XMLHttpRequest.#goThroughDispatchEventPhases node_modules/happy-dom/lib/event/EventTarget.js:[2m160:38[22m[39m
[90m [2m❯[22m XMLHttpRequest.dispatchEvent node_modules/happy-dom/lib/event/EventTarget.js:[2m96:47[22m[39m
[90m [2m❯[22m XMLHttpRequest.#dispatchEvent node_modules/happy-dom/lib/xml-http-request/XMLHttpRequest.js:[2m448:14[22m[39m
[90m [2m❯[22m onError node_modules/happy-dom/lib/xml-http-request/XMLHttpRequest.js:[2m315:36[22m[39m
[90m [2m❯[22m XMLHttpRequest.#sendAsync node_modules/happy-dom/lib/xml-http-request/XMLHttpRequest.js:[2m331:13[22m[39m
[90m [2m❯[22m Axios.request node_modules/axios/lib/core/Axios.js:[2m45:41[22m[39m
[36m [2m❯[22m CategoriesService.getTree src/services/categoriesService.ts:[2m35:22[22m[39m
    [90m 33| [39m   */[39m
    [90m 34| [39m  [35masync[39m [34mgetTree[39m()[33m:[39m [33mPromise[39m[33m<[39m[33mCategoryTree[39m[][33m>[39m {
    [90m 35| [39m    const response = await apiClient.get<CategoryTree[] | PaginatedRes…
    [90m   | [39m                     [31m^[39m
    [90m 36| [39m      [32m'/categories-tree/'[39m
    [90m 37| [39m    )[33m;[39m
[90m [2m❯[22m src/services/__tests__/categoriesService.test.ts:[2m88:22[22m[39m

[31m[2m⎯⎯⎯⎯⎯⎯⎯⎯⎯⎯⎯⎯⎯⎯⎯⎯⎯⎯⎯⎯⎯⎯[20/77]⎯[22m[39m

[41m[1m FAIL [22m[49m src/services/__tests__/categoriesService.test.ts[2m > [22mcategoriesService[2m > [22mgetTree[2m > [22mhandles empty tree
[31m[1mAxiosError[22m: Failed to execute "fetch()" on "Window" with URL "http://localhost:8001/api/v1/categories-tree/": connect ECONNREFUSED 127.0.0.1:8001[39m
[90m [2m❯[22m handleError node_modules/axios/lib/adapters/xhr.js:[2m112:20[22m[39m
[90m [2m❯[22m XMLHttpRequest.#callDispatchEventListeners node_modules/happy-dom/lib/event/EventTarget.js:[2m276:21[22m[39m
[90m [2m❯[22m XMLHttpRequest.dispatchEvent node_modules/happy-dom/lib/event/EventTarget.js:[2m100:41[22m[39m
[90m [2m❯[22m XMLHttpRequest.#goThroughDispatchEventPhases node_modules/happy-dom/lib/event/EventTarget.js:[2m160:38[22m[39m
[90m [2m❯[22m XMLHttpRequest.dispatchEvent node_modules/happy-dom/lib/event/EventTarget.js:[2m96:47[22m[39m
[90m [2m❯[22m XMLHttpRequest.#dispatchEvent node_modules/happy-dom/lib/xml-http-request/XMLHttpRequest.js:[2m448:14[22m[39m
[90m [2m❯[22m onError node_modules/happy-dom/lib/xml-http-request/XMLHttpRequest.js:[2m315:36[22m[39m
[90m [2m❯[22m XMLHttpRequest.#sendAsync node_modules/happy-dom/lib/xml-http-request/XMLHttpRequest.js:[2m331:13[22m[39m
[90m [2m❯[22m Axios.request node_modules/axios/lib/core/Axios.js:[2m45:41[22m[39m
[36m [2m❯[22m CategoriesService.getTree src/services/categoriesService.ts:[2m35:22[22m[39m
    [90m 33| [39m   */[39m
    [90m 34| [39m  [35masync[39m [34mgetTree[39m()[33m:[39m [33mPromise[39m[33m<[39m[33mCategoryTree[39m[][33m>[39m {
    [90m 35| [39m    const response = await apiClient.get<CategoryTree[] | PaginatedRes…
    [90m   | [39m                     [31m^[39m
    [90m 36| [39m      [32m'/categories-tree/'[39m
    [90m 37| [39m    )[33m;[39m
[90m [2m❯[22m src/services/__tests__/categoriesService.test.ts:[2m102:22[22m[39m

[31m[2m⎯⎯⎯⎯⎯⎯⎯⎯⎯⎯⎯⎯⎯⎯⎯⎯⎯⎯⎯⎯⎯⎯[21/77]⎯[22m[39m

[41m[1m FAIL [22m[49m src/services/__tests__/favoriteService.test.ts[2m > [22mfavoriteService[2m > [22mgetFavorites[2m > [22mreturns list of favorites on success
[31m[1mError[22m: Не удалось загрузить избранное. Попробуйте снова.[39m
[36m [2m❯[22m getFavorites src/services/favoriteService.ts:[2m59:11[22m[39m
    [90m 57| [39m      }
    [90m 58| [39m    }
    [90m 59| [39m    throw new Error('Не удалось загрузить избранное. Попробуйте снова.…
    [90m   | [39m          [31m^[39m
    [90m 60| [39m  }
    [90m 61| [39m}
[90m [2m❯[22m src/services/__tests__/favoriteService.test.ts:[2m70:22[22m[39m

[31m[2m⎯⎯⎯⎯⎯⎯⎯⎯⎯⎯⎯⎯⎯⎯⎯⎯⎯⎯⎯⎯⎯⎯[22/77]⎯[22m[39m

[41m[1m FAIL [22m[49m src/services/__tests__/favoriteService.test.ts[2m > [22mfavoriteService[2m > [22mgetFavorites[2m > [22mthrows error on 401 unauthorized
[41m[1m FAIL [22m[49m src/services/__tests__/favoriteService.test.ts[2m > [22mfavoriteService[2m > [22maddFavorite[2m > [22madds product to favorites on success
[41m[1m FAIL [22m[49m src/services/__tests__/favoriteService.test.ts[2m > [22mfavoriteService[2m > [22maddFavorite[2m > [22mthrows error when product already in favorites
[41m[1m FAIL [22m[49m src/services/__tests__/favoriteService.test.ts[2m > [22mfavoriteService[2m > [22maddFavorite[2m > [22mthrows FavoriteValidationError on other 400 errors
[41m[1m FAIL [22m[49m src/services/__tests__/favoriteService.test.ts[2m > [22mfavoriteService[2m > [22mremoveFavorite[2m > [22mremoves favorite on success
[41m[1m FAIL [22m[49m src/services/__tests__/favoriteService.test.ts[2m > [22mfavoriteService[2m > [22mremoveFavorite[2m > [22mthrows error on 404 not found
[41m[1m FAIL [22m[49m src/services/__tests__/favoriteService.test.ts[2m > [22mfavoriteService[2m > [22mremoveFavorite[2m > [22mthrows error on 401 unauthorized
[31m[1mInvariant Violation[22m: Failed to patch the "XMLHttpRequest" module: already patched.[39m
[90m [2m❯[22m _XMLHttpRequestInterceptor.apply node_modules/@mswjs/interceptors/lib/node/chunk-JXGB54LE.mjs:[2m80:10[22m[39m
[90m [2m❯[22m BatchInterceptor.setup node_modules/@mswjs/interceptors/lib/node/chunk-SQ6RHTJR.mjs:[2m17:19[22m[39m
[90m [2m❯[22m BatchInterceptor.apply node_modules/@mswjs/interceptors/lib/node/chunk-JXGB54LE.mjs:[2m80:10[22m[39m
[90m [2m❯[22m SetupServerApi.listen node_modules/msw/lib/node/index.mjs:[2m106:22[22m[39m
[36m [2m❯[22m src/services/__tests__/favoriteService.test.ts:[2m48:10[22m[39m
    [90m 46| [39m
    [90m 47| [39m[34mbeforeEach[39m(() [33m=>[39m {
    [90m 48| [39m  server[33m.[39m[34mlisten[39m({ onUnhandledRequest[33m:[39m [32m'bypass'[39m })[33m;[39m
    [90m   | [39m         [31m^[39m
    [90m 49| [39m})[33m;[39m
    [90m 50| [39m

[31m[2m⎯⎯⎯⎯⎯⎯⎯⎯⎯⎯⎯⎯⎯⎯⎯⎯⎯⎯⎯⎯⎯⎯[23/77]⎯[22m[39m

[41m[1m FAIL [22m[49m src/services/__tests__/productsService.integration.test.ts[2m > [22mproductsService Integration Tests[2m > [22mgetProductBySlug[2m > [22mполучает детальную информацию о товаре по slug
[31m[1mAssertionError[22m: expected { id: 101, …(14) } to deeply equal { id: 101, …(15) }[39m

[32m- Expected[39m
[31m+ Received[39m

[33m@@ -1,58 +1,46 @@[39m
[2m  {[22m
[32m-   "brand": "ASICS",[39m
[31m+   "brand": "",[39m
[2m    "can_be_ordered": true,[22m
[2m    "category": {[22m
[32m-     "breadcrumbs": [[39m
[32m-       "Главная",[39m
[32m-       "Обувь",[39m
[32m-       "Зал",[39m
[32m-       "ASICS",[39m
[32m-     ],[39m
[32m-     "id": 1,[39m
[32m-     "name": "Обувь",[39m
[32m-     "slug": "obuv",[39m
[31m+     "breadcrumbs": [],[39m
[31m+     "id": 0,[39m
[31m+     "name": "[object Object]",[39m
[31m+     "slug": "",[39m
[2m    },[22m
[2m    "description": "Профессиональные кроссовки для интенсивных тренировок",[22m
[32m-   "full_description": "ASICS Gel-Blast FF - это кроссовки нового поколения для игры в зале. Технология FlyteFoam обеспечивает превосходную амортизацию при минимальном весе. Гелевая прокладка в пятке гарантирует комфорт при приземлении.",[39m
[31m+   "full_description": "Профессиональные кроссовки для интенсивных тренировок",[39m
[2m    "id": 101,[22m
[2m    "images": [[22m
[2m      {[22m
[2m        "alt_text": "ASICS Gel-Blast FF front",[22m
[32m-       "id": 1,[39m
[32m-       "image": "https://cdn.freesport.ru/products/asics-gel-blast-ff/main.jpg",[39m
[32m-       "is_primary": true,[39m
[31m+       "image": "/images/No_image.svg",[39m
[31m+       "is_primary": undefined,[39m
[2m      },[22m
[2m      {[22m
[2m        "alt_text": "ASICS Gel-Blast FF side",[22m
[32m-       "id": 2,[39m
[32m-       "image": "https://cdn.freesport.ru/products/asics-gel-blast-ff/side.jpg",[39m
[32m-       "is_primary": false,[39m
[31m+       "image": "/images/No_image.svg",[39m
[31m+       "is_primary": undefined,[39m
[2m      },[22m
[2m      {[22m
[2m        "alt_text": "ASICS Gel-Blast FF back",[22m
[32m-       "id": 3,[39m
[32m-       "image": "https://cdn.freesport.ru/products/asics-gel-blast-ff/back.jpg",[39m
[32m-       "is_primary": false,[39m
[31m+       "image": "/images/No_image.svg",[39m
[31m+       "is_primary": undefined,[39m
[2m      },[22m
[2m    ],[22m
[2m    "is_in_stock": true,[22m
[2m    "name": "ASICS Gel-Blast FF",[22m
[2m    "price": {[22m
[2m      "currency": "RUB",[22m
[32m-     "federation": 9990,[39m
[32m-     "retail": 12990,[39m
[32m-     "trainer": 10990,[39m
[31m+     "retail": 0,[39m
[2m      "wholesale": {[22m
[32m-       "level1": 11890,[39m
[32m-       "level2": 11290,[39m
[32m-       "level3": 10790,[39m
[31m+       "level1": undefined,[39m
[31m+       "level2": undefined,[39m
[31m+       "level3": undefined,[39m
[2m      },[22m
[2m    },[22m
[32m-   "rating": 4.7,[39m
[32m-   "reviews_count": 38,[39m
[32m-   "sku": "AS-GB-FF-2025",[39m
[31m+   "sku": "SKU-101",[39m
[2m    "slug": "asics-gel-blast-ff",[22m
[2m    "specifications": {[22m
[2m      "Вес": "310 г",[22m
[2m      "Материал": "Полиамид + сетка",[22m
[2m      "Назначение": "Зальный гандбол, волейбол",[22m
[33m@@ -60,6 +48,7 @@[39m
[2m      "Страна производства": "Вьетнам",[22m
[2m      "Технологии": "FlyteFoam, Gel, Trusstic System",[22m
[2m      "Цвета": "black, lime",[22m
[2m    },[22m
[2m    "stock_quantity": 34,[22m
[31m+   "variants": undefined,[39m
[2m  }[22m

[36m [2m❯[22m src/services/__tests__/productsService.integration.test.ts:[2m24:23[22m[39m
    [90m 22| [39m      const product = await productsService.getProductBySlug('asics-ge…
    [90m 23| [39m
    [90m 24| [39m      [34mexpect[39m(product)[33m.[39m[34mtoEqual[39m([33mMOCK_PRODUCT_DETAIL[39m)[33m;[39m
    [90m   | [39m                      [31m^[39m
    [90m 25| [39m      [34mexpect[39m(product[33m.[39mid)[33m.[39m[34mtoBe[39m([34m101[39m)[33m;[39m
    [90m 26| [39m      [34mexpect[39m(product[33m.[39mname)[33m.[39m[34mtoBe[39m([32m'ASICS Gel-Blast FF'[39m)[33m;[39m

[31m[2m⎯⎯⎯⎯⎯⎯⎯⎯⎯⎯⎯⎯⎯⎯⎯⎯⎯⎯⎯⎯⎯⎯[24/77]⎯[22m[39m

[41m[1m FAIL [22m[49m src/services/__tests__/productsService.integration.test.ts[2m > [22mproductsService Integration Tests[2m > [22mgetProductBySlug[2m > [22mвозвращает корректную структуру цен
[31m[1mAssertionError[22m: expected { retail: +0, …(2) } to have property "trainer"[39m
[36m [2m❯[22m src/services/__tests__/productsService.integration.test.ts:[2m54:29[22m[39m
    [90m 52| [39m      [34mexpect[39m(product[33m.[39mprice)[33m.[39m[34mtoHaveProperty[39m([32m'retail'[39m)[33m;[39m
    [90m 53| [39m      [34mexpect[39m(product[33m.[39mprice)[33m.[39m[34mtoHaveProperty[39m([32m'wholesale'[39m)[33m;[39m
    [90m 54| [39m      [34mexpect[39m(product[33m.[39mprice)[33m.[39m[34mtoHaveProperty[39m([32m'trainer'[39m)[33m;[39m
    [90m   | [39m                            [31m^[39m
    [90m 55| [39m      [34mexpect[39m(product[33m.[39mprice)[33m.[39m[34mtoHaveProperty[39m([32m'federation'[39m)[33m;[39m
    [90m 56| [39m      [34mexpect[39m(product[33m.[39mprice)[33m.[39m[34mtoHaveProperty[39m([32m'currency'[39m)[33m;[39m

[31m[2m⎯⎯⎯⎯⎯⎯⎯⎯⎯⎯⎯⎯⎯⎯⎯⎯⎯⎯⎯⎯⎯⎯[25/77]⎯[22m[39m

[41m[1m FAIL [22m[49m src/services/__tests__/productsService.integration.test.ts[2m > [22mproductsService Integration Tests[2m > [22mgetProductBySlug[2m > [22mвозвращает корректную структуру категории с breadcrumbs
[31m[1mAssertionError[22m: expected [] to deeply equal [ 'Главная', 'Обувь', 'Зал', 'ASICS' ][39m

[32m- Expected[39m
[31m+ Received[39m

[32m- [[39m
[32m-   "Главная",[39m
[32m-   "Обувь",[39m
[32m-   "Зал",[39m
[32m-   "ASICS",[39m
[32m- ][39m
[31m+ [][39m

[36m [2m❯[22m src/services/__tests__/productsService.integration.test.ts:[2m75:44[22m[39m
    [90m 73| [39m      [34mexpect[39m(product[33m.[39mcategory)[33m.[39m[34mtoHaveProperty[39m([32m'breadcrumbs'[39m)[33m;[39m
    [90m 74| [39m
    [90m 75| [39m      expect(product.category.breadcrumbs).toEqual(['Главная', 'Обувь'…
    [90m   | [39m                                           [31m^[39m
    [90m 76| [39m    })[33m;[39m
    [90m 77| [39m

[31m[2m⎯⎯⎯⎯⎯⎯⎯⎯⎯⎯⎯⎯⎯⎯⎯⎯⎯⎯⎯⎯⎯⎯[26/77]⎯[22m[39m

[41m[1m FAIL [22m[49m src/services/__tests__/productsService.integration.test.ts[2m > [22mproductsService Integration Tests[2m > [22mgetProductBySlug[2m > [22mвозвращает изображения товара
[31m[1mAssertionError[22m: expected { image: '/images/No_image.svg', …(2) } to have property "id"[39m
[36m [2m❯[22m src/services/__tests__/productsService.integration.test.ts:[2m82:33[22m[39m
    [90m 80| [39m
    [90m 81| [39m      [34mexpect[39m(product[33m.[39mimages)[33m.[39m[34mtoHaveLength[39m([34m3[39m)[33m;[39m
    [90m 82| [39m      [34mexpect[39m(product[33m.[39mimages[[34m0[39m])[33m.[39m[34mtoHaveProperty[39m([32m'id'[39m)[33m;[39m
    [90m   | [39m                                [31m^[39m
    [90m 83| [39m      [34mexpect[39m(product[33m.[39mimages[[34m0[39m])[33m.[39m[34mtoHaveProperty[39m([32m'image'[39m)[33m;[39m
    [90m 84| [39m      [34mexpect[39m(product[33m.[39mimages[[34m0[39m])[33m.[39m[34mtoHaveProperty[39m([32m'is_primary'[39m)[33m;[39m

[31m[2m⎯⎯⎯⎯⎯⎯⎯⎯⎯⎯⎯⎯⎯⎯⎯⎯⎯⎯⎯⎯⎯⎯[27/77]⎯[22m[39m

[41m[1m FAIL [22m[49m src/services/__tests__/productsService.integration.test.ts[2m > [22mproductsService Integration Tests[2m > [22mgetProductBySlug[2m > [22mвозвращает рейтинг и отзывы
[31m[1mAssertionError[22m: expected undefined to be 4.7 // Object.is equality[39m

[32m- Expected:[39m 
4.7

[31m+ Received:[39m 
undefined

[36m [2m❯[22m src/services/__tests__/productsService.integration.test.ts:[2m91:30[22m[39m
    [90m 89| [39m      const product = await productsService.getProductBySlug('asics-ge…
    [90m 90| [39m
    [90m 91| [39m      [34mexpect[39m(product[33m.[39mrating)[33m.[39m[34mtoBe[39m([34m4.7[39m)[33m;[39m
    [90m   | [39m                             [31m^[39m
    [90m 92| [39m      [34mexpect[39m(product[33m.[39mreviews_count)[33m.[39m[34mtoBe[39m([34m38[39m)[33m;[39m
    [90m 93| [39m    })[33m;[39m

[31m[2m⎯⎯⎯⎯⎯⎯⎯⎯⎯⎯⎯⎯⎯⎯⎯⎯⎯⎯⎯⎯⎯⎯[28/77]⎯[22m[39m

[41m[1m FAIL [22m[49m src/services/__tests__/productsService.integration.test.ts[2m > [22mproductsService Integration Tests[2m > [22mgetProductBySlug[2m > [22mвыбрасывает ошибку для несуществующего товара
[31m[1mAssertionError[22m: promise resolved "{ id: 1, slug: 'test-product', …(13) }" instead of rejecting[39m

[32m- Expected[39m
[31m+ Received[39m

[32m- Error {[39m
[32m-   "message": "rejected promise",[39m
[31m+ {[39m
[31m+   "brand": "",[39m
[31m+   "can_be_ordered": undefined,[39m
[31m+   "category": {[39m
[31m+     "breadcrumbs": [],[39m
[31m+     "id": 0,[39m
[31m+     "name": "[object Object]",[39m
[31m+     "slug": "",[39m
[31m+   },[39m
[31m+   "description": "Test Product Description",[39m
[31m+   "full_description": "Test Product Description",[39m
[31m+   "id": 1,[39m
[31m+   "images": [[39m
[31m+     {[39m
[31m+       "alt_text": "Test Product",[39m
[31m+       "image": "/images/No_image.svg",[39m
[31m+       "is_primary": undefined,[39m
[31m+     },[39m
[31m+   ],[39m
[31m+   "is_in_stock": true,[39m
[31m+   "name": "Test Product",[39m
[31m+   "price": {[39m
[31m+     "currency": "RUB",[39m
[31m+     "retail": 2500,[39m
[31m+     "wholesale": {[39m
[31m+       "level1": undefined,[39m
[31m+       "level2": undefined,[39m
[31m+       "level3": undefined,[39m
[31m+     },[39m
[31m+   },[39m
[31m+   "sku": "SKU-1",[39m
[31m+   "slug": "test-product",[39m
[31m+   "specifications": undefined,[39m
[31m+   "stock_quantity": 0,[39m
[31m+   "variants": undefined,[39m
[2m  }[22m

[36m [2m❯[22m src/services/__tests__/productsService.integration.test.ts:[2m120:73[22m[39m
    [90m118| [39m
    [90m119| [39m    [34mit[39m([32m'выбрасывает ошибку для несуществующего товара'[39m[33m,[39m [35masync[39m () [33m=>[39m {
    [90m120| [39m      await expect(productsService.getProductBySlug('non-existent-slug…
    [90m   | [39m                                                                        [31m^[39m
    [90m121| [39m    })[33m;[39m
    [90m122| [39m  })[33m;[39m

[31m[2m⎯⎯⎯⎯⎯⎯⎯⎯⎯⎯⎯⎯⎯⎯⎯⎯⎯⎯⎯⎯⎯⎯[29/77]⎯[22m[39m

[41m[1m FAIL [22m[49m src/app/checkout/__tests__/page.test.tsx[2m > [22mCheckoutPage[2m > [22mОтображение корзины[2m > [22mдолжен показывать сообщение о пустой корзине
[31m[1mTestingLibraryElementError[22m[39m: Found multiple elements with the text: Корзина пуста

Here are the matching elements:

Ignored nodes: comments, script, style
[36m<div[39m
  [33mclass[39m=[32m"text-body-m font-semibold text-text-primary mb-1"[39m
[36m>[39m
  [0mКорзина пуста[0m
[36m</div>[39m

Ignored nodes: comments, script, style
[36m<p[39m
  [33mclass[39m=[32m"text-sm text-gray-600"[39m
[36m>[39m
  [0mКорзина пуста[0m
[36m</p>[39m

(If this is intentional, then use the `*AllBy*` variant of the query (like `queryAllByText`, `getAllByText`, or `findAllByText`)).

Ignored nodes: comments, script, style
[36m<body>[39m
  [36m<div>[39m
    [36m<div[39m
      [33mclass[39m=[32m"container mx-auto px-4 py-8 sm:px-6 lg:px-8"[39m
    [36m>[39m
      [36m<div[39m
        [33mclass[39m=[32m"mb-6"[39m
      [36m>[39m
        [36m<h1[39m
          [33mclass[39m=[32m"text-2xl font-bold text-gray-900 sm:text-3xl"[39m
        [36m>[39m
          [0mОформление заказа[0m
        [36m</h1>[39m
      [36m</div>[39m
      [36m<form[39m
        [33mnovalidate[39m=[32m""[39m
      [36m>[39m
        [36m<div[39m
          [33mclass[39m=[32m"relative grid grid-cols-[auto_1fr] gap-4 p-5 rounded-md bg-amber-50 border border-amber-200 transition-opacity duration-[200ms] mb-6"[39m
          [33mrole[39m=[32m"alert"[39m
        [36m>[39m
          [36m<div[39m
            [33mclass[39m=[32m"flex items-start justify-center w-12 h-12 rounded-xl bg-amber-100"[39m
          [36m>[39m
            [36m<div[39m
              [33mclass[39m=[32m"w-6 h-6 flex items-center justify-center mt-3 text-amber-600"[39m
            [36m>[39m
              [36m<svg[39m
                [33maria-hidden[39m=[32m"true"[39m
                [33mclass[39m=[32m"lucide lucide-triangle-alert w-full h-full"[39m
                [33mfill[39m=[32m"none"[39m
                [33mheight[39m=[32m"24"[39m
                [33mstroke[39m=[32m"currentColor"[39m
                [33mstroke-linecap[39m=[32m"round"[39m
                [33mstroke-linejoin[39m=[32m"round"[39m
                [33mstroke-width[39m=[32m"2"[39m
                [33mviewBox[39m=[32m"0 0 24 24"[39m
                [33mwidth[39m=[32m"24"[39m
                [33mxmlns[39m=[32m"http://www.w3.org/2000/svg"[39m
              [36m>[39m
                [36m<path[39m
                  [33md[39m=[32m"m21.73 18-8-14a2 2 0 0 0-3.48 0l-8 14A2 2 0 0 0 4 21h16a2 2 0 0 0 1.73-3"[39m
                [36m/>[39m
                [36m<path[39m
                  [33md[39m=[32m"M12 9v4"[39m
                [36m/>[39m
                [36m<path[39m
                  [33md[39m=[32m"M12 17h.01"[39m
                [36m/>[39m
              [36m</svg>[39m
            [36m</div>[39m
          [36m</div>[39m
          [36m<div[39m
            [33mclass[39m=[32m"flex-1"[39m
          [36m>[39m
            [36m<div[39m
              [33mclass[39m=[32m"text-body-m font-semibold text-text-primary mb-1"[39m
            [36m>[39m
              [0mКорзина пуста[0m
            [36m</div>[39m
            [36m<div[39m
              [33mclass[39m=[32m"text-body-m text-text-secondary whitespace-normal break-words pr-8"[39m
            [36m>[39m
              [0mДобавьте товары в корзину для оформления заказа[0m
            [36m</div>[39m
          [36m</div>[39m
        [36m</div>[39m
        [36m<div[39m
          [33mclass[39m=[32m"grid grid-cols-1 gap-6 lg:grid-cols-3"[39m
        [36m>[39m
          [36m<div[39m
            [33mclass[39m=[32m"space-y-6 lg:col-span-2"[39m
          [36m>[39m
            [36m<section[39m
              [33maria-labelledby[39m=[32m"contact-section"[39m
              [33mclass[39m=[32m"rounded-lg bg-white p-6 shadow-sm"[39m
            [36m>[39m
              [36m<h2[39m
                [33mclass[39m=[32m"mb-4 text-lg font-semibold text-gray-900"[39m
                [33mid[39m=[32m"contact-section"[39m
              [36m>[39m
                [0mКонтактные данные[0m
              [36m</h2>[39m
              [36m<div[39m
                [33mclass[39m=[32m"grid grid-cols-1 gap-4 md:grid-cols-2"[39m
              [36m>[39m
                [36m<div[39m
                  [33mclass[39m=[32m"md:col-span-2"[39m
                [36m>[39m
                  [36m<div[39m
                    [33mclass[39m=[32m"w-full"[39m
                  [36m>[39m
                    [36m<label[39m
                      [33mclass[39m=[32m"block font-medium text-[var(--color-text-primary)] mb-1"[39m
                      [33mfor[39m=[32m"input-email"[39m
                    [36m>[39m
                      [0mEmail[0m
                    [36m</label>[39m
                    [36m<div[39m
                      [33mclass[39m=[32m"relative"[39m
                    [36m>[39m
                      [36m<input[39m
                        [33maria-invalid[39m=[32m"false"[39m
                        [33maria-required[39m=[32m"true"[39m
                        [33mautocomplete[39m=[32m"email"[39m
                        [33mclass[39m=[32m"w-full h-10 px-4 rounded-sm text-[var(--color-text-primary)] bg-[var(--color-neutral-100)] border border-[var(--color-neutral-400)] transition-colors duration-[var(--duration-short)] placeholder:text-[var(--color-neutral-500)] placeholder:truncate focus:outline-none focus:ring-4 focus:ring-primary/12 focus:outline-primary/60"[39m
                        [33mid[39m=[32m"input-email"[39m
                        [33mname[39m=[32m"email"[39m
                        [33mplaceholder[39m=[32m"example@mail.com"[39m
                        [33mtype[39m=[32m"email"[39m
                      [36m/>[39m
                      [36m<div[39m
                        [33mclass[39m=[32m"absolute right-3 top-1/2 -translate-y-1/2 flex items-center"[39m
                      [36m/>[39m
                    [36m</div>[39m
                  [36m</div>[39m
                [36m</div>[39m
                [36m<div[39m
                  [33mclass[39m=[32m"md:col-span-2"[39m
                [36m>[39m
                  [36m<div[39m
                    [33mclass[39m=[32m"w-full"[39m
                  [36m>[39m
                    [36m<label[39m
                      [33mclass[39m=[32m"block font-medium text-[var(--color-text-primary)] mb-1"[39m
                      [33mfor[39m=[32m"input-телефон"[39m
                    [36m>[39m
                      [0mТелефон[0m
                    [36m</label>[39m
                    [36m<div[39m
                      [33mclass[39m=[32m"relative"[39m
                    [36m>[39m
                      [36m<input[39m
                        [33maria-invalid[39m=[32m"false"[39m
                        [33maria-required[39m=[32m"true"[39m
                        [33mautocomplete[39m=[32m"tel"[39m
                        [33mclass[39m=[32m"w-full h-10 px-4 rounded-sm text-[var(--color-text-primary)] bg-[var(--color-neutral-100)] border border-[var(--color-neutral-400)] transition-colors duration-[var(--duration-short)] placeholder:text-[var(--color-neutral-500)] placeholder:truncate focus:outline-none focus:ring-4 focus:ring-primary/12 focus:outline-primary/60"[39m
                        [33mid[39m=[32m"input-телефон"[39m
                        [33mname[39m=[32m"phone"[39m
                   ...
[90m [2m❯[22m Object.getElementError node_modules/@testing-library/dom/dist/config.js:[2m37:19[22m[39m
[90m [2m❯[22m getElementError node_modules/@testing-library/dom/dist/query-helpers.js:[2m20:35[22m[39m
[90m [2m❯[22m getMultipleElementsFoundError node_modules/@testing-library/dom/dist/query-helpers.js:[2m23:10[22m[39m
[90m [2m❯[22m node_modules/@testing-library/dom/dist/query-helpers.js:[2m55:13[22m[39m
[90m [2m❯[22m node_modules/@testing-library/dom/dist/query-helpers.js:[2m95:19[22m[39m
[36m [2m❯[22m src/app/checkout/__tests__/page.test.tsx:[2m176:21[22m[39m
    [90m174| [39m      [34mrender[39m([33m<[39m[33mCheckoutPageClient[39m [33m/[39m[33m>[39m)[33m;[39m
    [90m175| [39m
    [90m176| [39m      [34mexpect[39m(screen[33m.[39m[34mgetByText[39m([32m'Корзина пуста'[39m))[33m.[39m[34mtoBeInTheDocument[39m()[33m;[39m
    [90m   | [39m                    [31m^[39m
    [90m177| [39m    })[33m;[39m
    [90m178| [39m  })[33m;[39m

[31m[2m⎯⎯⎯⎯⎯⎯⎯⎯⎯⎯⎯⎯⎯⎯⎯⎯⎯⎯⎯⎯⎯⎯[30/77]⎯[22m[39m

[41m[1m FAIL [22m[49m src/app/news/__tests__/page.test.tsx[2m > [22mNewsPage (/news)[2m > [22mBreadcrumb навигация[2m > [22mдолжна иметь ссылку на главную
[31m[1mError[22m: [2mexpect([22m[31melement[31m[2m).toHaveAttribute([22m[32m[32m"href"[32m[31m[2m, [22m[32m[32m"/"[32m[31m[2m) // element.getAttribute("href") === "/"[22m

Expected the element to have attribute:
[32m  href="/"[31m
Received:
[31m  href="/test"[31m[39m
[36m [2m❯[22m src/app/news/__tests__/page.test.tsx:[2m131:24[22m[39m
    [90m129| [39m      [34mrender[39m([35mawait[39m [33mNewsPage[39m({ searchParams[33m:[39m [33mPromise[39m[33m.[39m[34mresolve[39m({}) }))[33m;[39m
    [90m130| [39m      [35mconst[39m homeLink [33m=[39m screen[33m.[39m[34mgetByText[39m([32m'Главная'[39m)[33m.[39m[34mclosest[39m([32m'a'[39m)[33m;[39m
    [90m131| [39m      [34mexpect[39m(homeLink)[33m.[39m[34mtoHaveAttribute[39m([32m'href'[39m[33m,[39m [32m'/'[39m)[33m;[39m
    [90m   | [39m                       [31m^[39m
    [90m132| [39m    })[33m;[39m
    [90m133| [39m  })[33m;[39m

[31m[2m⎯⎯⎯⎯⎯⎯⎯⎯⎯⎯⎯⎯⎯⎯⎯⎯⎯⎯⎯⎯⎯⎯[31/77]⎯[22m[39m

[41m[1m FAIL [22m[49m src/app/news/__tests__/page.test.tsx[2m > [22mNewsPage (/news)[2m > [22mСписок новостей[2m > [22mдолжна иметь ссылки на детальные страницы новостей
[31m[1mAssertionError[22m: expected 0 to be greater than or equal to 2[39m
[36m [2m❯[22m src/app/news/__tests__/page.test.tsx:[2m154:28[22m[39m
    [90m152| [39m      const { container } = render(await NewsPage({ searchParams: Prom…
    [90m153| [39m      [35mconst[39m links [33m=[39m container[33m.[39m[34mquerySelectorAll[39m([32m'a[href^="/news/"]'[39m)[33m;[39m
    [90m154| [39m      [34mexpect[39m(links[33m.[39mlength)[33m.[39m[34mtoBeGreaterThanOrEqual[39m([34m2[39m)[33m;[39m
    [90m   | [39m                           [31m^[39m
    [90m155| [39m    })[33m;[39m
    [90m156| [39m

[31m[2m⎯⎯⎯⎯⎯⎯⎯⎯⎯⎯⎯⎯⎯⎯⎯⎯⎯⎯⎯⎯⎯⎯[32/77]⎯[22m[39m

[41m[1m FAIL [22m[49m src/components/business/OrderDetail/OrderDetail.test.tsx[2m > [22mOrderDetail[2m > [22mrenders order items table
[31m[1mTestingLibraryElementError[22m[39m: Found multiple elements with the text: Кроссовки Nike Air Max

Here are the matching elements:

Ignored nodes: comments, script, style
[36m<span[39m
  [33mclass[39m=[32m"text-body-m text-text-primary"[39m
[36m>[39m
  [0mКроссовки Nike Air Max[0m
[36m</span>[39m

Ignored nodes: comments, script, style
[36m<h4[39m
  [33mclass[39m=[32m"text-body-m font-medium text-text-primary"[39m
[36m>[39m
  [0mКроссовки Nike Air Max[0m
[36m</h4>[39m

(If this is intentional, then use the `*AllBy*` variant of the query (like `queryAllByText`, `getAllByText`, or `findAllByText`)).

Ignored nodes: comments, script, style
[36m<body>[39m
  [36m<div>[39m
    [36m<div[39m
      [33mclass[39m=[32m"w-full"[39m
    [36m>[39m
      [36m<a[39m
        [33mhref[39m=[32m"/profile/orders"[39m
      [36m>[39m
        [36m<svg[39m
          [33maria-hidden[39m=[32m"true"[39m
          [33mclass[39m=[32m"lucide lucide-arrow-left w-4 h-4"[39m
          [33mfill[39m=[32m"none"[39m
          [33mheight[39m=[32m"24"[39m
          [33mstroke[39m=[32m"currentColor"[39m
          [33mstroke-linecap[39m=[32m"round"[39m
          [33mstroke-linejoin[39m=[32m"round"[39m
          [33mstroke-width[39m=[32m"2"[39m
          [33mviewBox[39m=[32m"0 0 24 24"[39m
          [33mwidth[39m=[32m"24"[39m
          [33mxmlns[39m=[32m"http://www.w3.org/2000/svg"[39m
        [36m>[39m
          [36m<path[39m
            [33md[39m=[32m"m12 19-7-7 7-7"[39m
          [36m/>[39m
          [36m<path[39m
            [33md[39m=[32m"M19 12H5"[39m
          [36m/>[39m
        [36m</svg>[39m
        [0mВернуться к списку заказов[0m
      [36m</a>[39m
      [36m<div[39m
        [33mclass[39m=[32m"flex flex-col sm:flex-row sm:items-start sm:justify-between gap-4 mb-6"[39m
      [36m>[39m
        [36m<div>[39m
          [36m<h1[39m
            [33mclass[39m=[32m"text-title-l font-bold text-text-primary"[39m
          [36m>[39m
            [0mЗаказ №[0m
            [0mORD-2025-001[0m
          [36m</h1>[39m
          [36m<div[39m
            [33mclass[39m=[32m"flex items-center gap-2 mt-2 text-body-m text-text-muted"[39m
          [36m>[39m
            [36m<svg[39m
              [33maria-hidden[39m=[32m"true"[39m
              [33mclass[39m=[32m"lucide lucide-calendar w-4 h-4"[39m
              [33mfill[39m=[32m"none"[39m
              [33mheight[39m=[32m"24"[39m
              [33mstroke[39m=[32m"currentColor"[39m
              [33mstroke-linecap[39m=[32m"round"[39m
              [33mstroke-linejoin[39m=[32m"round"[39m
              [33mstroke-width[39m=[32m"2"[39m
              [33mviewBox[39m=[32m"0 0 24 24"[39m
              [33mwidth[39m=[32m"24"[39m
              [33mxmlns[39m=[32m"http://www.w3.org/2000/svg"[39m
            [36m>[39m
              [36m<path[39m
                [33md[39m=[32m"M8 2v4"[39m
              [36m/>[39m
              [36m<path[39m
                [33md[39m=[32m"M16 2v4"[39m
              [36m/>[39m
              [36m<rect[39m
                [33mheight[39m=[32m"18"[39m
                [33mrx[39m=[32m"2"[39m
                [33mwidth[39m=[32m"18"[39m
                [33mx[39m=[32m"3"[39m
                [33my[39m=[32m"4"[39m
              [36m/>[39m
              [36m<path[39m
                [33md[39m=[32m"M3 10h18"[39m
              [36m/>[39m
            [36m</svg>[39m
            [36m<span>[39m
              [0m15 января 2025 г. в 10:30[0m
            [36m</span>[39m
          [36m</div>[39m
        [36m</div>[39m
        [36m<span[39m
          [33mclass[39m=[32m"inline-flex items-center gap-1 px-2 py-0.5 rounded-full text-[11px] leading-[14px] font-medium bg-[#FFF1CC] text-[#B07600] self-start"[39m
        [36m>[39m
          [36m<svg[39m
            [33maria-hidden[39m=[32m"true"[39m
            [33mclass[39m=[32m"lucide lucide-clock w-3 h-3"[39m
            [33mfill[39m=[32m"none"[39m
            [33mheight[39m=[32m"24"[39m
            [33mstroke[39m=[32m"currentColor"[39m
            [33mstroke-linecap[39m=[32m"round"[39m
            [33mstroke-linejoin[39m=[32m"round"[39m
            [33mstroke-width[39m=[32m"2"[39m
            [33mviewBox[39m=[32m"0 0 24 24"[39m
            [33mwidth[39m=[32m"24"[39m
            [33mxmlns[39m=[32m"http://www.w3.org/2000/svg"[39m
          [36m>[39m
            [36m<path[39m
              [33md[39m=[32m"M12 6v6l4 2"[39m
            [36m/>[39m
            [36m<circle[39m
              [33mcx[39m=[32m"12"[39m
              [33mcy[39m=[32m"12"[39m
              [33mr[39m=[32m"10"[39m
            [36m/>[39m
          [36m</svg>[39m
          [0mНовый[0m
        [36m</span>[39m
      [36m</div>[39m
      [36m<div[39m
        [33mclass[39m=[32m"bg-neutral-100 rounded-md p-6 shadow-default transition-all duration-medium mb-4"[39m
      [36m>[39m
        [36m<div[39m
          [33mclass[39m=[32m"flex items-center gap-2 mb-4"[39m
        [36m>[39m
          [36m<span[39m
            [33mclass[39m=[32m"text-primary"[39m
          [36m>[39m
            [36m<svg[39m
              [33maria-hidden[39m=[32m"true"[39m
              [33mclass[39m=[32m"lucide lucide-shopping-cart w-5 h-5"[39m
              [33mfill[39m=[32m"none"[39m
              [33mheight[39m=[32m"24"[39m
              [33mstroke[39m=[32m"currentColor"[39m
              [33mstroke-linecap[39m=[32m"round"[39m
              [33mstroke-linejoin[39m=[32m"round"[39m
              [33mstroke-width[39m=[32m"2"[39m
              [33mviewBox[39m=[32m"0 0 24 24"[39m
              [33mwidth[39m=[32m"24"[39m
              [33mxmlns[39m=[32m"http://www.w3.org/2000/svg"[39m
            [36m>[39m
              [36m<circle[39m
                [33mcx[39m=[32m"8"[39m
                [33mcy[39m=[32m"21"[39m
                [33mr[39m=[32m"1"[39m
              [36m/>[39m
              [36m<circle[39m
                [33mcx[39m=[32m"19"[39m
                [33mcy[39m=[32m"21"[39m
                [33mr[39m=[32m"1"[39m
              [36m/>[39m
              [36m<path[39m
                [33md[39m=[32m"M2.05 2.05h2l2.66 12.42a2 2 0 0 0 2 1.58h9.78a2 2 0 0 0 1.95-1.57l1.65-7.43H5.12"[39m
              [36m/>[39m
            [36m</svg>[39m
          [36m</span>[39m
          [36m<h2[39m
            [33mclass[39m=[32m"text-title-m font-semibold text-text-primary"[39m
          [36m>[39m
            [0mТовары[0m
          [36m</h2>[39m
        [36m</div>[39m
        [36m<div[39m
          [33mclass[39m=[32m"w-full"[39m
        [36m>[39m
          [36m<div[39m
            [33mclass[39m=[32m"hidden md:block overflow-x-auto"[39m
          [36m>[39m
            [36m<table[39m
              [33mclass[39m=[32m"w-full"[39m
            [36m>[39m
              [36m<thead>[39m
                [36m<tr[39m
                  [33mclass[39m=[32m"border-b border-neutral-300"[39m
                [36m>[39m
                  [36m<th[39m
                    [33mclass[39m=[32m"text-left py-3 px-2 text-body-s font-semibold text-text-secondary"[39m
                  [36m>[39m
                    [0mТовар[0m
                  [36m</th>[39m
                  [36m<th[39m
                    [33mclass[39m=[32m"text-left py-3 px-2 text-body-s font-semibold text-text-secondary"[...
[90m [2m❯[22m Object.getElementError node_modules/@testing-library/dom/dist/config.js:[2m37:19[22m[39m
[90m [2m❯[22m getElementError node_modules/@testing-library/dom/dist/query-helpers.js:[2m20:35[22m[39m
[90m [2m❯[22m getMultipleElementsFoundError node_modules/@testing-library/dom/dist/query-helpers.js:[2m23:10[22m[39m
[90m [2m❯[22m node_modules/@testing-library/dom/dist/query-helpers.js:[2m55:13[22m[39m
[90m [2m❯[22m node_modules/@testing-library/dom/dist/query-helpers.js:[2m95:19[22m[39m
[36m [2m❯[22m src/components/business/OrderDetail/OrderDetail.test.tsx:[2m101:19[22m[39m
    [90m 99| [39m  [34mit[39m([32m'renders order items table'[39m[33m,[39m () [33m=>[39m {
    [90m100| [39m    [34mrender[39m([33m<[39m[33mOrderDetail[39m [33m{[39m[33m...[39mdefaultProps[33m}[39m [33m/[39m[33m>[39m)[33m;[39m
    [90m101| [39m    expect(screen.getByText('Кроссовки Nike Air Max')).toBeInTheDocume…
    [90m   | [39m                  [31m^[39m
    [90m102| [39m    [34mexpect[39m(screen[33m.[39m[34mgetByText[39m([32m'Футболка Adidas'[39m))[33m.[39m[34mtoBeInTheDocument[39m()[33m;[39m
    [90m103| [39m    [34mexpect[39m(screen[33m.[39m[34mgetByText[39m([32m'NIKE-AM-001'[39m))[33m.[39m[34mtoBeInTheDocument[39m()[33m;[39m

[31m[2m⎯⎯⎯⎯⎯⎯⎯⎯⎯⎯⎯⎯⎯⎯⎯⎯⎯⎯⎯⎯⎯⎯[33/77]⎯[22m[39m

[41m[1m FAIL [22m[49m src/components/auth/__tests__/PasswordResetConfirmForm.test.tsx[2m > [22mPasswordResetConfirmForm[2m > [22mClient-side Validation[2m > [22mshould show error for short password
[31m[1mTestingLibraryElementError[22m[39m: Found multiple elements with the text: /минимум 8 символов/i

Here are the matching elements:

Ignored nodes: comments, script, style
[36m<p[39m
  [33mclass[39m=[32m"mt-1 text-[var(--color-accent-danger)]"[39m
  [33mid[39m=[32m"input-новый-пароль-description"[39m
[36m>[39m
  [0mПароль должен содержать минимум 8 символов[0m
[36m</p>[39m

Ignored nodes: comments, script, style
[36m<p[39m
  [33mclass[39m=[32m"mt-1 text-sm text-red-600"[39m
  [33mid[39m=[32m"password-error"[39m
  [33mrole[39m=[32m"alert"[39m
[36m>[39m
  [0mПароль должен содержать минимум 8 символов[0m
[36m</p>[39m

Ignored nodes: comments, script, style
[36m<p[39m
  [33mclass[39m=[32m"mt-2 text-xs text-gray-500"[39m
[36m>[39m
  [0mПароль должен содержать минимум 8 символов, включая 1 цифру и 1 заглавную букву[0m
[36m</p>[39m

(If this is intentional, then use the `*AllBy*` variant of the query (like `queryAllByText`, `getAllByText`, or `findAllByText`)).

Ignored nodes: comments, script, style
[36m<body>[39m
  [36m<div>[39m
    [36m<form[39m
      [33mclass[39m=[32m"space-y-6"[39m
      [33mnovalidate[39m=[32m""[39m
    [36m>[39m
      [36m<div>[39m
        [36m<div[39m
          [33mclass[39m=[32m"w-full"[39m
        [36m>[39m
          [36m<label[39m
            [33mclass[39m=[32m"block font-medium text-[var(--color-text-primary)] mb-1"[39m
            [33mfor[39m=[32m"input-новый-пароль"[39m
          [36m>[39m
            [0mНовый пароль[0m
          [36m</label>[39m
          [36m<div[39m
            [33mclass[39m=[32m"relative"[39m
          [36m>[39m
            [36m<input[39m
              [33maria-describedby[39m=[32m"password-error"[39m
              [33maria-invalid[39m=[32m"true"[39m
              [33maria-required[39m=[32m"true"[39m
              [33mautocomplete[39m=[32m"new-password"[39m
              [33mclass[39m=[32m"w-full h-10 px-4 rounded-sm text-[var(--color-text-primary)] border transition-colors duration-[var(--duration-short)] placeholder:text-[var(--color-neutral-500)] placeholder:truncate focus:outline-none focus:ring-4 focus:outline-primary/60 pr-10 border-[var(--color-accent-danger)] bg-[var(--color-accent-danger)]/8 focus:ring-[var(--color-accent-danger)] focus:border-[var(--color-accent-danger)]"[39m
              [33mid[39m=[32m"input-новый-пароль"[39m
              [33mname[39m=[32m"password"[39m
              [33mplaceholder[39m=[32m"Минимум 8 символов"[39m
              [33mtype[39m=[32m"password"[39m
            [36m/>[39m
            [36m<div[39m
              [33mclass[39m=[32m"absolute right-3 top-1/2 -translate-y-1/2 flex items-center"[39m
            [36m>[39m
              [36m<button[39m
                [33maria-label[39m=[32m"Показать пароль"[39m
                [33mclass[39m=[32m"text-[var(--color-neutral-600)] hover:text-[var(--color-text-primary)] focus:outline-none focus:text-[var(--color-text-primary)]"[39m
                [33mtabindex[39m=[32m"-1"[39m
                [33mtype[39m=[32m"button"[39m
              [36m>[39m
                [36m<svg[39m
                  [33maria-hidden[39m=[32m"true"[39m
                  [33mclass[39m=[32m"lucide lucide-eye w-5 h-5"[39m
                  [33mfill[39m=[32m"none"[39m
                  [33mheight[39m=[32m"24"[39m
                  [33mstroke[39m=[32m"currentColor"[39m
                  [33mstroke-linecap[39m=[32m"round"[39m
                  [33mstroke-linejoin[39m=[32m"round"[39m
                  [33mstroke-width[39m=[32m"2"[39m
                  [33mviewBox[39m=[32m"0 0 24 24"[39m
                  [33mwidth[39m=[32m"24"[39m
                  [33mxmlns[39m=[32m"http://www.w3.org/2000/svg"[39m
                [36m>[39m
                  [36m<path[39m
                    [33md[39m=[32m"M2.062 12.348a1 1 0 0 1 0-.696 10.75 10.75 0 0 1 19.876 0 1 1 0 0 1 0 .696 10.75 10.75 0 0 1-19.876 0"[39m
                  [36m/>[39m
                  [36m<circle[39m
                    [33mcx[39m=[32m"12"[39m
                    [33mcy[39m=[32m"12"[39m
                    [33mr[39m=[32m"3"[39m
                  [36m/>[39m
                [36m</svg>[39m
              [36m</button>[39m
            [36m</div>[39m
          [36m</div>[39m
          [36m<p[39m
            [33mclass[39m=[32m"mt-1 text-[var(--color-accent-danger)]"[39m
            [33mid[39m=[32m"input-новый-пароль-description"[39m
          [36m>[39m
            [0mПароль должен содержать минимум 8 символов[0m
          [36m</p>[39m
        [36m</div>[39m
        [36m<p[39m
          [33mclass[39m=[32m"mt-1 text-sm text-red-600"[39m
          [33mid[39m=[32m"password-error"[39m
          [33mrole[39m=[32m"alert"[39m
        [36m>[39m
          [0mПароль должен содержать минимум 8 символов[0m
        [36m</p>[39m
        [36m<p[39m
          [33mclass[39m=[32m"mt-2 text-xs text-gray-500"[39m
        [36m>[39m
          [0mПароль должен содержать минимум 8 символов, включая 1 цифру и 1 заглавную букву[0m
        [36m</p>[39m
      [36m</div>[39m
      [36m<div>[39m
        [36m<div[39m
          [33mclass[39m=[32m"w-full"[39m
        [36m>[39m
          [36m<label[39m
            [33mclass[39m=[32m"block font-medium text-[var(--color-text-primary)] mb-1"[39m
            [33mfor[39m=[32m"input-подтверждение-пароля"[39m
          [36m>[39m
            [0mПодтверждение пароля[0m
          [36m</label>[39m
          [36m<div[39m
            [33mclass[39m=[32m"relative"[39m
          [36m>[39m
            [36m<input[39m
              [33maria-invalid[39m=[32m"false"[39m
              [33maria-required[39m=[32m"true"[39m
              [33mautocomplete[39m=[32m"new-password"[39m
              [33mclass[39m=[32m"w-full h-10 px-4 rounded-sm text-[var(--color-text-primary)] bg-[var(--color-neutral-100)] border border-[var(--color-neutral-400)] transition-colors duration-[var(--duration-short)] placeholder:text-[var(--color-neutral-500)] placeholder:truncate focus:outline-none focus:ring-4 focus:ring-primary/12 focus:outline-primary/60 pr-10"[39m
              [33mid[39m=[32m"input-подтверждение-пароля"[39m
              [33mname[39m=[32m"confirmPassword"[39m
              [33mplaceholder[39m=[32m"Повторите пароль"[39m
              [33mtype[39m=[32m"password"[39m
            [36m/>[39m
            [36m<div[39m
              [33mclass[39m=[32m"absolute right-3 top-1/2 -translate-y-1/2 flex items-center"[39m
            [36m>[39m
              [36m<button[39m
                [33maria-label[39m=[32m"Показать пароль"[39m
                [33mclass[39m=[32m"text-[var(--color-neutral-600)] hover:text-[var(--color-text-primary)] focus:outline-none focus:text-[var(--color-text-primary)]"[39m
                [33mtabindex[39m=[32m"-1"[39m
                [33mtype[39m=[32m"button"[39m
              [36m>[39m
                [36m<svg[39m
                  [33maria-hidden[39m=[32m"true"[39m
                  [33mclass[39m=[32m"lucide lucide-eye w-5 h-5"[39m
                  [33mfill[39m=[32m"none"[39m
                  [33mheight[39m=[32m"24"[39m
                  [33mstroke[39m=[32m"currentColor"[39m
                  [33mstroke-linecap[39m=[32m"round"[39m
                  [33mstroke-linejoin[39m=[32m"round"[39m
                  [33mstroke-width[39m=[32m"2"[39m
                  [33mviewBox[39m=[32m"0 0 24 24"[39m
                  [33mwidth[39m=[32m"24"[39m
                  [33mxmlns[39m=[32m"http://www.w3.org/2000/svg"[39m
                [36m>[39m
                  [36m<path[39m
                    [33md[39m=[32m"M2.062 12.348a1 1 0 0 1 0-.696 10.75 10.75 0 0 1 19.876 0 1 1 0 0 1 0 .696 10.75 10.75 0 0 1-19.876 0"[39m
                  [36m/>[39m
                  [36m<circle[39m
                    [33mcx[39m=[32m"12"[39m
                    [33mcy[39m=[32m"12"[39m
                    [33mr[39m=[32m"3"[39m
                  [36m/>[39m
                [36m</svg>[39m
              [36m</button>[39m
            [36m</div>[39m
          [36m</div>[39m
        [36m</div>[39m
      [36m</div>[39m
      [36m<button[39m
        [33maria-label[39m=[32m"Сбросить пароль"[39m
        [33mclass[39m=[32m"inline-flex items-center justify-center gap-2 font-medium transition-all focus:outline-none focus:ring-2 focus:ring-offset-2 disabled:opacity-50 disabled:cursor-not-allowed bg-primary text-white border border-transparent shadow-[0_14px_32px_rgba(11,18,32,0.45)] hover:bg-primary-hover hover:-translate-y-0.5 active:bg-primary-active active:translate-y-0 focus:ring-primary h-11 px-7 typo-body-m rounded-md w-full"[39m
        [33mtype[39m=[32m"submit"[39m
      [36m>[39m
        [0mСбросить пароль[0m
      [36m</button>[39m
    [36m</form>[39m
  [36m</div>[39m
[36m</body>[39m

Ignored nodes: comments, script, style
[36m<body>[39m
  [36m<div>[39m
    [36m<form[39m
      [33mclass[39m=[32m"space-y-6"[39m
      [33mnovalidate[39m=[32m""[39m
    [36m>[39m
      [36m<div>[39m
        [36m<div[39m
          [33mclass[39m=[32m"w-full"[39m
        [36m>[39m
          [36m<label[39m
            [33mclass[39m=[32m"block font-medium text-[var(--color-text-primary)] mb-1"[39m
            [33mfor[39m=[32m"input-новый-пароль"[39m
          [36m>[39m
            [0mНовый пароль[0m
          [36m</label>[39m
          [36m<div[39m
            [33mclass[39m=[32m"relative"[39m
          [36m>[39m
            [36m<input[39m
              [33maria-describedby[39m=[32m"password-error"[39m
              [33maria-invalid[39m=[32m"true"[39m
              [33maria-required[39m=[32m"true"[39m
              [33mautocomplete[39m=[32m"new-password"[39m
              [33mclass[39m=[32m"w-full h-10 px-4 rounded-sm text-[var(--color-text-primary)] border transition-colors duration-[var(--duration-short)] placeholder:text-[var(--color-neutral-500)] placeholder:truncate focus:outline-none focus:ring-4 focus:outline-primary/60 pr-10 border-[var(--color-accent-danger)] bg-[var(--color-accent-danger)]/8 focus:ring-[var(--color-accent-danger)] focus:border-[var(--color-accent-danger)]"[39m
              [33mid[39m=[32m"input-новый-пароль"[39m
              [33mname[39m=[32m"password"[39m
              [33mplaceholder[39m=[32m"Минимум 8 символов"[39m
              [33mtype[39m=[32m"password"[39m
            [36m/>[39m
            [36m<div[39m
              [33mclass[39m=[32m"absolute right-3 top-1/2 -translate-y-1/2 flex items-center"[39m
            [36m>[39m
              [36m<button[39m
                [33maria-label[39m=[32m"Показать пароль"[39m
                [33mclass[39m=[32m"text-[var(--color-neutral-600)] hover:text-[var(--color-text-primary)] focus:outline-none focus:text-[var(--color-text-primary)]"[39m
                [33mtabindex[39m=[32m"-1"[39m
                [33mtype[39m=[32m"button"[39m
              [36m>[39m
                [36m<svg[39m
                  [33maria-hidden[39m=[32m"true"[39m
                  [33mclass[39m=[32m"lucide lucide-eye w-5 h-5"[39m
                  [33mfill[39m=[32m"none"[39m
                  [33mheight[39m=[32m"24"[39m
                  [33mstroke[39m=[32m"currentColor"[39m
                  [33mstroke-linecap[39m=[32m"round"[39m
                  [33mstroke-linejoin[39m=[32m"round"[39m
                  [33mstroke-width[39m=[32m"2"[39m
                  [33mviewBox[39m=[32m"0 0 24 24"[39m
                  [33mwidth[39m=[32m"24"[39m
                  [33mxmlns[39m=[32m"http://www.w3.org/2000/svg"[39m
                [36m>[39m
                  [36m<path[39m
                    [33md[39m=[32m"M2.062 12.348a1 1 0 0 1 0-.696 10.75 10.75 0 0 1 19.876 0 1 1 0 0 1 0 .696 10.75 10.75 0 0 1-19.876 0"[39m
                  [36m/>[39m
                  [36m<circle[39m
                    [33mcx[39m=[32m"12"[39m
                    [33mcy[39m=[32m"12"[39m
                    [33mr[39m=[32m"3"[39m
                  [36m/>[39m
                [36m</svg>[39m
              [36m</button>[39m
            [36m</div>[39m
          [36m</div>[39m
          [36m<p[39m
            [33mclass[39m=[32m"mt-1 text-[var(--color-accent-danger)]"[39m
            [33mid[39m=[32m"input-новый-пароль-description"[39m
          [36m>[39m
            [0mПароль должен содержать минимум 8 символов[0m
          [36m</p>[39m
        [36m</div>[39m
        [36m<p[39m
          [33mclass[39m=[32m"mt-1 text-sm text-red-600"[39m
          [33mid[39m=[32m"password-error"[39m
          [33mrole[39m=[32m"alert"[39m
        [36m>[39m
          [0mПароль должен содержать минимум 8 символов[0m
        [36m</p>[39m
        [36m<p[39m
          [33mclass[39m=[32m"mt-2 text-xs text-gray-500"[39m
        [36m>[39m
          [0mПароль должен содержать минимум 8 символов, включая 1 цифру и 1 заглавную букву[0m
        [36m</p>[39m
      [36m</div>[39m
      [36m<div>[39m
        [36m<div[39m
          [33mclass[39m=[32m"w-full"[39m
        [36m>[39m
          [36m<label[39m
            [33mclass[39m=[32m"block font-medium text-[var(--color-text-primary)] mb-1"[39m
            [33mfor[39m=[32m"input-подтверждение-пароля"[39m
          [36m>[39m
            [0mПодтверждение пароля[0m
          [36m</label>[39m
          [36m<div[39m
            [33mclass[39m=[32m"relative"[39m
          [36m>[39m
            [36m<input[39m
              [33maria-invalid[39m=[32m"false"[39m
              [33maria-required[39m=[32m"true"[39m
              [33mautocomplete[39m=[32m"new-password"[39m
              [33mclass[39m=[32m"w-full h-10 px-4 rounded-sm text-[var(--color-text-primary)] bg-[var(--color-neutral-100)] border border-[var(--color-neutral-400)] transition-colors duration-[var(--duration-short)] placeholder:text-[var(--color-neutral-500)] placeholder:truncate focus:outline-none focus:ring-4 focus:ring-primary/12 focus:outline-primary/60 pr-10"[39m
              [33mid[39m=[32m"input-подтверждение-пароля"[39m
              [33mname[39m=[32m"confirmPassword"[39m
              [33mplaceholder[39m=[32m"Повторите пароль"[39m
              [33mtype[39m=[32m"password"[39m
            [36m/>[39m
            [36m<div[39m
              [33mclass[39m=[32m"absolute right-3 top-1/2 -translate-y-1/2 flex items-center"[39m
            [36m>[39m
              [36m<button[39m
                [33maria-label[39m=[32m"Показать пароль"[39m
                [33mclass[39m=[32m"text-[var(--color-neutral-600)] hover:text-[var(--color-text-primary)] focus:outline-none focus:text-[var(--color-text-primary)]"[39m
                [33mtabindex[39m=[32m"-1"[39m
                [33mtype[39m=[32m"button"[39m
              [36m>[39m
                [36m<svg[39m
                  [33maria-hidden[39m=[32m"true"[39m
                  [33mclass[39m=[32m"lucide lucide-eye w-5 h-5"[39m
                  [33mfill[39m=[32m"none"[39m
                  [33mheight[39m=[32m"24"[39m
                  [33mstroke[39m=[32m"currentColor"[39m
                  [33mstroke-linecap[39m=[32m"round"[39m
                  [33mstroke-linejoin[39m=[32m"round"[39m
                  [33mstroke-width[39m=[32m"2"[39m
                  [33mviewBox[39m=[32m"0 0 24 24"[39m
                  [33mwidth[39m=[32m"24"[39m
                  [33mxmlns[39m=[32m"http://www.w3.org/2000/svg"[39m
                [36m>[39m
                  [36m<path[39m
                    [33md[39m=[32m"M2.062 12.348a1 1 0 0 1 0-.696 10.75 10.75 0 0 1 19.876 0 1 1 0 0 1 0 .696 10.75 10.75 0 0 1-19.876 0"[39m
                  [36m/>[39m
                  [36m<circle[39m
                    [33mcx[39m=[32m"12"[39m
                    [33mcy[39m=[32m"12"[39m
                    [33mr[39m=[32m"3"[39m
                  [36m/>[39m
                [36m</svg>[39m
              [36m</button>[39m
            [36m</div>[39m
          [36m</div>[39m
        [36m</div>[39m
      [36m</div>[39m
      [36m<button[39m
        [33maria-label[39m=[32m"Сбросить пароль"[39m
        [33mclass[39m=[32m"inline-flex items-center justify-center gap-2 font-medium transition-all focus:outline-none focus:ring-2 focus:ring-offset-2 disabled:opacity-50 disabled:cursor-not-allowed bg-primary text-white border border-transparent shadow-[0_14px_32px_rgba(11,18,32,0.45)] hover:bg-primary-hover hover:-translate-y-0.5 active:bg-primary-active active:translate-y-0 focus:ring-primary h-11 px-7 typo-body-m rounded-md w-full"[39m
        [33mtype[39m=[32m"submit"[39m
      [36m>[39m
        [0mСбросить пароль[0m
      [36m</button>[39m
    [36m</form>[39m
  [36m</div>[39m
[36m</body>[39m
[90m [2m❯[22m waitForWrapper node_modules/@testing-library/dom/dist/wait-for.js:[2m163:27[22m[39m
[90m [2m❯[22m node_modules/@testing-library/dom/dist/query-helpers.js:[2m86:33[22m[39m
[36m [2m❯[22m src/components/auth/__tests__/PasswordResetConfirmForm.test.tsx:[2m184:27[22m[39m
    [90m182| [39m      [35mawait[39m user[33m.[39m[34mclick[39m(submitButton)[33m;[39m
    [90m183| [39m
    [90m184| [39m      expect(await screen.findByText(/минимум 8 символов/i)).toBeInThe…
    [90m   | [39m                          [31m^[39m
    [90m185| [39m    })[33m;[39m
    [90m186| [39m

[31m[2m⎯⎯⎯⎯⎯⎯⎯⎯⎯⎯⎯⎯⎯⎯⎯⎯⎯⎯⎯⎯⎯⎯[34/77]⎯[22m[39m

[41m[1m FAIL [22m[49m src/components/auth/__tests__/PasswordResetConfirmForm.test.tsx[2m > [22mPasswordResetConfirmForm[2m > [22mClient-side Validation[2m > [22mshould show error for password without digit
[31m[1mTestingLibraryElementError[22m[39m: Found multiple elements with the text: /хотя бы 1 цифру/i

Here are the matching elements:

Ignored nodes: comments, script, style
[36m<p[39m
  [33mclass[39m=[32m"mt-1 text-[var(--color-accent-danger)]"[39m
  [33mid[39m=[32m"input-новый-пароль-description"[39m
[36m>[39m
  [0mПароль должен содержать хотя бы 1 цифру[0m
[36m</p>[39m

Ignored nodes: comments, script, style
[36m<p[39m
  [33mclass[39m=[32m"mt-1 text-sm text-red-600"[39m
  [33mid[39m=[32m"password-error"[39m
  [33mrole[39m=[32m"alert"[39m
[36m>[39m
  [0mПароль должен содержать хотя бы 1 цифру[0m
[36m</p>[39m

(If this is intentional, then use the `*AllBy*` variant of the query (like `queryAllByText`, `getAllByText`, or `findAllByText`)).

Ignored nodes: comments, script, style
[36m<body>[39m
  [36m<div>[39m
    [36m<form[39m
      [33mclass[39m=[32m"space-y-6"[39m
      [33mnovalidate[39m=[32m""[39m
    [36m>[39m
      [36m<div>[39m
        [36m<div[39m
          [33mclass[39m=[32m"w-full"[39m
        [36m>[39m
          [36m<label[39m
            [33mclass[39m=[32m"block font-medium text-[var(--color-text-primary)] mb-1"[39m
            [33mfor[39m=[32m"input-новый-пароль"[39m
          [36m>[39m
            [0mНовый пароль[0m
          [36m</label>[39m
          [36m<div[39m
            [33mclass[39m=[32m"relative"[39m
          [36m>[39m
            [36m<input[39m
              [33maria-describedby[39m=[32m"password-error"[39m
              [33maria-invalid[39m=[32m"true"[39m
              [33maria-required[39m=[32m"true"[39m
              [33mautocomplete[39m=[32m"new-password"[39m
              [33mclass[39m=[32m"w-full h-10 px-4 rounded-sm text-[var(--color-text-primary)] border transition-colors duration-[var(--duration-short)] placeholder:text-[var(--color-neutral-500)] placeholder:truncate focus:outline-none focus:ring-4 focus:outline-primary/60 pr-10 border-[var(--color-accent-danger)] bg-[var(--color-accent-danger)]/8 focus:ring-[var(--color-accent-danger)] focus:border-[var(--color-accent-danger)]"[39m
              [33mid[39m=[32m"input-новый-пароль"[39m
              [33mname[39m=[32m"password"[39m
              [33mplaceholder[39m=[32m"Минимум 8 символов"[39m
              [33mtype[39m=[32m"password"[39m
            [36m/>[39m
            [36m<div[39m
              [33mclass[39m=[32m"absolute right-3 top-1/2 -translate-y-1/2 flex items-center"[39m
            [36m>[39m
              [36m<button[39m
                [33maria-label[39m=[32m"Показать пароль"[39m
                [33mclass[39m=[32m"text-[var(--color-neutral-600)] hover:text-[var(--color-text-primary)] focus:outline-none focus:text-[var(--color-text-primary)]"[39m
                [33mtabindex[39m=[32m"-1"[39m
                [33mtype[39m=[32m"button"[39m
              [36m>[39m
                [36m<svg[39m
                  [33maria-hidden[39m=[32m"true"[39m
                  [33mclass[39m=[32m"lucide lucide-eye w-5 h-5"[39m
                  [33mfill[39m=[32m"none"[39m
                  [33mheight[39m=[32m"24"[39m
                  [33mstroke[39m=[32m"currentColor"[39m
                  [33mstroke-linecap[39m=[32m"round"[39m
                  [33mstroke-linejoin[39m=[32m"round"[39m
                  [33mstroke-width[39m=[32m"2"[39m
                  [33mviewBox[39m=[32m"0 0 24 24"[39m
                  [33mwidth[39m=[32m"24"[39m
                  [33mxmlns[39m=[32m"http://www.w3.org/2000/svg"[39m
                [36m>[39m
                  [36m<path[39m
                    [33md[39m=[32m"M2.062 12.348a1 1 0 0 1 0-.696 10.75 10.75 0 0 1 19.876 0 1 1 0 0 1 0 .696 10.75 10.75 0 0 1-19.876 0"[39m
                  [36m/>[39m
                  [36m<circle[39m
                    [33mcx[39m=[32m"12"[39m
                    [33mcy[39m=[32m"12"[39m
                    [33mr[39m=[32m"3"[39m
                  [36m/>[39m
                [36m</svg>[39m
              [36m</button>[39m
            [36m</div>[39m
          [36m</div>[39m
          [36m<p[39m
            [33mclass[39m=[32m"mt-1 text-[var(--color-accent-danger)]"[39m
            [33mid[39m=[32m"input-новый-пароль-description"[39m
          [36m>[39m
            [0mПароль должен содержать хотя бы 1 цифру[0m
          [36m</p>[39m
        [36m</div>[39m
        [36m<p[39m
          [33mclass[39m=[32m"mt-1 text-sm text-red-600"[39m
          [33mid[39m=[32m"password-error"[39m
          [33mrole[39m=[32m"alert"[39m
        [36m>[39m
          [0mПароль должен содержать хотя бы 1 цифру[0m
        [36m</p>[39m
        [36m<p[39m
          [33mclass[39m=[32m"mt-2 text-xs text-gray-500"[39m
        [36m>[39m
          [0mПароль должен содержать минимум 8 символов, включая 1 цифру и 1 заглавную букву[0m
        [36m</p>[39m
      [36m</div>[39m
      [36m<div>[39m
        [36m<div[39m
          [33mclass[39m=[32m"w-full"[39m
        [36m>[39m
          [36m<label[39m
            [33mclass[39m=[32m"block font-medium text-[var(--color-text-primary)] mb-1"[39m
            [33mfor[39m=[32m"input-подтверждение-пароля"[39m
          [36m>[39m
            [0mПодтверждение пароля[0m
          [36m</label>[39m
          [36m<div[39m
            [33mclass[39m=[32m"relative"[39m
          [36m>[39m
            [36m<input[39m
              [33maria-invalid[39m=[32m"false"[39m
              [33maria-required[39m=[32m"true"[39m
              [33mautocomplete[39m=[32m"new-password"[39m
              [33mclass[39m=[32m"w-full h-10 px-4 rounded-sm text-[var(--color-text-primary)] bg-[var(--color-neutral-100)] border border-[var(--color-neutral-400)] transition-colors duration-[var(--duration-short)] placeholder:text-[var(--color-neutral-500)] placeholder:truncate focus:outline-none focus:ring-4 focus:ring-primary/12 focus:outline-primary/60 pr-10"[39m
              [33mid[39m=[32m"input-подтверждение-пароля"[39m
              [33mname[39m=[32m"confirmPassword"[39m
              [33mplaceholder[39m=[32m"Повторите пароль"[39m
              [33mtype[39m=[32m"password"[39m
            [36m/>[39m
            [36m<div[39m
              [33mclass[39m=[32m"absolute right-3 top-1/2 -translate-y-1/2 flex items-center"[39m
            [36m>[39m
              [36m<button[39m
                [33maria-label[39m=[32m"Показать пароль"[39m
                [33mclass[39m=[32m"text-[var(--color-neutral-600)] hover:text-[var(--color-text-primary)] focus:outline-none focus:text-[var(--color-text-primary)]"[39m
                [33mtabindex[39m=[32m"-1"[39m
                [33mtype[39m=[32m"button"[39m
              [36m>[39m
                [36m<svg[39m
                  [33maria-hidden[39m=[32m"true"[39m
                  [33mclass[39m=[32m"lucide lucide-eye w-5 h-5"[39m
                  [33mfill[39m=[32m"none"[39m
                  [33mheight[39m=[32m"24"[39m
                  [33mstroke[39m=[32m"currentColor"[39m
                  [33mstroke-linecap[39m=[32m"round"[39m
                  [33mstroke-linejoin[39m=[32m"round"[39m
                  [33mstroke-width[39m=[32m"2"[39m
                  [33mviewBox[39m=[32m"0 0 24 24"[39m
                  [33mwidth[39m=[32m"24"[39m
                  [33mxmlns[39m=[32m"http://www.w3.org/2000/svg"[39m
                [36m>[39m
                  [36m<path[39m
                    [33md[39m=[32m"M2.062 12.348a1 1 0 0 1 0-.696 10.75 10.75 0 0 1 19.876 0 1 1 0 0 1 0 .696 10.75 10.75 0 0 1-19.876 0"[39m
                  [36m/>[39m
                  [36m<circle[39m
                    [33mcx[39m=[32m"12"[39m
                    [33mcy[39m=[32m"12"[39m
                    [33mr[39m=[32m"3"[39m
                  [36m/>[39m
                [36m</svg>[39m
              [36m</button>[39m
            [36m</div>[39m
          [36m</div>[39m
        [36m</div>[39m
      [36m</div>[39m
      [36m<button[39m
        [33maria-label[39m=[32m"Сбросить пароль"[39m
        [33mclass[39m=[32m"inline-flex items-center justify-center gap-2 font-medium transition-all focus:outline-none focus:ring-2 focus:ring-offset-2 disabled:opacity-50 disabled:cursor-not-allowed bg-primary text-white border border-transparent shadow-[0_14px_32px_rgba(11,18,32,0.45)] hover:bg-primary-hover hover:-translate-y-0.5 active:bg-primary-active active:translate-y-0 focus:ring-primary h-11 px-7 typo-body-m rounded-md w-full"[39m
        [33mtype[39m=[32m"submit"[39m
      [36m>[39m
        [0mСбросить пароль[0m
      [36m</button>[39m
    [36m</form>[39m
  [36m</div>[39m
[36m</body>[39m

Ignored nodes: comments, script, style
[36m<body>[39m
  [36m<div>[39m
    [36m<form[39m
      [33mclass[39m=[32m"space-y-6"[39m
      [33mnovalidate[39m=[32m""[39m
    [36m>[39m
      [36m<div>[39m
        [36m<div[39m
          [33mclass[39m=[32m"w-full"[39m
        [36m>[39m
          [36m<label[39m
            [33mclass[39m=[32m"block font-medium text-[var(--color-text-primary)] mb-1"[39m
            [33mfor[39m=[32m"input-новый-пароль"[39m
          [36m>[39m
            [0mНовый пароль[0m
          [36m</label>[39m
          [36m<div[39m
            [33mclass[39m=[32m"relative"[39m
          [36m>[39m
            [36m<input[39m
              [33maria-describedby[39m=[32m"password-error"[39m
              [33maria-invalid[39m=[32m"true"[39m
              [33maria-required[39m=[32m"true"[39m
              [33mautocomplete[39m=[32m"new-password"[39m
              [33mclass[39m=[32m"w-full h-10 px-4 rounded-sm text-[var(--color-text-primary)] border transition-colors duration-[var(--duration-short)] placeholder:text-[var(--color-neutral-500)] placeholder:truncate focus:outline-none focus:ring-4 focus:outline-primary/60 pr-10 border-[var(--color-accent-danger)] bg-[var(--color-accent-danger)]/8 focus:ring-[var(--color-accent-danger)] focus:border-[var(--color-accent-danger)]"[39m
              [33mid[39m=[32m"input-новый-пароль"[39m
              [33mname[39m=[32m"password"[39m
              [33mplaceholder[39m=[32m"Минимум 8 символов"[39m
              [33mtype[39m=[32m"password"[39m
            [36m/>[39m
            [36m<div[39m
              [33mclass[39m=[32m"absolute right-3 top-1/2 -translate-y-1/2 flex items-center"[39m
            [36m>[39m
              [36m<button[39m
                [33maria-label[39m=[32m"Показать пароль"[39m
                [33mclass[39m=[32m"text-[var(--color-neutral-600)] hover:text-[var(--color-text-primary)] focus:outline-none focus:text-[var(--color-text-primary)]"[39m
                [33mtabindex[39m=[32m"-1"[39m
                [33mtype[39m=[32m"button"[39m
              [36m>[39m
                [36m<svg[39m
                  [33maria-hidden[39m=[32m"true"[39m
                  [33mclass[39m=[32m"lucide lucide-eye w-5 h-5"[39m
                  [33mfill[39m=[32m"none"[39m
                  [33mheight[39m=[32m"24"[39m
                  [33mstroke[39m=[32m"currentColor"[39m
                  [33mstroke-linecap[39m=[32m"round"[39m
                  [33mstroke-linejoin[39m=[32m"round"[39m
                  [33mstroke-width[39m=[32m"2"[39m
                  [33mviewBox[39m=[32m"0 0 24 24"[39m
                  [33mwidth[39m=[32m"24"[39m
                  [33mxmlns[39m=[32m"http://www.w3.org/2000/svg"[39m
                [36m>[39m
                  [36m<path[39m
                    [33md[39m=[32m"M2.062 12.348a1 1 0 0 1 0-.696 10.75 10.75 0 0 1 19.876 0 1 1 0 0 1 0 .696 10.75 10.75 0 0 1-19.876 0"[39m
                  [36m/>[39m
                  [36m<circle[39m
                    [33mcx[39m=[32m"12"[39m
                    [33mcy[39m=[32m"12"[39m
                    [33mr[39m=[32m"3"[39m
                  [36m/>[39m
                [36m</svg>[39m
              [36m</button>[39m
            [36m</div>[39m
          [36m</div>[39m
          [36m<p[39m
            [33mclass[39m=[32m"mt-1 text-[var(--color-accent-danger)]"[39m
            [33mid[39m=[32m"input-новый-пароль-description"[39m
          [36m>[39m
            [0mПароль должен содержать хотя бы 1 цифру[0m
          [36m</p>[39m
        [36m</div>[39m
        [36m<p[39m
          [33mclass[39m=[32m"mt-1 text-sm text-red-600"[39m
          [33mid[39m=[32m"password-error"[39m
          [33mrole[39m=[32m"alert"[39m
        [36m>[39m
          [0mПароль должен содержать хотя бы 1 цифру[0m
        [36m</p>[39m
        [36m<p[39m
          [33mclass[39m=[32m"mt-2 text-xs text-gray-500"[39m
        [36m>[39m
          [0mПароль должен содержать минимум 8 символов, включая 1 цифру и 1 заглавную букву[0m
        [36m</p>[39m
      [36m</div>[39m
      [36m<div>[39m
        [36m<div[39m
          [33mclass[39m=[32m"w-full"[39m
        [36m>[39m
          [36m<label[39m
            [33mclass[39m=[32m"block font-medium text-[var(--color-text-primary)] mb-1"[39m
            [33mfor[39m=[32m"input-подтверждение-пароля"[39m
          [36m>[39m
            [0mПодтверждение пароля[0m
          [36m</label>[39m
          [36m<div[39m
            [33mclass[39m=[32m"relative"[39m
          [36m>[39m
            [36m<input[39m
              [33maria-invalid[39m=[32m"false"[39m
              [33maria-required[39m=[32m"true"[39m
              [33mautocomplete[39m=[32m"new-password"[39m
              [33mclass[39m=[32m"w-full h-10 px-4 rounded-sm text-[var(--color-text-primary)] bg-[var(--color-neutral-100)] border border-[var(--color-neutral-400)] transition-colors duration-[var(--duration-short)] placeholder:text-[var(--color-neutral-500)] placeholder:truncate focus:outline-none focus:ring-4 focus:ring-primary/12 focus:outline-primary/60 pr-10"[39m
              [33mid[39m=[32m"input-подтверждение-пароля"[39m
              [33mname[39m=[32m"confirmPassword"[39m
              [33mplaceholder[39m=[32m"Повторите пароль"[39m
              [33mtype[39m=[32m"password"[39m
            [36m/>[39m
            [36m<div[39m
              [33mclass[39m=[32m"absolute right-3 top-1/2 -translate-y-1/2 flex items-center"[39m
            [36m>[39m
              [36m<button[39m
                [33maria-label[39m=[32m"Показать пароль"[39m
                [33mclass[39m=[32m"text-[var(--color-neutral-600)] hover:text-[var(--color-text-primary)] focus:outline-none focus:text-[var(--color-text-primary)]"[39m
                [33mtabindex[39m=[32m"-1"[39m
                [33mtype[39m=[32m"button"[39m
              [36m>[39m
                [36m<svg[39m
                  [33maria-hidden[39m=[32m"true"[39m
                  [33mclass[39m=[32m"lucide lucide-eye w-5 h-5"[39m
                  [33mfill[39m=[32m"none"[39m
                  [33mheight[39m=[32m"24"[39m
                  [33mstroke[39m=[32m"currentColor"[39m
                  [33mstroke-linecap[39m=[32m"round"[39m
                  [33mstroke-linejoin[39m=[32m"round"[39m
                  [33mstroke-width[39m=[32m"2"[39m
                  [33mviewBox[39m=[32m"0 0 24 24"[39m
                  [33mwidth[39m=[32m"24"[39m
                  [33mxmlns[39m=[32m"http://www.w3.org/2000/svg"[39m
                [36m>[39m
                  [36m<path[39m
                    [33md[39m=[32m"M2.062 12.348a1 1 0 0 1 0-.696 10.75 10.75 0 0 1 19.876 0 1 1 0 0 1 0 .696 10.75 10.75 0 0 1-19.876 0"[39m
                  [36m/>[39m
                  [36m<circle[39m
                    [33mcx[39m=[32m"12"[39m
                    [33mcy[39m=[32m"12"[39m
                    [33mr[39m=[32m"3"[39m
                  [36m/>[39m
                [36m</svg>[39m
              [36m</button>[39m
            [36m</div>[39m
          [36m</div>[39m
        [36m</div>[39m
      [36m</div>[39m
      [36m<button[39m
        [33maria-label[39m=[32m"Сбросить пароль"[39m
        [33mclass[39m=[32m"inline-flex items-center justify-center gap-2 font-medium transition-all focus:outline-none focus:ring-2 focus:ring-offset-2 disabled:opacity-50 disabled:cursor-not-allowed bg-primary text-white border border-transparent shadow-[0_14px_32px_rgba(11,18,32,0.45)] hover:bg-primary-hover hover:-translate-y-0.5 active:bg-primary-active active:translate-y-0 focus:ring-primary h-11 px-7 typo-body-m rounded-md w-full"[39m
        [33mtype[39m=[32m"submit"[39m
      [36m>[39m
        [0mСбросить пароль[0m
      [36m</button>[39m
    [36m</form>[39m
  [36m</div>[39m
[36m</body>[39m
[90m [2m❯[22m waitForWrapper node_modules/@testing-library/dom/dist/wait-for.js:[2m163:27[22m[39m
[90m [2m❯[22m node_modules/@testing-library/dom/dist/query-helpers.js:[2m86:33[22m[39m
[36m [2m❯[22m src/components/auth/__tests__/PasswordResetConfirmForm.test.tsx:[2m204:27[22m[39m
    [90m202| [39m      [35mawait[39m user[33m.[39m[34mclick[39m(submitButton)[33m;[39m
    [90m203| [39m
    [90m204| [39m      expect(await screen.findByText(/хотя бы 1 цифру/i)).toBeInTheDoc…
    [90m   | [39m                          [31m^[39m
    [90m205| [39m    })[33m;[39m
    [90m206| [39m

[31m[2m⎯⎯⎯⎯⎯⎯⎯⎯⎯⎯⎯⎯⎯⎯⎯⎯⎯⎯⎯⎯⎯⎯[35/77]⎯[22m[39m

[41m[1m FAIL [22m[49m src/components/auth/__tests__/PasswordResetConfirmForm.test.tsx[2m > [22mPasswordResetConfirmForm[2m > [22mClient-side Validation[2m > [22mshould show error for password without uppercase
[31m[1mTestingLibraryElementError[22m[39m: Found multiple elements with the text: /хотя бы 1 заглавную букву/i

Here are the matching elements:

Ignored nodes: comments, script, style
[36m<p[39m
  [33mclass[39m=[32m"mt-1 text-[var(--color-accent-danger)]"[39m
  [33mid[39m=[32m"input-новый-пароль-description"[39m
[36m>[39m
  [0mПароль должен содержать хотя бы 1 заглавную букву[0m
[36m</p>[39m

Ignored nodes: comments, script, style
[36m<p[39m
  [33mclass[39m=[32m"mt-1 text-sm text-red-600"[39m
  [33mid[39m=[32m"password-error"[39m
  [33mrole[39m=[32m"alert"[39m
[36m>[39m
  [0mПароль должен содержать хотя бы 1 заглавную букву[0m
[36m</p>[39m

(If this is intentional, then use the `*AllBy*` variant of the query (like `queryAllByText`, `getAllByText`, or `findAllByText`)).

Ignored nodes: comments, script, style
[36m<body>[39m
  [36m<div>[39m
    [36m<form[39m
      [33mclass[39m=[32m"space-y-6"[39m
      [33mnovalidate[39m=[32m""[39m
    [36m>[39m
      [36m<div>[39m
        [36m<div[39m
          [33mclass[39m=[32m"w-full"[39m
        [36m>[39m
          [36m<label[39m
            [33mclass[39m=[32m"block font-medium text-[var(--color-text-primary)] mb-1"[39m
            [33mfor[39m=[32m"input-новый-пароль"[39m
          [36m>[39m
            [0mНовый пароль[0m
          [36m</label>[39m
          [36m<div[39m
            [33mclass[39m=[32m"relative"[39m
          [36m>[39m
            [36m<input[39m
              [33maria-describedby[39m=[32m"password-error"[39m
              [33maria-invalid[39m=[32m"true"[39m
              [33maria-required[39m=[32m"true"[39m
              [33mautocomplete[39m=[32m"new-password"[39m
              [33mclass[39m=[32m"w-full h-10 px-4 rounded-sm text-[var(--color-text-primary)] border transition-colors duration-[var(--duration-short)] placeholder:text-[var(--color-neutral-500)] placeholder:truncate focus:outline-none focus:ring-4 focus:outline-primary/60 pr-10 border-[var(--color-accent-danger)] bg-[var(--color-accent-danger)]/8 focus:ring-[var(--color-accent-danger)] focus:border-[var(--color-accent-danger)]"[39m
              [33mid[39m=[32m"input-новый-пароль"[39m
              [33mname[39m=[32m"password"[39m
              [33mplaceholder[39m=[32m"Минимум 8 символов"[39m
              [33mtype[39m=[32m"password"[39m
            [36m/>[39m
            [36m<div[39m
              [33mclass[39m=[32m"absolute right-3 top-1/2 -translate-y-1/2 flex items-center"[39m
            [36m>[39m
              [36m<button[39m
                [33maria-label[39m=[32m"Показать пароль"[39m
                [33mclass[39m=[32m"text-[var(--color-neutral-600)] hover:text-[var(--color-text-primary)] focus:outline-none focus:text-[var(--color-text-primary)]"[39m
                [33mtabindex[39m=[32m"-1"[39m
                [33mtype[39m=[32m"button"[39m
              [36m>[39m
                [36m<svg[39m
                  [33maria-hidden[39m=[32m"true"[39m
                  [33mclass[39m=[32m"lucide lucide-eye w-5 h-5"[39m
                  [33mfill[39m=[32m"none"[39m
                  [33mheight[39m=[32m"24"[39m
                  [33mstroke[39m=[32m"currentColor"[39m
                  [33mstroke-linecap[39m=[32m"round"[39m
                  [33mstroke-linejoin[39m=[32m"round"[39m
                  [33mstroke-width[39m=[32m"2"[39m
                  [33mviewBox[39m=[32m"0 0 24 24"[39m
                  [33mwidth[39m=[32m"24"[39m
                  [33mxmlns[39m=[32m"http://www.w3.org/2000/svg"[39m
                [36m>[39m
                  [36m<path[39m
                    [33md[39m=[32m"M2.062 12.348a1 1 0 0 1 0-.696 10.75 10.75 0 0 1 19.876 0 1 1 0 0 1 0 .696 10.75 10.75 0 0 1-19.876 0"[39m
                  [36m/>[39m
                  [36m<circle[39m
                    [33mcx[39m=[32m"12"[39m
                    [33mcy[39m=[32m"12"[39m
                    [33mr[39m=[32m"3"[39m
                  [36m/>[39m
                [36m</svg>[39m
              [36m</button>[39m
            [36m</div>[39m
          [36m</div>[39m
          [36m<p[39m
            [33mclass[39m=[32m"mt-1 text-[var(--color-accent-danger)]"[39m
            [33mid[39m=[32m"input-новый-пароль-description"[39m
          [36m>[39m
            [0mПароль должен содержать хотя бы 1 заглавную букву[0m
          [36m</p>[39m
        [36m</div>[39m
        [36m<p[39m
          [33mclass[39m=[32m"mt-1 text-sm text-red-600"[39m
          [33mid[39m=[32m"password-error"[39m
          [33mrole[39m=[32m"alert"[39m
        [36m>[39m
          [0mПароль должен содержать хотя бы 1 заглавную букву[0m
        [36m</p>[39m
        [36m<p[39m
          [33mclass[39m=[32m"mt-2 text-xs text-gray-500"[39m
        [36m>[39m
          [0mПароль должен содержать минимум 8 символов, включая 1 цифру и 1 заглавную букву[0m
        [36m</p>[39m
      [36m</div>[39m
      [36m<div>[39m
        [36m<div[39m
          [33mclass[39m=[32m"w-full"[39m
        [36m>[39m
          [36m<label[39m
            [33mclass[39m=[32m"block font-medium text-[var(--color-text-primary)] mb-1"[39m
            [33mfor[39m=[32m"input-подтверждение-пароля"[39m
          [36m>[39m
            [0mПодтверждение пароля[0m
          [36m</label>[39m
          [36m<div[39m
            [33mclass[39m=[32m"relative"[39m
          [36m>[39m
            [36m<input[39m
              [33maria-invalid[39m=[32m"false"[39m
              [33maria-required[39m=[32m"true"[39m
              [33mautocomplete[39m=[32m"new-password"[39m
              [33mclass[39m=[32m"w-full h-10 px-4 rounded-sm text-[var(--color-text-primary)] bg-[var(--color-neutral-100)] border border-[var(--color-neutral-400)] transition-colors duration-[var(--duration-short)] placeholder:text-[var(--color-neutral-500)] placeholder:truncate focus:outline-none focus:ring-4 focus:ring-primary/12 focus:outline-primary/60 pr-10"[39m
              [33mid[39m=[32m"input-подтверждение-пароля"[39m
              [33mname[39m=[32m"confirmPassword"[39m
              [33mplaceholder[39m=[32m"Повторите пароль"[39m
              [33mtype[39m=[32m"password"[39m
            [36m/>[39m
            [36m<div[39m
              [33mclass[39m=[32m"absolute right-3 top-1/2 -translate-y-1/2 flex items-center"[39m
            [36m>[39m
              [36m<button[39m
                [33maria-label[39m=[32m"Показать пароль"[39m
                [33mclass[39m=[32m"text-[var(--color-neutral-600)] hover:text-[var(--color-text-primary)] focus:outline-none focus:text-[var(--color-text-primary)]"[39m
                [33mtabindex[39m=[32m"-1"[39m
                [33mtype[39m=[32m"button"[39m
              [36m>[39m
                [36m<svg[39m
                  [33maria-hidden[39m=[32m"true"[39m
                  [33mclass[39m=[32m"lucide lucide-eye w-5 h-5"[39m
                  [33mfill[39m=[32m"none"[39m
                  [33mheight[39m=[32m"24"[39m
                  [33mstroke[39m=[32m"currentColor"[39m
                  [33mstroke-linecap[39m=[32m"round"[39m
                  [33mstroke-linejoin[39m=[32m"round"[39m
                  [33mstroke-width[39m=[32m"2"[39m
                  [33mviewBox[39m=[32m"0 0 24 24"[39m
                  [33mwidth[39m=[32m"24"[39m
                  [33mxmlns[39m=[32m"http://www.w3.org/2000/svg"[39m
                [36m>[39m
                  [36m<path[39m
                    [33md[39m=[32m"M2.062 12.348a1 1 0 0 1 0-.696 10.75 10.75 0 0 1 19.876 0 1 1 0 0 1 0 .696 10.75 10.75 0 0 1-19.876 0"[39m
                  [36m/>[39m
                  [36m<circle[39m
                    [33mcx[39m=[32m"12"[39m
                    [33mcy[39m=[32m"12"[39m
                    [33mr[39m=[32m"3"[39m
                  [36m/>[39m
                [36m</svg>[39m
              [36m</button>[39m
            [36m</div>[39m
          [36m</div>[39m
        [36m</div>[39m
      [36m</div>[39m
      [36m<button[39m
        [33maria-label[39m=[32m"Сбросить пароль"[39m
        [33mclass[39m=[32m"inline-flex items-center justify-center gap-2 font-medium transition-all focus:outline-none focus:ring-2 focus:ring-offset-2 disabled:opacity-50 disabled:cursor-not-allowed bg-primary text-white border border-transparent shadow-[0_14px_32px_rgba(11,18,32,0.45)] hover:bg-primary-hover hover:-translate-y-0.5 active:bg-primary-active active:translate-y-0 focus:ring-primary h-11 px-7 typo-body-m rounded-md w-full"[39m
        [33mtype[39m=[32m"submit"[39m
      [36m>[39m
        [0mСбросить пароль[0m
      [36m</button>[39m
    [36m</form>[39m
  [36m</div>[39m
[36m</body>[39m

Ignored nodes: comments, script, style
[36m<body>[39m
  [36m<div>[39m
    [36m<form[39m
      [33mclass[39m=[32m"space-y-6"[39m
      [33mnovalidate[39m=[32m""[39m
    [36m>[39m
      [36m<div>[39m
        [36m<div[39m
          [33mclass[39m=[32m"w-full"[39m
        [36m>[39m
          [36m<label[39m
            [33mclass[39m=[32m"block font-medium text-[var(--color-text-primary)] mb-1"[39m
            [33mfor[39m=[32m"input-новый-пароль"[39m
          [36m>[39m
            [0mНовый пароль[0m
          [36m</label>[39m
          [36m<div[39m
            [33mclass[39m=[32m"relative"[39m
          [36m>[39m
            [36m<input[39m
              [33maria-describedby[39m=[32m"password-error"[39m
              [33maria-invalid[39m=[32m"true"[39m
              [33maria-required[39m=[32m"true"[39m
              [33mautocomplete[39m=[32m"new-password"[39m
              [33mclass[39m=[32m"w-full h-10 px-4 rounded-sm text-[var(--color-text-primary)] border transition-colors duration-[var(--duration-short)] placeholder:text-[var(--color-neutral-500)] placeholder:truncate focus:outline-none focus:ring-4 focus:outline-primary/60 pr-10 border-[var(--color-accent-danger)] bg-[var(--color-accent-danger)]/8 focus:ring-[var(--color-accent-danger)] focus:border-[var(--color-accent-danger)]"[39m
              [33mid[39m=[32m"input-новый-пароль"[39m
              [33mname[39m=[32m"password"[39m
              [33mplaceholder[39m=[32m"Минимум 8 символов"[39m
              [33mtype[39m=[32m"password"[39m
            [36m/>[39m
            [36m<div[39m
              [33mclass[39m=[32m"absolute right-3 top-1/2 -translate-y-1/2 flex items-center"[39m
            [36m>[39m
              [36m<button[39m
                [33maria-label[39m=[32m"Показать пароль"[39m
                [33mclass[39m=[32m"text-[var(--color-neutral-600)] hover:text-[var(--color-text-primary)] focus:outline-none focus:text-[var(--color-text-primary)]"[39m
                [33mtabindex[39m=[32m"-1"[39m
                [33mtype[39m=[32m"button"[39m
              [36m>[39m
                [36m<svg[39m
                  [33maria-hidden[39m=[32m"true"[39m
                  [33mclass[39m=[32m"lucide lucide-eye w-5 h-5"[39m
                  [33mfill[39m=[32m"none"[39m
                  [33mheight[39m=[32m"24"[39m
                  [33mstroke[39m=[32m"currentColor"[39m
                  [33mstroke-linecap[39m=[32m"round"[39m
                  [33mstroke-linejoin[39m=[32m"round"[39m
                  [33mstroke-width[39m=[32m"2"[39m
                  [33mviewBox[39m=[32m"0 0 24 24"[39m
                  [33mwidth[39m=[32m"24"[39m
                  [33mxmlns[39m=[32m"http://www.w3.org/2000/svg"[39m
                [36m>[39m
                  [36m<path[39m
                    [33md[39m=[32m"M2.062 12.348a1 1 0 0 1 0-.696 10.75 10.75 0 0 1 19.876 0 1 1 0 0 1 0 .696 10.75 10.75 0 0 1-19.876 0"[39m
                  [36m/>[39m
                  [36m<circle[39m
                    [33mcx[39m=[32m"12"[39m
                    [33mcy[39m=[32m"12"[39m
                    [33mr[39m=[32m"3"[39m
                  [36m/>[39m
                [36m</svg>[39m
              [36m</button>[39m
            [36m</div>[39m
          [36m</div>[39m
          [36m<p[39m
            [33mclass[39m=[32m"mt-1 text-[var(--color-accent-danger)]"[39m
            [33mid[39m=[32m"input-новый-пароль-description"[39m
          [36m>[39m
            [0mПароль должен содержать хотя бы 1 заглавную букву[0m
          [36m</p>[39m
        [36m</div>[39m
        [36m<p[39m
          [33mclass[39m=[32m"mt-1 text-sm text-red-600"[39m
          [33mid[39m=[32m"password-error"[39m
          [33mrole[39m=[32m"alert"[39m
        [36m>[39m
          [0mПароль должен содержать хотя бы 1 заглавную букву[0m
        [36m</p>[39m
        [36m<p[39m
          [33mclass[39m=[32m"mt-2 text-xs text-gray-500"[39m
        [36m>[39m
          [0mПароль должен содержать минимум 8 символов, включая 1 цифру и 1 заглавную букву[0m
        [36m</p>[39m
      [36m</div>[39m
      [36m<div>[39m
        [36m<div[39m
          [33mclass[39m=[32m"w-full"[39m
        [36m>[39m
          [36m<label[39m
            [33mclass[39m=[32m"block font-medium text-[var(--color-text-primary)] mb-1"[39m
            [33mfor[39m=[32m"input-подтверждение-пароля"[39m
          [36m>[39m
            [0mПодтверждение пароля[0m
          [36m</label>[39m
          [36m<div[39m
            [33mclass[39m=[32m"relative"[39m
          [36m>[39m
            [36m<input[39m
              [33maria-invalid[39m=[32m"false"[39m
              [33maria-required[39m=[32m"true"[39m
              [33mautocomplete[39m=[32m"new-password"[39m
              [33mclass[39m=[32m"w-full h-10 px-4 rounded-sm text-[var(--color-text-primary)] bg-[var(--color-neutral-100)] border border-[var(--color-neutral-400)] transition-colors duration-[var(--duration-short)] placeholder:text-[var(--color-neutral-500)] placeholder:truncate focus:outline-none focus:ring-4 focus:ring-primary/12 focus:outline-primary/60 pr-10"[39m
              [33mid[39m=[32m"input-подтверждение-пароля"[39m
              [33mname[39m=[32m"confirmPassword"[39m
              [33mplaceholder[39m=[32m"Повторите пароль"[39m
              [33mtype[39m=[32m"password"[39m
            [36m/>[39m
            [36m<div[39m
              [33mclass[39m=[32m"absolute right-3 top-1/2 -translate-y-1/2 flex items-center"[39m
            [36m>[39m
              [36m<button[39m
                [33maria-label[39m=[32m"Показать пароль"[39m
                [33mclass[39m=[32m"text-[var(--color-neutral-600)] hover:text-[var(--color-text-primary)] focus:outline-none focus:text-[var(--color-text-primary)]"[39m
                [33mtabindex[39m=[32m"-1"[39m
                [33mtype[39m=[32m"button"[39m
              [36m>[39m
                [36m<svg[39m
                  [33maria-hidden[39m=[32m"true"[39m
                  [33mclass[39m=[32m"lucide lucide-eye w-5 h-5"[39m
                  [33mfill[39m=[32m"none"[39m
                  [33mheight[39m=[32m"24"[39m
                  [33mstroke[39m=[32m"currentColor"[39m
                  [33mstroke-linecap[39m=[32m"round"[39m
                  [33mstroke-linejoin[39m=[32m"round"[39m
                  [33mstroke-width[39m=[32m"2"[39m
                  [33mviewBox[39m=[32m"0 0 24 24"[39m
                  [33mwidth[39m=[32m"24"[39m
                  [33mxmlns[39m=[32m"http://www.w3.org/2000/svg"[39m
                [36m>[39m
                  [36m<path[39m
                    [33md[39m=[32m"M2.062 12.348a1 1 0 0 1 0-.696 10.75 10.75 0 0 1 19.876 0 1 1 0 0 1 0 .696 10.75 10.75 0 0 1-19.876 0"[39m
                  [36m/>[39m
                  [36m<circle[39m
                    [33mcx[39m=[32m"12"[39m
                    [33mcy[39m=[32m"12"[39m
                    [33mr[39m=[32m"3"[39m
                  [36m/>[39m
                [36m</svg>[39m
              [36m</button>[39m
            [36m</div>[39m
          [36m</div>[39m
        [36m</div>[39m
      [36m</div>[39m
      [36m<button[39m
        [33maria-label[39m=[32m"Сбросить пароль"[39m
        [33mclass[39m=[32m"inline-flex items-center justify-center gap-2 font-medium transition-all focus:outline-none focus:ring-2 focus:ring-offset-2 disabled:opacity-50 disabled:cursor-not-allowed bg-primary text-white border border-transparent shadow-[0_14px_32px_rgba(11,18,32,0.45)] hover:bg-primary-hover hover:-translate-y-0.5 active:bg-primary-active active:translate-y-0 focus:ring-primary h-11 px-7 typo-body-m rounded-md w-full"[39m
        [33mtype[39m=[32m"submit"[39m
      [36m>[39m
        [0mСбросить пароль[0m
      [36m</button>[39m
    [36m</form>[39m
  [36m</div>[39m
[36m</body>[39m
[90m [2m❯[22m waitForWrapper node_modules/@testing-library/dom/dist/wait-for.js:[2m163:27[22m[39m
[90m [2m❯[22m node_modules/@testing-library/dom/dist/query-helpers.js:[2m86:33[22m[39m
[36m [2m❯[22m src/components/auth/__tests__/PasswordResetConfirmForm.test.tsx:[2m224:27[22m[39m
    [90m222| [39m      [35mawait[39m user[33m.[39m[34mclick[39m(submitButton)[33m;[39m
    [90m223| [39m
    [90m224| [39m      expect(await screen.findByText(/хотя бы 1 заглавную букву/i)).to…
    [90m   | [39m                          [31m^[39m
    [90m225| [39m    })[33m;[39m
    [90m226| [39m

[31m[2m⎯⎯⎯⎯⎯⎯⎯⎯⎯⎯⎯⎯⎯⎯⎯⎯⎯⎯⎯⎯⎯⎯[36/77]⎯[22m[39m

[41m[1m FAIL [22m[49m src/components/auth/__tests__/PasswordResetConfirmForm.test.tsx[2m > [22mPasswordResetConfirmForm[2m > [22mClient-side Validation[2m > [22mshould show error when passwords do not match
[31m[1mTestingLibraryElementError[22m[39m: Found multiple elements with the text: /пароли не совпадают/i

Here are the matching elements:

Ignored nodes: comments, script, style
[36m<p[39m
  [33mclass[39m=[32m"mt-1 text-[var(--color-accent-danger)]"[39m
  [33mid[39m=[32m"input-подтверждение-пароля-description"[39m
[36m>[39m
  [0mПароли не совпадают[0m
[36m</p>[39m

Ignored nodes: comments, script, style
[36m<p[39m
  [33mclass[39m=[32m"mt-1 text-sm text-red-600"[39m
  [33mid[39m=[32m"confirm-password-error"[39m
  [33mrole[39m=[32m"alert"[39m
[36m>[39m
  [0mПароли не совпадают[0m
[36m</p>[39m

(If this is intentional, then use the `*AllBy*` variant of the query (like `queryAllByText`, `getAllByText`, or `findAllByText`)).

Ignored nodes: comments, script, style
[36m<body>[39m
  [36m<div>[39m
    [36m<form[39m
      [33mclass[39m=[32m"space-y-6"[39m
      [33mnovalidate[39m=[32m""[39m
    [36m>[39m
      [36m<div>[39m
        [36m<div[39m
          [33mclass[39m=[32m"w-full"[39m
        [36m>[39m
          [36m<label[39m
            [33mclass[39m=[32m"block font-medium text-[var(--color-text-primary)] mb-1"[39m
            [33mfor[39m=[32m"input-новый-пароль"[39m
          [36m>[39m
            [0mНовый пароль[0m
          [36m</label>[39m
          [36m<div[39m
            [33mclass[39m=[32m"relative"[39m
          [36m>[39m
            [36m<input[39m
              [33maria-invalid[39m=[32m"false"[39m
              [33maria-required[39m=[32m"true"[39m
              [33mautocomplete[39m=[32m"new-password"[39m
              [33mclass[39m=[32m"w-full h-10 px-4 rounded-sm text-[var(--color-text-primary)] bg-[var(--color-neutral-100)] border border-[var(--color-neutral-400)] transition-colors duration-[var(--duration-short)] placeholder:text-[var(--color-neutral-500)] placeholder:truncate focus:outline-none focus:ring-4 focus:ring-primary/12 focus:outline-primary/60 pr-10"[39m
              [33mid[39m=[32m"input-новый-пароль"[39m
              [33mname[39m=[32m"password"[39m
              [33mplaceholder[39m=[32m"Минимум 8 символов"[39m
              [33mtype[39m=[32m"password"[39m
            [36m/>[39m
            [36m<div[39m
              [33mclass[39m=[32m"absolute right-3 top-1/2 -translate-y-1/2 flex items-center"[39m
            [36m>[39m
              [36m<button[39m
                [33maria-label[39m=[32m"Показать пароль"[39m
                [33mclass[39m=[32m"text-[var(--color-neutral-600)] hover:text-[var(--color-text-primary)] focus:outline-none focus:text-[var(--color-text-primary)]"[39m
                [33mtabindex[39m=[32m"-1"[39m
                [33mtype[39m=[32m"button"[39m
              [36m>[39m
                [36m<svg[39m
                  [33maria-hidden[39m=[32m"true"[39m
                  [33mclass[39m=[32m"lucide lucide-eye w-5 h-5"[39m
                  [33mfill[39m=[32m"none"[39m
                  [33mheight[39m=[32m"24"[39m
                  [33mstroke[39m=[32m"currentColor"[39m
                  [33mstroke-linecap[39m=[32m"round"[39m
                  [33mstroke-linejoin[39m=[32m"round"[39m
                  [33mstroke-width[39m=[32m"2"[39m
                  [33mviewBox[39m=[32m"0 0 24 24"[39m
                  [33mwidth[39m=[32m"24"[39m
                  [33mxmlns[39m=[32m"http://www.w3.org/2000/svg"[39m
                [36m>[39m
                  [36m<path[39m
                    [33md[39m=[32m"M2.062 12.348a1 1 0 0 1 0-.696 10.75 10.75 0 0 1 19.876 0 1 1 0 0 1 0 .696 10.75 10.75 0 0 1-19.876 0"[39m
                  [36m/>[39m
                  [36m<circle[39m
                    [33mcx[39m=[32m"12"[39m
                    [33mcy[39m=[32m"12"[39m
                    [33mr[39m=[32m"3"[39m
                  [36m/>[39m
                [36m</svg>[39m
              [36m</button>[39m
            [36m</div>[39m
          [36m</div>[39m
        [36m</div>[39m
        [36m<p[39m
          [33mclass[39m=[32m"mt-2 text-xs text-gray-500"[39m
        [36m>[39m
          [0mПароль должен содержать минимум 8 символов, включая 1 цифру и 1 заглавную букву[0m
        [36m</p>[39m
      [36m</div>[39m
      [36m<div>[39m
        [36m<div[39m
          [33mclass[39m=[32m"w-full"[39m
        [36m>[39m
          [36m<label[39m
            [33mclass[39m=[32m"block font-medium text-[var(--color-text-primary)] mb-1"[39m
            [33mfor[39m=[32m"input-подтверждение-пароля"[39m
          [36m>[39m
            [0mПодтверждение пароля[0m
          [36m</label>[39m
          [36m<div[39m
            [33mclass[39m=[32m"relative"[39m
          [36m>[39m
            [36m<input[39m
              [33maria-describedby[39m=[32m"confirm-password-error"[39m
              [33maria-invalid[39m=[32m"true"[39m
              [33maria-required[39m=[32m"true"[39m
              [33mautocomplete[39m=[32m"new-password"[39m
              [33mclass[39m=[32m"w-full h-10 px-4 rounded-sm text-[var(--color-text-primary)] border transition-colors duration-[var(--duration-short)] placeholder:text-[var(--color-neutral-500)] placeholder:truncate focus:outline-none focus:ring-4 focus:outline-primary/60 pr-10 border-[var(--color-accent-danger)] bg-[var(--color-accent-danger)]/8 focus:ring-[var(--color-accent-danger)] focus:border-[var(--color-accent-danger)]"[39m
              [33mid[39m=[32m"input-подтверждение-пароля"[39m
              [33mname[39m=[32m"confirmPassword"[39m
              [33mplaceholder[39m=[32m"Повторите пароль"[39m
              [33mtype[39m=[32m"password"[39m
            [36m/>[39m
            [36m<div[39m
              [33mclass[39m=[32m"absolute right-3 top-1/2 -translate-y-1/2 flex items-center"[39m
            [36m>[39m
              [36m<button[39m
                [33maria-label[39m=[32m"Показать пароль"[39m
                [33mclass[39m=[32m"text-[var(--color-neutral-600)] hover:text-[var(--color-text-primary)] focus:outline-none focus:text-[var(--color-text-primary)]"[39m
                [33mtabindex[39m=[32m"-1"[39m
                [33mtype[39m=[32m"button"[39m
              [36m>[39m
                [36m<svg[39m
                  [33maria-hidden[39m=[32m"true"[39m
                  [33mclass[39m=[32m"lucide lucide-eye w-5 h-5"[39m
                  [33mfill[39m=[32m"none"[39m
                  [33mheight[39m=[32m"24"[39m
                  [33mstroke[39m=[32m"currentColor"[39m
                  [33mstroke-linecap[39m=[32m"round"[39m
                  [33mstroke-linejoin[39m=[32m"round"[39m
                  [33mstroke-width[39m=[32m"2"[39m
                  [33mviewBox[39m=[32m"0 0 24 24"[39m
                  [33mwidth[39m=[32m"24"[39m
                  [33mxmlns[39m=[32m"http://www.w3.org/2000/svg"[39m
                [36m>[39m
                  [36m<path[39m
                    [33md[39m=[32m"M2.062 12.348a1 1 0 0 1 0-.696 10.75 10.75 0 0 1 19.876 0 1 1 0 0 1 0 .696 10.75 10.75 0 0 1-19.876 0"[39m
                  [36m/>[39m
                  [36m<circle[39m
                    [33mcx[39m=[32m"12"[39m
                    [33mcy[39m=[32m"12"[39m
                    [33mr[39m=[32m"3"[39m
                  [36m/>[39m
                [36m</svg>[39m
              [36m</button>[39m
            [36m</div>[39m
          [36m</div>[39m
          [36m<p[39m
            [33mclass[39m=[32m"mt-1 text-[var(--color-accent-danger)]"[39m
            [33mid[39m=[32m"input-подтверждение-пароля-description"[39m
          [36m>[39m
            [0mПароли не совпадают[0m
          [36m</p>[39m
        [36m</div>[39m
        [36m<p[39m
          [33mclass[39m=[32m"mt-1 text-sm text-red-600"[39m
          [33mid[39m=[32m"confirm-password-error"[39m
          [33mrole[39m=[32m"alert"[39m
        [36m>[39m
          [0mПароли не совпадают[0m
        [36m</p>[39m
      [36m</div>[39m
      [36m<button[39m
        [33maria-label[39m=[32m"Сбросить пароль"[39m
        [33mclass[39m=[32m"inline-flex items-center justify-center gap-2 font-medium transition-all focus:outline-none focus:ring-2 focus:ring-offset-2 disabled:opacity-50 disabled:cursor-not-allowed bg-primary text-white border border-transparent shadow-[0_14px_32px_rgba(11,18,32,0.45)] hover:bg-primary-hover hover:-translate-y-0.5 active:bg-primary-active active:translate-y-0 focus:ring-primary h-11 px-7 typo-body-m rounded-md w-full"[39m
        [33mtype[39m=[32m"submit"[39m
      [36m>[39m
        [0mСбросить пароль[0m
      [36m</button>[39m
    [36m</form>[39m
  [36m</div>[39m
[36m</body>[39m

Ignored nodes: comments, script, style
[36m<body>[39m
  [36m<div>[39m
    [36m<form[39m
      [33mclass[39m=[32m"space-y-6"[39m
      [33mnovalidate[39m=[32m""[39m
    [36m>[39m
      [36m<div>[39m
        [36m<div[39m
          [33mclass[39m=[32m"w-full"[39m
        [36m>[39m
          [36m<label[39m
            [33mclass[39m=[32m"block font-medium text-[var(--color-text-primary)] mb-1"[39m
            [33mfor[39m=[32m"input-новый-пароль"[39m
          [36m>[39m
            [0mНовый пароль[0m
          [36m</label>[39m
          [36m<div[39m
            [33mclass[39m=[32m"relative"[39m
          [36m>[39m
            [36m<input[39m
              [33maria-invalid[39m=[32m"false"[39m
              [33maria-required[39m=[32m"true"[39m
              [33mautocomplete[39m=[32m"new-password"[39m
              [33mclass[39m=[32m"w-full h-10 px-4 rounded-sm text-[var(--color-text-primary)] bg-[var(--color-neutral-100)] border border-[var(--color-neutral-400)] transition-colors duration-[var(--duration-short)] placeholder:text-[var(--color-neutral-500)] placeholder:truncate focus:outline-none focus:ring-4 focus:ring-primary/12 focus:outline-primary/60 pr-10"[39m
              [33mid[39m=[32m"input-новый-пароль"[39m
              [33mname[39m=[32m"password"[39m
              [33mplaceholder[39m=[32m"Минимум 8 символов"[39m
              [33mtype[39m=[32m"password"[39m
            [36m/>[39m
            [36m<div[39m
              [33mclass[39m=[32m"absolute right-3 top-1/2 -translate-y-1/2 flex items-center"[39m
            [36m>[39m
              [36m<button[39m
                [33maria-label[39m=[32m"Показать пароль"[39m
                [33mclass[39m=[32m"text-[var(--color-neutral-600)] hover:text-[var(--color-text-primary)] focus:outline-none focus:text-[var(--color-text-primary)]"[39m
                [33mtabindex[39m=[32m"-1"[39m
                [33mtype[39m=[32m"button"[39m
              [36m>[39m
                [36m<svg[39m
                  [33maria-hidden[39m=[32m"true"[39m
                  [33mclass[39m=[32m"lucide lucide-eye w-5 h-5"[39m
                  [33mfill[39m=[32m"none"[39m
                  [33mheight[39m=[32m"24"[39m
                  [33mstroke[39m=[32m"currentColor"[39m
                  [33mstroke-linecap[39m=[32m"round"[39m
                  [33mstroke-linejoin[39m=[32m"round"[39m
                  [33mstroke-width[39m=[32m"2"[39m
                  [33mviewBox[39m=[32m"0 0 24 24"[39m
                  [33mwidth[39m=[32m"24"[39m
                  [33mxmlns[39m=[32m"http://www.w3.org/2000/svg"[39m
                [36m>[39m
                  [36m<path[39m
                    [33md[39m=[32m"M2.062 12.348a1 1 0 0 1 0-.696 10.75 10.75 0 0 1 19.876 0 1 1 0 0 1 0 .696 10.75 10.75 0 0 1-19.876 0"[39m
                  [36m/>[39m
                  [36m<circle[39m
                    [33mcx[39m=[32m"12"[39m
                    [33mcy[39m=[32m"12"[39m
                    [33mr[39m=[32m"3"[39m
                  [36m/>[39m
                [36m</svg>[39m
              [36m</button>[39m
            [36m</div>[39m
          [36m</div>[39m
        [36m</div>[39m
        [36m<p[39m
          [33mclass[39m=[32m"mt-2 text-xs text-gray-500"[39m
        [36m>[39m
          [0mПароль должен содержать минимум 8 символов, включая 1 цифру и 1 заглавную букву[0m
        [36m</p>[39m
      [36m</div>[39m
      [36m<div>[39m
        [36m<div[39m
          [33mclass[39m=[32m"w-full"[39m
        [36m>[39m
          [36m<label[39m
            [33mclass[39m=[32m"block font-medium text-[var(--color-text-primary)] mb-1"[39m
            [33mfor[39m=[32m"input-подтверждение-пароля"[39m
          [36m>[39m
            [0mПодтверждение пароля[0m
          [36m</label>[39m
          [36m<div[39m
            [33mclass[39m=[32m"relative"[39m
          [36m>[39m
            [36m<input[39m
              [33maria-describedby[39m=[32m"confirm-password-error"[39m
              [33maria-invalid[39m=[32m"true"[39m
              [33maria-required[39m=[32m"true"[39m
              [33mautocomplete[39m=[32m"new-password"[39m
              [33mclass[39m=[32m"w-full h-10 px-4 rounded-sm text-[var(--color-text-primary)] border transition-colors duration-[var(--duration-short)] placeholder:text-[var(--color-neutral-500)] placeholder:truncate focus:outline-none focus:ring-4 focus:outline-primary/60 pr-10 border-[var(--color-accent-danger)] bg-[var(--color-accent-danger)]/8 focus:ring-[var(--color-accent-danger)] focus:border-[var(--color-accent-danger)]"[39m
              [33mid[39m=[32m"input-подтверждение-пароля"[39m
              [33mname[39m=[32m"confirmPassword"[39m
              [33mplaceholder[39m=[32m"Повторите пароль"[39m
              [33mtype[39m=[32m"password"[39m
            [36m/>[39m
            [36m<div[39m
              [33mclass[39m=[32m"absolute right-3 top-1/2 -translate-y-1/2 flex items-center"[39m
            [36m>[39m
              [36m<button[39m
                [33maria-label[39m=[32m"Показать пароль"[39m
                [33mclass[39m=[32m"text-[var(--color-neutral-600)] hover:text-[var(--color-text-primary)] focus:outline-none focus:text-[var(--color-text-primary)]"[39m
                [33mtabindex[39m=[32m"-1"[39m
                [33mtype[39m=[32m"button"[39m
              [36m>[39m
                [36m<svg[39m
                  [33maria-hidden[39m=[32m"true"[39m
                  [33mclass[39m=[32m"lucide lucide-eye w-5 h-5"[39m
                  [33mfill[39m=[32m"none"[39m
                  [33mheight[39m=[32m"24"[39m
                  [33mstroke[39m=[32m"currentColor"[39m
                  [33mstroke-linecap[39m=[32m"round"[39m
                  [33mstroke-linejoin[39m=[32m"round"[39m
                  [33mstroke-width[39m=[32m"2"[39m
                  [33mviewBox[39m=[32m"0 0 24 24"[39m
                  [33mwidth[39m=[32m"24"[39m
                  [33mxmlns[39m=[32m"http://www.w3.org/2000/svg"[39m
                [36m>[39m
                  [36m<path[39m
                    [33md[39m=[32m"M2.062 12.348a1 1 0 0 1 0-.696 10.75 10.75 0 0 1 19.876 0 1 1 0 0 1 0 .696 10.75 10.75 0 0 1-19.876 0"[39m
                  [36m/>[39m
                  [36m<circle[39m
                    [33mcx[39m=[32m"12"[39m
                    [33mcy[39m=[32m"12"[39m
                    [33mr[39m=[32m"3"[39m
                  [36m/>[39m
                [36m</svg>[39m
              [36m</button>[39m
            [36m</div>[39m
          [36m</div>[39m
          [36m<p[39m
            [33mclass[39m=[32m"mt-1 text-[var(--color-accent-danger)]"[39m
            [33mid[39m=[32m"input-подтверждение-пароля-description"[39m
          [36m>[39m
            [0mПароли не совпадают[0m
          [36m</p>[39m
        [36m</div>[39m
        [36m<p[39m
          [33mclass[39m=[32m"mt-1 text-sm text-red-600"[39m
          [33mid[39m=[32m"confirm-password-error"[39m
          [33mrole[39m=[32m"alert"[39m
        [36m>[39m
          [0mПароли не совпадают[0m
        [36m</p>[39m
      [36m</div>[39m
      [36m<button[39m
        [33maria-label[39m=[32m"Сбросить пароль"[39m
        [33mclass[39m=[32m"inline-flex items-center justify-center gap-2 font-medium transition-all focus:outline-none focus:ring-2 focus:ring-offset-2 disabled:opacity-50 disabled:cursor-not-allowed bg-primary text-white border border-transparent shadow-[0_14px_32px_rgba(11,18,32,0.45)] hover:bg-primary-hover hover:-translate-y-0.5 active:bg-primary-active active:translate-y-0 focus:ring-primary h-11 px-7 typo-body-m rounded-md w-full"[39m
        [33mtype[39m=[32m"submit"[39m
      [36m>[39m
        [0mСбросить пароль[0m
      [36m</button>[39m
    [36m</form>[39m
  [36m</div>[39m
[36m</body>[39m
[90m [2m❯[22m waitForWrapper node_modules/@testing-library/dom/dist/wait-for.js:[2m163:27[22m[39m
[90m [2m❯[22m node_modules/@testing-library/dom/dist/query-helpers.js:[2m86:33[22m[39m
[36m [2m❯[22m src/components/auth/__tests__/PasswordResetConfirmForm.test.tsx:[2m244:27[22m[39m
    [90m242| [39m      [35mawait[39m user[33m.[39m[34mclick[39m(submitButton)[33m;[39m
    [90m243| [39m
    [90m244| [39m      expect(await screen.findByText(/пароли не совпадают/i)).toBeInTh…
    [90m   | [39m                          [31m^[39m
    [90m245| [39m    })[33m;[39m
    [90m246| [39m  })[33m;[39m

[31m[2m⎯⎯⎯⎯⎯⎯⎯⎯⎯⎯⎯⎯⎯⎯⎯⎯⎯⎯⎯⎯⎯⎯[37/77]⎯[22m[39m

[41m[1m FAIL [22m[49m src/components/auth/__tests__/RegisterForm.test.tsx[2m > [22mRegisterForm[2m > [22mForm Submission[2m > [22mshould submit form with valid data
[31m[1mAssertionError[22m[39m: expected "vi.fn()" to be called with arguments: [ '/' ][90m

Received: 

[1m  1st vi.fn() call:

[22m[2m  [[22m
[32m-   "/",[90m
[31m+   "/test",[90m
[2m  ][22m
[39m[90m

Number of calls: [1m1[22m
[39m

Ignored nodes: comments, script, style
[36m<html>[39m
  [36m<head />[39m
  [36m<body>[39m
    [36m<div>[39m
      [36m<form[39m
        [33mclass[39m=[32m"w-full max-w-md mx-auto p-6 space-y-4"[39m
      [36m>[39m
        [36m<div[39m
          [33mclass[39m=[32m"w-full"[39m
        [36m>[39m
          [36m<label[39m
            [33mclass[39m=[32m"block font-medium text-[var(--color-text-primary)] mb-1"[39m
            [33mfor[39m=[32m"input-имя"[39m
          [36m>[39m
            [0mИмя[0m
          [36m</label>[39m
          [36m<div[39m
            [33mclass[39m=[32m"relative"[39m
          [36m>[39m
            [36m<input[39m
              [33maria-invalid[39m=[32m"false"[39m
              [33mautocomplete[39m=[32m"given-name"[39m
              [33mclass[39m=[32m"w-full h-10 px-4 rounded-sm text-[var(--color-text-primary)] bg-[var(--color-neutral-100)] border border-[var(--color-neutral-400)] transition-colors duration-[var(--duration-short)] placeholder:text-[var(--color-neutral-500)] placeholder:truncate focus:outline-none focus:ring-4 focus:ring-primary/12 focus:outline-primary/60"[39m
              [33mid[39m=[32m"input-имя"[39m
              [33mname[39m=[32m"first_name"[39m
              [33mplaceholder[39m=[32m"Иван"[39m
              [33mtype[39m=[32m"text"[39m
            [36m/>[39m
            [36m<div[39m
              [33mclass[39m=[32m"absolute right-3 top-1/2 -translate-y-1/2 flex items-center"[39m
            [36m/>[39m
          [36m</div>[39m
        [36m</div>[39m
        [36m<div[39m
          [33mclass[39m=[32m"w-full"[39m
        [36m>[39m
          [36m<label[39m
            [33mclass[39m=[32m"block font-medium text-[var(--color-text-primary)] mb-1"[39m
            [33mfor[39m=[32m"input-email"[39m
          [36m>[39m
            [0mEmail[0m
          [36m</label>[39m
          [36m<div[39m
            [33mclass[39m=[32m"relative"[39m
          [36m>[39m
            [36m<input[39m
              [33maria-invalid[39m=[32m"false"[39m
              [33mautocomplete[39m=[32m"email"[39m
              [33mclass[39m=[32m"w-full h-10 px-4 rounded-sm text-[var(--color-text-primary)] bg-[var(--color-neutral-100)] border border-[var(--color-neutral-400)] transition-colors duration-[var(--duration-short)] placeholder:text-[var(--color-neutral-500)] placeholder:truncate focus:outline-none focus:ring-4 focus:ring-primary/12 focus:outline-primary/60"[39m
              [33mid[39m=[32m"input-email"[39m
              [33mname[39m=[32m"email"[39m
              [33mplaceholder[39m=[32m"user@example.com"[39m
              [33mtype[39m=[32m"email"[39m
            [36m/>[39m
            [36m<div[39m
              [33mclass[39m=[32m"absolute right-3 top-1/2 -translate-y-1/2 flex items-center"[39m
            [36m/>[39m
          [36m</div>[39m
        [36m</div>[39m
        [36m<div[39m
          [33mclass[39m=[32m"space-y-2"[39m
        [36m>[39m
          [36m<label[39m
            [33mclass[39m=[32m"block text-body-s font-medium text-gray-700"[39m
            [33mfor[39m=[32m"role-select"[39m
          [36m>[39m
            [0mТип аккаунта[0m
          [36m</label>[39m
          [36m<select[39m
            [33maria-label[39m=[32m"Выберите тип аккаунта"[39m
            [33mclass[39m=[32m"w-full px-3 py-2 border border-gray-300 rounded-md shadow-sm focus:ring-2 focus:ring-[var(--color-primary-500)] focus:ring-offset-2 focus:outline-none disabled:opacity-50 disabled:cursor-not-allowed"[39m
            [33mid[39m=[32m"role-select"[39m
            [33mname[39m=[32m"role"[39m
          [36m>[39m
            [36m<option[39m
              [33mvalue[39m=[32m"retail"[39m
            [36m>[39m
              [0mРозничный покупатель[0m
            [36m</option>[39m
            [36m<option[39m
              [33mvalue[39m=[32m"trainer"[39m
            [36m>[39m
              [0mТренер / Спортивный клуб[0m
            [36m</option>[39m
            [36m<option[39m
              [33mvalue[39m=[32m"wholesale_level1"[39m
            [36m>[39m
              [0mОптовик[0m
            [36m</option>[39m
            [36m<option[39m
              [33mvalue[39m=[32m"federation_rep"[39m
            [36m>[39m
              [0mПредставитель спортивной федерации[0m
            [36m</option>[39m
          [36m</select>[39m
        [36m</div>[39m
        [36m<div[39m
          [33mclass[39m=[32m"w-full"[39m
        [36m>[39m
          [36m<label[39m
            [33mclass[39m=[32m"block font-medium text-[var(--color-text-primary)] mb-1"[39m
            [33mfor[39m=[32m"input-пароль"[39m
          [36m>[39m
            [0mПароль[0m
          [36m</label>[39m
          [36m<div[39m
            [33mclass[39m=[32m"relative"[39m
          [36m>[39m
            [36m<input[39m
              [33maria-describedby[39m=[32m"input-пароль-description"[39m
              [33maria-invalid[39m=[32m"false"[39m
              [33mautocomplete[39m=[32m"new-password"[39m
              [33mclass[39m=[32m"w-full h-10 px-4 rounded-sm text-[var(--color-text-primary)] bg-[var(--color-neutral-100)] border border-[var(--color-neutral-400)] transition-colors duration-[var(--duration-short)] placeholder:text-[var(--color-neutral-500)] placeholder:truncate focus:outline-none focus:ring-4 focus:ring-primary/12 focus:outline-primary/60 pr-10"[39m
              [33mid[39m=[32m"input-пароль"[39m
              [33mname[39m=[32m"password"[39m
              [33mplaceholder[39m=[32m"••••••••"[39m
              [33mtype[39m=[32m"password"[39m
            [36m/>[39m
            [36m<div[39m
              [33mclass[39m=[32m"absolute right-3 top-1/2 -translate-y-1/2 flex items-center"[39m
            [36m>[39m
              [36m<button[39m
                [33maria-label[39m=[32m"Показать пароль"[39m
                [33mclass[39m=[32m"text-[var(--color-neutral-600)] hover:text-[var(--color-text-primary)] focus:outline-none focus:text-[var(--color-text-primary)]"[39m
                [33mtabindex[39m=[32m"-1"[39m
                [33mtype[39m=[32m"button"[39m
              [36m>[39m
                [36m<svg[39m
                  [33maria-hidden[39m=[32m"true"[39m
                  [33mclass[39m=[32m"lucide lucide-eye w-5 h-5"[39m
                  [33mfill[39m=[32m"none"[39m
                  [33mheight[39m=[32m"24"[39m
                  [33mstroke[39m=[32m"currentColor"[39m
                  [33mstroke-linecap[39m=[32m"round"[39m
                  [33mstroke-linejoin[39m=[32m"round"[39m
                  [33mstroke-width[39m=[32m"2"[39m
                  [33mviewBox[39m=[32m"0 0 24 24"[39m
                  [33mwidth[39m=[32m"24"[39m
                  [33mxmlns[39m=[32m"http://www.w3.org/2000/svg"[39m
                [36m>[39m
                  [36m<path[39m
                    [33md[39m=[32m"M2.062 12.348a1 1 0 0 1 0-.696 10.75 10.75 0 0 1 19.876 0 1 1 0 0 1 0 .696 10.75 10.75 0 0 1-19.876 0"[39m
                  [36m/>[39m
                  [36m<circle[39m
                    [33mcx[39m=[32m"12"[39m
                    [33mcy[39m=[32m"12"[39m
                    [33mr[39m=[32m"3"[39m
                  [36m/>[39m
                [36m</svg>[39m
              [36m</button>[39m
            [36m</div>[39m
          [36m</div>[39m
          [36m<p[39m
            [33mclass[39m=[32m"mt-1 text-[var(--color-text-muted)]"[39m
            [33mid[39m=[32m"input-пароль-description"[39m
          [36m>[39m
            [0mМинимум 8 символов, 1 цифра и 1 заглавная буква[0m
          [36m</p>[39m
        [36m</div>[39m
        [36m<div[39m
          [33mclass[39m=[32m"w-full"[39m
        [36m>[39m
          [36m<label[39m
            [33mclass[39m=[32m"block font-medium text-[var(--color-text-primary)] mb-1"[39m
            [33mfor[39m=[32m"input-подтверждение-пароля"[39m
          [36m>[39m
            [0mПодтверждение пароля[0m
          [36m</label>[39m
          [36m<div[39m
            [33mclass[39m=[32m"relative"[39m
          [36m>[39m
            [36m<input[39m
              [33maria-invalid[39m=[32m"false"[39m
              [33mautocomplete[39m=[32m"new-password"[39m
              [33mclass[39m=[32m"w-full h-10 px-4 rounded-sm text-[var(--color-text-primary)] bg-[var(--color-neutral-100)] border border-[var(--color-neutral-400)] transition-colors duration-[var(--duration-short)] placeholder:text-[var(--color-neutral-500)] placeholder:truncate focus:outline-none focus:ring-4 focus:ring-primary/12 focus:outline-primary/60 pr-10"[39m
              [33mid[39m=[32m"input-подтверждение-пароля"[39m
              [33mname[39m=[32m"confirmPassword"[39m
              [33mplaceholder[39m=[32m"••••••••"[39m
              [33mtype[39m=[32m"password"[39m
            [36m/>[39m
            [36m<div[39m
              [33mclass[39m=[32m"absolute right-3 top-1/2 -translate-y-1/2 flex items-center"[39m
            [36m>[39m
              [36m<button[39m
                [33maria-label[39m=[32m"Показать пароль"[39m
                [33mclass[39m=[32m"text-[var(--color-neutral-600)] hover:text-[var(--color-text-primary)] focus:outline-none focus:text-[var(--color-text-primary)]"[39m
                [33mtabindex[39m=[32m"-1"[39m
                [33mtype[39m=[32m"button"[39m
              [36m>[39m
                [36m<svg[39m
                  [33maria-hidden[39m=[32m"true"[39m
                  [33mclass[39m=[32m"lucide lucide-eye w-5 h-5"[39m
                  [33mfill[39m=[32m"none"[39m
                  [33mheight[39m=[32m"24"[39m
                  [33mstroke[39m=[32m"currentColor"[39m
                  [33mstroke-linecap[39m=[32m"round"[39m
                  [33mstroke-linejoin[39m=[32m"round"[39m
                  [33mstroke-width[39m=[32m"2"[39m
                  [33mviewBox[39m=[32m"0 0 24 24"[39m
                  [33mwidth[39m=[32m"24"[39m
                  [33mxmlns[39m=[32m"http://www.w3.org/2000/svg"[39m
                [36m>[39m
                  [36m<path[39m
                    [33md[39m=[32m"M2.062 12.348a1 1 0 0 1 0-.696 10.75 10.75 0 0 1 19.876 0 1 1 0 0 1 0 .696 10.75 10.75 0 0 1-19.876 0"[39m
                  [36m/>[39m
                  [36m<circle[39m
                    [33mcx[39m=[32m"12"[39m
                    [33mcy[39m=[32m"12"[39m
                    [33mr[39m=[32m"3"[39m
                  [36m/>[39m
                [36m</svg>[39m
              [36m</button>[39m
            [36m</div>[39m
          [36m</div>[39m
        [36m</div>[39m
        [36m<button[39m
          [33mclass[39m=[32m"inline-flex items-center justify-center gap-2 font-medium transition-all focus:outline-none focus:ring-2 focus:ring-offset-2 disabled:opacity-50 disabled:cursor-not-allowed bg-primary text-white border border-transparent shadow-[0_14px_32px_rgba(11,18,32,0.45)] hover:bg-primary-hover hover:-translate-y-0.5 active:bg-primary-active active:translate-y-0 focus:ring-primary h-11 px-7 typo-body-m rounded-md w-full"[39m
          [33mtype[39m=[32m"submit"[39m
        [36m>[39m
          [0mЗарегистрироваться[0m
        [36m</button>[39m
      [36m</form>[39m
    [36m</div>[39m
  [36m</body>[39m
[36m</html>[39m
[36m [2m❯[22m src/components/auth/__tests__/RegisterForm.test.tsx:[2m213:26[22m[39m
    [90m211| [39m      [90m// Should redirect to home after successful registration[39m
    [90m212| [39m      [35mawait[39m [34mwaitFor[39m(() [33m=>[39m {
    [90m213| [39m        [34mexpect[39m(mockPush)[33m.[39m[34mtoHaveBeenCalledWith[39m([32m'/'[39m)[33m;[39m
    [90m   | [39m                         [31m^[39m
    [90m214| [39m      })[33m;[39m
    [90m215| [39m    })[33m;[39m
[90m [2m❯[22m runWithExpensiveErrorDiagnosticsDisabled node_modules/@testing-library/dom/dist/config.js:[2m47:12[22m[39m
[90m [2m❯[22m checkCallback node_modules/@testing-library/dom/dist/wait-for.js:[2m124:77[22m[39m
[90m [2m❯[22m Timeout.checkRealTimersCallback node_modules/@testing-library/dom/dist/wait-for.js:[2m118:16[22m[39m

[31m[2m⎯⎯⎯⎯⎯⎯⎯⎯⎯⎯⎯⎯⎯⎯⎯⎯⎯⎯⎯⎯⎯⎯[38/77]⎯[22m[39m

[41m[1m FAIL [22m[49m src/components/cart/__tests__/CartPage.test.tsx[2m > [22mCartPage[2m > [22mData Loading[2m > [22mdoes not call fetchCart when items exist
[31m[1mAssertionError[22m[39m: expected "vi.fn()" to not be called at all, but actually been called 1 times[90m

Received: 

[1m  1st vi.fn() call:

[22m    Array []
[39m[90m

Number of calls: [1m1[22m
[39m

Ignored nodes: comments, script, style
[36m<html>[39m
  [36m<head />[39m
  [36m<body>[39m
    [36m<div>[39m
      [36m<main[39m
        [33mclass[39m=[32m"max-w-[1280px] mx-auto px-4 lg:px-6 py-6"[39m
        [33mdata-testid[39m=[32m"cart-page"[39m
        [33mrole[39m=[32m"main"[39m
      [36m>[39m
        [36m<nav[39m
          [33maria-label[39m=[32m"Breadcrumb"[39m
          [33mclass[39m=[32m"mb-6"[39m
          [33mdata-testid[39m=[32m"cart-breadcrumb"[39m
        [36m>[39m
          [36m<span>[39m
            [0mГлавная[0m
          [36m</span>[39m
          [36m<span>[39m
            [0mКорзина[0m
          [36m</span>[39m
        [36m</nav>[39m
        [36m<h1[39m
          [33mclass[39m=[32m"text-display-m font-bold text-text-primary mb-8"[39m
        [36m>[39m
          [0mВаша корзина[0m
        [36m</h1>[39m
        [36m<div[39m
          [33mclass[39m=[32m"grid grid-cols-1 lg:grid-cols-3 gap-6"[39m
        [36m>[39m
          [36m<section[39m
            [33maria-label[39m=[32m"Товары в корзине"[39m
            [33mclass[39m=[32m"lg:col-span-2 space-y-4"[39m
            [33mdata-testid[39m=[32m"cart-items-list"[39m
          [36m>[39m
            [36m<div[39m
              [33mclass[39m=[32m"flex gap-4 p-6 bg-[var(--bg-panel)] rounded-[var(--radius-md)] shadow-[var(--shadow-default)]"[39m
              [33mdata-testid[39m=[32m"cart-item-card"[39m
            [36m>[39m
              [36m<div[39m
                [33mclass[39m=[32m"flex-shrink-0"[39m
              [36m>[39m
                [36m<img[39m
                  [33malt[39m=[32m"Test Product"[39m
                  [33mclass[39m=[32m"rounded-[var(--radius)] object-cover"[39m
                  [33mdata-nimg[39m=[32m"1"[39m
                  [33mdata-testid[39m=[32m"cart-item-image"[39m
                  [33mdecoding[39m=[32m"async"[39m
                  [33mheight[39m=[32m"88"[39m
                  [33mloading[39m=[32m"lazy"[39m
                  [33msrc[39m=[32m"http://localhost:3000/_next/image?url=%2Ftest-image.jpg&w=256&q=75"[39m
                  [33msrcset[39m=[32m"/_next/image?url=%2Ftest-image.jpg&w=96&q=75 1x, /_next/image?url=%2Ftest-image.jpg&w=256&q=75 2x"[39m
                  [33mstyle[39m=[32m"color: transparent;"[39m
                  [33mwidth[39m=[32m"88"[39m
                [36m/>[39m
              [36m</div>[39m
              [36m<div[39m
                [33mclass[39m=[32m"flex-1 flex flex-col justify-between"[39m
              [36m>[39m
                [36m<div>[39m
                  [36m<h3[39m
                    [33mclass[39m=[32m"text-body-l font-semibold text-[var(--color-text-primary)]"[39m
                    [33mdata-testid[39m=[32m"cart-item-name"[39m
                  [36m>[39m
                    [0mTest Product[0m
                  [36m</h3>[39m
                  [36m<p[39m
                    [33mclass[39m=[32m"text-body-s text-[var(--color-text-secondary)]"[39m
                    [33mdata-testid[39m=[32m"cart-item-sku"[39m
                  [36m>[39m
                    [0mАрт: [0m
                    [0mSKU-001[0m
                    [0m | Цвет: Черный[0m
                    [0m | Размер: XL[0m
                  [36m</p>[39m
                [36m</div>[39m
                [36m<div[39m
                  [33mclass[39m=[32m"flex items-center justify-between mt-4"[39m
                [36m>[39m
                  [36m<div[39m
                    [33maria-label[39m=[32m"Количество товара"[39m
                    [33maria-valuemax[39m=[32m"99"[39m
                    [33maria-valuemin[39m=[32m"1"[39m
                    [33maria-valuenow[39m=[32m"2"[39m
                    [33mclass[39m=[32m"inline-flex items-center border border-[var(--color-neutral-400)] rounded-[var(--radius-sm)]"[39m
                    [33mrole[39m=[32m"spinbutton"[39m
                  [36m>[39m
                    [36m<button[39m
                      [33maria-label[39m=[32m"Уменьшить количество"[39m
                      [33mclass[39m=[32m"w-10 h-10 flex items-center justify-center text-[var(--color-text-primary)] disabled:opacity-50 disabled:cursor-not-allowed hover:bg-[var(--color-neutral-300)] transition-colors rounded-l-[var(--radius-sm)]"[39m
                      [33mdata-testid[39m=[32m"quantity-decrement"[39m
                      [33mtype[39m=[32m"button"[39m
                    [36m>[39m
                      [36m<svg[39m
                        [33maria-hidden[39m=[32m"true"[39m
                        [33mclass[39m=[32m"lucide lucide-minus"[39m
                        [33mfill[39m=[32m"none"[39m
                        [33mheight[39m=[32m"16"[39m
                        [33mstroke[39m=[32m"currentColor"[39m
                        [33mstroke-linecap[39m=[32m"round"[39m
                        [33mstroke-linejoin[39m=[32m"round"[39m
                        [33mstroke-width[39m=[32m"2"[39m
                        [33mviewBox[39m=[32m"0 0 24 24"[39m
                        [33mwidth[39m=[32m"16"[39m
                        [33mxmlns[39m=[32m"http://www.w3.org/2000/svg"[39m
                      [36m>[39m
                        [36m<path[39m
                          [33md[39m=[32m"M5 12h14"[39m
                        [36m/>[39m
                      [36m</svg>[39m
                    [36m</button>[39m
                    [36m<input[39m
                      [33maria-label[39m=[32m"Количество"[39m
                      [33mclass[39m=[32m"w-12 h-10 text-center text-body-m border-x border-[var(--color-neutral-400)] focus:outline-none focus:ring-[var(--focus-ring)] bg-[var(--bg-panel)] disabled:opacity-50 disabled:cursor-not-allowed"[39m
                      [33mdata-testid[39m=[32m"quantity-input"[39m
                      [33minputmode[39m=[32m"numeric"[39m
                      [33mpattern[39m=[32m"[0-9]*"[39m
                      [33mtype[39m=[32m"text"[39m
                      [33mvalue[39m=[32m"2"[39m
                    [36m/>[39m
                    [36m<button[39m
                      [33maria-label[39m=[32m"Увеличить количество"[39m
                      [33mclass[39m=[32m"w-10 h-10 flex items-center justify-center text-[var(--color-text-primary)] disabled:opacity-50 disabled:cursor-not-allowed hover:bg-[var(--color-neutral-300)] transition-colors rounded-r-[var(--radius-sm)]"[39m
                      [33mdata-testid[39m=[32m"quantity-increment"[39m
                      [33mtype[39m=[32m"button"[39m
                    [36m>[39m
                      [36m<svg[39m
                        [33maria-hidden[39m=[32m"true"[39m
                        [33mclass[39m=[32m"lucide lucide-plus"[39m
                        [33mfill[39m=[32m"none"[39m
                        [33mheight[39m=[32m"16"[39m
                        [33mstroke[39m=[32m"currentColor"[39m
                        [33mstroke-linecap[39m=[32m"round"[39m
                        [33mstroke-linejoin[39m=[32m"round"[39m
                        [33mstroke-width[39m=[32m"2"[39m
                        [33mviewBox[39m=[32m"0 0 24 24"[39m
                        [33mwidth[39m=[32m"16"[39m
                        [33mxmlns[39m=[32m"http://www.w3.org/2000/svg"[39m
                      [36m>[39m
                        [36m<path[39m
                          [33md[39m=[32m"M5 12h14"[39m
                        [36m/>[39m
                        [36m<path[39m
                          [33md[39m=[32m"M12 5v14"[39m
                        [36m/>[39m
                      [36m</svg>[39m
                    [36m</button>[39m
                  [36m</div>[39m
                  [36m<div[39m
                    [33mclass[39m=[32m"text-right"[39m
                  [36m>[39m
                    [36m<p[39m
                      [33mclass[39m=[32m"text-body-s text-[var(--color-text-secondary)]"[39m
                      [33mdata-testid[39m=[32m"cart-item-unit-price"[39m
                    [36m>[39m
                      [0m1 500 ₽[0m
                      [0m × [0m
                      [0m2[0m
                    [36m</p>[39m
                    [36m<p[39m
                      [33mclass[39m=[32m"text-title-m font-bold text-[var(--color-text-primary)]"[39m
                      [33mdata-testid[39m=[32m"cart-item-total-price"[39m
                    [36m>[39m
                      [0m3 000 ₽[0m
                    [36m</p>[39m
                  [36m</div>[39m
                [36m</div>[39m
              [36m</div>[39m
              [36m<button[39m
                [33maria-label[39m=[32m"Удалить товар"[39m
                [33mclass[39m=[32m"flex-shrink-0 p-2 text-[var(--color-text-secondary)] hover:text-[var(--color-accent-danger)] transition-colors disabled:opacity-50 disabled:cursor-not-allowed"[39m
                [33mdata-testid[39m=[32m"remove-item-button"[39m
              [36m>[39m
                [36m<svg[39m
                  [33maria-hidden[39m=[32m"true"[39m
                  [33mclass[39m=[32m"lucide lucide-trash2 lucide-trash-2"[39m
                  [33mfill[39m=[32m"none"[39m
                  [33mheight[39m=[32m"20"[39m
                  [33mstroke[39m=[32m"currentColor"[39m
                  [33mstroke-linecap[39m=[32m"round"[39m
                  [33mstroke-linejoin[39m=[32m"round"[39m
                  [33mstroke-width[39m=[32m"2"[39m
                  [33mviewBox[39m=[32m"0 0 24 24"[39m
                  [33mwidth[39m=[32m"20"[39m
                  [33mxmlns[39m=[32m"http://www.w3.org/2000/svg"[39m
                [36m>[39m
                  [36m<path[39m
                    [33md[39m=[32m"M10 11v6"[39m
                  [36m/>[39m
                  [36m<path[39m
                    [33md[39m=[32m"M14 11v6"[39m
                  [36m/>[39m
                  [36m<path[39m
                    [33md[39m=[32m"M19 6v14a2 2 0 0 1-2 2H7a2 2 0 0 1-2-2V6"[39m
                  [36m/>[39m
                  [36m<path[39m
                    [33md[39m=[32m"M3 6h18"[39m
                  [36m/>[39m
                  [36m<path[39m
                    [33md[39m=[32m"M8 6V4a2 2 0 0 1 2-2h4a2 2 0 0 1 2 2v2"[39m
                  [36m/>[39m
                [36m</svg>[39m
              [36m</button>[39m
            [36m</div>[39m
          [36m</section>[39m
          [36m<div[39m
            [33mclass[39m=[32m"lg:col-span-1"[39m
          [36m>[39m
            [36m<div[39m
              [33mclass[39m=[32m"bg-[var(--bg-panel)] rounded-[var(--radius-lg)] p-6
                 shadow-[0_18px_40px_rgba(0,55,166,0.12)] lg:sticky lg:top-24"[39m
              [33mdata-testid[39m=[32m"cart-summary"[39m
            [36m>[39m
              [36m<h2[39m
                [33mclass[39m=[32m"text-title-m font-semibold text-[var(--color-text-primary)] mb-6"[39m
              [36m>[39m
                [0mИтоги заказа[0m
              [36m</h2>[39m
              [36m<div[39m
                [33maria-live[39m=[32m"polite"[39m
                [33mclass[39m=[32m"space-y-3 mb-6"[39m
              [36m>[39m
                [36m<div[39m
                  [33mclass[39m=[32m"flex justify-between text-body-m"[39m
                [36m>[39m
                  [36m<span[39m
                    [33mclass[39m=[32m"text-[var(--color-text-secondary)]"[39m
                  [36m>[39m
                    [0mТовары на сумму[0m
                  [36m</span>[39m
                  [36m<span[39m
                    [33mclass[39m=[32m"text-[var(--color-text-primary)] font-medium"[39m
                    [33mdata-testid[39m=[32m"subtotal-amount"[39m
                  [36m>[39m
                    [0m3 000 ₽[0m
                  [36m</span>[39m
                [36m</div>[39m
              [36m</div>[39m
              [36m<div[39m
                [33mclass[39m=[32m"border-t border-[var(--color-neutral-300)] my-4"[39m
              [36m/>[39m
              [36m<div[39m
                [33mclass[39m=[32m"flex justify-between items-center mb-6"[39m
              [36m>[39m
                [36m<span[39m
                  [33mclass[39m=[32m"text-title-m font-semibold text-[var(--color-text-primary)]"[39m
                [36m>[39m
                  [0mИтого к оплате[0m
                [36m</span>[39m
                [36m<span[39m
                  [33mclass[39m=[32m"text-headline-m font-bold text-[var(--color-text-primary)]"[39m
                  [33mdata-testid[39m=[32m"total-amount"[39m
                [36m>[39m
                  [0m3 000 ₽[0m
                [36m</span>[39m
              [36m</div>[39m
              [36m<a[39m
                [33mhref[39m=[32m"/checkout"[39m
              [36m>[39m
                [0mПерейти к оформлению[0m
              [36m</a>[39m
            [36m</div>[39m
          [36m</div>[39m
        [36m</div>[39m
      [36m</main>[39m
    [36m</div>[39m
  [36m</body>[39m
[36m</html>[39m
[36m [2m❯[22m src/components/cart/__tests__/CartPage.test.tsx:[2m413:35[22m[39m
    [90m411| [39m      [35mawait[39m [34mwaitFor[39m(() [33m=>[39m {
    [90m412| [39m        [90m// Should not call fetchCart since items already exist[39m
    [90m413| [39m        [34mexpect[39m(mockFetchCart)[33m.[39mnot[33m.[39m[34mtoHaveBeenCalled[39m()[33m;[39m
    [90m   | [39m                                  [31m^[39m
    [90m414| [39m      })[33m;[39m
    [90m415| [39m    })[33m;[39m
[90m [2m❯[22m runWithExpensiveErrorDiagnosticsDisabled node_modules/@testing-library/dom/dist/config.js:[2m47:12[22m[39m
[90m [2m❯[22m checkCallback node_modules/@testing-library/dom/dist/wait-for.js:[2m124:77[22m[39m
[90m [2m❯[22m Timeout.checkRealTimersCallback node_modules/@testing-library/dom/dist/wait-for.js:[2m118:16[22m[39m

[31m[2m⎯⎯⎯⎯⎯⎯⎯⎯⎯⎯⎯⎯⎯⎯⎯⎯⎯⎯⎯⎯⎯⎯[39/77]⎯[22m[39m

[41m[1m FAIL [22m[49m src/components/cart/__tests__/accessibility.test.tsx[2m > [22mCart Components Accessibility[2m > [22mFocus Management[2m > [22mall interactive elements can receive focus
[31m[1mTestingLibraryElementError[22m: Unable to find an accessible element with the role "button"

Here are the accessible roles:

  main:

  Name "":
  [36m<main[31m
    [33mclass[31m=[32m"max-w-[1280px] mx-auto px-4 lg:px-6 py-6"[31m
    [33mdata-testid[31m=[32m"empty-cart"[31m
    [33mrole[31m=[32m"main"[31m
  [36m/>[31m

  --------------------------------------------------
  navigation:

  Name "Хлебные крошки":
  [36m<nav[31m
    [33maria-label[31m=[32m"Хлебные крошки"[31m
  [36m/>[31m

  --------------------------------------------------
  heading:

  Name "Ваша корзина":
  [36m<h1[31m
    [33mclass[31m=[32m"text-display-m font-bold text-text-primary mb-8"[31m
  [36m/>[31m

  Name "Ваша корзина пуста":
  [36m<h2[31m
    [33mclass[31m=[32m"text-title-l font-semibold text-text-primary mb-2"[31m
  [36m/>[31m

  --------------------------------------------------
  paragraph:

  Name "":
  [36m<p[31m
    [33mclass[31m=[32m"text-body-m text-text-secondary mb-8"[31m
  [36m/>[31m

  --------------------------------------------------
  link:

  Name "В каталог":
  [36m<a[31m
    [33mclass[31m=[32m"h-12 px-8 inline-flex items-center justify-center bg-primary hover:bg-primary-hover text-text-inverse font-medium rounded-[var(--radius-sm)] transition-colors"[31m
    [33mdata-testid[31m=[32m"go-to-catalog-button"[31m
    [33mhref[31m=[32m"/catalog"[31m
  [36m/>[31m

  --------------------------------------------------

Ignored nodes: comments, script, style
[36m<body>[31m
  [36m<div>[31m
    [36m<main[31m
      [33mclass[31m=[32m"max-w-[1280px] mx-auto px-4 lg:px-6 py-6"[31m
      [33mdata-testid[31m=[32m"empty-cart"[31m
      [33mrole[31m=[32m"main"[31m
    [36m>[31m
      [36m<nav[31m
        [33maria-label[31m=[32m"Хлебные крошки"[31m
      [36m>[31m
        [36m<span>[31m
          [0mГлавная[0m
        [36m</span>[31m
        [36m<span>[31m
          [0mКорзина[0m
        [36m</span>[31m
      [36m</nav>[31m
      [36m<h1[31m
        [33mclass[31m=[32m"text-display-m font-bold text-text-primary mb-8"[31m
      [36m>[31m
        [0mВаша корзина[0m
      [36m</h1>[31m
      [36m<div[31m
        [33mclass[31m=[32m"flex flex-col items-center justify-center py-16 bg-white rounded-[var(--radius-md)] shadow-[var(--shadow-default)]"[31m
      [36m>[31m
        [36m<svg[31m
          [33maria-hidden[31m=[32m"true"[31m
          [33mclass[31m=[32m"lucide lucide-shopping-cart w-16 h-16 text-neutral-500 mb-6"[31m
          [33mfill[31m=[32m"none"[31m
          [33mheight[31m=[32m"24"[31m
          [33mstroke[31m=[32m"currentColor"[31m
          [33mstroke-linecap[31m=[32m"round"[31m
          [33mstroke-linejoin[31m=[32m"round"[31m
          [33mstroke-width[31m=[32m"2"[31m
          [33mviewBox[31m=[32m"0 0 24 24"[31m
          [33mwidth[31m=[32m"24"[31m
          [33mxmlns[31m=[32m"http://www.w3.org/2000/svg"[31m
        [36m>[31m
          [36m<circle[31m
            [33mcx[31m=[32m"8"[31m
            [33mcy[31m=[32m"21"[31m
            [33mr[31m=[32m"1"[31m
          [36m/>[31m
          [36m<circle[31m
            [33mcx[31m=[32m"19"[31m
            [33mcy[31m=[32m"21"[31m
            [33mr[31m=[32m"1"[31m
          [36m/>[31m
          [36m<path[31m
            [33md[31m=[32m"M2.05 2.05h2l2.66 12.42a2 2 0 0 0 2 1.58h9.78a2 2 0 0 0 1.95-1.57l1.65-7.43H5.12"[31m
          [36m/>[31m
        [36m</svg>[31m
        [36m<h2[31m
          [33mclass[31m=[32m"text-title-l font-semibold text-text-primary mb-2"[31m
        [36m>[31m
          [0mВаша корзина пуста[0m
        [36m</h2>[31m
        [36m<p[31m
          [33mclass[31m=[32m"text-body-m text-text-secondary mb-8"[31m
        [36m>[31m
          [0mДобавьте товары из каталога[0m
        [36m</p>[31m
        [36m<a[31m
          [33mclass[31m=[32m"h-12 px-8 inline-flex items-center justify-center bg-primary hover:bg-primary-hover text-text-inverse font-medium rounded-[var(--radius-sm)] transition-colors"[31m
          [33mdata-testid[31m=[32m"go-to-catalog-button"[31m
          [33mhref[31m=[32m"/catalog"[31m
        [36m>[31m
          [0mВ каталог[0m
        [36m</a>[31m
      [36m</div>[31m
    [36m</main>[31m
  [36m</div>[31m
[36m</body>[31m[39m
[90m [2m❯[22m Object.getElementError node_modules/@testing-library/dom/dist/config.js:[2m37:19[22m[39m
[90m [2m❯[22m node_modules/@testing-library/dom/dist/query-helpers.js:[2m76:38[22m[39m
[90m [2m❯[22m node_modules/@testing-library/dom/dist/query-helpers.js:[2m109:15[22m[39m
[36m [2m❯[22m src/components/cart/__tests__/accessibility.test.tsx:[2m359:30[22m[39m
    [90m357| [39m
    [90m358| [39m      [90m// Проверяем что все интерактивные элементы доступны[39m
    [90m359| [39m      [35mconst[39m buttons [33m=[39m screen[33m.[39m[34mgetAllByRole[39m([32m'button'[39m)[33m;[39m
    [90m   | [39m                             [31m^[39m
    [90m360| [39m      [35mconst[39m links [33m=[39m screen[33m.[39m[34mgetAllByRole[39m([32m'link'[39m)[33m;[39m
    [90m361| [39m

[31m[2m⎯⎯⎯⎯⎯⎯⎯⎯⎯⎯⎯⎯⎯⎯⎯⎯⎯⎯⎯⎯⎯⎯[40/77]⎯[22m[39m

[41m[1m FAIL [22m[49m src/components/checkout/__tests__/CheckoutForm.integration.test.tsx[2m > [22mCheckoutForm Integration[2m > [22mОтправка формы[2m > [22mзаполненная форма вызывает createOrder
[31m[1mTestingLibraryElementError[22m[39m: Unable to find an accessible element with the role "radio" and name `/курьерская доставка/i`

Here are the accessible roles:

  region:

  Name "Контактные данные":
  [36m<section[39m
    [33maria-labelledby[39m=[32m"contact-section"[39m
    [33mclass[39m=[32m"rounded-lg bg-white p-6 shadow-sm"[39m
  [36m/>[39m

  Name "Адрес доставки":
  [36m<section[39m
    [33maria-labelledby[39m=[32m"address-section"[39m
    [33mclass[39m=[32m"rounded-lg bg-white p-6 shadow-sm"[39m
  [36m/>[39m

  Name "Способ доставки":
  [36m<section[39m
    [33maria-labelledby[39m=[32m"delivery-section"[39m
    [33mclass[39m=[32m"rounded-lg bg-white p-6 shadow-sm"[39m
  [36m/>[39m

  Name "Комментарий к заказу":
  [36m<section[39m
    [33maria-labelledby[39m=[32m"comment-section"[39m
    [33mclass[39m=[32m"rounded-lg bg-white p-6 shadow-sm"[39m
  [36m/>[39m

  --------------------------------------------------
  heading:

  Name "Контактные данные":
  [36m<h2[39m
    [33mclass[39m=[32m"mb-4 text-lg font-semibold text-gray-900"[39m
    [33mid[39m=[32m"contact-section"[39m
  [36m/>[39m

  Name "Адрес доставки":
  [36m<h2[39m
    [33mclass[39m=[32m"mb-4 text-lg font-semibold text-gray-900"[39m
    [33mid[39m=[32m"address-section"[39m
  [36m/>[39m

  Name "Способ доставки":
  [36m<h2[39m
    [33mclass[39m=[32m"mb-4 text-lg font-semibold text-gray-900"[39m
    [33mid[39m=[32m"delivery-section"[39m
  [36m/>[39m

  Name "Комментарий к заказу":
  [36m<h2[39m
    [33mclass[39m=[32m"mb-4 text-lg font-semibold text-gray-900"[39m
    [33mid[39m=[32m"comment-section"[39m
  [36m/>[39m

  Name "Ваш заказ":
  [36m<h2[39m
    [33mclass[39m=[32m"mb-4 text-lg font-semibold text-gray-900"[39m
  [36m/>[39m

  --------------------------------------------------
  textbox:

  Name "Email":
  [36m<input[39m
    [33maria-invalid[39m=[32m"false"[39m
    [33maria-required[39m=[32m"true"[39m
    [33mautocomplete[39m=[32m"email"[39m
    [33mclass[39m=[32m"w-full h-10 px-4 rounded-sm text-[var(--color-text-primary)] bg-[var(--color-neutral-100)] border border-[var(--color-neutral-400)] transition-colors duration-[var(--duration-short)] placeholder:text-[var(--color-neutral-500)] placeholder:truncate focus:outline-none focus:ring-4 focus:ring-primary/12 focus:outline-primary/60"[39m
    [33mid[39m=[32m"input-email"[39m
    [33mname[39m=[32m"email"[39m
    [33mplaceholder[39m=[32m"example@mail.com"[39m
    [33mtype[39m=[32m"email"[39m
  [36m/>[39m

  Name "Телефон":
  [36m<input[39m
    [33maria-invalid[39m=[32m"false"[39m
    [33maria-required[39m=[32m"true"[39m
    [33mautocomplete[39m=[32m"tel"[39m
    [33mclass[39m=[32m"w-full h-10 px-4 rounded-sm text-[var(--color-text-primary)] bg-[var(--color-neutral-100)] border border-[var(--color-neutral-400)] transition-colors duration-[var(--duration-short)] placeholder:text-[var(--color-neutral-500)] placeholder:truncate focus:outline-none focus:ring-4 focus:ring-primary/12 focus:outline-primary/60"[39m
    [33mid[39m=[32m"input-телефон"[39m
    [33mname[39m=[32m"phone"[39m
    [33mplaceholder[39m=[32m"+79001234567"[39m
    [33mtype[39m=[32m"tel"[39m
  [36m/>[39m

  Name "Имя":
  [36m<input[39m
    [33maria-invalid[39m=[32m"false"[39m
    [33maria-required[39m=[32m"true"[39m
    [33mautocomplete[39m=[32m"given-name"[39m
    [33mclass[39m=[32m"w-full h-10 px-4 rounded-sm text-[var(--color-text-primary)] bg-[var(--color-neutral-100)] border border-[var(--color-neutral-400)] transition-colors duration-[var(--duration-short)] placeholder:text-[var(--color-neutral-500)] placeholder:truncate focus:outline-none focus:ring-4 focus:ring-primary/12 focus:outline-primary/60"[39m
    [33mid[39m=[32m"input-имя"[39m
    [33mname[39m=[32m"firstName"[39m
    [33mplaceholder[39m=[32m"Иван"[39m
    [33mtype[39m=[32m"text"[39m
  [36m/>[39m

  Name "Фамилия":
  [36m<input[39m
    [33maria-invalid[39m=[32m"false"[39m
    [33maria-required[39m=[32m"true"[39m
    [33mautocomplete[39m=[32m"family-name"[39m
    [33mclass[39m=[32m"w-full h-10 px-4 rounded-sm text-[var(--color-text-primary)] bg-[var(--color-neutral-100)] border border-[var(--color-neutral-400)] transition-colors duration-[var(--duration-short)] placeholder:text-[var(--color-neutral-500)] placeholder:truncate focus:outline-none focus:ring-4 focus:ring-primary/12 focus:outline-primary/60"[39m
    [33mid[39m=[32m"input-фамилия"[39m
    [33mname[39m=[32m"lastName"[39m
    [33mplaceholder[39m=[32m"Петров"[39m
    [33mtype[39m=[32m"text"[39m
  [36m/>[39m

  Name "Город":
  [36m<input[39m
    [33maria-invalid[39m=[32m"false"[39m
    [33maria-required[39m=[32m"true"[39m
    [33mautocomplete[39m=[32m"address-level2"[39m
    [33mclass[39m=[32m"w-full h-10 px-4 rounded-sm text-[var(--color-text-primary)] bg-[var(--color-neutral-100)] border border-[var(--color-neutral-400)] transition-colors duration-[var(--duration-short)] placeholder:text-[var(--color-neutral-500)] placeholder:truncate focus:outline-none focus:ring-4 focus:ring-primary/12 focus:outline-primary/60"[39m
    [33mid[39m=[32m"input-город"[39m
    [33mname[39m=[32m"city"[39m
    [33mplaceholder[39m=[32m"Москва"[39m
    [33mtype[39m=[32m"text"[39m
  [36m/>[39m

  Name "Улица":
  [36m<input[39m
    [33maria-invalid[39m=[32m"false"[39m
    [33maria-required[39m=[32m"true"[39m
    [33mautocomplete[39m=[32m"address-line1"[39m
    [33mclass[39m=[32m"w-full h-10 px-4 rounded-sm text-[var(--color-text-primary)] bg-[var(--color-neutral-100)] border border-[var(--color-neutral-400)] transition-colors duration-[var(--duration-short)] placeholder:text-[var(--color-neutral-500)] placeholder:truncate focus:outline-none focus:ring-4 focus:ring-primary/12 focus:outline-primary/60"[39m
    [33mid[39m=[32m"input-улица"[39m
    [33mname[39m=[32m"street"[39m
    [33mplaceholder[39m=[32m"Ленина"[39m
    [33mtype[39m=[32m"text"[39m
  [36m/>[39m

  Name "Дом":
  [36m<input[39m
    [33maria-invalid[39m=[32m"false"[39m
    [33maria-required[39m=[32m"true"[39m
    [33mautocomplete[39m=[32m"address-line2"[39m
    [33mclass[39m=[32m"w-full h-10 px-4 rounded-sm text-[var(--color-text-primary)] bg-[var(--color-neutral-100)] border border-[var(--color-neutral-400)] transition-colors duration-[var(--duration-short)] placeholder:text-[var(--color-neutral-500)] placeholder:truncate focus:outline-none focus:ring-4 focus:ring-primary/12 focus:outline-primary/60"[39m
    [33mid[39m=[32m"input-дом"[39m
    [33mname[39m=[32m"house"[39m
    [33mplaceholder[39m=[32m"10"[39m
    [33mtype[39m=[32m"text"[39m
  [36m/>[39m

  Name "Корпус":
  [36m<input[39m
    [33maria-invalid[39m=[32m"false"[39m
    [33mclass[39m=[32m"w-full h-10 px-4 rounded-sm text-[var(--color-text-primary)] bg-[var(--color-neutral-100)] border border-[var(--color-neutral-400)] transition-colors duration-[var(--duration-short)] placeholder:text-[var(--color-neutral-500)] placeholder:truncate focus:outline-none focus:ring-4 focus:ring-primary/12 focus:outline-primary/60"[39m
    [33mid[39m=[32m"input-корпус"[39m
    [33mname[39m=[32m"buildingSection"[39m
    [33mplaceholder[39m=[32m"А"[39m
    [33mtype[39m=[32m"text"[39m
  [36m/>[39m

  Name "Кв./офис":
  [36m<input[39m
    [33maria-invalid[39m=[32m"false"[39m
    [33mautocomplete[39m=[32m"address-line3"[39m
    [33mclass[39m=[32m"w-full h-10 px-4 rounded-sm text-[var(--color-text-primary)] bg-[var(--color-neutral-100)] border border-[var(--color-neutral-400)] transition-colors duration-[var(--duration-short)] placeholder:text-[var(--color-neutral-500)] placeholder:truncate focus:outline-none focus:ring-4 focus:ring-primary/12 focus:outline-primary/60"[39m
    [33mid[39m=[32m"input-кв./офис"[39m
    [33mname[39m=[32m"apartment"[39m
    [33mplaceholder[39m=[32m"25"[39m
    [33mtype[39m=[32m"text"[39m
  [36m/>[39m

  Name "Почтовый индекс":
  [36m<input[39m
    [33maria-invalid[39m=[32m"false"[39m
    [33maria-required[39m=[32m"true"[39m
    [33mautocomplete[39m=[32m"postal-code"[39m
    [33mclass[39m=[32m"w-full h-10 px-4 rounded-sm text-[var(--color-text-primary)] bg-[var(--color-neutral-100)] border border-[var(--color-neutral-400)] transition-colors duration-[var(--duration-short)] placeholder:text-[var(--color-neutral-500)] placeholder:truncate focus:outline-none focus:ring-4 focus:ring-primary/12 focus:outline-primary/60"[39m
    [33mid[39m=[32m"input-почтовый-индекс"[39m
    [33mmaxlength[39m=[32m"6"[39m
    [33mname[39m=[32m"postalCode"[39m
    [33mplaceholder[39m=[32m"123456"[39m
    [33mtype[39m=[32m"text"[39m
  [36m/>[39m

  Name "Комментарий (необязательно)":
  [36m<textarea[39m
    [33maria-describedby[39m=[32m"comment-helper"[39m
    [33maria-invalid[39m=[32m"false"[39m
    [33mclass[39m=[32m"
              block w-full rounded-md border px-3 py-2 text-sm shadow-sm
              transition-colors duration-200
              placeholder:text-gray-400
              focus:outline-none focus:ring-2 focus:ring-offset-1
              disabled:cursor-not-allowed disabled:bg-gray-50 disabled:text-gray-500
              border-gray-300 focus:border-blue-500 focus:ring-blue-500
            "[39m
    [33mid[39m=[32m"comment"[39m
    [33mmaxlength[39m=[32m"500"[39m
    [33mname[39m=[32m"comment"[39m
    [33mplaceholder[39m=[32m"Укажите дополнительную информацию для доставки или пожелания к заказу..."[39m
    [33mrows[39m=[32m"4"[39m
  [36m/>[39m

  --------------------------------------------------
  paragraph:

  Name "":
  [36m<p[39m
    [33mclass[39m=[32m"mt-1 text-[var(--color-text-muted)]"[39m
    [33mid[39m=[32m"input-телефон-description"[39m
  [36m/>[39m

  Name "":
  [36m<p[39m
    [33mclass[39m=[32m"mt-1 text-[var(--color-text-muted)]"[39m
    [33mid[39m=[32m"input-почтовый-индекс-description"[39m
  [36m/>[39m

  Name "":
  [36m<p[39m
    [33mclass[39m=[32m"text-xs text-blue-800"[39m
  [36m/>[39m

  Name "":
  [36m<p[39m
    [33mclass[39m=[32m"text-xs text-gray-500"[39m
    [33mid[39m=[32m"comment-helper"[39m
  [36m/>[39m

  Name "":
  [36m<p[39m
    [33maria-live[39m=[32m"polite"[39m
    [33mclass[39m=[32m"text-xs text-gray-500"[39m
  [36m/>[39m

  Name "":
  [36m<p[39m
    [33mclass[39m=[32m"font-medium text-gray-900"[39m
  [36m/>[39m

  Name "":
  [36m<p[39m
    [33mclass[39m=[32m"text-xs text-gray-500"[39m
  [36m/>[39m

  Name "":
  [36m<p[39m
    [33mclass[39m=[32m"text-gray-600"[39m
  [36m/>[39m

  Name "":
  [36m<p[39m
    [33mclass[39m=[32m"font-medium text-gray-900"[39m
  [36m/>[39m

  Name "":
  [36m<p[39m
    [33mclass[39m=[32m"mt-1 text-xs text-gray-500"[39m
  [36m/>[39m

  Name "":
  [36m<p[39m
    [33mclass[39m=[32m"mt-4 text-center text-xs text-gray-500"[39m
  [36m/>[39m

  --------------------------------------------------
  radiogroup:

  Name "Выбор способа доставки":
  [36m<div[39m
    [33maria-label[39m=[32m"Выбор способа доставки"[39m
    [33mclass[39m=[32m"space-y-3"[39m
    [33mrole[39m=[32m"radiogroup"[39m
  [36m/>[39m

  --------------------------------------------------
  radio:

  Name "truck Курьер Доставка курьером до двери. Стоимость уточняется администратором. Стоимость: Уточняется администратором":
  [36m<input[39m
    [33maria-describedby[39m=[32m"courier-description"[39m
    [33mclass[39m=[32m"mt-1 h-4 w-4 border-gray-300 text-blue-600 focus:ring-2 focus:ring-blue-500"[39m
    [33mname[39m=[32m"deliveryMethod"[39m
    [33mtype[39m=[32m"radio"[39m
    [33mvalue[39m=[32m"courier"[39m
  [36m/>[39m

  Name "store Самовывоз Забрать заказ самостоятельно из пункта выдачи. Стоимость: Уточняется администратором":
  [36m<input[39m
    [33maria-describedby[39m=[32m"pickup-description"[39m
    [33mclass[39m=[32m"mt-1 h-4 w-4 border-gray-300 text-blue-600 focus:ring-2 focus:ring-blue-500"[39m
    [33mname[39m=[32m"deliveryMethod"[39m
    [33mtype[39m=[32m"radio"[39m
    [33mvalue[39m=[32m"pickup"[39m
  [36m/>[39m

  Name "package Транспортная компания Доставка через CDEK, Boxberry и другие службы. Стоимость уточняется. Стоимость: Уточняется администратором":
  [36m<input[39m
    [33maria-describedby[39m=[32m"transport_company-description"[39m
    [33mclass[39m=[32m"mt-1 h-4 w-4 border-gray-300 text-blue-600 focus:ring-2 focus:ring-blue-500"[39m
    [33mname[39m=[32m"deliveryMethod"[39m
    [33mtype[39m=[32m"radio"[39m
    [33mvalue[39m=[32m"transport_company"[39m
  [36m/>[39m

  --------------------------------------------------
  strong:

  Name "":
  [36m<strong />[39m

  --------------------------------------------------
  button:

  Name "Оформить заказ":
  [36m<button[39m
    [33maria-busy[39m=[32m"false"[39m
    [33mclass[39m=[32m"inline-flex items-center justify-center gap-2 font-medium transition-all focus:outline-none focus:ring-2 focus:ring-offset-2 disabled:opacity-50 disabled:cursor-not-allowed bg-primary border border-transparent shadow-[0_14px_32px_rgba(11,18,32,0.45)] hover:bg-primary-hover hover:-translate-y-0.5 active:bg-primary-active active:translate-y-0 focus:ring-primary h-12 px-8 typo-body-l rounded-lg mt-4 w-full text-white"[39m
    [33mtype[39m=[32m"submit"[39m
  [36m/>[39m

  --------------------------------------------------

Ignored nodes: comments, script, style
[36m<body>[39m
  [36m<div>[39m
    [36m<form[39m
      [33mnovalidate[39m=[32m""[39m
    [36m>[39m
      [36m<div[39m
        [33mclass[39m=[32m"grid grid-cols-1 gap-6 lg:grid-cols-3"[39m
      [36m>[39m
        [36m<div[39m
          [33mclass[39m=[32m"space-y-6 lg:col-span-2"[39m
        [36m>[39m
          [36m<section[39m
            [33maria-labelledby[39m=[32m"contact-section"[39m
            [33mclass[39m=[32m"rounded-lg bg-white p-6 shadow-sm"[39m
          [36m>[39m
            [36m<h2[39m
              [33mclass[39m=[32m"mb-4 text-lg font-semibold text-gray-900"[39m
              [33mid[39m=[32m"contact-section"[39m
            [36m>[39m
              [0mКонтактные данные[0m
            [36m</h2>[39m
            [36m<div[39m
              [33mclass[39m=[32m"grid grid-cols-1 gap-4 md:grid-cols-2"[39m
            [36m>[39m
              [36m<div[39m
                [33mclass[39m=[32m"md:col-span-2"[39m
              [36m>[39m
                [36m<div[39m
                  [33mclass[39m=[32m"w-full"[39m
                [36m>[39m
                  [36m<label[39m
                    [33mclass[39m=[32m"block font-medium text-[var(--color-text-primary)] mb-1"[39m
                    [33mfor[39m=[32m"input-email"[39m
                  [36m>[39m
                    [0mEmail[0m
                  [36m</label>[39m
                  [36m<div[39m
                    [33mclass[39m=[32m"relative"[39m
                  [36m>[39m
                    [36m<input[39m
                      [33maria-invalid[39m=[32m"false"[39m
                      [33maria-required[39m=[32m"true"[39m
                      [33mautocomplete[39m=[32m"email"[39m
                      [33mclass[39m=[32m"w-full h-10 px-4 rounded-sm text-[var(--color-text-primary)] bg-[var(--color-neutral-100)] border border-[var(--color-neutral-400)] transition-colors duration-[var(--duration-short)] placeholder:text-[var(--color-neutral-500)] placeholder:truncate focus:outline-none focus:ring-4 focus:ring-primary/12 focus:outline-primary/60"[39m
                      [33mid[39m=[32m"input-email"[39m
                      [33mname[39m=[32m"email"[39m
                      [33mplaceholder[39m=[32m"example@mail.com"[39m
                      [33mtype[39m=[32m"email"[39m
                    [36m/>[39m
                    [36m<div[39m
                      [33mclass[39m=[32m"absolute right-3 top-1/2 -translate-y-1/2 flex items-center"[39m
                    [36m/>[39m
                  [36m</div>[39m
                [36m</div>[39m
              [36m</div>[39m
              [36m<div[39m
                [33mclass[39m=[32m"md:col-span-2"[39m
              [36m>[39m
                [36m<div[39m
                  [33mclass[39m=[32m"w-full"[39m
                [36m>[39m
                  [36m<label[39m
                    [33mclass[39m=[32m"block font-medium text-[var(--color-text-primary)] mb-1"[39m
                    [33mfor[39m=[32m"input-телефон"[39m
                  [36m>[39m
                    [0mТелефон[0m
                  [36m</label>[39m
                  [36m<div[39m
                    [33mclass[39m=[32m"relative"[39m
                  [36m>[39m
                    [36m<input[39m
                      [33maria-invalid[39m=[32m"false"[39m
                      [33maria-required[39m=[32m"true"[39m
                      [33mautocomplete[39m=[32m"tel"[39m
                      [33mclass[39m=[32m"w-full h-10 px-4 rounded-sm text-[var(--color-text-primary)] bg-[var(--color-neutral-100)] border border-[var(--color-neutral-400)] transition-colors duration-[var(--duration-short)] placeholder:text-[var(--color-neutral-500)] placeholder:truncate focus:outline-none focus:ring-4 focus:ring-primary/12 focus:outline-primary/60"[39m
                      [33mid[39m=[32m"input-телефон"[39m
                      [33mname[39m=[32m"phone"[39m
                      [33mplaceholder[39m=[32m"+79001234567"[39m
                      [33mtype[39m=[32m"tel"[39m
                    [36m/>[39m
                    [36m<div[39m
                      [33mclass[39m=[32m"absolute right-3 top-1/2 -translate-y-1/2 flex items-center"[39m
                    [36m/>[39m
                  [36m</div>[39m
                  [36m<p[39m
                    [33mclass[39m=[32m"mt-1 text-[var(--color-text-muted)]"[39m
                    [33mid[39m=[32m"input-телефон-description"[39m
                  [36m>[39m
                    [0mФормат: +7XXXXXXXXXX[0m
                  [36m</p>[39m
                [36m</div>[39m
              [36m</div>[39m
              [36m<div>[39m
                [36m<div[39m
                  [33mclass[39m=[32m"w-full"[39m
                [36m>[39m
                  [36m<label[39m
                    [33mclass[39m=[32m"block font-medium text-[var(--color-text-primary)] mb-1"[39m
                    [33mfor[39m=[32m"input-имя"[39m
                  [36m>[39m
                    [0mИмя[0m
                  [36m</label>[39m
                  [36m<div[39m
                    [33mclass[39m=[32m"relative"[39m
                  [36m>[39m
                    [36m<input[39m
                      [33maria-invalid[39m=[32m"false"[39m
                      [33maria-required[39m=[32m"true"[39m
                      [33mautocomplete[39m=[32m"given-name"[39m
                      [33mclass[39m=[32m"w-full h-10 px-4 rounded-sm text-[var(--color-text-primary)] bg-[var(--color-neutral-100)] border border-[var(--color-neutral-400)] transition-colors duration-[var(--duration-short)] placeholder:text-[var(--color-neutral-500)] placeholder:truncate focus:outline-none focus:ring-4 focus:ring-primary/12 focus:outline-primary/60"[39m
                      [33mid[39m=[32m"input-имя"[39m
                      [33mname[39m=[32m"firstName"[39m
                      [33mplaceholder[39m=[32m"Иван"[39m
                      [33mtype[39m=[32m"text"[39m
                    [36m/>[39m
                    [36m<div[39m
                      [33mclass[39m=[32m"absolute right-3 top-1/2 -translate-y-1/2 flex items-center"[39m
                    [36m/>[39m
                  [36m</div>[39m
                [36m</div>[39m
              [36m</div>[39m
              [36m<div>[39m
                [36m<div[39m
                  [33mclass[39m=[32m"w-full"[39m
                [36m>[39m
                  [36m<label[39m
                    [33mclass[39m=[32m"block font-medium text-[var(--color-text-primary)] mb-1"[39m
                    [33mfor[39m=[32m"input-фамилия"[39m
                  [36m>[39m
                    [0mФамилия[0m
                  [36m</label>[39m
                  [36m<div[39m
                   ...
[90m [2m❯[22m Object.getElementError node_modules/@testing-library/dom/dist/config.js:[2m37:19[22m[39m
[90m [2m❯[22m node_modules/@testing-library/dom/dist/query-helpers.js:[2m76:38[22m[39m
[90m [2m❯[22m node_modules/@testing-library/dom/dist/query-helpers.js:[2m52:17[22m[39m
[90m [2m❯[22m node_modules/@testing-library/dom/dist/query-helpers.js:[2m95:19[22m[39m
[36m [2m❯[22m src/components/checkout/__tests__/CheckoutForm.integration.test.tsx:[2m215:35[22m[39m
    [90m213| [39m
    [90m214| [39m      [90m// Выбираем способ доставки через radio button[39m
    [90m215| [39m      const courierRadio = screen.getByRole('radio', { name: /курьерск…
    [90m   | [39m                                  [31m^[39m
    [90m216| [39m      [35mawait[39m user[33m.[39m[34mclick[39m(courierRadio)[33m;[39m
    [90m217| [39m

[31m[2m⎯⎯⎯⎯⎯⎯⎯⎯⎯⎯⎯⎯⎯⎯⎯⎯⎯⎯⎯⎯⎯⎯[41/77]⎯[22m[39m

[41m[1m FAIL [22m[49m src/components/checkout/__tests__/CheckoutForm.test.tsx[2m > [22mCheckoutForm[2m > [22mOrderSummary интеграция[2m > [22mдолжен показывать сообщение о пустой корзине
[31m[1mTestingLibraryElementError[22m[39m: Found multiple elements with the text: Корзина пуста

Here are the matching elements:

Ignored nodes: comments, script, style
[36m<div[39m
  [33mclass[39m=[32m"text-body-m font-semibold text-text-primary mb-1"[39m
[36m>[39m
  [0mКорзина пуста[0m
[36m</div>[39m

Ignored nodes: comments, script, style
[36m<p[39m
  [33mclass[39m=[32m"text-sm text-gray-600"[39m
[36m>[39m
  [0mКорзина пуста[0m
[36m</p>[39m

(If this is intentional, then use the `*AllBy*` variant of the query (like `queryAllByText`, `getAllByText`, or `findAllByText`)).

Ignored nodes: comments, script, style
[36m<body>[39m
  [36m<div>[39m
    [36m<form[39m
      [33mnovalidate[39m=[32m""[39m
    [36m>[39m
      [36m<div[39m
        [33mclass[39m=[32m"relative grid grid-cols-[auto_1fr] gap-4 p-5 rounded-md bg-amber-50 border border-amber-200 transition-opacity duration-[200ms] mb-6"[39m
        [33mrole[39m=[32m"alert"[39m
      [36m>[39m
        [36m<div[39m
          [33mclass[39m=[32m"flex items-start justify-center w-12 h-12 rounded-xl bg-amber-100"[39m
        [36m>[39m
          [36m<div[39m
            [33mclass[39m=[32m"w-6 h-6 flex items-center justify-center mt-3 text-amber-600"[39m
          [36m>[39m
            [36m<svg[39m
              [33maria-hidden[39m=[32m"true"[39m
              [33mclass[39m=[32m"lucide lucide-triangle-alert w-full h-full"[39m
              [33mfill[39m=[32m"none"[39m
              [33mheight[39m=[32m"24"[39m
              [33mstroke[39m=[32m"currentColor"[39m
              [33mstroke-linecap[39m=[32m"round"[39m
              [33mstroke-linejoin[39m=[32m"round"[39m
              [33mstroke-width[39m=[32m"2"[39m
              [33mviewBox[39m=[32m"0 0 24 24"[39m
              [33mwidth[39m=[32m"24"[39m
              [33mxmlns[39m=[32m"http://www.w3.org/2000/svg"[39m
            [36m>[39m
              [36m<path[39m
                [33md[39m=[32m"m21.73 18-8-14a2 2 0 0 0-3.48 0l-8 14A2 2 0 0 0 4 21h16a2 2 0 0 0 1.73-3"[39m
              [36m/>[39m
              [36m<path[39m
                [33md[39m=[32m"M12 9v4"[39m
              [36m/>[39m
              [36m<path[39m
                [33md[39m=[32m"M12 17h.01"[39m
              [36m/>[39m
            [36m</svg>[39m
          [36m</div>[39m
        [36m</div>[39m
        [36m<div[39m
          [33mclass[39m=[32m"flex-1"[39m
        [36m>[39m
          [36m<div[39m
            [33mclass[39m=[32m"text-body-m font-semibold text-text-primary mb-1"[39m
          [36m>[39m
            [0mКорзина пуста[0m
          [36m</div>[39m
          [36m<div[39m
            [33mclass[39m=[32m"text-body-m text-text-secondary whitespace-normal break-words pr-8"[39m
          [36m>[39m
            [0mДобавьте товары в корзину для оформления заказа[0m
          [36m</div>[39m
        [36m</div>[39m
      [36m</div>[39m
      [36m<div[39m
        [33mclass[39m=[32m"grid grid-cols-1 gap-6 lg:grid-cols-3"[39m
      [36m>[39m
        [36m<div[39m
          [33mclass[39m=[32m"space-y-6 lg:col-span-2"[39m
        [36m>[39m
          [36m<section[39m
            [33maria-labelledby[39m=[32m"contact-section"[39m
            [33mclass[39m=[32m"rounded-lg bg-white p-6 shadow-sm"[39m
          [36m>[39m
            [36m<h2[39m
              [33mclass[39m=[32m"mb-4 text-lg font-semibold text-gray-900"[39m
              [33mid[39m=[32m"contact-section"[39m
            [36m>[39m
              [0mКонтактные данные[0m
            [36m</h2>[39m
            [36m<div[39m
              [33mclass[39m=[32m"grid grid-cols-1 gap-4 md:grid-cols-2"[39m
            [36m>[39m
              [36m<div[39m
                [33mclass[39m=[32m"md:col-span-2"[39m
              [36m>[39m
                [36m<div[39m
                  [33mclass[39m=[32m"w-full"[39m
                [36m>[39m
                  [36m<label[39m
                    [33mclass[39m=[32m"block font-medium text-[var(--color-text-primary)] mb-1"[39m
                    [33mfor[39m=[32m"input-email"[39m
                  [36m>[39m
                    [0mEmail[0m
                  [36m</label>[39m
                  [36m<div[39m
                    [33mclass[39m=[32m"relative"[39m
                  [36m>[39m
                    [36m<input[39m
                      [33maria-invalid[39m=[32m"false"[39m
                      [33maria-required[39m=[32m"true"[39m
                      [33mautocomplete[39m=[32m"email"[39m
                      [33mclass[39m=[32m"w-full h-10 px-4 rounded-sm text-[var(--color-text-primary)] bg-[var(--color-neutral-100)] border border-[var(--color-neutral-400)] transition-colors duration-[var(--duration-short)] placeholder:text-[var(--color-neutral-500)] placeholder:truncate focus:outline-none focus:ring-4 focus:ring-primary/12 focus:outline-primary/60"[39m
                      [33mid[39m=[32m"input-email"[39m
                      [33mname[39m=[32m"email"[39m
                      [33mplaceholder[39m=[32m"example@mail.com"[39m
                      [33mtype[39m=[32m"email"[39m
                    [36m/>[39m
                    [36m<div[39m
                      [33mclass[39m=[32m"absolute right-3 top-1/2 -translate-y-1/2 flex items-center"[39m
                    [36m/>[39m
                  [36m</div>[39m
                [36m</div>[39m
              [36m</div>[39m
              [36m<div[39m
                [33mclass[39m=[32m"md:col-span-2"[39m
              [36m>[39m
                [36m<div[39m
                  [33mclass[39m=[32m"w-full"[39m
                [36m>[39m
                  [36m<label[39m
                    [33mclass[39m=[32m"block font-medium text-[var(--color-text-primary)] mb-1"[39m
                    [33mfor[39m=[32m"input-телефон"[39m
                  [36m>[39m
                    [0mТелефон[0m
                  [36m</label>[39m
                  [36m<div[39m
                    [33mclass[39m=[32m"relative"[39m
                  [36m>[39m
                    [36m<input[39m
                      [33maria-invalid[39m=[32m"false"[39m
                      [33maria-required[39m=[32m"true"[39m
                      [33mautocomplete[39m=[32m"tel"[39m
                      [33mclass[39m=[32m"w-full h-10 px-4 rounded-sm text-[var(--color-text-primary)] bg-[var(--color-neutral-100)] border border-[var(--color-neutral-400)] transition-colors duration-[var(--duration-short)] placeholder:text-[var(--color-neutral-500)] placeholder:truncate focus:outline-none focus:ring-4 focus:ring-primary/12 focus:outline-primary/60"[39m
                      [33mid[39m=[32m"input-телефон"[39m
                      [33mname[39m=[32m"phone"[39m
                      [33mplaceholder[39m=[32m"+79001234567"[39m
                      [33mtype[39m=[32m"tel"[39m
                    [36m/>[39m
                    [36m<div[39m
                      [33mclass[39m=[32m"absolute right-3 top-1/2 -translate-y-1/2 flex items-center"[39m
                    [36m/>[39m
                  [36m</div>[39m
                  [36m<p[39m
                    [33mclass[39m=[32m"mt-1 text-[var(--color-text-muted)]"[39m
                    [33mid[39m=[32m"input-телефон-description"[39m
                  [36m>[39m
                    [0mФормат: +7XXXXXXXXXX[0m
                  [36m</p>[39m
    ...
[90m [2m❯[22m Object.getElementError node_modules/@testing-library/dom/dist/config.js:[2m37:19[22m[39m
[90m [2m❯[22m getElementError node_modules/@testing-library/dom/dist/query-helpers.js:[2m20:35[22m[39m
[90m [2m❯[22m getMultipleElementsFoundError node_modules/@testing-library/dom/dist/query-helpers.js:[2m23:10[22m[39m
[90m [2m❯[22m node_modules/@testing-library/dom/dist/query-helpers.js:[2m55:13[22m[39m
[90m [2m❯[22m node_modules/@testing-library/dom/dist/query-helpers.js:[2m95:19[22m[39m
[36m [2m❯[22m src/components/checkout/__tests__/CheckoutForm.test.tsx:[2m198:21[22m[39m
    [90m196| [39m      [34mrender[39m([33m<[39m[33mCheckoutForm[39m [33muser[39m[33m=[39m[33m{[39m[35mnull[39m[33m}[39m [33m/[39m[33m>[39m)[33m;[39m
    [90m197| [39m
    [90m198| [39m      [34mexpect[39m(screen[33m.[39m[34mgetByText[39m([32m'Корзина пуста'[39m))[33m.[39m[34mtoBeInTheDocument[39m()[33m;[39m
    [90m   | [39m                    [31m^[39m
    [90m199| [39m    })[33m;[39m
    [90m200| [39m  })[33m;[39m

[31m[2m⎯⎯⎯⎯⎯⎯⎯⎯⎯⎯⎯⎯⎯⎯⎯⎯⎯⎯⎯⎯⎯⎯[42/77]⎯[22m[39m

[41m[1m FAIL [22m[49m src/components/layout/__tests__/Header.test.tsx[2m > [22mHeader[2m > [22mRendering - Unauthenticated State[2m > [22mshould render navigation items
[31m[1mTestingLibraryElementError[22m[39m: Unable to find an accessible element with the role "link" and name "Акции"

Here are the accessible roles:

  banner:

  Name "":
  [36m<header[39m
    [33mclass[39m=[32m"bg-white sticky top-0 left-0 right-0 z-50 shadow-[0_6px_16px_rgba(31,42,68,0.05)]"[39m
  [36m/>[39m

  --------------------------------------------------
  link:

  Name "FREESPORT":
  [36m<a[39m
    [33mclass[39m=[32m"flex items-center gap-2"[39m
    [33mhref[39m=[32m"/test"[39m
  [36m/>[39m

  Name "Главная":
  [36m<a[39m
    [33mclass[39m=[32m"relative text-body-m font-medium transition-colors duration-short text-text-primary hover:text-text-secondary"[39m
    [33mhref[39m=[32m"/test"[39m
  [36m/>[39m

  Name "Каталог":
  [36m<a[39m
    [33mclass[39m=[32m"relative text-body-m font-medium transition-colors duration-short text-text-primary hover:text-text-secondary"[39m
    [33mhref[39m=[32m"/catalog"[39m
  [36m/>[39m

  Name "Новости":
  [36m<a[39m
    [33mclass[39m=[32m"relative text-body-m font-medium transition-colors duration-short text-text-primary hover:text-text-secondary"[39m
    [33mhref[39m=[32m"/news"[39m
  [36m/>[39m

  Name "Блог":
  [36m<a[39m
    [33mclass[39m=[32m"relative text-body-m font-medium transition-colors duration-short text-text-primary hover:text-text-secondary"[39m
    [33mhref[39m=[32m"/blog"[39m
  [36m/>[39m

  Name "Партнёрам":
  [36m<a[39m
    [33mclass[39m=[32m"relative text-body-m font-medium transition-colors duration-short text-text-primary hover:text-text-secondary"[39m
    [33mhref[39m=[32m"/partners"[39m
  [36m/>[39m

  Name "Поиск":
  [36m<a[39m
    [33maria-label[39m=[32m"Поиск"[39m
    [33mclass[39m=[32m"p-2 text-text-primary hover:text-text-secondary transition-colors duration-short focus:outline-none focus:ring-2 focus:ring-primary focus:ring-offset-2 rounded-sm"[39m
    [33mhref[39m=[32m"/catalog?focusSearch=true"[39m
  [36m/>[39m

  Name "Избранное":
  [36m<a[39m
    [33maria-label[39m=[32m"Избранное"[39m
    [33mclass[39m=[32m"p-2 text-text-primary hover:text-text-secondary transition-colors duration-short focus:outline-none focus:ring-2 focus:ring-primary focus:ring-offset-2 rounded-sm"[39m
    [33mhref[39m=[32m"/profile/favorites"[39m
  [36m/>[39m

  Name "Корзина (0 товаров)":
  [36m<a[39m
    [33maria-label[39m=[32m"Корзина (0 товаров)"[39m
    [33mclass[39m=[32m"relative p-2 text-text-primary hover:text-text-secondary transition-colors duration-short focus:outline-none focus:ring-2 focus:ring-primary focus:ring-offset-2 rounded-sm"[39m
    [33mhref[39m=[32m"/cart"[39m
  [36m/>[39m

  Name "Регистрация":
  [36m<a[39m
    [33mhref[39m=[32m"/register"[39m
  [36m/>[39m

  Name "Войти":
  [36m<a[39m
    [33mhref[39m=[32m"/login"[39m
  [36m/>[39m

  --------------------------------------------------
  img:

  Name "FREESPORT":
  [36m<img[39m
    [33malt[39m=[32m"FREESPORT"[39m
    [33mclass[39m=[32m"h-8 w-auto"[39m
    [33mdata-nimg[39m=[32m"1"[39m
    [33mdecoding[39m=[32m"async"[39m
    [33mheight[39m=[32m"32"[39m
    [33msrc[39m=[32m"/Freesport_logo.svg"[39m
    [33mstyle[39m=[32m"color: transparent;"[39m
    [33mwidth[39m=[32m"120"[39m
  [36m/>[39m

  --------------------------------------------------
  navigation:

  Name "Основная навигация":
  [36m<nav[39m
    [33maria-label[39m=[32m"Основная навигация"[39m
    [33mclass[39m=[32m"hidden md:flex items-center gap-6"[39m
  [36m/>[39m

  --------------------------------------------------
  button:

  Name "Регистрация":
  [36m<button[39m
    [33mclass[39m=[32m"inline-flex items-center justify-center gap-2 font-medium transition-all focus:outline-none focus:ring-2 focus:ring-offset-2 disabled:opacity-50 disabled:cursor-not-allowed bg-white text-primary border border-primary shadow-[0_8px_24px_rgba(5,18,55,0.08)] hover:bg-primary-subtle hover:-translate-y-0.5 active:bg-primary-subtle/80 active:translate-y-0 focus:ring-primary h-10 px-6 typo-body-s rounded-md"[39m
  [36m/>[39m

  Name "Войти":
  [36m<button[39m
    [33mclass[39m=[32m"inline-flex items-center justify-center gap-2 font-medium transition-all focus:outline-none focus:ring-2 focus:ring-offset-2 disabled:opacity-50 disabled:cursor-not-allowed bg-primary text-white border border-transparent shadow-[0_14px_32px_rgba(11,18,32,0.45)] hover:bg-primary-hover hover:-translate-y-0.5 active:bg-primary-active active:translate-y-0 focus:ring-primary h-10 px-6 typo-body-s rounded-md"[39m
  [36m/>[39m

  Name "Открыть меню":
  [36m<button[39m
    [33maria-expanded[39m=[32m"false"[39m
    [33maria-label[39m=[32m"Открыть меню"[39m
    [33mclass[39m=[32m"md:hidden p-2 text-text-primary hover:text-text-secondary transition-colors duration-short focus:outline-none focus:ring-2 focus:ring-primary focus:ring-offset-2 rounded-sm"[39m
  [36m/>[39m

  --------------------------------------------------

Ignored nodes: comments, script, style
[36m<body>[39m
  [36m<div>[39m
    [36m<header[39m
      [33mclass[39m=[32m"bg-white sticky top-0 left-0 right-0 z-50 shadow-[0_6px_16px_rgba(31,42,68,0.05)]"[39m
    [36m>[39m
      [36m<div[39m
        [33mclass[39m=[32m"max-w-7xl mx-auto px-4 sm:px-6 lg:px-8"[39m
      [36m>[39m
        [36m<div[39m
          [33mclass[39m=[32m"flex justify-between items-center h-[60px]"[39m
        [36m>[39m
          [36m<div[39m
            [33mclass[39m=[32m"flex-shrink-0"[39m
          [36m>[39m
            [36m<a[39m
              [33mclass[39m=[32m"flex items-center gap-2"[39m
              [33mhref[39m=[32m"/test"[39m
            [36m>[39m
              [36m<img[39m
                [33malt[39m=[32m"FREESPORT"[39m
                [33mclass[39m=[32m"h-8 w-auto"[39m
                [33mdata-nimg[39m=[32m"1"[39m
                [33mdecoding[39m=[32m"async"[39m
                [33mheight[39m=[32m"32"[39m
                [33msrc[39m=[32m"/Freesport_logo.svg"[39m
                [33mstyle[39m=[32m"color: transparent;"[39m
                [33mwidth[39m=[32m"120"[39m
              [36m/>[39m
            [36m</a>[39m
          [36m</div>[39m
          [36m<nav[39m
            [33maria-label[39m=[32m"Основная навигация"[39m
            [33mclass[39m=[32m"hidden md:flex items-center gap-6"[39m
          [36m>[39m
            [36m<a[39m
              [33mclass[39m=[32m"relative text-body-m font-medium transition-colors duration-short text-text-primary hover:text-text-secondary"[39m
              [33mhref[39m=[32m"/test"[39m
            [36m>[39m
              [0mГлавная[0m
            [36m</a>[39m
            [36m<a[39m
              [33mclass[39m=[32m"relative text-body-m font-medium transition-colors duration-short text-text-primary hover:text-text-secondary"[39m
              [33mhref[39m=[32m"/catalog"[39m
            [36m>[39m
              [0mКаталог[0m
            [36m</a>[39m
            [36m<a[39m
              [33mclass[39m=[32m"relative text-body-m font-medium transition-colors duration-short text-text-primary hover:text-text-secondary"[39m
              [33mhref[39m=[32m"/news"[39m
            [36m>[39m
              [0mНовости[0m
            [36m</a>[39m
            [36m<a[39m
              [33mclass[39m=[32m"relative text-body-m font-medium transition-colors duration-short text-text-primary hover:text-text-secondary"[39m
              [33mhref[39m=[32m"/blog"[39m
            [36m>[39m
              [0mБлог[0m
            [36m</a>[39m
            [36m<a[39m
              [33mclass[39m=[32m"relative text-body-m font-medium transition-colors duration-short text-text-primary hover:text-text-secondary"[39m
              [33mhref[39m=[32m"/partners"[39m
            [36m>[39m
              [0mПартнёрам[0m
            [36m</a>[39m
          [36m</nav>[39m
          [36m<div[39m
            [33mclass[39m=[32m"flex items-center gap-4 flex-shrink-0"[39m
          [36m>[39m
            [36m<div[39m
              [33mclass[39m=[32m"hidden md:flex items-center gap-4"[39m
            [36m>[39m
              [36m<a[39m
                [33maria-label[39m=[32m"Поиск"[39m
                [33mclass[39m=[32m"p-2 text-text-primary hover:text-text-secondary transition-colors duration-short focus:outline-none focus:ring-2 focus:ring-primary focus:ring-offset-2 rounded-sm"[39m
                [33mhref[39m=[32m"/catalog?focusSearch=true"[39m
              [36m>[39m
                [36m<svg[39m
                  [33maria-hidden[39m=[32m"true"[39m
                  [33mclass[39m=[32m"lucide lucide-search w-6 h-6"[39m
                  [33mfill[39m=[32m"none"[39m
                  [33mheight[39m=[32m"24"[39m
                  [33mstroke[39m=[32m"currentColor"[39m
                  [33mstroke-linecap[39m=[32m"round"[39m
                  [33mstroke-linejoin[39m=[32m"round"[39m
                  [33mstroke-width[39m=[32m"2"[39m
                  [33mviewBox[39m=[32m"0 0 24 24"[39m
                  [33mwidth[39m=[32m"24"[39m
                  [33mxmlns[39m=[32m"http://www.w3.org/2000/svg"[39m
                [36m>[39m
                  [36m<path[39m
                    [33md[39m=[32m"m21 21-4.34-4.34"[39m
                  [36m/>[39m
                  [36m<circle[39m
                    [33mcx[39m=[32m"11"[39m
                    [33mcy[39m=[32m"11"[39m
                    [33mr[39m=[32m"8"[39m
                  [36m/>[39m
                [36m</svg>[39m
              [36m</a>[39m
              [36m<a[39m
                [33maria-label[39m=[32m"Избранное"[39m
                [33mclass[39m=[32m"p-2 text-text-primary hover:text-text-secondary transition-colors duration-short focus:outline-none focus:ring-2 focus:ring-primary focus:ring-offset-2 rounded-sm"[39m
                [33mhref[39m=[32m"/profile/favorites"[39m
              [36m>[39m
                [36m<svg[39m
                  [33maria-hidden[39m=[32m"true"[39m
                  [33mclass[39m=[32m"lucide lucide-heart w-6 h-6"[39m
                  [33mfill[39m=[32m"none"[39m
                  [33mheight[39m=[32m"24"[39m
                  [33mstroke[39m=[32m"currentColor"[39m
                  [33mstroke-linecap[39m=[32m"round"[39m
                  [33mstroke-linejoin[39m=[32m"round"[39m
                  [33mstroke-width[39m=[32m"2"[39m
                  [33mviewBox[39m=[32m"0 0 24 24"[39m
                  [33mwidth[39m=[32m"24"[39m
                  [33mxmlns[39m=[32m"http://www.w3.org/2000/svg"[39m
                [36m>[39m
                  [36m<path[39m
                    [33md[39m=[32m"M2 9.5a5.5 5.5 0 0 1 9.591-3.676.56.56 0 0 0 .818 0A5.49 5.49 0 0 1 22 9.5c0 2.29-1.5 4-3 5.5l-5.492 5.313a2 2 0 0 1-3 .019L5 15c-1.5-1.5-3-3.2-3-5.5"[39m
                  [36m/>[39m
                [36m</svg>[39m
              [36m</a>[39m
              [36m<a[39m
                [33maria-label[39m=[32m"Корзина (0 товаров)"[39m
                [33mclass[39m=[32m"relative p-2 text-text-primary hover:text-text-secondary transition-colors duration-short focus:outline-none focus:ring-2 focus:ring-primary focus:ring-offset-2 rounded-sm"[39m
                [33mhref[39m=[32m"/cart"[39m
              [36m>[39m
                [36m<svg[39m
                  [33maria-hidden[39m=[32m"true"[39m
                  [33mclass[39m=[32m"lucide lucide-shopping-cart w-6 h-6"[39m
                  [33mfill[39m=[32m"none"[39m
                  [33mheight[39m=[32m"24"[39m
                  [33mstroke[39m=[32m"currentColor"[39m
                  [33mstroke-linecap[39m=[32m"round"[39m
                  [33mstroke-linejoin[39m=[32m"round"[39m
                  [33mstroke-width[39m=[32m"2"[39m
                  [33mviewBox[39m=[32m"0 0 24 24"[39m
                  [33mwidth[39m=[32m"24"[39m
                  [33mxmlns[39m=[32m"http://www.w3.org/2000/svg"[39m
                [36m>[39m
                  [36m<circle[39m
                    [33mcx[39m=[32m"8"[39m
                    [33mcy[39m=[32m"21"[39m
                    [33mr[39m=[32m"1"[39m
                  [36m/>[39m
                  [36m<circle[39m
                    [33mcx[39m=[32m"19"[39m
                    [33mcy[39m=[32m"21"[39m
                    [33mr[39m=[32m"1"[39m
                  [36m/>[39m
                  [36m<path[39m
                    [33md[39m=[32m"M2.05 2.05h2l2.66 12.42a2 2 0 0 0 2 1.58h9.78a2 2 0 0 0 1.95-1.57l1.65-7.43H5.12"[39m
                  [36m/>[39m
                [36m</svg>[39m
              [36m</a>[39m
            [36m</div>[39m
            [36m<div[39m
              [33mclass[39m=[32m"hidden md:flex items-center gap-2"[39m
            [36m>[39m
              [36m<a[39m
                [33mhref[39m=[32m"/register"[39m
              [36m>[39m
                [36m<button[39m
                  [33mclass[39m=[32m"inline-flex items-center justify-center gap-2 font-medium transition-all focus:outline-none focus:ring-2 focus:ring-offset-2 disabled:opacity-50 disabled:cursor-not-allowed bg-white text-primary border border-primary shadow-[0_8px_24px_rgba(5,18,55,0.08)] hover:bg-primary-subtle hover:-translate-y-0.5 active:bg-primary-subtle/80 active:translate-y-0 focus:ring-primary h-10 px-6 typo-body-s rounded-md"[39m
                [36m>[39m
                  [0mРегистрация[0m
                [36m</button>[39m
              [36m</a>[39m
              [36m<a[39m
                [33mhref[39m=[32m"/login"[39m
              [36m>[39m
                [36m<button[39m
                  [33mclass[39m=[32m"inline-flex items-center justify-center gap-2 font-medium transition-all focus:outline-none focus:ring-2 focus:ring-offset-2 disabled:opacity-50 disabled:cursor-not-allowed bg-primary text-white border border-transparent shadow-[0_14px_32px_rgba(11,18,32,0.45)] hover:bg-primary-hover hover:-translate-y-0.5 active:bg-primary-active active:translate-y-0 focus:ring-primary h-10 px-6 typo-body-s rounded-md"[39m
                [36m>[39m
                  [0mВойти[0m
                [36m</button>[39m
              [36m</a>[39m
            [36m</div>[39m
            [36m<button[39m
              [33maria-expanded[39m=[32m"false"[39m
              [33maria-label[39m=[32m"Открыть меню"[39m
              [33mclass[39m=[32m"md:hidden p-2 text-text-primary hover:text-text-secondary transition-colors duration-short focus:outline-none focus:ring-2 focus:ring-primary focus:ring-offset-2 rounded-sm"[39m
            [36m>[39m
              [36m<svg[39m
                [33maria-hidden[39m=[32m"true"[39m
                [33mclass[39m=[32m"lucide lucide-menu w-6 h-6"[39m
                [33mfill[39m=[32m"none"[39m
                [33mheight[39m=[32m"24"[39m
                [33mstroke[39m=[32m"currentColor"[39m
                [33mstroke-linecap[39m=[32m"round"[39m
                [33mstroke-linejoin[39m=[32m"round"[39m
                [33mstroke-width[39m=[32m"2"[39m
                [33mviewBox[39m=[32m"0 0 24 24"[39m
                [33mwidth[39m=[32m"24"[39m
                [33mxmlns[39m=[32m"http://www.w3.org/2000/svg"[39m
              [36m>[39m
                [36m<path[39m
                  [33md[39m=[32m"M4 5h16"[39m
                [36m/>[39m
                [36m<path[39m
                  [33md[39m=[32m"M4 12h16"[39m
                [36m/>[39m
                [36m<path[39m
                  [33md[39m=[32m"M4 19h16"[39m
                [36m/>[39m
              [36m</svg>[39m
            [36m</button>[39m
          [36m</div>[39m
        [36m</div>[39m
      [36m</div>[39m
    [36m</header>[39m
  [36m</div>[39m
[36m</body>[39m
[90m [2m❯[22m Object.getElementError node_modules/@testing-library/dom/dist/config.js:[2m37:19[22m[39m
[90m [2m❯[22m node_modules/@testing-library/dom/dist/query-helpers.js:[2m76:38[22m[39m
[90m [2m❯[22m node_modules/@testing-library/dom/dist/query-helpers.js:[2m52:17[22m[39m
[90m [2m❯[22m node_modules/@testing-library/dom/dist/query-helpers.js:[2m95:19[22m[39m
[36m [2m❯[22m src/components/layout/__tests__/Header.test.tsx:[2m152:21[22m[39m
    [90m150| [39m      expect(screen.getByRole('link', { name: 'Каталог' })).toBeInTheD…
    [90m151| [39m      expect(screen.getByRole('link', { name: 'Новости' })).toBeInTheD…
    [90m152| [39m      expect(screen.getByRole('link', { name: 'Акции' })).toBeInTheDoc…
    [90m   | [39m                    [31m^[39m
    [90m153| [39m      expect(screen.getByRole('link', { name: 'Партнёрам' })).toBeInTh…
    [90m154| [39m    })[33m;[39m

[31m[2m⎯⎯⎯⎯⎯⎯⎯⎯⎯⎯⎯⎯⎯⎯⎯⎯⎯⎯⎯⎯⎯⎯[43/77]⎯[22m[39m

[41m[1m FAIL [22m[49m src/components/home/__tests__/CategoryCard.test.tsx[2m > [22mCategoryCard[2m > [22mRendering - Category Name[2m > [22mapplies correct typography to name (text-xl font-semibold)
[31m[1mError[22m: [2mexpect([22m[31melement[31m[2m).toHaveClass([22m[32m[32m"text-xl font-semibold text-primary"[32m[31m[2m)[22m

Expected the element to have class:
[32m  text-xl font-semibold text-primary[31m
Received:
[31m  text-xl font-semibold text-text-primary text-center[31m[39m
[36m [2m❯[22m src/components/home/__tests__/CategoryCard.test.tsx:[2m116:23[22m[39m
    [90m114| [39m
    [90m115| [39m      [35mconst[39m heading [33m=[39m screen[33m.[39m[34mgetByRole[39m([32m'heading'[39m[33m,[39m { level[33m:[39m [34m3[39m })[33m;[39m
    [90m116| [39m      expect(heading).toHaveClass('text-xl', 'font-semibold', 'text-pr…
    [90m   | [39m                      [31m^[39m
    [90m117| [39m    })[33m;[39m
    [90m118| [39m

[31m[2m⎯⎯⎯⎯⎯⎯⎯⎯⎯⎯⎯⎯⎯⎯⎯⎯⎯⎯⎯⎯⎯⎯[44/77]⎯[22m[39m

[41m[1m FAIL [22m[49m src/components/home/__tests__/CategoryCard.test.tsx[2m > [22mCategoryCard[2m > [22mDesign System v2.0 Compliance[2m > [22muses correct color token (text-primary)
[31m[1mError[22m: [2mexpect([22m[31melement[31m[2m).toHaveClass([22m[32m[32m"text-primary"[32m[31m[2m)[22m

Expected the element to have class:
[32m  text-primary[31m
Received:
[31m  text-xl font-semibold text-text-primary text-center[31m[39m
[36m [2m❯[22m src/components/home/__tests__/CategoryCard.test.tsx:[2m247:23[22m[39m
    [90m245| [39m
    [90m246| [39m      [35mconst[39m heading [33m=[39m screen[33m.[39m[34mgetByRole[39m([32m'heading'[39m[33m,[39m { level[33m:[39m [34m3[39m })[33m;[39m
    [90m247| [39m      [34mexpect[39m(heading)[33m.[39m[34mtoHaveClass[39m([32m'text-primary'[39m)[33m;[39m
    [90m   | [39m                      [31m^[39m
    [90m248| [39m    })[33m;[39m
    [90m249| [39m

[31m[2m⎯⎯⎯⎯⎯⎯⎯⎯⎯⎯⎯⎯⎯⎯⎯⎯⎯⎯⎯⎯⎯⎯[45/77]⎯[22m[39m

[41m[1m FAIL [22m[49m src/components/home/__tests__/NewsSection.test.tsx[2m > [22mNewsSection[2m > [22mrenders "Все новости" button
[31m[1mTestingLibraryElementError[22m[39m: Unable to find role="button" and name `/все новости/i`

Ignored nodes: comments, script, style
[36m<body>[39m
  [36m<div>[39m
    [36m<section[39m
      [33maria-labelledby[39m=[32m"news-heading"[39m
      [33mclass[39m=[32m"max-w-[1280px] mx-auto px-3 md:px-4 lg:px-6"[39m
    [36m>[39m
      [36m<h2[39m
        [33mclass[39m=[32m"text-3xl font-bold text-text-primary mb-8"[39m
        [33mid[39m=[32m"news-heading"[39m
      [36m>[39m
        [0mНовости[0m
      [36m</h2>[39m
      [36m<div[39m
        [33mclass[39m=[32m"grid grid-cols-1 md:grid-cols-2 lg:grid-cols-3 gap-6"[39m
      [36m>[39m
        [36m<a[39m
          [33maria-label[39m=[32m"Читать новость: Новая коллекция 2025"[39m
          [33mclass[39m=[32m"group block rounded-xl overflow-hidden bg-white shadow-default hover:shadow-hover transition-shadow focus-within:ring-2 focus-within:ring-primary focus-within:ring-offset-2"[39m
          [33mhref[39m=[32m"/news/new-collection-2025"[39m
        [36m>[39m
          [36m<article>[39m
            [36m<div[39m
              [33mclass[39m=[32m"relative aspect-video overflow-hidden"[39m
            [36m>[39m
              [36m<img[39m
                [33malt[39m=[32m"Новая коллекция 2025"[39m
                [33mclass[39m=[32m"object-cover group-hover:scale-105 transition-transform duration-[180ms] ease-in-out"[39m
                [33mdata-nimg[39m=[32m"fill"[39m
                [33mdecoding[39m=[32m"async"[39m
                [33mloading[39m=[32m"lazy"[39m
                [33msizes[39m=[32m"(max-width: 640px) 100vw, (max-width: 1024px) 50vw, 33vw"[39m
                [33msrc[39m=[32m"/_next/image?url=%2Fimages%2Fnews%2Fcollection.jpg&w=3840&q=75"[39m
                [33msrcset[39m=[32m"/_next/image?url=%2Fimages%2Fnews%2Fcollection.jpg&w=256&q=75 256w, /_next/image?url=%2Fimages%2Fnews%2Fcollection.jpg&w=384&q=75 384w, /_next/image?url=%2Fimages%2Fnews%2Fcollection.jpg&w=640&q=75 640w, /_next/image?url=%2Fimages%2Fnews%2Fcollection.jpg&w=750&q=75 750w, /_next/image?url=%2Fimages%2Fnews%2Fcollection.jpg&w=828&q=75 828w, /_next/image?url=%2Fimages%2Fnews%2Fcollection.jpg&w=1080&q=75 1080w, /_next/image?url=%2Fimages%2Fnews%2Fcollection.jpg&w=1200&q=75 1200w, /_next/image?url=%2Fimages%2Fnews%2Fcollection.jpg&w=1920&q=75 1920w, /_next/image?url=%2Fimages%2Fnews%2Fcollection.jpg&w=2048&q=75 2048w, /_next/image?url=%2Fimages%2Fnews%2Fcollection.jpg&w=3840&q=75 3840w"[39m
                [33mstyle[39m=[32m"position: absolute; height: 100%; width: 100%; left: 0px; top: 0px; right: 0px; bottom: 0px; color: transparent;"[39m
              [36m/>[39m
            [36m</div>[39m
            [36m<div[39m
              [33mclass[39m=[32m"p-4"[39m
            [36m>[39m
              [36m<time[39m
                [33mclass[39m=[32m"text-xs text-text-secondary block mb-2"[39m
                [33mdatetime[39m=[32m"2025-01-15T10:00:00Z"[39m
              [36m>[39m
                [0m15 января 2025 г.[0m
              [36m</time>[39m
              [36m<h3[39m
                [33mclass[39m=[32m"text-xl font-semibold text-text-primary mb-2 line-clamp-2"[39m
              [36m>[39m
                [0mНовая коллекция 2025[0m
              [36m</h3>[39m
              [36m<p[39m
                [33mclass[39m=[32m"text-sm text-text-secondary line-clamp-2"[39m
              [36m>[39m
                [0mПредставляем новую коллекцию спортивной одежды[0m
              [36m</p>[39m
            [36m</div>[39m
          [36m</article>[39m
        [36m</a>[39m
        [36m<a[39m
          [33maria-label[39m=[32m"Читать новость: Скидки на зимнюю экипировку"[39m
          [33mclass[39m=[32m"group block rounded-xl overflow-hidden bg-white shadow-default hover:shadow-hover transition-shadow focus-within:ring-2 focus-within:ring-primary focus-within:ring-offset-2"[39m
          [33mhref[39m=[32m"/news/winter-sale"[39m
        [36m>[39m
          [36m<article>[39m
            [36m<div[39m
              [33mclass[39m=[32m"relative aspect-video overflow-hidden"[39m
            [36m>[39m
              [36m<img[39m
                [33malt[39m=[32m"Скидки на зимнюю экипировку"[39m
                [33mclass[39m=[32m"object-cover group-hover:scale-105 transition-transform duration-[180ms] ease-in-out"[39m
                [33mdata-nimg[39m=[32m"fill"[39m
                [33mdecoding[39m=[32m"async"[39m
                [33mloading[39m=[32m"lazy"[39m
                [33msizes[39m=[32m"(max-width: 640px) 100vw, (max-width: 1024px) 50vw, 33vw"[39m
                [33msrc[39m=[32m"/_next/image?url=%2Fimages%2Fnews%2Fsale.jpg&w=3840&q=75"[39m
                [33msrcset[39m=[32m"/_next/image?url=%2Fimages%2Fnews%2Fsale.jpg&w=256&q=75 256w, /_next/image?url=%2Fimages%2Fnews%2Fsale.jpg&w=384&q=75 384w, /_next/image?url=%2Fimages%2Fnews%2Fsale.jpg&w=640&q=75 640w, /_next/image?url=%2Fimages%2Fnews%2Fsale.jpg&w=750&q=75 750w, /_next/image?url=%2Fimages%2Fnews%2Fsale.jpg&w=828&q=75 828w, /_next/image?url=%2Fimages%2Fnews%2Fsale.jpg&w=1080&q=75 1080w, /_next/image?url=%2Fimages%2Fnews%2Fsale.jpg&w=1200&q=75 1200w, /_next/image?url=%2Fimages%2Fnews%2Fsale.jpg&w=1920&q=75 1920w, /_next/image?url=%2Fimages%2Fnews%2Fsale.jpg&w=2048&q=75 2048w, /_next/image?url=%2Fimages%2Fnews%2Fsale.jpg&w=3840&q=75 3840w"[39m
                [33mstyle[39m=[32m"position: absolute; height: 100%; width: 100%; left: 0px; top: 0px; right: 0px; bottom: 0px; color: transparent;"[39m
              [36m/>[39m
            [36m</div>[39m
            [36m<div[39m
              [33mclass[39m=[32m"p-4"[39m
            [36m>[39m
              [36m<time[39m
                [33mclass[39m=[32m"text-xs text-text-secondary block mb-2"[39m
                [33mdatetime[39m=[32m"2025-01-14T10:00:00Z"[39m
              [36m>[39m
                [0m14 января 2025 г.[0m
              [36m</time>[39m
              [36m<h3[39m
                [33mclass[39m=[32m"text-xl font-semibold text-text-primary mb-2 line-clamp-2"[39m
              [36m>[39m
                [0mСкидки на зимнюю экипировку[0m
              [36m</h3>[39m
              [36m<p[39m
                [33mclass[39m=[32m"text-sm text-text-secondary line-clamp-2"[39m
              [36m>[39m
                [0mДо конца месяца скидки до 30%[0m
              [36m</p>[39m
            [36m</div>[39m
          [36m</article>[39m
        [36m</a>[39m
        [36m<a[39m
          [33maria-label[39m=[32m"Читать новость: Открытие нового склада"[39m
          [33mclass[39m=[32m"group block rounded-xl overflow-hidden bg-white shadow-default hover:shadow-hover transition-shadow focus-within:ring-2 focus-within:ring-primary focus-within:ring-offset-2"[39m
          [33mhref[39m=[32m"/news/new-warehouse"[39m
        [36m>[39m
          [36m<article>[39m
            [36m<div[39m
              [33mclass[39m=[32m"relative aspect-video overflow-hidden"[39m
            [36m>[39m
              [36m<img[39m
                [33malt[39m=[32m"Открытие нового склада"[39m
                [33mclass[39m=[32m"object-cover group-hover:scale-105 transition-transform duration-[180ms] ease-in-out"[39m
                [33mdata-nimg[39m=[32m"fill"[39m
                [33mdecoding[39m=[32m"async"[39m
                [33mloading[39m=[32m"lazy"[39m
                [33msizes[39m=[32m"(max-width: 640px) 100vw, (max-width: 1024px) 50vw, 33vw"[39m
                [33msrc[39m=[32m"/_next/image?url=%2Fimages%2Fnew%2Fmosow-shop.jpg&w=3840&q=75"[39m
                [33msrcset[39m=[32m"/_next/image?url=%2Fimages%2Fnew%2Fmosow-shop.jpg&w=256&q=75 256w, /_next/image?url=%2Fimages%2Fnew%2Fmosow-shop.jpg&w=384&q=75 384w, /_next/image?url=%2Fimages%2Fnew%2Fmosow-shop.jpg&w=640&q=75 640w, /_next/image?url=%2Fimages%2Fnew%2Fmosow-shop.jpg&w=750&q=75 750w, /_next/image?url=%2Fimages%2Fnew%2Fmosow-shop.jpg&w=828&q=75 828w, /_next/image?url=%2Fimages%2Fnew%2Fmosow-shop.jpg&w=1080&q=75 1080w, /_next/image?url=%2Fimages%2Fnew%2Fmosow-shop.jpg&w=1200&q=75 1200w, /_next/image?url=%2Fimages%2Fnew%2Fmosow-shop.jpg&w=1920&q=75 1920w, /_next/image?url=%2Fimages%2Fnew%2Fmosow-shop.jpg&w=2048&q=75 2048w, /_next/image?url=%2Fimages%2Fnew%2Fmosow-shop.jpg&w=3840&q=75 3840w"[39m
                [33mstyle[39m=[32m"position: absolute; height: 100%; width: 100%; left: 0px; top: 0px; right: 0px; bottom: 0px; color: transparent;"[39m
              [36m/>[39m
            [36m</div>[39m
            [36m<div[39m
              [33mclass[39m=[32m"p-4"[39m
            [36m>[39m
              [36m<time[39m
                [33mclass[39m=[32m"text-xs text-text-secondary block mb-2"[39m
                [33mdatetime[39m=[32m"2025-01-13T10:00:00Z"[39m
              [36m>[39m
                [0m13 января 2025 г.[0m
              [36m</time>[39m
              [36m<h3[39m
                [33mclass[39m=[32m"text-xl font-semibold text-text-primary mb-2 line-clamp-2"[39m
              [36m>[39m
                [0mОткрытие нового склада[0m
              [36m</h3>[39m
              [36m<p[39m
                [33mclass[39m=[32m"text-sm text-text-secondary line-clamp-2"[39m
              [36m>[39m
                [0mМы рады сообщить об открытии нового склада[0m
              [36m</p>[39m
            [36m</div>[39m
          [36m</article>[39m
        [36m</a>[39m
      [36m</div>[39m
    [36m</section>[39m
  [36m</div>[39m
[36m</body>[39m

Ignored nodes: comments, script, style
[36m<html>[39m
  [36m<head />[39m
  [36m<body>[39m
    [36m<div>[39m
      [36m<section[39m
        [33maria-labelledby[39m=[32m"news-heading"[39m
        [33mclass[39m=[32m"max-w-[1280px] mx-auto px-3 md:px-4 lg:px-6"[39m
      [36m>[39m
        [36m<h2[39m
          [33mclass[39m=[32m"text-3xl font-bold text-text-primary mb-8"[39m
          [33mid[39m=[32m"news-heading"[39m
        [36m>[39m
          [0mНовости[0m
        [36m</h2>[39m
        [36m<div[39m
          [33mclass[39m=[32m"grid grid-cols-1 md:grid-cols-2 lg:grid-cols-3 gap-6"[39m
        [36m>[39m
          [36m<a[39m
            [33maria-label[39m=[32m"Читать новость: Новая коллекция 2025"[39m
            [33mclass[39m=[32m"group block rounded-xl overflow-hidden bg-white shadow-default hover:shadow-hover transition-shadow focus-within:ring-2 focus-within:ring-primary focus-within:ring-offset-2"[39m
            [33mhref[39m=[32m"/news/new-collection-2025"[39m
          [36m>[39m
            [36m<article>[39m
              [36m<div[39m
                [33mclass[39m=[32m"relative aspect-video overflow-hidden"[39m
              [36m>[39m
                [36m<img[39m
                  [33malt[39m=[32m"Новая коллекция 2025"[39m
                  [33mclass[39m=[32m"object-cover group-hover:scale-105 transition-transform duration-[180ms] ease-in-out"[39m
                  [33mdata-nimg[39m=[32m"fill"[39m
                  [33mdecoding[39m=[32m"async"[39m
                  [33mloading[39m=[32m"lazy"[39m
                  [33msizes[39m=[32m"(max-width: 640px) 100vw, (max-width: 1024px) 50vw, 33vw"[39m
                  [33msrc[39m=[32m"/_next/image?url=%2Fimages%2Fnews%2Fcollection.jpg&w=3840&q=75"[39m
                  [33msrcset[39m=[32m"/_next/image?url=%2Fimages%2Fnews%2Fcollection.jpg&w=256&q=75 256w, /_next/image?url=%2Fimages%2Fnews%2Fcollection.jpg&w=384&q=75 384w, /_next/image?url=%2Fimages%2Fnews%2Fcollection.jpg&w=640&q=75 640w, /_next/image?url=%2Fimages%2Fnews%2Fcollection.jpg&w=750&q=75 750w, /_next/image?url=%2Fimages%2Fnews%2Fcollection.jpg&w=828&q=75 828w, /_next/image?url=%2Fimages%2Fnews%2Fcollection.jpg&w=1080&q=75 1080w, /_next/image?url=%2Fimages%2Fnews%2Fcollection.jpg&w=1200&q=75 1200w, /_next/image?url=%2Fimages%2Fnews%2Fcollection.jpg&w=1920&q=75 1920w, /_next/image?url=%2Fimages%2Fnews%2Fcollection.jpg&w=2048&q=75 2048w, /_next/image?url=%2Fimages%2Fnews%2Fcollection.jpg&w=3840&q=75 3840w"[39m
                  [33mstyle[39m=[32m"position: absolute; height: 100%; width: 100%; left: 0px; top: 0px; right: 0px; bottom: 0px; color: transparent;"[39m
                [36m/>[39m
              [36m</div>[39m
              [36m<div[39m
                [33mclass[39m=[32m"p-4"[39m
              [36m>[39m
                [36m<time[39m
                  [33mclass[39m=[32m"text-xs text-text-secondary block mb-2"[39m
                  [33mdatetime[39m=[32m"2025-01-15T10:00:00Z"[39m
                [36m>[39m
                  [0m15 января 2025 г.[0m
                [36m</time>[39m
                [36m<h3[39m
                  [33mclass[39m=[32m"text-xl font-semibold text-text-primary mb-2 line-clamp-2"[39m
                [36m>[39m
                  [0mНовая коллекция 2025[0m
                [36m</h3>[39m
                [36m<p[39m
                  [33mclass[39m=[32m"text-sm text-text-secondary line-clamp-2"[39m
                [36m>[39m
                  [0mПредставляем новую коллекцию спортивной одежды[0m
                [36m</p>[39m
              [36m</div>[39m
            [36m</article>[39m
          [36m</a>[39m
          [36m<a[39m
            [33maria-label[39m=[32m"Читать новость: Скидки на зимнюю экипировку"[39m
            [33mclass[39m=[32m"group block rounded-xl overflow-hidden bg-white shadow-default hover:shadow-hover transition-shadow focus-within:ring-2 focus-within:ring-primary focus-within:ring-offset-2"[39m
            [33mhref[39m=[32m"/news/winter-sale"[39m
          [36m>[39m
            [36m<article>[39m
              [36m<div[39m
                [33mclass[39m=[32m"relative aspect-video overflow-hidden"[39m
              [36m>[39m
                [36m<img[39m
                  [33malt[39m=[32m"Скидки на зимнюю экипировку"[39m
                  [33mclass[39m=[32m"object-cover group-hover:scale-105 transition-transform duration-[180ms] ease-in-out"[39m
                  [33mdata-nimg[39m=[32m"fill"[39m
                  [33mdecoding[39m=[32m"async"[39m
                  [33mloading[39m=[32m"lazy"[39m
                  [33msizes[39m=[32m"(max-width: 640px) 100vw, (max-width: 1024px) 50vw, 33vw"[39m
                  [33msrc[39m=[32m"/_next/image?url=%2Fimages%2Fnews%2Fsale.jpg&w=3840&q=75"[39m
                  [33msrcset[39m=[32m"/_next/image?url=%2Fimages%2Fnews%2Fsale.jpg&w=256&q=75 256w, /_next/image?url=%2Fimages%2Fnews%2Fsale.jpg&w=384&q=75 384w, /_next/image?url=%2Fimages%2Fnews%2Fsale.jpg&w=640&q=75 640w, /_next/image?url=%2Fimages%2Fnews%2Fsale.jpg&w=750&q=75 750w, /_next/image?url=%2Fimages%2Fnews%2Fsale.jpg&w=828&q=75 828w, /_next/image?url=%2Fimages%2Fnews%2Fsale.jpg&w=1080&q=75 1080w, /_next/image?url=%2Fimages%2Fnews%2Fsale.jpg&w=1200&q=75 1200w, /_next/image?url=%2Fimages%2Fnews%2Fsale.jpg&w=1920&q=75 1920w, /_next/image?url=%2Fimages%2Fnews%2Fsale.jpg&w=2048&q=75 2048w, /_next/image?url=%2Fimages%2Fnews%2Fsale.jpg&w=3840&q=75 3840w"[39m
                  [33mstyle[39m=[32m"position: absolute; height: 100%; width: 100%; left: 0px; top: 0px; right: 0px; bottom: 0px; color: transparent;"[39m
                [36m/>[39m
              [36m</div>[39m
              [36m<div[39m
                [33mclass[39m=[32m"p-4"[39m
              [36m>[39m
                [36m<time[39m
                  [33mclass[39m=[32m"text-xs text-text-secondary block mb-2"[39m
                  [33mdatetime[39m=[32m"2025-01-14T10:00:00Z"[39m
                [36m>[39m
                  [0m14 января 2025 г.[0m
                [36m</time>[39m
                [36m<h3[39m
                  [33mclass[39m=[32m"text-xl font-semibold text-text-primary mb-2 line-clamp-2"[39m
                [36m>[39m
                  [0mСкидки на зимнюю экипировку[0m
                [36m</h3>[39m
                [36m<p[39m
                  [33mclass[39m=[32m"text-sm text-text-secondary line-clamp-2"[39m
                [36m>[39m
                  [0mДо конца месяца скидки до 30%[0m
                [36m</p>[39m
              [36m</div>[39m
            [36m</article>[39m
          [36m</a>[39m
          [36m<a[39m
            [33maria-label[39m=[32m"Читать новость: Открытие нового склада"[39m
            [33mclass[39m=[32m"group block rounded-xl overflow-hidden bg-white shadow-default hover:shadow-hover transition-shadow focus-within:ring-2 focus-within:ring-primary focus-within:ring-offset-2"[39m
            [33mhref[39m=[32m"/news/new-warehouse"[39m
          [36m>[39m
            [36m<article>[39m
              [36m<div[39m
                [33mclass[39m=[32m"relative aspect-video overflow-hidden"[39m
              [36m>[39m
                [36m<img[39m
                  [33malt[39m=[32m"Открытие нового склада"[39m
                  [33mclass[39m=[32m"object-cover group-hover:scale-105 transition-transform duration-[180ms] ease-in-out"[39m
                  [33mdata-nimg[39m=[32m"fill"[39m
                  [33mdecoding[39m=[32m"async"[39m
                  [33mloading[39m=[32m"lazy"[39m
                  [33msizes[39m=[32m"(max-width: 640px) 100vw, (max-width: 1024px) 50vw, 33vw"[39m
                  [33msrc[39m=[32m"/_next/image?url=%2Fimages%2Fnew%2Fmosow-shop.jpg&w=3840&q=75"[39m
                  [33msrcset[39m=[32m"/_next/image?url=%2Fimages%2Fnew%2Fmosow-shop.jpg&w=256&q=75 256w, /_next/image?url=%2Fimages%2Fnew%2Fmosow-shop.jpg&w=384&q=75 384w, /_next/image?url=%2Fimages%2Fnew%2Fmosow-shop.jpg&w=640&q=75 640w, /_next/image?url=%2Fimages%2Fnew%2Fmosow-shop.jpg&w=750&q=75 750w, /_next/image?url=%2Fimages%2Fnew%2Fmosow-shop.jpg&w=828&q=75 828w, /_next/image?url=%2Fimages%2Fnew%2Fmosow-shop.jpg&w=1080&q=75 1080w, /_next/image?url=%2Fimages%2Fnew%2Fmosow-shop.jpg&w=1200&q=75 1200w, /_next/image?url=%2Fimages%2Fnew%2Fmosow-shop.jpg&w=1920&q=75 1920w, /_next/image?url=%2Fimages%2Fnew%2Fmosow-shop.jpg&w=2048&q=75 2048w, /_next/image?url=%2Fimages%2Fnew%2Fmosow-shop.jpg&w=3840&q=75 3840w"[39m
                  [33mstyle[39m=[32m"position: absolute; height: 100%; width: 100%; left: 0px; top: 0px; right: 0px; bottom: 0px; color: transparent;"[39m
                [36m/>[39m
              [36m</div>[39m
              [36m<div[39m
                [33mclass[39m=[32m"p-4"[39m
              [36m>[39m
                [36m<time[39m
                  [33mclass[39m=[32m"text-xs text-text-secondary block mb-2"[39m
                  [33mdatetime[39m=[32m"2025-01-13T10:00:00Z"[39m
                [36m>[39m
                  [0m13 января 2025 г.[0m
                [36m</time>[39m
                [36m<h3[39m
                  [33mclass[39m=[32m"text-xl font-semibold text-text-primary mb-2 line-clamp-2"[39m
                [36m>[39m
                  [0mОткрытие нового склада[0m
                [36m</h3>[39m
                [36m<p[39m
                  [33mclass[39m=[32m"text-sm text-text-secondary line-clamp-2"[39m
                [36m>[39m
                  [0mМы рады сообщить об открытии нового склада[0m
                [36m</p>[39m
              [36m</div>[39m
            [36m</article>[39m
          [36m</a>[39m
        [36m</div>[39m
      [36m</section>[39m
    [36m</div>[39m
  [36m</body>[39m
[36m</html>[39m
[90m [2m❯[22m Proxy.waitForWrapper node_modules/@testing-library/dom/dist/wait-for.js:[2m163:27[22m[39m
[36m [2m❯[22m src/components/home/__tests__/NewsSection.test.tsx:[2m182:11[22m[39m
    [90m180| [39m    [34mrender[39m([33m<[39m[33mNewsSection[39m [33m/[39m[33m>[39m)[33m;[39m
    [90m181| [39m
    [90m182| [39m    [35mawait[39m [34mwaitFor[39m(() [33m=>[39m {
    [90m   | [39m          [31m^[39m
    [90m183| [39m      const button = screen.getByRole('button', { name: /все новости/i…
    [90m184| [39m      [34mexpect[39m(button)[33m.[39m[34mtoBeInTheDocument[39m()[33m;[39m

[31m[2m⎯⎯⎯⎯⎯⎯⎯⎯⎯⎯⎯⎯⎯⎯⎯⎯⎯⎯⎯⎯⎯⎯[46/77]⎯[22m[39m

[41m[1m FAIL [22m[49m src/components/home/__tests__/NewsSection.test.tsx[2m > [22mNewsSection[2m > [22mbutton links to /news
[31m[1mTestingLibraryElementError[22m[39m: Unable to find role="link" and name `/все новости/i`

Ignored nodes: comments, script, style
[36m<body>[39m
  [36m<div>[39m
    [36m<section[39m
      [33maria-labelledby[39m=[32m"news-heading"[39m
      [33mclass[39m=[32m"max-w-[1280px] mx-auto px-3 md:px-4 lg:px-6"[39m
    [36m>[39m
      [36m<h2[39m
        [33mclass[39m=[32m"text-3xl font-bold text-text-primary mb-8"[39m
        [33mid[39m=[32m"news-heading"[39m
      [36m>[39m
        [0mНовости[0m
      [36m</h2>[39m
      [36m<div[39m
        [33mclass[39m=[32m"grid grid-cols-1 md:grid-cols-2 lg:grid-cols-3 gap-6"[39m
      [36m>[39m
        [36m<a[39m
          [33maria-label[39m=[32m"Читать новость: Новая коллекция 2025"[39m
          [33mclass[39m=[32m"group block rounded-xl overflow-hidden bg-white shadow-default hover:shadow-hover transition-shadow focus-within:ring-2 focus-within:ring-primary focus-within:ring-offset-2"[39m
          [33mhref[39m=[32m"/news/new-collection-2025"[39m
        [36m>[39m
          [36m<article>[39m
            [36m<div[39m
              [33mclass[39m=[32m"relative aspect-video overflow-hidden"[39m
            [36m>[39m
              [36m<img[39m
                [33malt[39m=[32m"Новая коллекция 2025"[39m
                [33mclass[39m=[32m"object-cover group-hover:scale-105 transition-transform duration-[180ms] ease-in-out"[39m
                [33mdata-nimg[39m=[32m"fill"[39m
                [33mdecoding[39m=[32m"async"[39m
                [33mloading[39m=[32m"lazy"[39m
                [33msizes[39m=[32m"(max-width: 640px) 100vw, (max-width: 1024px) 50vw, 33vw"[39m
                [33msrc[39m=[32m"/_next/image?url=%2Fimages%2Fnews%2Fcollection.jpg&w=3840&q=75"[39m
                [33msrcset[39m=[32m"/_next/image?url=%2Fimages%2Fnews%2Fcollection.jpg&w=256&q=75 256w, /_next/image?url=%2Fimages%2Fnews%2Fcollection.jpg&w=384&q=75 384w, /_next/image?url=%2Fimages%2Fnews%2Fcollection.jpg&w=640&q=75 640w, /_next/image?url=%2Fimages%2Fnews%2Fcollection.jpg&w=750&q=75 750w, /_next/image?url=%2Fimages%2Fnews%2Fcollection.jpg&w=828&q=75 828w, /_next/image?url=%2Fimages%2Fnews%2Fcollection.jpg&w=1080&q=75 1080w, /_next/image?url=%2Fimages%2Fnews%2Fcollection.jpg&w=1200&q=75 1200w, /_next/image?url=%2Fimages%2Fnews%2Fcollection.jpg&w=1920&q=75 1920w, /_next/image?url=%2Fimages%2Fnews%2Fcollection.jpg&w=2048&q=75 2048w, /_next/image?url=%2Fimages%2Fnews%2Fcollection.jpg&w=3840&q=75 3840w"[39m
                [33mstyle[39m=[32m"position: absolute; height: 100%; width: 100%; left: 0px; top: 0px; right: 0px; bottom: 0px; color: transparent;"[39m
              [36m/>[39m
            [36m</div>[39m
            [36m<div[39m
              [33mclass[39m=[32m"p-4"[39m
            [36m>[39m
              [36m<time[39m
                [33mclass[39m=[32m"text-xs text-text-secondary block mb-2"[39m
                [33mdatetime[39m=[32m"2025-01-15T10:00:00Z"[39m
              [36m>[39m
                [0m15 января 2025 г.[0m
              [36m</time>[39m
              [36m<h3[39m
                [33mclass[39m=[32m"text-xl font-semibold text-text-primary mb-2 line-clamp-2"[39m
              [36m>[39m
                [0mНовая коллекция 2025[0m
              [36m</h3>[39m
              [36m<p[39m
                [33mclass[39m=[32m"text-sm text-text-secondary line-clamp-2"[39m
              [36m>[39m
                [0mПредставляем новую коллекцию спортивной одежды[0m
              [36m</p>[39m
            [36m</div>[39m
          [36m</article>[39m
        [36m</a>[39m
        [36m<a[39m
          [33maria-label[39m=[32m"Читать новость: Скидки на зимнюю экипировку"[39m
          [33mclass[39m=[32m"group block rounded-xl overflow-hidden bg-white shadow-default hover:shadow-hover transition-shadow focus-within:ring-2 focus-within:ring-primary focus-within:ring-offset-2"[39m
          [33mhref[39m=[32m"/news/winter-sale"[39m
        [36m>[39m
          [36m<article>[39m
            [36m<div[39m
              [33mclass[39m=[32m"relative aspect-video overflow-hidden"[39m
            [36m>[39m
              [36m<img[39m
                [33malt[39m=[32m"Скидки на зимнюю экипировку"[39m
                [33mclass[39m=[32m"object-cover group-hover:scale-105 transition-transform duration-[180ms] ease-in-out"[39m
                [33mdata-nimg[39m=[32m"fill"[39m
                [33mdecoding[39m=[32m"async"[39m
                [33mloading[39m=[32m"lazy"[39m
                [33msizes[39m=[32m"(max-width: 640px) 100vw, (max-width: 1024px) 50vw, 33vw"[39m
                [33msrc[39m=[32m"/_next/image?url=%2Fimages%2Fnews%2Fsale.jpg&w=3840&q=75"[39m
                [33msrcset[39m=[32m"/_next/image?url=%2Fimages%2Fnews%2Fsale.jpg&w=256&q=75 256w, /_next/image?url=%2Fimages%2Fnews%2Fsale.jpg&w=384&q=75 384w, /_next/image?url=%2Fimages%2Fnews%2Fsale.jpg&w=640&q=75 640w, /_next/image?url=%2Fimages%2Fnews%2Fsale.jpg&w=750&q=75 750w, /_next/image?url=%2Fimages%2Fnews%2Fsale.jpg&w=828&q=75 828w, /_next/image?url=%2Fimages%2Fnews%2Fsale.jpg&w=1080&q=75 1080w, /_next/image?url=%2Fimages%2Fnews%2Fsale.jpg&w=1200&q=75 1200w, /_next/image?url=%2Fimages%2Fnews%2Fsale.jpg&w=1920&q=75 1920w, /_next/image?url=%2Fimages%2Fnews%2Fsale.jpg&w=2048&q=75 2048w, /_next/image?url=%2Fimages%2Fnews%2Fsale.jpg&w=3840&q=75 3840w"[39m
                [33mstyle[39m=[32m"position: absolute; height: 100%; width: 100%; left: 0px; top: 0px; right: 0px; bottom: 0px; color: transparent;"[39m
              [36m/>[39m
            [36m</div>[39m
            [36m<div[39m
              [33mclass[39m=[32m"p-4"[39m
            [36m>[39m
              [36m<time[39m
                [33mclass[39m=[32m"text-xs text-text-secondary block mb-2"[39m
                [33mdatetime[39m=[32m"2025-01-14T10:00:00Z"[39m
              [36m>[39m
                [0m14 января 2025 г.[0m
              [36m</time>[39m
              [36m<h3[39m
                [33mclass[39m=[32m"text-xl font-semibold text-text-primary mb-2 line-clamp-2"[39m
              [36m>[39m
                [0mСкидки на зимнюю экипировку[0m
              [36m</h3>[39m
              [36m<p[39m
                [33mclass[39m=[32m"text-sm text-text-secondary line-clamp-2"[39m
              [36m>[39m
                [0mДо конца месяца скидки до 30%[0m
              [36m</p>[39m
            [36m</div>[39m
          [36m</article>[39m
        [36m</a>[39m
        [36m<a[39m
          [33maria-label[39m=[32m"Читать новость: Открытие нового склада"[39m
          [33mclass[39m=[32m"group block rounded-xl overflow-hidden bg-white shadow-default hover:shadow-hover transition-shadow focus-within:ring-2 focus-within:ring-primary focus-within:ring-offset-2"[39m
          [33mhref[39m=[32m"/news/new-warehouse"[39m
        [36m>[39m
          [36m<article>[39m
            [36m<div[39m
              [33mclass[39m=[32m"relative aspect-video overflow-hidden"[39m
            [36m>[39m
              [36m<img[39m
                [33malt[39m=[32m"Открытие нового склада"[39m
                [33mclass[39m=[32m"object-cover group-hover:scale-105 transition-transform duration-[180ms] ease-in-out"[39m
                [33mdata-nimg[39m=[32m"fill"[39m
                [33mdecoding[39m=[32m"async"[39m
                [33mloading[39m=[32m"lazy"[39m
                [33msizes[39m=[32m"(max-width: 640px) 100vw, (max-width: 1024px) 50vw, 33vw"[39m
                [33msrc[39m=[32m"/_next/image?url=%2Fimages%2Fnew%2Fmosow-shop.jpg&w=3840&q=75"[39m
                [33msrcset[39m=[32m"/_next/image?url=%2Fimages%2Fnew%2Fmosow-shop.jpg&w=256&q=75 256w, /_next/image?url=%2Fimages%2Fnew%2Fmosow-shop.jpg&w=384&q=75 384w, /_next/image?url=%2Fimages%2Fnew%2Fmosow-shop.jpg&w=640&q=75 640w, /_next/image?url=%2Fimages%2Fnew%2Fmosow-shop.jpg&w=750&q=75 750w, /_next/image?url=%2Fimages%2Fnew%2Fmosow-shop.jpg&w=828&q=75 828w, /_next/image?url=%2Fimages%2Fnew%2Fmosow-shop.jpg&w=1080&q=75 1080w, /_next/image?url=%2Fimages%2Fnew%2Fmosow-shop.jpg&w=1200&q=75 1200w, /_next/image?url=%2Fimages%2Fnew%2Fmosow-shop.jpg&w=1920&q=75 1920w, /_next/image?url=%2Fimages%2Fnew%2Fmosow-shop.jpg&w=2048&q=75 2048w, /_next/image?url=%2Fimages%2Fnew%2Fmosow-shop.jpg&w=3840&q=75 3840w"[39m
                [33mstyle[39m=[32m"position: absolute; height: 100%; width: 100%; left: 0px; top: 0px; right: 0px; bottom: 0px; color: transparent;"[39m
              [36m/>[39m
            [36m</div>[39m
            [36m<div[39m
              [33mclass[39m=[32m"p-4"[39m
            [36m>[39m
              [36m<time[39m
                [33mclass[39m=[32m"text-xs text-text-secondary block mb-2"[39m
                [33mdatetime[39m=[32m"2025-01-13T10:00:00Z"[39m
              [36m>[39m
                [0m13 января 2025 г.[0m
              [36m</time>[39m
              [36m<h3[39m
                [33mclass[39m=[32m"text-xl font-semibold text-text-primary mb-2 line-clamp-2"[39m
              [36m>[39m
                [0mОткрытие нового склада[0m
              [36m</h3>[39m
              [36m<p[39m
                [33mclass[39m=[32m"text-sm text-text-secondary line-clamp-2"[39m
              [36m>[39m
                [0mМы рады сообщить об открытии нового склада[0m
              [36m</p>[39m
            [36m</div>[39m
          [36m</article>[39m
        [36m</a>[39m
      [36m</div>[39m
    [36m</section>[39m
  [36m</div>[39m
[36m</body>[39m

Ignored nodes: comments, script, style
[36m<html>[39m
  [36m<head />[39m
  [36m<body>[39m
    [36m<div>[39m
      [36m<section[39m
        [33maria-labelledby[39m=[32m"news-heading"[39m
        [33mclass[39m=[32m"max-w-[1280px] mx-auto px-3 md:px-4 lg:px-6"[39m
      [36m>[39m
        [36m<h2[39m
          [33mclass[39m=[32m"text-3xl font-bold text-text-primary mb-8"[39m
          [33mid[39m=[32m"news-heading"[39m
        [36m>[39m
          [0mНовости[0m
        [36m</h2>[39m
        [36m<div[39m
          [33mclass[39m=[32m"grid grid-cols-1 md:grid-cols-2 lg:grid-cols-3 gap-6"[39m
        [36m>[39m
          [36m<a[39m
            [33maria-label[39m=[32m"Читать новость: Новая коллекция 2025"[39m
            [33mclass[39m=[32m"group block rounded-xl overflow-hidden bg-white shadow-default hover:shadow-hover transition-shadow focus-within:ring-2 focus-within:ring-primary focus-within:ring-offset-2"[39m
            [33mhref[39m=[32m"/news/new-collection-2025"[39m
          [36m>[39m
            [36m<article>[39m
              [36m<div[39m
                [33mclass[39m=[32m"relative aspect-video overflow-hidden"[39m
              [36m>[39m
                [36m<img[39m
                  [33malt[39m=[32m"Новая коллекция 2025"[39m
                  [33mclass[39m=[32m"object-cover group-hover:scale-105 transition-transform duration-[180ms] ease-in-out"[39m
                  [33mdata-nimg[39m=[32m"fill"[39m
                  [33mdecoding[39m=[32m"async"[39m
                  [33mloading[39m=[32m"lazy"[39m
                  [33msizes[39m=[32m"(max-width: 640px) 100vw, (max-width: 1024px) 50vw, 33vw"[39m
                  [33msrc[39m=[32m"/_next/image?url=%2Fimages%2Fnews%2Fcollection.jpg&w=3840&q=75"[39m
                  [33msrcset[39m=[32m"/_next/image?url=%2Fimages%2Fnews%2Fcollection.jpg&w=256&q=75 256w, /_next/image?url=%2Fimages%2Fnews%2Fcollection.jpg&w=384&q=75 384w, /_next/image?url=%2Fimages%2Fnews%2Fcollection.jpg&w=640&q=75 640w, /_next/image?url=%2Fimages%2Fnews%2Fcollection.jpg&w=750&q=75 750w, /_next/image?url=%2Fimages%2Fnews%2Fcollection.jpg&w=828&q=75 828w, /_next/image?url=%2Fimages%2Fnews%2Fcollection.jpg&w=1080&q=75 1080w, /_next/image?url=%2Fimages%2Fnews%2Fcollection.jpg&w=1200&q=75 1200w, /_next/image?url=%2Fimages%2Fnews%2Fcollection.jpg&w=1920&q=75 1920w, /_next/image?url=%2Fimages%2Fnews%2Fcollection.jpg&w=2048&q=75 2048w, /_next/image?url=%2Fimages%2Fnews%2Fcollection.jpg&w=3840&q=75 3840w"[39m
                  [33mstyle[39m=[32m"position: absolute; height: 100%; width: 100%; left: 0px; top: 0px; right: 0px; bottom: 0px; color: transparent;"[39m
                [36m/>[39m
              [36m</div>[39m
              [36m<div[39m
                [33mclass[39m=[32m"p-4"[39m
              [36m>[39m
                [36m<time[39m
                  [33mclass[39m=[32m"text-xs text-text-secondary block mb-2"[39m
                  [33mdatetime[39m=[32m"2025-01-15T10:00:00Z"[39m
                [36m>[39m
                  [0m15 января 2025 г.[0m
                [36m</time>[39m
                [36m<h3[39m
                  [33mclass[39m=[32m"text-xl font-semibold text-text-primary mb-2 line-clamp-2"[39m
                [36m>[39m
                  [0mНовая коллекция 2025[0m
                [36m</h3>[39m
                [36m<p[39m
                  [33mclass[39m=[32m"text-sm text-text-secondary line-clamp-2"[39m
                [36m>[39m
                  [0mПредставляем новую коллекцию спортивной одежды[0m
                [36m</p>[39m
              [36m</div>[39m
            [36m</article>[39m
          [36m</a>[39m
          [36m<a[39m
            [33maria-label[39m=[32m"Читать новость: Скидки на зимнюю экипировку"[39m
            [33mclass[39m=[32m"group block rounded-xl overflow-hidden bg-white shadow-default hover:shadow-hover transition-shadow focus-within:ring-2 focus-within:ring-primary focus-within:ring-offset-2"[39m
            [33mhref[39m=[32m"/news/winter-sale"[39m
          [36m>[39m
            [36m<article>[39m
              [36m<div[39m
                [33mclass[39m=[32m"relative aspect-video overflow-hidden"[39m
              [36m>[39m
                [36m<img[39m
                  [33malt[39m=[32m"Скидки на зимнюю экипировку"[39m
                  [33mclass[39m=[32m"object-cover group-hover:scale-105 transition-transform duration-[180ms] ease-in-out"[39m
                  [33mdata-nimg[39m=[32m"fill"[39m
                  [33mdecoding[39m=[32m"async"[39m
                  [33mloading[39m=[32m"lazy"[39m
                  [33msizes[39m=[32m"(max-width: 640px) 100vw, (max-width: 1024px) 50vw, 33vw"[39m
                  [33msrc[39m=[32m"/_next/image?url=%2Fimages%2Fnews%2Fsale.jpg&w=3840&q=75"[39m
                  [33msrcset[39m=[32m"/_next/image?url=%2Fimages%2Fnews%2Fsale.jpg&w=256&q=75 256w, /_next/image?url=%2Fimages%2Fnews%2Fsale.jpg&w=384&q=75 384w, /_next/image?url=%2Fimages%2Fnews%2Fsale.jpg&w=640&q=75 640w, /_next/image?url=%2Fimages%2Fnews%2Fsale.jpg&w=750&q=75 750w, /_next/image?url=%2Fimages%2Fnews%2Fsale.jpg&w=828&q=75 828w, /_next/image?url=%2Fimages%2Fnews%2Fsale.jpg&w=1080&q=75 1080w, /_next/image?url=%2Fimages%2Fnews%2Fsale.jpg&w=1200&q=75 1200w, /_next/image?url=%2Fimages%2Fnews%2Fsale.jpg&w=1920&q=75 1920w, /_next/image?url=%2Fimages%2Fnews%2Fsale.jpg&w=2048&q=75 2048w, /_next/image?url=%2Fimages%2Fnews%2Fsale.jpg&w=3840&q=75 3840w"[39m
                  [33mstyle[39m=[32m"position: absolute; height: 100%; width: 100%; left: 0px; top: 0px; right: 0px; bottom: 0px; color: transparent;"[39m
                [36m/>[39m
              [36m</div>[39m
              [36m<div[39m
                [33mclass[39m=[32m"p-4"[39m
              [36m>[39m
                [36m<time[39m
                  [33mclass[39m=[32m"text-xs text-text-secondary block mb-2"[39m
                  [33mdatetime[39m=[32m"2025-01-14T10:00:00Z"[39m
                [36m>[39m
                  [0m14 января 2025 г.[0m
                [36m</time>[39m
                [36m<h3[39m
                  [33mclass[39m=[32m"text-xl font-semibold text-text-primary mb-2 line-clamp-2"[39m
                [36m>[39m
                  [0mСкидки на зимнюю экипировку[0m
                [36m</h3>[39m
                [36m<p[39m
                  [33mclass[39m=[32m"text-sm text-text-secondary line-clamp-2"[39m
                [36m>[39m
                  [0mДо конца месяца скидки до 30%[0m
                [36m</p>[39m
              [36m</div>[39m
            [36m</article>[39m
          [36m</a>[39m
          [36m<a[39m
            [33maria-label[39m=[32m"Читать новость: Открытие нового склада"[39m
            [33mclass[39m=[32m"group block rounded-xl overflow-hidden bg-white shadow-default hover:shadow-hover transition-shadow focus-within:ring-2 focus-within:ring-primary focus-within:ring-offset-2"[39m
            [33mhref[39m=[32m"/news/new-warehouse"[39m
          [36m>[39m
            [36m<article>[39m
              [36m<div[39m
                [33mclass[39m=[32m"relative aspect-video overflow-hidden"[39m
              [36m>[39m
                [36m<img[39m
                  [33malt[39m=[32m"Открытие нового склада"[39m
                  [33mclass[39m=[32m"object-cover group-hover:scale-105 transition-transform duration-[180ms] ease-in-out"[39m
                  [33mdata-nimg[39m=[32m"fill"[39m
                  [33mdecoding[39m=[32m"async"[39m
                  [33mloading[39m=[32m"lazy"[39m
                  [33msizes[39m=[32m"(max-width: 640px) 100vw, (max-width: 1024px) 50vw, 33vw"[39m
                  [33msrc[39m=[32m"/_next/image?url=%2Fimages%2Fnew%2Fmosow-shop.jpg&w=3840&q=75"[39m
                  [33msrcset[39m=[32m"/_next/image?url=%2Fimages%2Fnew%2Fmosow-shop.jpg&w=256&q=75 256w, /_next/image?url=%2Fimages%2Fnew%2Fmosow-shop.jpg&w=384&q=75 384w, /_next/image?url=%2Fimages%2Fnew%2Fmosow-shop.jpg&w=640&q=75 640w, /_next/image?url=%2Fimages%2Fnew%2Fmosow-shop.jpg&w=750&q=75 750w, /_next/image?url=%2Fimages%2Fnew%2Fmosow-shop.jpg&w=828&q=75 828w, /_next/image?url=%2Fimages%2Fnew%2Fmosow-shop.jpg&w=1080&q=75 1080w, /_next/image?url=%2Fimages%2Fnew%2Fmosow-shop.jpg&w=1200&q=75 1200w, /_next/image?url=%2Fimages%2Fnew%2Fmosow-shop.jpg&w=1920&q=75 1920w, /_next/image?url=%2Fimages%2Fnew%2Fmosow-shop.jpg&w=2048&q=75 2048w, /_next/image?url=%2Fimages%2Fnew%2Fmosow-shop.jpg&w=3840&q=75 3840w"[39m
                  [33mstyle[39m=[32m"position: absolute; height: 100%; width: 100%; left: 0px; top: 0px; right: 0px; bottom: 0px; color: transparent;"[39m
                [36m/>[39m
              [36m</div>[39m
              [36m<div[39m
                [33mclass[39m=[32m"p-4"[39m
              [36m>[39m
                [36m<time[39m
                  [33mclass[39m=[32m"text-xs text-text-secondary block mb-2"[39m
                  [33mdatetime[39m=[32m"2025-01-13T10:00:00Z"[39m
                [36m>[39m
                  [0m13 января 2025 г.[0m
                [36m</time>[39m
                [36m<h3[39m
                  [33mclass[39m=[32m"text-xl font-semibold text-text-primary mb-2 line-clamp-2"[39m
                [36m>[39m
                  [0mОткрытие нового склада[0m
                [36m</h3>[39m
                [36m<p[39m
                  [33mclass[39m=[32m"text-sm text-text-secondary line-clamp-2"[39m
                [36m>[39m
                  [0mМы рады сообщить об открытии нового склада[0m
                [36m</p>[39m
              [36m</div>[39m
            [36m</article>[39m
          [36m</a>[39m
        [36m</div>[39m
      [36m</section>[39m
    [36m</div>[39m
  [36m</body>[39m
[36m</html>[39m
[90m [2m❯[22m Proxy.waitForWrapper node_modules/@testing-library/dom/dist/wait-for.js:[2m163:27[22m[39m
[36m [2m❯[22m src/components/home/__tests__/NewsSection.test.tsx:[2m194:11[22m[39m
    [90m192| [39m    [34mrender[39m([33m<[39m[33mNewsSection[39m [33m/[39m[33m>[39m)[33m;[39m
    [90m193| [39m
    [90m194| [39m    [35mawait[39m [34mwaitFor[39m(() [33m=>[39m {
    [90m   | [39m          [31m^[39m
    [90m195| [39m      [90m// Находим link который содержит кнопку "Все новости"[39m
    [90m196| [39m      [35mconst[39m link [33m=[39m screen[33m.[39m[34mgetByRole[39m([32m'link'[39m[33m,[39m { name[33m:[39m [36m/все новости/i[39m })[33m;[39m

[31m[2m⎯⎯⎯⎯⎯⎯⎯⎯⎯⎯⎯⎯⎯⎯⎯⎯⎯⎯⎯⎯⎯⎯[47/77]⎯[22m[39m

[41m[1m FAIL [22m[49m src/components/product/__tests__/ProductBreadcrumbs.test.tsx[2m > [22mProductBreadcrumbs[2m > [22mрендерит ссылку на главную страницу
[31m[1mError[22m: [2mexpect([22m[31melement[31m[2m).toHaveAttribute([22m[32m[32m"href"[32m[31m[2m, [22m[32m[32m"/"[32m[31m[2m) // element.getAttribute("href") === "/"[22m

Expected the element to have attribute:
[32m  href="/"[31m
Received:
[31m  href="/test"[31m[39m
[36m [2m❯[22m src/components/product/__tests__/ProductBreadcrumbs.test.tsx:[2m32:22[22m[39m
    [90m 30| [39m
    [90m 31| [39m    [35mconst[39m homeLink [33m=[39m screen[33m.[39m[34mgetByText[39m([32m'Главная'[39m)[33m.[39m[34mclosest[39m([32m'a'[39m)[33m;[39m
    [90m 32| [39m    [34mexpect[39m(homeLink)[33m.[39m[34mtoHaveAttribute[39m([32m'href'[39m[33m,[39m [32m'/'[39m)[33m;[39m
    [90m   | [39m                     [31m^[39m
    [90m 33| [39m  })[33m;[39m
    [90m 34| [39m

[31m[2m⎯⎯⎯⎯⎯⎯⎯⎯⎯⎯⎯⎯⎯⎯⎯⎯⎯⎯⎯⎯⎯⎯[48/77]⎯[22m[39m

[41m[1m FAIL [22m[49m src/components/product/__tests__/ProductBreadcrumbs.test.tsx[2m > [22mProductBreadcrumbs[2m > [22mсодержит schema.org разметку
[31m[1mAssertionError[22m: expected <li …(3)><a …(3)>…(1)</a>
…(1)</li>
…(5) to have a length of 5 but got 6[39m

[32m- Expected[39m
[31m+ Received[39m

[32m- 5[39m
[31m+ 6[39m

[36m [2m❯[22m src/components/product/__tests__/ProductBreadcrumbs.test.tsx:[2m67:23[22m[39m
    [90m 65| [39m    const listItems = container.querySelectorAll('[itemType="https://s…
    [90m 66| [39m    [90m// Главная + 3 категории + товар = 5 элементов[39m
    [90m 67| [39m    [34mexpect[39m(listItems)[33m.[39m[34mtoHaveLength[39m([34m5[39m)[33m;[39m
    [90m   | [39m                      [31m^[39m
    [90m 68| [39m  })[33m;[39m
    [90m 69| [39m

[31m[2m⎯⎯⎯⎯⎯⎯⎯⎯⎯⎯⎯⎯⎯⎯⎯⎯⎯⎯⎯⎯⎯⎯[49/77]⎯[22m[39m

[41m[1m FAIL [22m[49m src/components/product/__tests__/ProductBreadcrumbs.test.tsx[2m > [22mProductBreadcrumbs[2m > [22mкорректно отображает позиции в schema.org
[31m[1mAssertionError[22m: expected …(6) to have a length of 5 but got 6[39m

[32m- Expected[39m
[31m+ Received[39m

[32m- 5[39m
[31m+ 6[39m

[36m [2m❯[22m src/components/product/__tests__/ProductBreadcrumbs.test.tsx:[2m76:23[22m[39m
    [90m 74| [39m
    [90m 75| [39m    const positions = container.querySelectorAll('meta[itemprop="posit…
    [90m 76| [39m    [34mexpect[39m(positions)[33m.[39m[34mtoHaveLength[39m([34m5[39m)[33m;[39m
    [90m   | [39m                      [31m^[39m
    [90m 77| [39m
    [90m 78| [39m    [90m// Проверяем значения позиций[39m

[31m[2m⎯⎯⎯⎯⎯⎯⎯⎯⎯⎯⎯⎯⎯⎯⎯⎯⎯⎯⎯⎯⎯⎯[50/77]⎯[22m[39m

[41m[1m FAIL [22m[49m src/components/product/__tests__/ProductInfo.test.tsx[2m > [22mProductInfo[2m > [22mрендерит описание
[31m[1mTestingLibraryElementError[22m[39m: Unable to find an element with the text: Профессиональные кроссовки для интенсивных тренировок. This could be because the text is broken up by multiple elements. In this case, you can provide a function for your text matcher to make your matcher more flexible.

Ignored nodes: comments, script, style
[36m<body>[39m
  [36m<div>[39m
    [36m<div[39m
      [33mclass[39m=[32m"space-y-4"[39m
    [36m>[39m
      [36m<h1[39m
        [33mclass[39m=[32m"text-3xl font-bold text-neutral-900 leading-tight"[39m
      [36m>[39m
        [0mASICS Gel-Blast FF[0m
      [36m</h1>[39m
      [36m<div[39m
        [33mclass[39m=[32m"flex items-center gap-4 text-base text-neutral-600"[39m
      [36m>[39m
        [36m<span>[39m
          [0mАртикул: [0m
          [36m<span[39m
            [33mclass[39m=[32m"font-medium"[39m
          [36m>[39m
            [0mAS-GB-FF-2025[0m
          [36m</span>[39m
        [36m</span>[39m
        [36m<span[39m
          [33mclass[39m=[32m"text-neutral-400"[39m
        [36m>[39m
          [0m|[0m
        [36m</span>[39m
        [36m<span>[39m
          [0mБренд: [0m
          [36m<span[39m
            [33mclass[39m=[32m"font-medium"[39m
          [36m>[39m
            [0mASICS[0m
          [36m</span>[39m
        [36m</span>[39m
      [36m</div>[39m
      [36m<div[39m
        [33mclass[39m=[32m"flex items-center gap-2"[39m
      [36m>[39m
        [36m<div[39m
          [33maria-label[39m=[32m"Рейтинг 4.7 из 5"[39m
          [33mclass[39m=[32m"flex items-center gap-0.5"[39m
        [36m>[39m
          [36m<svg[39m
            [33maria-hidden[39m=[32m"true"[39m
            [33mclass[39m=[32m"w-5 h-5 text-yellow-400 fill-current"[39m
            [33mviewBox[39m=[32m"0 0 20 20"[39m
          [36m>[39m
            [36m<path[39m
              [33md[39m=[32m"M9.049 2.927c.3-.921 1.603-.921 1.902 0l1.07 3.292a1 1 0 00.95.69h3.462c.969 0 1.371 1.24.588 1.81l-2.8 2.034a1 1 0 00-.364 1.118l1.07 3.292c.3.921-.755 1.688-1.54 1.118l-2.8-2.034a1 1 0 00-1.175 0l-2.8 2.034c-.784.57-1.838-.197-1.539-1.118l1.07-3.292a1 1 0 00-.364-1.118L2.98 8.72c-.783-.57-.38-1.81.588-1.81h3.461a1 1 0 00.951-.69l1.07-3.292z"[39m
            [36m/>[39m
          [36m</svg>[39m
          [36m<svg[39m
            [33maria-hidden[39m=[32m"true"[39m
            [33mclass[39m=[32m"w-5 h-5 text-yellow-400 fill-current"[39m
            [33mviewBox[39m=[32m"0 0 20 20"[39m
          [36m>[39m
            [36m<path[39m
              [33md[39m=[32m"M9.049 2.927c.3-.921 1.603-.921 1.902 0l1.07 3.292a1 1 0 00.95.69h3.462c.969 0 1.371 1.24.588 1.81l-2.8 2.034a1 1 0 00-.364 1.118l1.07 3.292c.3.921-.755 1.688-1.54 1.118l-2.8-2.034a1 1 0 00-1.175 0l-2.8 2.034c-.784.57-1.838-.197-1.539-1.118l1.07-3.292a1 1 0 00-.364-1.118L2.98 8.72c-.783-.57-.38-1.81.588-1.81h3.461a1 1 0 00.951-.69l1.07-3.292z"[39m
            [36m/>[39m
          [36m</svg>[39m
          [36m<svg[39m
            [33maria-hidden[39m=[32m"true"[39m
            [33mclass[39m=[32m"w-5 h-5 text-yellow-400 fill-current"[39m
            [33mviewBox[39m=[32m"0 0 20 20"[39m
          [36m>[39m
            [36m<path[39m
              [33md[39m=[32m"M9.049 2.927c.3-.921 1.603-.921 1.902 0l1.07 3.292a1 1 0 00.95.69h3.462c.969 0 1.371 1.24.588 1.81l-2.8 2.034a1 1 0 00-.364 1.118l1.07 3.292c.3.921-.755 1.688-1.54 1.118l-2.8-2.034a1 1 0 00-1.175 0l-2.8 2.034c-.784.57-1.838-.197-1.539-1.118l1.07-3.292a1 1 0 00-.364-1.118L2.98 8.72c-.783-.57-.38-1.81.588-1.81h3.461a1 1 0 00.951-.69l1.07-3.292z"[39m
            [36m/>[39m
          [36m</svg>[39m
          [36m<svg[39m
            [33maria-hidden[39m=[32m"true"[39m
            [33mclass[39m=[32m"w-5 h-5 text-yellow-400 fill-current"[39m
            [33mviewBox[39m=[32m"0 0 20 20"[39m
          [36m>[39m
            [36m<path[39m
              [33md[39m=[32m"M9.049 2.927c.3-.921 1.603-.921 1.902 0l1.07 3.292a1 1 0 00.95.69h3.462c.969 0 1.371 1.24.588 1.81l-2.8 2.034a1 1 0 00-.364 1.118l1.07 3.292c.3.921-.755 1.688-1.54 1.118l-2.8-2.034a1 1 0 00-1.175 0l-2.8 2.034c-.784.57-1.838-.197-1.539-1.118l1.07-3.292a1 1 0 00-.364-1.118L2.98 8.72c-.783-.57-.38-1.81.588-1.81h3.461a1 1 0 00.951-.69l1.07-3.292z"[39m
            [36m/>[39m
          [36m</svg>[39m
          [36m<svg[39m
            [33maria-hidden[39m=[32m"true"[39m
            [33mclass[39m=[32m"w-5 h-5 text-yellow-400"[39m
            [33mviewBox[39m=[32m"0 0 20 20"[39m
          [36m>[39m
            [36m<defs>[39m
              [36m<lineargradient[39m
                [33mid[39m=[32m"half-star"[39m
              [36m>[39m
                [36m<stop[39m
                  [33moffset[39m=[32m"50%"[39m
                  [33mstop-color[39m=[32m"currentColor"[39m
                  [33mstop-opacity[39m=[32m"1"[39m
                [36m/>[39m
                [36m<stop[39m
                  [33moffset[39m=[32m"50%"[39m
                  [33mstop-color[39m=[32m"currentColor"[39m
                  [33mstop-opacity[39m=[32m"0.2"[39m
                [36m/>[39m
              [36m</lineargradient>[39m
            [36m</defs>[39m
            [36m<path[39m
              [33md[39m=[32m"M9.049 2.927c.3-.921 1.603-.921 1.902 0l1.07 3.292a1 1 0 00.95.69h3.462c.969 0 1.371 1.24.588 1.81l-2.8 2.034a1 1 0 00-.364 1.118l1.07 3.292c.3.921-.755 1.688-1.54 1.118l-2.8-2.034a1 1 0 00-1.175 0l-2.8 2.034c-.784.57-1.838-.197-1.539-1.118l1.07-3.292a1 1 0 00-.364-1.118L2.98 8.72c-.783-.57-.38-1.81.588-1.81h3.461a1 1 0 00.951-.69l1.07-3.292z"[39m
              [33mfill[39m=[32m"url(#half-star)"[39m
            [36m/>[39m
          [36m</svg>[39m
        [36m</div>[39m
        [36m<span[39m
          [33mclass[39m=[32m"text-sm text-neutral-600"[39m
        [36m>[39m
          [0m([0m
          [0m38[0m
          [0m [0m
          [0mотзывов[0m
          [0m)[0m
        [36m</span>[39m
      [36m</div>[39m
      [36m<div[39m
        [33mclass[39m=[32m"py-4"[39m
      [36m>[39m
        [36m<div[39m
          [33mclass[39m=[32m"text-4xl font-bold text-neutral-900"[39m
        [36m>[39m
          [0m12 990 ₽[0m
        [36m</div>[39m
      [36m</div>[39m
      [36m<div[39m
        [33mclass[39m=[32m"inline-block"[39m
      [36m>[39m
        [36m<span[39m
          [33mclass[39m=[32m"px-3 py-1.5 rounded-md text-sm font-medium bg-green-50 text-green-700 border border-green-200"[39m
        [36m>[39m
          [0mВ наличии[0m
        [36m</span>[39m
      [36m</div>[39m
    [36m</div>[39m
  [36m</div>[39m
[36m</body>[39m
[90m [2m❯[22m Object.getElementError node_modules/@testing-library/dom/dist/config.js:[2m37:19[22m[39m
[90m [2m❯[22m node_modules/@testing-library/dom/dist/query-helpers.js:[2m76:38[22m[39m
[90m [2m❯[22m node_modules/@testing-library/dom/dist/query-helpers.js:[2m52:17[22m[39m
[90m [2m❯[22m node_modules/@testing-library/dom/dist/query-helpers.js:[2m95:19[22m[39m
[36m [2m❯[22m src/components/product/__tests__/ProductInfo.test.tsx:[2m131:14[22m[39m
    [90m129| [39m    [34mrender[39m([33m<[39m[33mProductInfo[39m [33mproduct[39m[33m=[39m[33m{[39mmockProduct[33m}[39m [33m/[39m[33m>[39m)[33m;[39m
    [90m130| [39m    [34mexpect[39m(
    [90m131| [39m      screen.getByText('Профессиональные кроссовки для интенсивных тре…
    [90m   | [39m             [31m^[39m
    [90m132| [39m    )[33m.[39m[34mtoBeInTheDocument[39m()[33m;[39m
    [90m133| [39m  })[33m;[39m

[31m[2m⎯⎯⎯⎯⎯⎯⎯⎯⎯⎯⎯⎯⎯⎯⎯⎯⎯⎯⎯⎯⎯⎯[51/77]⎯[22m[39m

[41m[1m FAIL [22m[49m src/components/product/__tests__/ProductInfo.test.tsx[2m > [22mProductInfo[2m > [22mрендерит полное описание
[31m[1mTestingLibraryElementError[22m[39m: Unable to find an element with the text: Расширенное описание с технологическими особенностями. This could be because the text is broken up by multiple elements. In this case, you can provide a function for your text matcher to make your matcher more flexible.

Ignored nodes: comments, script, style
[36m<body>[39m
  [36m<div>[39m
    [36m<div[39m
      [33mclass[39m=[32m"space-y-4"[39m
    [36m>[39m
      [36m<h1[39m
        [33mclass[39m=[32m"text-3xl font-bold text-neutral-900 leading-tight"[39m
      [36m>[39m
        [0mASICS Gel-Blast FF[0m
      [36m</h1>[39m
      [36m<div[39m
        [33mclass[39m=[32m"flex items-center gap-4 text-base text-neutral-600"[39m
      [36m>[39m
        [36m<span>[39m
          [0mАртикул: [0m
          [36m<span[39m
            [33mclass[39m=[32m"font-medium"[39m
          [36m>[39m
            [0mAS-GB-FF-2025[0m
          [36m</span>[39m
        [36m</span>[39m
        [36m<span[39m
          [33mclass[39m=[32m"text-neutral-400"[39m
        [36m>[39m
          [0m|[0m
        [36m</span>[39m
        [36m<span>[39m
          [0mБренд: [0m
          [36m<span[39m
            [33mclass[39m=[32m"font-medium"[39m
          [36m>[39m
            [0mASICS[0m
          [36m</span>[39m
        [36m</span>[39m
      [36m</div>[39m
      [36m<div[39m
        [33mclass[39m=[32m"flex items-center gap-2"[39m
      [36m>[39m
        [36m<div[39m
          [33maria-label[39m=[32m"Рейтинг 4.7 из 5"[39m
          [33mclass[39m=[32m"flex items-center gap-0.5"[39m
        [36m>[39m
          [36m<svg[39m
            [33maria-hidden[39m=[32m"true"[39m
            [33mclass[39m=[32m"w-5 h-5 text-yellow-400 fill-current"[39m
            [33mviewBox[39m=[32m"0 0 20 20"[39m
          [36m>[39m
            [36m<path[39m
              [33md[39m=[32m"M9.049 2.927c.3-.921 1.603-.921 1.902 0l1.07 3.292a1 1 0 00.95.69h3.462c.969 0 1.371 1.24.588 1.81l-2.8 2.034a1 1 0 00-.364 1.118l1.07 3.292c.3.921-.755 1.688-1.54 1.118l-2.8-2.034a1 1 0 00-1.175 0l-2.8 2.034c-.784.57-1.838-.197-1.539-1.118l1.07-3.292a1 1 0 00-.364-1.118L2.98 8.72c-.783-.57-.38-1.81.588-1.81h3.461a1 1 0 00.951-.69l1.07-3.292z"[39m
            [36m/>[39m
          [36m</svg>[39m
          [36m<svg[39m
            [33maria-hidden[39m=[32m"true"[39m
            [33mclass[39m=[32m"w-5 h-5 text-yellow-400 fill-current"[39m
            [33mviewBox[39m=[32m"0 0 20 20"[39m
          [36m>[39m
            [36m<path[39m
              [33md[39m=[32m"M9.049 2.927c.3-.921 1.603-.921 1.902 0l1.07 3.292a1 1 0 00.95.69h3.462c.969 0 1.371 1.24.588 1.81l-2.8 2.034a1 1 0 00-.364 1.118l1.07 3.292c.3.921-.755 1.688-1.54 1.118l-2.8-2.034a1 1 0 00-1.175 0l-2.8 2.034c-.784.57-1.838-.197-1.539-1.118l1.07-3.292a1 1 0 00-.364-1.118L2.98 8.72c-.783-.57-.38-1.81.588-1.81h3.461a1 1 0 00.951-.69l1.07-3.292z"[39m
            [36m/>[39m
          [36m</svg>[39m
          [36m<svg[39m
            [33maria-hidden[39m=[32m"true"[39m
            [33mclass[39m=[32m"w-5 h-5 text-yellow-400 fill-current"[39m
            [33mviewBox[39m=[32m"0 0 20 20"[39m
          [36m>[39m
            [36m<path[39m
              [33md[39m=[32m"M9.049 2.927c.3-.921 1.603-.921 1.902 0l1.07 3.292a1 1 0 00.95.69h3.462c.969 0 1.371 1.24.588 1.81l-2.8 2.034a1 1 0 00-.364 1.118l1.07 3.292c.3.921-.755 1.688-1.54 1.118l-2.8-2.034a1 1 0 00-1.175 0l-2.8 2.034c-.784.57-1.838-.197-1.539-1.118l1.07-3.292a1 1 0 00-.364-1.118L2.98 8.72c-.783-.57-.38-1.81.588-1.81h3.461a1 1 0 00.951-.69l1.07-3.292z"[39m
            [36m/>[39m
          [36m</svg>[39m
          [36m<svg[39m
            [33maria-hidden[39m=[32m"true"[39m
            [33mclass[39m=[32m"w-5 h-5 text-yellow-400 fill-current"[39m
            [33mviewBox[39m=[32m"0 0 20 20"[39m
          [36m>[39m
            [36m<path[39m
              [33md[39m=[32m"M9.049 2.927c.3-.921 1.603-.921 1.902 0l1.07 3.292a1 1 0 00.95.69h3.462c.969 0 1.371 1.24.588 1.81l-2.8 2.034a1 1 0 00-.364 1.118l1.07 3.292c.3.921-.755 1.688-1.54 1.118l-2.8-2.034a1 1 0 00-1.175 0l-2.8 2.034c-.784.57-1.838-.197-1.539-1.118l1.07-3.292a1 1 0 00-.364-1.118L2.98 8.72c-.783-.57-.38-1.81.588-1.81h3.461a1 1 0 00.951-.69l1.07-3.292z"[39m
            [36m/>[39m
          [36m</svg>[39m
          [36m<svg[39m
            [33maria-hidden[39m=[32m"true"[39m
            [33mclass[39m=[32m"w-5 h-5 text-yellow-400"[39m
            [33mviewBox[39m=[32m"0 0 20 20"[39m
          [36m>[39m
            [36m<defs>[39m
              [36m<lineargradient[39m
                [33mid[39m=[32m"half-star"[39m
              [36m>[39m
                [36m<stop[39m
                  [33moffset[39m=[32m"50%"[39m
                  [33mstop-color[39m=[32m"currentColor"[39m
                  [33mstop-opacity[39m=[32m"1"[39m
                [36m/>[39m
                [36m<stop[39m
                  [33moffset[39m=[32m"50%"[39m
                  [33mstop-color[39m=[32m"currentColor"[39m
                  [33mstop-opacity[39m=[32m"0.2"[39m
                [36m/>[39m
              [36m</lineargradient>[39m
            [36m</defs>[39m
            [36m<path[39m
              [33md[39m=[32m"M9.049 2.927c.3-.921 1.603-.921 1.902 0l1.07 3.292a1 1 0 00.95.69h3.462c.969 0 1.371 1.24.588 1.81l-2.8 2.034a1 1 0 00-.364 1.118l1.07 3.292c.3.921-.755 1.688-1.54 1.118l-2.8-2.034a1 1 0 00-1.175 0l-2.8 2.034c-.784.57-1.838-.197-1.539-1.118l1.07-3.292a1 1 0 00-.364-1.118L2.98 8.72c-.783-.57-.38-1.81.588-1.81h3.461a1 1 0 00.951-.69l1.07-3.292z"[39m
              [33mfill[39m=[32m"url(#half-star)"[39m
            [36m/>[39m
          [36m</svg>[39m
        [36m</div>[39m
        [36m<span[39m
          [33mclass[39m=[32m"text-sm text-neutral-600"[39m
        [36m>[39m
          [0m([0m
          [0m38[0m
          [0m [0m
          [0mотзывов[0m
          [0m)[0m
        [36m</span>[39m
      [36m</div>[39m
      [36m<div[39m
        [33mclass[39m=[32m"py-4"[39m
      [36m>[39m
        [36m<div[39m
          [33mclass[39m=[32m"text-4xl font-bold text-neutral-900"[39m
        [36m>[39m
          [0m12 990 ₽[0m
        [36m</div>[39m
      [36m</div>[39m
      [36m<div[39m
        [33mclass[39m=[32m"inline-block"[39m
      [36m>[39m
        [36m<span[39m
          [33mclass[39m=[32m"px-3 py-1.5 rounded-md text-sm font-medium bg-green-50 text-green-700 border border-green-200"[39m
        [36m>[39m
          [0mВ наличии[0m
        [36m</span>[39m
      [36m</div>[39m
    [36m</div>[39m
  [36m</div>[39m
[36m</body>[39m
[90m [2m❯[22m Object.getElementError node_modules/@testing-library/dom/dist/config.js:[2m37:19[22m[39m
[90m [2m❯[22m node_modules/@testing-library/dom/dist/query-helpers.js:[2m76:38[22m[39m
[90m [2m❯[22m node_modules/@testing-library/dom/dist/query-helpers.js:[2m52:17[22m[39m
[90m [2m❯[22m node_modules/@testing-library/dom/dist/query-helpers.js:[2m95:19[22m[39m
[36m [2m❯[22m src/components/product/__tests__/ProductInfo.test.tsx:[2m138:14[22m[39m
    [90m136| [39m    [34mrender[39m([33m<[39m[33mProductInfo[39m [33mproduct[39m[33m=[39m[33m{[39mmockProduct[33m}[39m [33m/[39m[33m>[39m)[33m;[39m
    [90m137| [39m    [34mexpect[39m(
    [90m138| [39m      screen.getByText('Расширенное описание с технологическими особен…
    [90m   | [39m             [31m^[39m
    [90m139| [39m    )[33m.[39m[34mtoBeInTheDocument[39m()[33m;[39m
    [90m140| [39m  })[33m;[39m

[31m[2m⎯⎯⎯⎯⎯⎯⎯⎯⎯⎯⎯⎯⎯⎯⎯⎯⎯⎯⎯⎯⎯⎯[52/77]⎯[22m[39m

[41m[1m FAIL [22m[49m src/app/product/[slug]/__tests__/page.test.tsx[2m > [22mProduct Detail Page - SSR getUserRole[2m > [22mдолжен вернуть guest когда нет sessionid cookie
[31m[1mTypeError[22m: __vi_import_1__.getUserRole is not a function[39m
[36m [2m❯[22m src/app/product/[slug]/__tests__/page.test.tsx:[2m49:11[22m[39m
    [90m 47| [39m
    [90m 48| [39m    [90m// Act[39m
    [90m 49| [39m    [35mawait[39m [34mgetUserRole[39m()[33m;[39m
    [90m   | [39m          [31m^[39m
    [90m 50| [39m
    [90m 51| [39m    [90m// Assert - проверяем что cookies.get был вызван[39m

[31m[2m⎯⎯⎯⎯⎯⎯⎯⎯⎯⎯⎯⎯⎯⎯⎯⎯⎯⎯⎯⎯⎯⎯[53/77]⎯[22m[39m

[41m[1m FAIL [22m[49m src/app/product/[slug]/__tests__/page.test.tsx[2m > [22mProduct Detail Page - SSR getUserRole[2m > [22mдолжен вернуть guest когда API вернул 401
[31m[1mTypeError[22m: __vi_import_1__.getUserRole is not a function[39m
[36m [2m❯[22m src/app/product/[slug]/__tests__/page.test.tsx:[2m72:24[22m[39m
    [90m 70| [39m
    [90m 71| [39m    [90m// Act[39m
    [90m 72| [39m    [35mconst[39m role [33m=[39m [35mawait[39m [34mgetUserRole[39m()[33m;[39m
    [90m   | [39m                       [31m^[39m
    [90m 73| [39m
    [90m 74| [39m    [90m// Assert[39m

[31m[2m⎯⎯⎯⎯⎯⎯⎯⎯⎯⎯⎯⎯⎯⎯⎯⎯⎯⎯⎯⎯⎯⎯[54/77]⎯[22m[39m

[41m[1m FAIL [22m[49m src/app/product/[slug]/__tests__/page.test.tsx[2m > [22mProduct Detail Page - SSR getUserRole[2m > [22mдолжен вернуть роль retail для розничного покупателя
[31m[1mTypeError[22m: __vi_import_1__.getUserRole is not a function[39m
[36m [2m❯[22m src/app/product/[slug]/__tests__/page.test.tsx:[2m102:24[22m[39m
    [90m100| [39m    [90m// Act[39m
    [90m101| [39m    [90m// Act[39m
    [90m102| [39m    [35mconst[39m role [33m=[39m [35mawait[39m [34mgetUserRole[39m()[33m;[39m
    [90m   | [39m                       [31m^[39m
    [90m103| [39m
    [90m104| [39m    [90m// Assert[39m

[31m[2m⎯⎯⎯⎯⎯⎯⎯⎯⎯⎯⎯⎯⎯⎯⎯⎯⎯⎯⎯⎯⎯⎯[55/77]⎯[22m[39m

[41m[1m FAIL [22m[49m src/app/product/[slug]/__tests__/page.test.tsx[2m > [22mProduct Detail Page - SSR getUserRole[2m > [22mдолжен вернуть роль wholesale_level1 для оптового покупателя
[31m[1mTypeError[22m: __vi_import_1__.getUserRole is not a function[39m
[36m [2m❯[22m src/app/product/[slug]/__tests__/page.test.tsx:[2m123:24[22m[39m
    [90m121| [39m    [90m// Act[39m
    [90m122| [39m    [90m// Act[39m
    [90m123| [39m    [35mconst[39m role [33m=[39m [35mawait[39m [34mgetUserRole[39m()[33m;[39m
    [90m   | [39m                       [31m^[39m
    [90m124| [39m
    [90m125| [39m    [90m// Assert[39m

[31m[2m⎯⎯⎯⎯⎯⎯⎯⎯⎯⎯⎯⎯⎯⎯⎯⎯⎯⎯⎯⎯⎯⎯[56/77]⎯[22m[39m

[41m[1m FAIL [22m[49m src/app/product/[slug]/__tests__/page.test.tsx[2m > [22mProduct Detail Page - SSR getUserRole[2m > [22mдолжен вернуть роль trainer для тренера
[31m[1mTypeError[22m: __vi_import_1__.getUserRole is not a function[39m
[36m [2m❯[22m src/app/product/[slug]/__tests__/page.test.tsx:[2m142:24[22m[39m
    [90m140| [39m    [90m// Act[39m
    [90m141| [39m    [90m// Act[39m
    [90m142| [39m    [35mconst[39m role [33m=[39m [35mawait[39m [34mgetUserRole[39m()[33m;[39m
    [90m   | [39m                       [31m^[39m
    [90m143| [39m
    [90m144| [39m    [90m// Assert[39m

[31m[2m⎯⎯⎯⎯⎯⎯⎯⎯⎯⎯⎯⎯⎯⎯⎯⎯⎯⎯⎯⎯⎯⎯[57/77]⎯[22m[39m

[41m[1m FAIL [22m[49m src/app/product/[slug]/__tests__/page.test.tsx[2m > [22mProduct Detail Page - SSR getUserRole[2m > [22mдолжен вернуть роль federation_rep для представителя федерации
[31m[1mTypeError[22m: __vi_import_1__.getUserRole is not a function[39m
[36m [2m❯[22m src/app/product/[slug]/__tests__/page.test.tsx:[2m161:24[22m[39m
    [90m159| [39m    [90m// Act[39m
    [90m160| [39m    [90m// Act[39m
    [90m161| [39m    [35mconst[39m role [33m=[39m [35mawait[39m [34mgetUserRole[39m()[33m;[39m
    [90m   | [39m                       [31m^[39m
    [90m162| [39m
    [90m163| [39m    [90m// Assert[39m

[31m[2m⎯⎯⎯⎯⎯⎯⎯⎯⎯⎯⎯⎯⎯⎯⎯⎯⎯⎯⎯⎯⎯⎯[58/77]⎯[22m[39m

[41m[1m FAIL [22m[49m src/app/product/[slug]/__tests__/page.test.tsx[2m > [22mProduct Detail Page - SSR getUserRole[2m > [22mдолжен обработать ошибку сети и вернуть guest
[31m[1mTypeError[22m: __vi_import_1__.getUserRole is not a function[39m
[36m [2m❯[22m src/app/product/[slug]/__tests__/page.test.tsx:[2m180:24[22m[39m
    [90m178| [39m
    [90m179| [39m    [90m// Act[39m
    [90m180| [39m    [35mconst[39m role [33m=[39m [35mawait[39m [34mgetUserRole[39m()[33m;[39m
    [90m   | [39m                       [31m^[39m
    [90m181| [39m
    [90m182| [39m    [90m// Assert[39m

[31m[2m⎯⎯⎯⎯⎯⎯⎯⎯⎯⎯⎯⎯⎯⎯⎯⎯⎯⎯⎯⎯⎯⎯[59/77]⎯[22m[39m

[41m[1m FAIL [22m[49m src/app/product/[slug]/__tests__/page.test.tsx[2m > [22mProduct Detail Page - SSR getUserRole[2m > [22mдолжен использовать fallback retail для неизвестной роли
[31m[1mTypeError[22m: __vi_import_1__.getUserRole is not a function[39m
[36m [2m❯[22m src/app/product/[slug]/__tests__/page.test.tsx:[2m199:24[22m[39m
    [90m197| [39m    [90m// Act[39m
    [90m198| [39m    [90m// Act[39m
    [90m199| [39m    [35mconst[39m role [33m=[39m [35mawait[39m [34mgetUserRole[39m()[33m;[39m
    [90m   | [39m                       [31m^[39m
    [90m200| [39m
    [90m201| [39m    [90m// Assert[39m

[31m[2m⎯⎯⎯⎯⎯⎯⎯⎯⎯⎯⎯⎯⎯⎯⎯⎯⎯⎯⎯⎯⎯⎯[60/77]⎯[22m[39m

[41m[1m FAIL [22m[49m src/app/product/[slug]/__tests__/page.test.tsx[2m > [22mProduct Detail Page - SSR getUserRole[2m > [22mдолжен корректно передать Cookie header в запросе
[31m[1mTypeError[22m: __vi_import_1__.getUserRole is not a function[39m
[36m [2m❯[22m src/app/product/[slug]/__tests__/page.test.tsx:[2m223:11[22m[39m
    [90m221| [39m    [90m// Act[39m
    [90m222| [39m    [90m// Act[39m
    [90m223| [39m    [35mawait[39m [34mgetUserRole[39m()[33m;[39m
    [90m   | [39m          [31m^[39m
    [90m224| [39m
    [90m225| [39m    [90m// Assert[39m

[31m[2m⎯⎯⎯⎯⎯⎯⎯⎯⎯⎯⎯⎯⎯⎯⎯⎯⎯⎯⎯⎯⎯⎯[61/77]⎯[22m[39m

[41m[1m FAIL [22m[49m src/app/product/[slug]/__tests__/page.test.tsx[2m > [22mProduct Detail Page - SSR getUserRole[2m > [22mдолжен использовать переменную окружения NEXT_PUBLIC_API_URL
[31m[1mTypeError[22m: __vi_import_1__.getUserRole is not a function[39m
[36m [2m❯[22m src/app/product/[slug]/__tests__/page.test.tsx:[2m247:11[22m[39m
    [90m245| [39m
    [90m246| [39m    [90m// Act[39m
    [90m247| [39m    [35mawait[39m [34mgetUserRole[39m()[33m;[39m
    [90m   | [39m          [31m^[39m
    [90m248| [39m
    [90m249| [39m    [90m// Assert[39m

[31m[2m⎯⎯⎯⎯⎯⎯⎯⎯⎯⎯⎯⎯⎯⎯⎯⎯⎯⎯⎯⎯⎯⎯[62/77]⎯[22m[39m

[41m[1m FAIL [22m[49m src/components/business/SizeChartModal/__tests__/SizeChartModal.test.tsx[2m > [22mSizeChartModal[2m > [22mClothing Size Data[2m > [22mdisplays clothing size table
[31m[1mTestingLibraryElementError[22m[39m: Found multiple elements with the text: XS

Here are the matching elements:

Ignored nodes: comments, script, style
[36m<td[39m
  [33mclass[39m=[32m"p-3 text-[14px] leading-[20px] text-[#1B1B1B] border border-[#E3E8F2] font-medium"[39m
[36m>[39m
  [0mXS[0m
[36m</td>[39m

Ignored nodes: comments, script, style
[36m<td[39m
  [33mclass[39m=[32m"p-3 text-[14px] leading-[20px] text-[#1B1B1B] border border-[#E3E8F2] font-medium"[39m
[36m>[39m
  [0mXS[0m
[36m</td>[39m

(If this is intentional, then use the `*AllBy*` variant of the query (like `queryAllByText`, `getAllByText`, or `findAllByText`)).

Ignored nodes: comments, script, style
[36m<body[39m
  [33mstyle[39m=[32m"overflow: hidden; padding-right: 1024px;"[39m
[36m>[39m
  [36m<div />[39m
  [36m<div[39m
    [33mclass[39m=[32m"fixed inset-0 z-50 flex items-center justify-center p-4 animate-fadeIn"[39m
    [33mrole[39m=[32m"presentation"[39m
  [36m>[39m
    [36m<div[39m
      [33maria-hidden[39m=[32m"true"[39m
      [33mclass[39m=[32m"absolute inset-0 bg-black/50 backdrop-blur-sm transition-opacity duration-[180ms]"[39m
    [36m/>[39m
    [36m<div[39m
      [33maria-describedby[39m=[32m"«rd»"[39m
      [33maria-labelledby[39m=[32m"«rc»"[39m
      [33maria-modal[39m=[32m"true"[39m
      [33mclass[39m=[32m"relative w-full max-h-[calc(100vh-2rem)] bg-white rounded-[24px] shadow-[0_24px_64px_rgba(15,23,42,0.24)] flex flex-col animate-scaleIn max-w-[720px]"[39m
      [33mrole[39m=[32m"dialog"[39m
    [36m>[39m
      [36m<div[39m
        [33mclass[39m=[32m"flex items-start justify-between p-6 border-b border-[#E3E8F2]"[39m
      [36m>[39m
        [36m<h2[39m
          [33mclass[39m=[32m"text-[20px] leading-[28px] font-semibold text-[#1B1B1B] pr-8"[39m
          [33mid[39m=[32m"«rc»"[39m
        [36m>[39m
          [0mТаблица размеров[0m
        [36m</h2>[39m
        [36m<button[39m
          [33maria-label[39m=[32m"Закрыть модальное окно"[39m
          [33mclass[39m=[32m"flex items-center justify-center w-11 h-11 rounded-xl transition-colors duration-[180ms] hover:bg-[#E3E8F2] focus:outline-none focus:ring-2 focus:ring-[#1F1F1F]"[39m
        [36m>[39m
          [36m<svg[39m
            [33maria-hidden[39m=[32m"true"[39m
            [33mclass[39m=[32m"lucide lucide-x w-10 h-10 text-[#7A7A7A]"[39m
            [33mfill[39m=[32m"none"[39m
            [33mheight[39m=[32m"24"[39m
            [33mstroke[39m=[32m"currentColor"[39m
            [33mstroke-linecap[39m=[32m"round"[39m
            [33mstroke-linejoin[39m=[32m"round"[39m
            [33mstroke-width[39m=[32m"1.5"[39m
            [33mviewBox[39m=[32m"0 0 24 24"[39m
            [33mwidth[39m=[32m"24"[39m
            [33mxmlns[39m=[32m"http://www.w3.org/2000/svg"[39m
          [36m>[39m
            [36m<path[39m
              [33md[39m=[32m"M18 6 6 18"[39m
            [36m/>[39m
            [36m<path[39m
              [33md[39m=[32m"m6 6 12 12"[39m
            [36m/>[39m
          [36m</svg>[39m
        [36m</button>[39m
      [36m</div>[39m
      [36m<div[39m
        [33mclass[39m=[32m"flex-1 overflow-y-auto p-6 max-h-[calc(100vh-200px)]"[39m
        [33mid[39m=[32m"«rd»"[39m
      [36m>[39m
        [36m<p[39m
          [33mclass[39m=[32m"text-[14px] leading-[20px] text-[#4D4D4D] mb-4"[39m
        [36m>[39m
          [0mРекомендации для: [0m
          [36m<span[39m
            [33mclass[39m=[32m"font-semibold text-[#1B1B1B]"[39m
          [36m>[39m
            [0mунисекс[0m
          [36m</span>[39m
        [36m</p>[39m
        [36m<div[39m
          [33mclass[39m=[32m"w-full"[39m
        [36m>[39m
          [36m<div[39m
            [33mclass[39m=[32m"flex items-center gap-6 border-b border-neutral-300 overflow-x-auto scrollbar-hide"[39m
            [33mrole[39m=[32m"tablist"[39m
          [36m>[39m
            [36m<button[39m
              [33maria-controls[39m=[32m"tabpanel-clothing"[39m
              [33maria-selected[39m=[32m"true"[39m
              [33mclass[39m=[32m"relative px-1 pb-3 font-medium transition-colors duration-short focus:outline-none focus:ring-2 focus:ring-primary focus:ring-offset-2 whitespace-nowrap text-primary"[39m
              [33mdata-tab-id[39m=[32m"clothing"[39m
              [33mrole[39m=[32m"tab"[39m
              [33mtabindex[39m=[32m"0"[39m
            [36m>[39m
              [0mОдежда[0m
              [36m<span[39m
                [33maria-hidden[39m=[32m"true"[39m
                [33mclass[39m=[32m"absolute bottom-0 left-0 right-0 h-[3px] bg-primary rounded-full"[39m
              [36m/>[39m
            [36m</button>[39m
            [36m<button[39m
              [33maria-controls[39m=[32m"tabpanel-shoes"[39m
              [33maria-selected[39m=[32m"false"[39m
              [33mclass[39m=[32m"relative px-1 pb-3 font-medium transition-colors duration-short focus:outline-none focus:ring-2 focus:ring-primary focus:ring-offset-2 whitespace-nowrap text-text-secondary hover:text-primary"[39m
              [33mdata-tab-id[39m=[32m"shoes"[39m
              [33mrole[39m=[32m"tab"[39m
              [33mtabindex[39m=[32m"-1"[39m
            [36m>[39m
              [0mОбувь[0m
            [36m</button>[39m
            [36m<button[39m
              [33maria-controls[39m=[32m"tabpanel-gloves"[39m
              [33maria-selected[39m=[32m"false"[39m
              [33mclass[39m=[32m"relative px-1 pb-3 font-medium transition-colors duration-short focus:outline-none focus:ring-2 focus:ring-primary focus:ring-offset-2 whitespace-nowrap text-text-secondary hover:text-primary"[39m
              [33mdata-tab-id[39m=[32m"gloves"[39m
              [33mrole[39m=[32m"tab"[39m
              [33mtabindex[39m=[32m"-1"[39m
            [36m>[39m
              [0mПерчатки[0m
            [36m</button>[39m
          [36m</div>[39m
          [36m<div[39m
            [33mclass[39m=[32m"mt-6"[39m
          [36m>[39m
            [36m<div[39m
              [33maria-labelledby[39m=[32m"clothing"[39m
              [33mid[39m=[32m"tabpanel-clothing"[39m
              [33mrole[39m=[32m"tabpanel"[39m
            [36m>[39m
              [36m<div>[39m
                [36m<h3[39m
                  [33mclass[39m=[32m"text-[16px] leading-[24px] font-semibold text-[#1B1B1B] mb-4"[39m
                [36m>[39m
                  [0mТаблица размеров одежды[0m
                [36m</h3>[39m
                [36m<div[39m
                  [33mclass[39m=[32m"overflow-x-auto mb-6"[39m
                [36m>[39m
                  [36m<table[39m
                    [33mclass[39m=[32m"w-full border-collapse"[39m
                  [36m>[39m
                    [36m<thead>[39m
                      [36m<tr[39m
                        [33mclass[39m=[32m"bg-[#F5F7FB]"[39m
                      [36m>[39m
                        [36m<th[39m
                          [33mclass[39m=[32m"p-3 text-left text-[14px] leading-[20px] font-semibold text-[#1B1B1B] border border-[#E3E8F2]"[39m
                        [36m>[39m
                          [0mРазмер[0m
                        [36m</th>[39m
                        [36m<th[39m
                          [33mclass[39m=[32m"p-3 text-left text-[14px] leading-[20px] font-semibold text-[#1B1B1B] border border-[#E3E8F2]"[39m
                        [36m>[39m
                          [0m...
[90m [2m❯[22m Object.getElementError node_modules/@testing-library/dom/dist/config.js:[2m37:19[22m[39m
[90m [2m❯[22m getElementError node_modules/@testing-library/dom/dist/query-helpers.js:[2m20:35[22m[39m
[90m [2m❯[22m getMultipleElementsFoundError node_modules/@testing-library/dom/dist/query-helpers.js:[2m23:10[22m[39m
[90m [2m❯[22m node_modules/@testing-library/dom/dist/query-helpers.js:[2m55:13[22m[39m
[90m [2m❯[22m node_modules/@testing-library/dom/dist/query-helpers.js:[2m95:19[22m[39m
[36m [2m❯[22m src/components/business/SizeChartModal/__tests__/SizeChartModal.test.tsx:[2m77:21[22m[39m
    [90m 75| [39m
    [90m 76| [39m      [90m// Check some size data[39m
    [90m 77| [39m      [34mexpect[39m(screen[33m.[39m[34mgetByText[39m([32m'XS'[39m))[33m.[39m[34mtoBeInTheDocument[39m()[33m;[39m
    [90m   | [39m                    [31m^[39m
    [90m 78| [39m      [34mexpect[39m(screen[33m.[39m[34mgetByText[39m([32m'S'[39m))[33m.[39m[34mtoBeInTheDocument[39m()[33m;[39m
    [90m 79| [39m      [34mexpect[39m(screen[33m.[39m[34mgetByText[39m([32m'M'[39m))[33m.[39m[34mtoBeInTheDocument[39m()[33m;[39m

[31m[2m⎯⎯⎯⎯⎯⎯⎯⎯⎯⎯⎯⎯⎯⎯⎯⎯⎯⎯⎯⎯⎯⎯[63/77]⎯[22m[39m

[41m[1m FAIL [22m[49m src/components/ui/PriceRangeSlider/__tests__/PriceRangeSlider.test.tsx[2m > [22mPriceRangeSlider[2m > [22mformats price with custom formatter
[31m[1mTestingLibraryElementError[22m: Unable to find an element with the text: $0. This could be because the text is broken up by multiple elements. In this case, you can provide a function for your text matcher to make your matcher more flexible.

Ignored nodes: comments, script, style
[36m<body>[31m
  [36m<div>[31m
    [36m<div[31m
      [33mclass[31m=[32m"w-full"[31m
    [36m>[31m
      [36m<div[31m
        [33mclass[31m=[32m"flex items-center gap-3 mb-6"[31m
      [36m>[31m
        [36m<div[31m
          [33mclass[31m=[32m"flex-1"[31m
        [36m>[31m
          [36m<input[31m
            [33maria-label[31m=[32m"Минимальная цена"[31m
            [33mclass[31m=[32m"w-full h-10 px-3 bg-transparent border border-[var(--border-default)] text-[var(--foreground)] text-right font-inter text-sm focus:outline-none focus:border-[var(--color-primary)] transition-colors"[31m
            [33mtype[31m=[32m"text"[31m
            [33mvalue[31m=[32m"1 000"[31m
          [36m/>[31m
        [36m</div>[31m
        [36m<span[31m
          [33mclass[31m=[32m"text-[var(--color-text-muted)]"[31m
        [36m>[31m
          [0m—[0m
        [36m</span>[31m
        [36m<div[31m
          [33mclass[31m=[32m"flex-1"[31m
        [36m>[31m
          [36m<input[31m
            [33maria-label[31m=[32m"Максимальная цена"[31m
            [33mclass[31m=[32m"w-full h-10 px-3 bg-transparent border border-[var(--border-default)] text-[var(--foreground)] text-right font-inter text-sm focus:outline-none focus:border-[var(--color-primary)] transition-colors"[31m
            [33mtype[31m=[32m"text"[31m
            [33mvalue[31m=[32m"5 000"[31m
          [36m/>[31m
        [36m</div>[31m
      [36m</div>[31m
      [36m<div[31m
        [33mclass[31m=[32m"relative h-6 flex items-center"[31m
      [36m>[31m
        [36m<div[31m
          [33mclass[31m=[32m"relative w-full h-1.5 bg-[var(--border-default)] cursor-pointer"[31m
          [33mrole[31m=[32m"presentation"[31m
          [33mstyle[31m=[32m"transform: skewX(-12deg);"[31m
        [36m>[31m
          [36m<div[31m
            [33mclass[31m=[32m"absolute h-full bg-[var(--color-primary)]"[31m
            [33mstyle[31m=[32m"left: 10%; right: 50%;"[31m
          [36m/>[31m
          [36m<div[31m
            [33maria-label[31m=[32m"Минимальная цена"[31m
            [33maria-valuemax[31m=[32m"5000"[31m
            [33maria-valuemin[31m=[32m"0"[31m
            [33maria-valuenow[31m=[32m"1000"[31m
            [33mclass[31m=[32m"absolute top-1/2 -translate-y-1/2 -translate-x-1/2 w-5 h-5 bg-[var(--color-primary)] border-2 border-black cursor-grab active:cursor-grabbing transition-transform hover:scale-110"[31m
            [33mrole[31m=[32m"slider"[31m
            [33mstyle[31m=[32m"left: 10%;"[31m
            [33mtabindex[31m=[32m"0"[31m
          [36m/>[31m
          [36m<div[31m
            [33maria-label[31m=[32m"Максимальная цена"[31m
            [33maria-valuemax[31m=[32m"10000"[31m
            [33maria-valuemin[31m=[32m"1000"[31m
            [33maria-valuenow[31m=[32m"5000"[31m
            [33mclass[31m=[32m"absolute top-1/2 -translate-y-1/2 -translate-x-1/2 w-5 h-5 bg-[var(--color-primary)] border-2 border-black cursor-grab active:cursor-grabbing transition-transform hover:scale-110"[31m
            [33mrole[31m=[32m"slider"[31m
            [33mstyle[31m=[32m"left: 50%;"[31m
            [33mtabindex[31m=[32m"0"[31m
          [36m/>[31m
        [36m</div>[31m
      [36m</div>[31m
    [36m</div>[31m
  [36m</div>[31m
[36m</body>[31m[39m
[90m [2m❯[22m Object.getElementError node_modules/@testing-library/dom/dist/config.js:[2m37:19[22m[39m
[90m [2m❯[22m node_modules/@testing-library/dom/dist/query-helpers.js:[2m76:38[22m[39m
[90m [2m❯[22m node_modules/@testing-library/dom/dist/query-helpers.js:[2m52:17[22m[39m
[90m [2m❯[22m node_modules/@testing-library/dom/dist/query-helpers.js:[2m95:19[22m[39m
[36m [2m❯[22m src/components/ui/PriceRangeSlider/__tests__/PriceRangeSlider.test.tsx:[2m90:19[22m[39m
    [90m 88| [39m    render(<PriceRangeSlider {...defaultProps} formatPrice={customForm…
    [90m 89| [39m
    [90m 90| [39m    [34mexpect[39m(screen[33m.[39m[34mgetByText[39m([32m'$0'[39m))[33m.[39m[34mtoBeInTheDocument[39m()[33m;[39m
    [90m   | [39m                  [31m^[39m
    [90m 91| [39m    [34mexpect[39m(screen[33m.[39m[34mgetByText[39m([32m'$10000'[39m))[33m.[39m[34mtoBeInTheDocument[39m()[33m;[39m
    [90m 92| [39m  })[33m;[39m

[31m[2m⎯⎯⎯⎯⎯⎯⎯⎯⎯⎯⎯⎯⎯⎯⎯⎯⎯⎯⎯⎯⎯⎯[64/77]⎯[22m[39m

[41m[1m FAIL [22m[49m src/components/ui/PriceRangeSlider/__tests__/PriceRangeSlider.test.tsx[2m > [22mPriceRangeSlider[2m > [22mhas correct accessibility attributes
[31m[1mError[22m: [2mexpect([22m[31melement[31m[2m).toHaveAttribute([22m[32m[32m"aria-valuemax"[32m[31m[2m, [22m[32m[32m"10000"[32m[31m[2m) // element.getAttribute("aria-valuemax") === "10000"[22m

Expected the element to have attribute:
[32m  aria-valuemax="10000"[31m
Received:
[31m  aria-valuemax="5000"[31m[39m
[36m [2m❯[22m src/components/ui/PriceRangeSlider/__tests__/PriceRangeSlider.test.tsx:[2m99:24[22m[39m
    [90m 97| [39m    [35mconst[39m sliders [33m=[39m screen[33m.[39m[34mgetAllByRole[39m([32m'slider'[39m)[33m;[39m
    [90m 98| [39m    [34mexpect[39m(sliders[[34m0[39m])[33m.[39m[34mtoHaveAttribute[39m([32m'aria-valuemin'[39m[33m,[39m [32m'0'[39m)[33m;[39m
    [90m 99| [39m    [34mexpect[39m(sliders[[34m0[39m])[33m.[39m[34mtoHaveAttribute[39m([32m'aria-valuemax'[39m[33m,[39m [32m'10000'[39m)[33m;[39m
    [90m   | [39m                       [31m^[39m
    [90m100| [39m    [34mexpect[39m(sliders[[34m1[39m])[33m.[39m[34mtoHaveAttribute[39m([32m'aria-valuemin'[39m[33m,[39m [32m'0'[39m)[33m;[39m
    [90m101| [39m    [34mexpect[39m(sliders[[34m1[39m])[33m.[39m[34mtoHaveAttribute[39m([32m'aria-valuemax'[39m[33m,[39m [32m'10000'[39m)[33m;[39m

[31m[2m⎯⎯⎯⎯⎯⎯⎯⎯⎯⎯⎯⎯⎯⎯⎯⎯⎯⎯⎯⎯⎯⎯[65/77]⎯[22m[39m


[2m Test Files [22m [1m[31m34 failed[39m[22m[2m | [22m[1m[32m93 passed[39m[22m[90m (127)[39m
[2m      Tests [22m [1m[31m69 failed[39m[22m[2m | [22m[1m[32m1784 passed[39m[22m[2m | [22m[33m8 skipped[39m[90m (1861)[39m
[2m   Start at [22m 11:00:41
[2m   Duration [22m 53.97s[2m (transform 18.83s, setup 148.88s, import 202.16s, tests 69.05s, environment 289.22s)[22m

