
> frontend@0.1.0 test
> cross-env VITEST=true vitest run src/components/checkout/__tests__/CheckoutForm.integration.test.tsx


[1m[46m RUN [49m[22m [36mv4.0.15 [39m[90mC:/Users/38670/DEV_WEB/FREESPORT/frontend[39m

node.exe : [90mstderr[2m | src/components/checkout/__tests__/CheckoutForm.integration.test.tsx[2m > [22m[2mC
heckoutForm Integration[2m > [22m[2m╨Ю╤В╨╛╨▒╤А╨░╨╢╨╡╨╜╨╕╨╡ ╨╛╤И╨╕╨▒╨╛╨║[2m > [22m[2m╨┐╨╛╨║╨░╨╖╤Л╨▓╨░╨╡╤В ╨╛
╤И╨╕╨▒╨║╤Г API ╨▓ InfoPanel
C:\Program Files\nodejs\npm.ps1:29 знак:3
+   & $NODE_EXE $NPM_CLI_JS $args
+   ~~~~~~~~~~~~~~~~~~~~~~~~~~~~~
    + CategoryInfo          : NotSpecified: ([90mstderr[2m...PI ╨▓ InfoPanel:String) [], RemoteException
    + FullyQualifiedErrorId : NativeCommandError
 
[22m[39mAn update to CheckoutForm inside a test was not wrapped in act(...).

When testing, code that causes React state updates should be wrapped into act(...):

act(() => {
  /* fire events that update state */
});
/* assert on the output */

This ensures that you're testing the behavior the user would see in the browser. Learn more at https://react.dev/
link/wrap-tests-with-act

 [31mтЭп[39m src/components/checkout/__tests__/CheckoutForm.integration.test.tsx [2m([22m[2m11 tests[22m[2m | [22m[31m1 failed[39m[2m)[22m[33m 1987[2mms[22m[39m
       [32mтЬУ[39m ╨╛╤В╨╛╨▒╤А╨░╨╢╨░╨╡╤В ╤Д╨╛╤А╨╝╤Г ╤Б ╤Б╨╡╨║╤Ж╨╕╤П╨╝╨╕[32m 140[2mms[22m[39m
       [32mтЬУ[39m ╨░╨▓╤В╨╛╨╖╨░╨┐╨╛╨╗╨╜╤П╨╡╤В ╨┤╨░╨╜╨╜╤Л╨╡ ╨┤╨╗╤П ╨░╨▓╤В╨╛╤А╨╕╨╖╨╛╨▓╨░╨╜╨╜╨╛╨│╨╛ ╨┐╨╛╨╗╤М╨╖╨╛╨▓╨░╤В╨╡╨╗╤П[32m 23[2mms[22m[39m
       [32mтЬУ[39m ╨┐╨╛╨║╨░╨╖╤Л╨▓╨░╨╡╤В ╨┐╤А╨╡╨┤╤Г╨┐╤А╨╡╨╢╨┤╨╡╨╜╨╕╨╡ ╨┐╤А╨╕ ╨┐╤Г╤Б╤В╨╛╨╣ ╨║╨╛╤А╨╖╨╕╨╜╨╡[32m 35[2mms[22m[39m
       [32mтЬУ[39m ╤Д╨╛╤А╨╝╨░ ╨╜╨╡ ╨╛╤В╨╛╨▒╤А╨░╨╢╨░╨╡╤В ╨║╨╜╨╛╨┐╨║╤Г "╨Ю╤Д╨╛╤А╨╝╨╕╤В╤М ╨╖╨░╨║╨░╨╖" ╨┐╤А╨╕ ╨┐╤Г╤Б╤В╨╛╨╣ ╨║╨╛╤А╨╖╨╕╨╜╨╡[32m 25[2mms[22m[39m
       [32mтЬУ[39m ╨║╨╜╨╛╨┐╨║╨░ ╨┐╨╛╨║╨░╨╖╤Л╨▓╨░╨╡╤В "╨Ю╤Д╨╛╤А╨╝╨╗╨╡╨╜╨╕╨╡..." ╨▓╨╛ ╨▓╤А╨╡╨╝╤П isSubmitting[32m 28[2mms[22m[39m
       [32mтЬУ[39m ╨║╨╜╨╛╨┐╨║╨░ disabled ╨▓╨╛ ╨▓╤А╨╡╨╝╤П isSubmitting[32m 53[2mms[22m[39m
       [32mтЬУ[39m ╨┐╨╛╨║╨░╨╖╤Л╨▓╨░╨╡╤В ╨╛╤И╨╕╨▒╨║╤Г API ╨▓ InfoPanel[32m 96[2mms[22m[39m
       [32mтЬУ[39m ╨┐╨╛╨║╨░╨╖╤Л╨▓╨░╨╡╤В ╨╛╤И╨╕╨▒╨║╤Г ╨▓╨░╨╗╨╕╨┤╨░╤Ж╨╕╨╕ ╤Д╨╛╤А╨╝╤Л[32m 111[2mms[22m[39m
[31m       [31m├Ч[31m ╨╖╨░╨┐╨╛╨╗╨╜╨╡╨╜╨╜╨░╤П ╤Д╨╛╤А╨╝╨░ ╨▓╤Л╨╖╤Л╨▓╨░╨╡╤В createOrder[39m[33m 1387[2mms[22m[39m
       [32mтЬУ[39m ╨╛╤В╨╛╨▒╤А╨░╨╢╨░╨╡╤В ╤В╨╛╨▓╨░╤А╤Л ╨╕╨╖ ╨║╨╛╤А╨╖╨╕╨╜╤Л ╨▓ OrderSummary[32m 32[2mms[22m[39m
       [32mтЬУ[39m ╨╛╤В╨╛╨▒╤А╨░╨╢╨░╨╡╤В ╨╕╨╜╤Д╨╛╤А╨╝╨░╤Ж╨╕╤О ╨╛ ╨▓╨░╤А╨╕╨░╨╜╤В╨╡ ╤В╨╛╨▓╨░╤А╨░[32m 43[2mms[22m[39m

[31mтОптОптОптОптОптОптОп[39m[1m[41m Failed Tests 1 [49m[22m[31mтОптОптОптОптОптОптОп[39m

[41m[1m FAIL [22m[49m src/components/checkout/__tests__/CheckoutForm.integration.test.tsx[2m > [22mCheckout
Form Integration[2m > [22m╨Ю╤В╨┐╤А╨░╨▓╨║╨░ ╤Д╨╛╤А╨╝╤Л[2m > [22m╨╖╨░╨┐╨╛╨╗╨╜╨╡╨╜╨╜╨░╤П ╤Д╨╛╤А╨╝╨░ ╨▓╤Л╨╖╤Л╨▓╨░
╨╡╤В createOrder
[31m[1mTestingLibraryElementError[22m[39m: Unable to find an accessible element with the role "radio" and nam
e `/╨║╤Г╤А╤М╨╡╤А╤Б╨║╨░╤П ╨┤╨╛╤Б╤В╨░╨▓╨║╨░/i`

Here are the accessible roles:

  region:

  Name "╨Ъ╨╛╨╜╤В╨░╨║╤В╨╜╤Л╨╡ ╨┤╨░╨╜╨╜╤Л╨╡":
  [36m<section[39m
    [33maria-labelledby[39m=[32m"contact-section"[39m
    [33mclass[39m=[32m"rounded-lg bg-white p-6 shadow-sm"[39m
  [36m/>[39m

  Name "╨Р╨┤╤А╨╡╤Б ╨┤╨╛╤Б╤В╨░╨▓╨║╨╕":
  [36m<section[39m
    [33maria-labelledby[39m=[32m"address-section"[39m
    [33mclass[39m=[32m"rounded-lg bg-white p-6 shadow-sm"[39m
  [36m/>[39m

  Name "╨б╨┐╨╛╤Б╨╛╨▒ ╨┤╨╛╤Б╤В╨░╨▓╨║╨╕":
  [36m<section[39m
    [33maria-labelledby[39m=[32m"delivery-section"[39m
    [33mclass[39m=[32m"rounded-lg bg-white p-6 shadow-sm"[39m
  [36m/>[39m

  Name "╨Ъ╨╛╨╝╨╝╨╡╨╜╤В╨░╤А╨╕╨╣ ╨║ ╨╖╨░╨║╨░╨╖╤Г":
  [36m<section[39m
    [33maria-labelledby[39m=[32m"comment-section"[39m
    [33mclass[39m=[32m"rounded-lg bg-white p-6 shadow-sm"[39m
  [36m/>[39m

  --------------------------------------------------
  heading:

  Name "╨Ъ╨╛╨╜╤В╨░╨║╤В╨╜╤Л╨╡ ╨┤╨░╨╜╨╜╤Л╨╡":
  [36m<h2[39m
    [33mclass[39m=[32m"mb-4 text-lg font-semibold text-gray-900"[39m
    [33mid[39m=[32m"contact-section"[39m
  [36m/>[39m

  Name "╨Р╨┤╤А╨╡╤Б ╨┤╨╛╤Б╤В╨░╨▓╨║╨╕":
  [36m<h2[39m
    [33mclass[39m=[32m"mb-4 text-lg font-semibold text-gray-900"[39m
    [33mid[39m=[32m"address-section"[39m
  [36m/>[39m

  Name "╨б╨┐╨╛╤Б╨╛╨▒ ╨┤╨╛╤Б╤В╨░╨▓╨║╨╕":
  [36m<h2[39m
    [33mclass[39m=[32m"mb-4 text-lg font-semibold text-gray-900"[39m
    [33mid[39m=[32m"delivery-section"[39m
  [36m/>[39m

  Name "╨Ъ╨╛╨╝╨╝╨╡╨╜╤В╨░╤А╨╕╨╣ ╨║ ╨╖╨░╨║╨░╨╖╤Г":
  [36m<h2[39m
    [33mclass[39m=[32m"mb-4 text-lg font-semibold text-gray-900"[39m
    [33mid[39m=[32m"comment-section"[39m
  [36m/>[39m

  Name "╨Т╨░╤И ╨╖╨░╨║╨░╨╖":
  [36m<h2[39m
    [33mclass[39m=[32m"mb-4 text-lg font-semibold text-gray-900"[39m
  [36m/>[39m

  --------------------------------------------------
  textbox:

  Name "Email":
  [36m<input[39m
    [33maria-invalid[39m=[32m"false"[39m
    [33maria-required[39m=[32m"true"[39m
    [33mautocomplete[39m=[32m"email"[39m
    [33mclass[39m=[32m"w-full h-10 px-4 rounded-sm text-[var(--color-text-primary)] bg-[var(--color-neutral-10
0)] border border-[var(--color-neutral-400)] transition-colors duration-[var(--duration-short)] placeholder:text-
[var(--color-neutral-500)] placeholder:truncate focus:outline-none focus:ring-4 focus:ring-primary/12 focus:outli
ne-primary/60"[39m
    [33mid[39m=[32m"input-email"[39m
    [33mname[39m=[32m"email"[39m
    [33mplaceholder[39m=[32m"example@mail.com"[39m
    [33mtype[39m=[32m"email"[39m
  [36m/>[39m

  Name "╨в╨╡╨╗╨╡╤Д╨╛╨╜":
  [36m<input[39m
    [33maria-invalid[39m=[32m"false"[39m
    [33maria-required[39m=[32m"true"[39m
    [33mautocomplete[39m=[32m"tel"[39m
    [33mclass[39m=[32m"w-full h-10 px-4 rounded-sm text-[var(--color-text-primary)] bg-[var(--color-neutral-10
0)] border border-[var(--color-neutral-400)] transition-colors duration-[var(--duration-short)] placeholder:text-
[var(--color-neutral-500)] placeholder:truncate focus:outline-none focus:ring-4 focus:ring-primary/12 focus:outli
ne-primary/60"[39m
    [33mid[39m=[32m"input-╤В╨╡╨╗╨╡╤Д╨╛╨╜"[39m
    [33mname[39m=[32m"phone"[39m
    [33mplaceholder[39m=[32m"+79001234567"[39m
    [33mtype[39m=[32m"tel"[39m
  [36m/>[39m

  Name "╨Ш╨╝╤П":
  [36m<input[39m
    [33maria-invalid[39m=[32m"false"[39m
    [33maria-required[39m=[32m"true"[39m
    [33mautocomplete[39m=[32m"given-name"[39m
    [33mclass[39m=[32m"w-full h-10 px-4 rounded-sm text-[var(--color-text-primary)] bg-[var(--color-neutral-10
0)] border border-[var(--color-neutral-400)] transition-colors duration-[var(--duration-short)] placeholder:text-
[var(--color-neutral-500)] placeholder:truncate focus:outline-none focus:ring-4 focus:ring-primary/12 focus:outli
ne-primary/60"[39m
    [33mid[39m=[32m"input-╨╕╨╝╤П"[39m
    [33mname[39m=[32m"firstName"[39m
    [33mplaceholder[39m=[32m"╨Ш╨▓╨░╨╜"[39m
    [33mtype[39m=[32m"text"[39m
  [36m/>[39m

  Name "╨д╨░╨╝╨╕╨╗╨╕╤П":
  [36m<input[39m
    [33maria-invalid[39m=[32m"false"[39m
    [33maria-required[39m=[32m"true"[39m
    [33mautocomplete[39m=[32m"family-name"[39m
    [33mclass[39m=[32m"w-full h-10 px-4 rounded-sm text-[var(--color-text-primary)] bg-[var(--color-neutral-10
0)] border border-[var(--color-neutral-400)] transition-colors duration-[var(--duration-short)] placeholder:text-
[var(--color-neutral-500)] placeholder:truncate focus:outline-none focus:ring-4 focus:ring-primary/12 focus:outli
ne-primary/60"[39m
    [33mid[39m=[32m"input-╤Д╨░╨╝╨╕╨╗╨╕╤П"[39m
    [33mname[39m=[32m"lastName"[39m
    [33mplaceholder[39m=[32m"╨Я╨╡╤В╤А╨╛╨▓"[39m
    [33mtype[39m=[32m"text"[39m
  [36m/>[39m

  Name "╨У╨╛╤А╨╛╨┤":
  [36m<input[39m
    [33maria-invalid[39m=[32m"false"[39m
    [33maria-required[39m=[32m"true"[39m
    [33mautocomplete[39m=[32m"address-level2"[39m
    [33mclass[39m=[32m"w-full h-10 px-4 rounded-sm text-[var(--color-text-primary)] bg-[var(--color-neutral-10
0)] border border-[var(--color-neutral-400)] transition-colors duration-[var(--duration-short)] placeholder:text-
[var(--color-neutral-500)] placeholder:truncate focus:outline-none focus:ring-4 focus:ring-primary/12 focus:outli
ne-primary/60"[39m
    [33mid[39m=[32m"input-╨│╨╛╤А╨╛╨┤"[39m
    [33mname[39m=[32m"city"[39m
    [33mplaceholder[39m=[32m"╨Ь╨╛╤Б╨║╨▓╨░"[39m
    [33mtype[39m=[32m"text"[39m
  [36m/>[39m

  Name "╨г╨╗╨╕╤Ж╨░":
  [36m<input[39m
    [33maria-invalid[39m=[32m"false"[39m
    [33maria-required[39m=[32m"true"[39m
    [33mautocomplete[39m=[32m"address-line1"[39m
    [33mclass[39m=[32m"w-full h-10 px-4 rounded-sm text-[var(--color-text-primary)] bg-[var(--color-neutral-10
0)] border border-[var(--color-neutral-400)] transition-colors duration-[var(--duration-short)] placeholder:text-
[var(--color-neutral-500)] placeholder:truncate focus:outline-none focus:ring-4 focus:ring-primary/12 focus:outli
ne-primary/60"[39m
    [33mid[39m=[32m"input-╤Г╨╗╨╕╤Ж╨░"[39m
    [33mname[39m=[32m"street"[39m
    [33mplaceholder[39m=[32m"╨Ы╨╡╨╜╨╕╨╜╨░"[39m
    [33mtype[39m=[32m"text"[39m
  [36m/>[39m

  Name "╨Ф╨╛╨╝":
  [36m<input[39m
    [33maria-invalid[39m=[32m"false"[39m
    [33maria-required[39m=[32m"true"[39m
    [33mautocomplete[39m=[32m"address-line2"[39m
    [33mclass[39m=[32m"w-full h-10 px-4 rounded-sm text-[var(--color-text-primary)] bg-[var(--color-neutral-10
0)] border border-[var(--color-neutral-400)] transition-colors duration-[var(--duration-short)] placeholder:text-
[var(--color-neutral-500)] placeholder:truncate focus:outline-none focus:ring-4 focus:ring-primary/12 focus:outli
ne-primary/60"[39m
    [33mid[39m=[32m"input-╨┤╨╛╨╝"[39m
    [33mname[39m=[32m"house"[39m
    [33mplaceholder[39m=[32m"10"[39m
    [33mtype[39m=[32m"text"[39m
  [36m/>[39m

  Name "╨Ъ╨▓╨░╤А╤В╨╕╤А╨░ (╨╜╨╡╨╛╨▒╤П╨╖╨░╤В╨╡╨╗╤М╨╜╨╛)":
  [36m<input[39m
    [33maria-invalid[39m=[32m"false"[39m
    [33mautocomplete[39m=[32m"address-line3"[39m
    [33mclass[39m=[32m"w-full h-10 px-4 rounded-sm text-[var(--color-text-primary)] bg-[var(--color-neutral-10
0)] border border-[var(--color-neutral-400)] transition-colors duration-[var(--duration-short)] placeholder:text-
[var(--color-neutral-500)] placeholder:truncate focus:outline-none focus:ring-4 focus:ring-primary/12 focus:outli
ne-primary/60"[39m
    [33mid[39m=[32m"input-╨║╨▓╨░╤А╤В╨╕╤А╨░-(╨╜╨╡╨╛╨▒╤П╨╖╨░╤В╨╡╨╗╤М╨╜╨╛)"[39m
    [33mname[39m=[32m"apartment"[39m
    [33mplaceholder[39m=[32m"25"[39m
    [33mtype[39m=[32m"text"[39m
  [36m/>[39m

  Name "╨Я╨╛╤З╤В╨╛╨▓╤Л╨╣ ╨╕╨╜╨┤╨╡╨║╤Б":
  [36m<input[39m
    [33maria-invalid[39m=[32m"false"[39m
    [33maria-required[39m=[32m"true"[39m
    [33mautocomplete[39m=[32m"postal-code"[39m
    [33mclass[39m=[32m"w-full h-10 px-4 rounded-sm text-[var(--color-text-primary)] bg-[var(--color-neutral-10
0)] border border-[var(--color-neutral-400)] transition-colors duration-[var(--duration-short)] placeholder:text-
[var(--color-neutral-500)] placeholder:truncate focus:outline-none focus:ring-4 focus:ring-primary/12 focus:outli
ne-primary/60"[39m
    [33mid[39m=[32m"input-╨┐╨╛╤З╤В╨╛╨▓╤Л╨╣-╨╕╨╜╨┤╨╡╨║╤Б"[39m
    [33mmaxlength[39m=[32m"6"[39m
    [33mname[39m=[32m"postalCode"[39m
    [33mplaceholder[39m=[32m"123456"[39m
    [33mtype[39m=[32m"text"[39m
  [36m/>[39m

  Name "╨Ъ╨╛╨╝╨╝╨╡╨╜╤В╨░╤А╨╕╨╣ (╨╜╨╡╨╛╨▒╤П╨╖╨░╤В╨╡╨╗╤М╨╜╨╛)":
  [36m<textarea[39m
    [33maria-describedby[39m=[32m"comment-helper"[39m
    [33maria-invalid[39m=[32m"false"[39m
    [33mclass[39m=[32m"
              block w-full rounded-md border px-3 py-2 text-sm shadow-sm
              transition-colors duration-200
              placeholder:text-gray-400
              focus:outline-none focus:ring-2 focus:ring-offset-1
              disabled:cursor-not-allowed disabled:bg-gray-50 disabled:text-gray-500
              border-gray-300 focus:border-blue-500 focus:ring-blue-500
            "[39m
    [33mid[39m=[32m"comment"[39m
    [33mmaxlength[39m=[32m"500"[39m
    [33mname[39m=[32m"comment"[39m
    [33mplaceholder[39m=[32m"╨г╨║╨░╨╢╨╕╤В╨╡ ╨┤╨╛╨┐╨╛╨╗╨╜╨╕╤В╨╡╨╗╤М╨╜╤Г╤О ╨╕╨╜╤Д╨╛╤А╨╝╨░╤Ж╨╕╤О ╨┤╨╗╤П ╨┤╨╛╤Б╤В╨
░╨▓╨║╨╕ ╨╕╨╗╨╕ ╨┐╨╛╨╢╨╡╨╗╨░╨╜╨╕╤П ╨║ ╨╖╨░╨║╨░╨╖╤Г..."[39m
    [33mrows[39m=[32m"4"[39m
  [36m/>[39m

  --------------------------------------------------
  paragraph:

  Name "":
  [36m<p[39m
    [33mclass[39m=[32m"mt-1 text-[var(--color-text-muted)]"[39m
    [33mid[39m=[32m"input-╤В╨╡╨╗╨╡╤Д╨╛╨╜-description"[39m
  [36m/>[39m

  Name "":
  [36m<p[39m
    [33mclass[39m=[32m"mt-1 text-[var(--color-text-muted)]"[39m
    [33mid[39m=[32m"input-╨┐╨╛╤З╤В╨╛╨▓╤Л╨╣-╨╕╨╜╨┤╨╡╨║╤Б-description"[39m
  [36m/>[39m

  Name "":
  [36m<p[39m
    [33mclass[39m=[32m"text-xs text-blue-800"[39m
  [36m/>[39m

  Name "":
  [36m<p[39m
    [33mclass[39m=[32m"text-xs text-gray-500"[39m
    [33mid[39m=[32m"comment-helper"[39m
  [36m/>[39m

  Name "":
  [36m<p[39m
    [33maria-live[39m=[32m"polite"[39m
    [33mclass[39m=[32m"text-xs text-gray-500"[39m
  [36m/>[39m

  Name "":
  [36m<p[39m
    [33mclass[39m=[32m"font-medium text-gray-900"[39m
  [36m/>[39m

  Name "":
  [36m<p[39m
    [33mclass[39m=[32m"text-xs text-gray-500"[39m
  [36m/>[39m

  Name "":
  [36m<p[39m
    [33mclass[39m=[32m"text-gray-600"[39m
  [36m/>[39m

  Name "":
  [36m<p[39m
    [33mclass[39m=[32m"font-medium text-gray-900"[39m
  [36m/>[39m

  Name "":
  [36m<p[39m
    [33mclass[39m=[32m"mt-1 text-xs text-gray-500"[39m
  [36m/>[39m

  Name "":
  [36m<p[39m
    [33mclass[39m=[32m"mt-4 text-center text-xs text-gray-500"[39m
  [36m/>[39m

  --------------------------------------------------
  radiogroup:

  Name "╨Т╤Л╨▒╨╛╤А ╤Б╨┐╨╛╤Б╨╛╨▒╨░ ╨┤╨╛╤Б╤В╨░╨▓╨║╨╕":
  [36m<div[39m
    [33maria-label[39m=[32m"╨Т╤Л╨▒╨╛╤А ╤Б╨┐╨╛╤Б╨╛╨▒╨░ ╨┤╨╛╤Б╤В╨░╨▓╨║╨╕"[39m
    [33mclass[39m=[32m"space-y-3"[39m
    [33mrole[39m=[32m"radiogroup"[39m
  [36m/>[39m

  --------------------------------------------------
  radio:

  Name "truck ╨Ъ╤Г╤А╤М╨╡╤А ╨Ф╨╛╤Б╤В╨░╨▓╨║╨░ ╨║╤Г╤А╤М╨╡╤А╨╛╨╝ ╨┤╨╛ ╨┤╨▓╨╡╤А╨╕. ╨б╤В╨╛╨╕╨╝╨╛╤Б╤В╤М ╤Г╤В╨╛╤З╨╜╤П╨╡╤В
╤Б╤П ╨░╨┤╨╝╨╕╨╜╨╕╤Б╤В╤А╨░╤В╨╛╤А╨╛╨╝. ╨б╤В╨╛╨╕╨╝╨╛╤Б╤В╤М: ╨г╤В╨╛╤З╨╜╤П╨╡╤В╤Б╤П ╨░╨┤╨╝╨╕╨╜╨╕╤Б╤В╤А╨░╤В╨╛╤А╨╛╨╝":
  [36m<input[39m
    [33maria-describedby[39m=[32m"courier-description"[39m
    [33mclass[39m=[32m"mt-1 h-4 w-4 border-gray-300 text-blue-600 focus:ring-2 focus:ring-blue-500"[39m
    [33mname[39m=[32m"deliveryMethod"[39m
    [33mtype[39m=[32m"radio"[39m
    [33mvalue[39m=[32m"courier"[39m
  [36m/>[39m

  Name "store ╨б╨░╨╝╨╛╨▓╤Л╨▓╨╛╨╖ ╨Ч╨░╨▒╤А╨░╤В╤М ╨╖╨░╨║╨░╨╖ ╤Б╨░╨╝╨╛╤Б╤В╨╛╤П╤В╨╡╨╗╤М╨╜╨╛ ╨╕╨╖ ╨┐╤Г╨╜╨║╤В╨░ ╨▓╤Л╨┤╨
░╤З╨╕. ╨б╤В╨╛╨╕╨╝╨╛╤Б╤В╤М: ╨г╤В╨╛╤З╨╜╤П╨╡╤В╤Б╤П ╨░╨┤╨╝╨╕╨╜╨╕╤Б╤В╤А╨░╤В╨╛╤А╨╛╨╝":
  [36m<input[39m
    [33maria-describedby[39m=[32m"pickup-description"[39m
    [33mclass[39m=[32m"mt-1 h-4 w-4 border-gray-300 text-blue-600 focus:ring-2 focus:ring-blue-500"[39m
    [33mname[39m=[32m"deliveryMethod"[39m
    [33mtype[39m=[32m"radio"[39m
    [33mvalue[39m=[32m"pickup"[39m
  [36m/>[39m

  Name "package ╨в╤А╨░╨╜╤Б╨┐╨╛╤А╤В╨╜╨░╤П ╨║╨╛╨╝╨┐╨░╨╜╨╕╤П ╨Ф╨╛╤Б╤В╨░╨▓╨║╨░ ╤З╨╡╤А╨╡╨╖ CDEK, Boxberry ╨╕ ╨┤╤А╤Г╨│╨
╕╨╡ ╤Б╨╗╤Г╨╢╨▒╤Л. ╨б╤В╨╛╨╕╨╝╨╛╤Б╤В╤М ╤Г╤В╨╛╤З╨╜╤П╨╡╤В╤Б╤П. ╨б╤В╨╛╨╕╨╝╨╛╤Б╤В╤М: ╨г╤В╨╛╤З╨╜╤П╨╡╤В╤Б╤П ╨░╨┤╨╝╨╕╨╜╨╕╤
Б╤В╤А╨░╤В╨╛╤А╨╛╨╝":
  [36m<input[39m
    [33maria-describedby[39m=[32m"transport_company-description"[39m
    [33mclass[39m=[32m"mt-1 h-4 w-4 border-gray-300 text-blue-600 focus:ring-2 focus:ring-blue-500"[39m
    [33mname[39m=[32m"deliveryMethod"[39m
    [33mtype[39m=[32m"radio"[39m
    [33mvalue[39m=[32m"transport_company"[39m
  [36m/>[39m

  --------------------------------------------------
  strong:

  Name "":
  [36m<strong />[39m

  --------------------------------------------------
  button:

  Name "╨Ю╤Д╨╛╤А╨╝╨╕╤В╤М ╨╖╨░╨║╨░╨╖":
  [36m<button[39m
    [33maria-busy[39m=[32m"false"[39m
    [33mclass[39m=[32m"inline-flex items-center justify-center gap-2 font-medium transition-all focus:outline-
none focus:ring-2 focus:ring-offset-2 disabled:opacity-50 disabled:cursor-not-allowed bg-primary text-white borde
r border-transparent shadow-[0_14px_32px_rgba(11,18,32,0.45)] hover:bg-primary-hover hover:-translate-y-0.5 activ
e:bg-primary-active active:translate-y-0 focus:ring-primary mt-4 w-full"[39m
    [33mtype[39m=[32m"submit"[39m
  [36m/>[39m

  --------------------------------------------------

Ignored nodes: comments, script, style
[36m<body>[39m
  [36m<div>[39m
    [36m<form[39m
      [33mnovalidate[39m=[32m""[39m
    [36m>[39m
      [36m<div[39m
        [33mclass[39m=[32m"grid grid-cols-1 gap-6 lg:grid-cols-3"[39m
      [36m>[39m
        [36m<div[39m
          [33mclass[39m=[32m"space-y-6 lg:col-span-2"[39m
        [36m>[39m
          [36m<section[39m
            [33maria-labelledby[39m=[32m"contact-section"[39m
            [33mclass[39m=[32m"rounded-lg bg-white p-6 shadow-sm"[39m
          [36m>[39m
            [36m<h2[39m
              [33mclass[39m=[32m"mb-4 text-lg font-semibold text-gray-900"[39m
              [33mid[39m=[32m"contact-section"[39m
            [36m>[39m
              [0m╨Ъ╨╛╨╜╤В╨░╨║╤В╨╜╤Л╨╡ ╨┤╨░╨╜╨╜╤Л╨╡[0m
            [36m</h2>[39m
            [36m<div[39m
              [33mclass[39m=[32m"grid grid-cols-1 gap-4 md:grid-cols-2"[39m
            [36m>[39m
              [36m<div[39m
                [33mclass[39m=[32m"md:col-span-2"[39m
              [36m>[39m
                [36m<div[39m
                  [33mclass[39m=[32m"w-full"[39m
                [36m>[39m
                  [36m<label[39m
                    [33mclass[39m=[32m"block font-medium text-[var(--color-text-primary)] mb-1"[39m
                    [33mfor[39m=[32m"input-email"[39m
                  [36m>[39m
                    [0mEmail[0m
                  [36m</label>[39m
                  [36m<div[39m
                    [33mclass[39m=[32m"relative"[39m
                  [36m>[39m
                    [36m<input[39m
                      [33maria-invalid[39m=[32m"false"[39m
                      [33maria-required[39m=[32m"true"[39m
                      [33mautocomplete[39m=[32m"email"[39m
                      [33mclass[39m=[32m"w-full h-10 px-4 rounded-sm text-[var(--color-text-primary)] bg-[var(
--color-neutral-100)] border border-[var(--color-neutral-400)] transition-colors duration-[var(--duration-short)]
 placeholder:text-[var(--color-neutral-500)] placeholder:truncate focus:outline-none focus:ring-4 focus:ring-prim
ary/12 focus:outline-primary/60"[39m
                      [33mid[39m=[32m"input-email"[39m
                      [33mname[39m=[32m"email"[39m
                      [33mplaceholder[39m=[32m"example@mail.com"[39m
                      [33mtype[39m=[32m"email"[39m
                    [36m/>[39m
                  [36m</div>[39m
                [36m</div>[39m
              [36m</div>[39m
              [36m<div[39m
                [33mclass[39m=[32m"md:col-span-2"[39m
              [36m>[39m
                [36m<div[39m
                  [33mclass[39m=[32m"w-full"[39m
                [36m>[39m
                  [36m<label[39m
                    [33mclass[39m=[32m"block font-medium text-[var(--color-text-primary)] mb-1"[39m
                    [33mfor[39m=[32m"input-╤В╨╡╨╗╨╡╤Д╨╛╨╜"[39m
                  [36m>[39m
                    [0m╨в╨╡╨╗╨╡╤Д╨╛╨╜[0m
                  [36m</label>[39m
                  [36m<div[39m
                    [33mclass[39m=[32m"relative"[39m
                  [36m>[39m
                    [36m<input[39m
                      [33maria-invalid[39m=[32m"false"[39m
                      [33maria-required[39m=[32m"true"[39m
                      [33mautocomplete[39m=[32m"tel"[39m
                      [33mclass[39m=[32m"w-full h-10 px-4 rounded-sm text-[var(--color-text-primary)] bg-[var(
--color-neutral-100)] border border-[var(--color-neutral-400)] transition-colors duration-[var(--duration-short)]
 placeholder:text-[var(--color-neutral-500)] placeholder:truncate focus:outline-none focus:ring-4 focus:ring-prim
ary/12 focus:outline-primary/60"[39m
                      [33mid[39m=[32m"input-╤В╨╡╨╗╨╡╤Д╨╛╨╜"[39m
                      [33mname[39m=[32m"phone"[39m
                      [33mplaceholder[39m=[32m"+79001234567"[39m
                      [33mtype[39m=[32m"tel"[39m
                    [36m/>[39m
                  [36m</div>[39m
                  [36m<p[39m
                    [33mclass[39m=[32m"mt-1 text-[var(--color-text-muted)]"[39m
                    [33mid[39m=[32m"input-╤В╨╡╨╗╨╡╤Д╨╛╨╜-description"[39m
                  [36m>[39m
                    [0m╨д╨╛╤А╨╝╨░╤В: +7XXXXXXXXXX[0m
                  [36m</p>[39m
                [36m</div>[39m
              [36m</div>[39m
              [36m<div>[39m
                [36m<div[39m
                  [33mclass[39m=[32m"w-full"[39m
                [36m>[39m
                  [36m<label[39m
                    [33mclass[39m=[32m"block font-medium text-[var(--color-text-primary)] mb-1"[39m
                    [33mfor[39m=[32m"input-╨╕╨╝╤П"[39m
                  [36m>[39m
                    [0m╨Ш╨╝╤П[0m
                  [36m</label>[39m
                  [36m<div[39m
                    [33mclass[39m=[32m"relative"[39m
                  [36m>[39m
                    [36m<input[39m
                      [33maria-invalid[39m=[32m"false"[39m
                      [33maria-required[39m=[32m"true"[39m
                      [33mautocomplete[39m=[32m"given-name"[39m
                      [33mclass[39m=[32m"w-full h-10 px-4 rounded-sm text-[var(--color-text-primary)] bg-[var(
--color-neutral-100)] border border-[var(--color-neutral-400)] transition-colors duration-[var(--duration-short)]
 placeholder:text-[var(--color-neutral-500)] placeholder:truncate focus:outline-none focus:ring-4 focus:ring-prim
ary/12 focus:outline-primary/60"[39m
                      [33mid[39m=[32m"input-╨╕╨╝╤П"[39m
                      [33mname[39m=[32m"firstName"[39m
                      [33mplaceholder[39m=[32m"╨Ш╨▓╨░╨╜"[39m
                      [33mtype[39m=[32m"text"[39m
                    [36m/>[39m
                  [36m</div>[39m
                [36m</div>[39m
              [36m</div>[39m

              [36m<div>[39m
                [36m<div[39m
                  [33mclass[39m=[32m"w-full"[39m
                [36m>[39m
                  [36m<label[39m
                    [33mclass[39m=[32m"block font-medium text-[var(--color-text-primary)] mb-1"[39m
                    [33mfor[39m=[32m"input-╤Д╨░╨╝╨╕╨╗╨╕╤П"[39m
                  [36m>[39m
                    [0m╨д╨░╨╝╨╕╨╗╨╕╤П[0m
                  [36m</label>[39m
                  [36m<div[39m
                    [33mclass[39m=[32m"relative"[39m
                  [36m>[39m
                    [36m<input[39m
                      [33maria-invalid[39m=[32m"false"[39m
                      [33maria-required[39m=[32m"true"[39m
                      [33mautocomplete[39m=[32m"family-name"[39m
                      [33mclass[39m=[32m"w-full h-10 px-4 rounded-sm text-[var(--color-text-primary)] bg-[var(
--color-neutral-100)] border border-[var(--color-neutral-400)] transition-colors duration-[var(--duration-short)]
 placeho...
[90m [2mтЭп[22m Object.getElementError node_modules/@testing-library/dom/dist/config.js:[2m37:19[22m[39m
[90m [2mтЭп[22m node_modules/@testing-library/dom/dist/query-helpers.js:[2m76:38[22m[39m
[90m [2mтЭп[22m node_modules/@testing-library/dom/dist/query-helpers.js:[2m52:17[22m[39m
[90m [2mтЭп[22m node_modules/@testing-library/dom/dist/query-helpers.js:[2m95:19[22m[39m
[36m [2mтЭп[22m src/components/checkout/__tests__/CheckoutForm.integration.test.tsx:[2m215:35[22m[39m
    [90m213| [39m
    [90m214| [39m      [90m// ╨Т╤Л╨▒╨╕╤А╨░╨╡╨╝ ╤Б╨┐╨╛╤Б╨╛╨▒ ╨┤╨╛╤Б╤В╨░╨▓╨║╨╕ ╤З╨╡╤А╨╡╨╖ radio button[39m
    [90m215| [39m      const courierRadio = screen.getByRole('radio', { name: /╨║╤Г╤А╤М╨╡╤А╤Б╨║тАж
    [90m   | [39m                                  [31m^[39m
    [90m216| [39m      [35mawait[39m user[33m.[39m[34mclick[39m(courierRadio)[33m;[39m
    [90m217| [39m

[31m[2mтОптОптОптОптОптОптОптОптОптОптОптОптОптОптОптОптОптОптОптОптОптОптОптОп[1/1]тОп[22m[39m

[2m Test Files [22m [1m[31m1 failed[39m[22m[90m (1)[39m
[2m      Tests [22m [1m[31m1 failed[39m[22m[2m | [22m[1m[32m10 passed[39m[22m[90m (11)[39m
[2m   Start at [22m 21:25:05
[2m   Duration [22m 5.00s[2m (transform 777ms, setup 463ms, import 1.69s, tests 1.99s, environment 615ms)[22m

