python : C:\Users\38670\AppData\Roaming\Python\Python312\site-packages\_pytest\config\__init__.py:
331: PluggyTeardownRaisedWarning: A plugin raised an exception during an old-style hookwrapper tea
rdown.
строка:1 знак:1
+ python -m pytest tests/integration/test_async_import_tasks.py -k "cat ...
+ ~~~~~~~~~~~~~~~~~~~~~~~~~~~~~~~~~~~~~~~~~~~~~~~~~~~~~~~~~~~~~~~~~~~~~
    + CategoryInfo          : NotSpecified: (C:\Users\38670\...apper teardown.:String) [], Remote 
   Exception
    + FullyQualifiedErrorId : NativeCommandError
 
Plugin: helpconfig, Hook: pytest_cmdline_parse
ImportError: cannot import name 'FixtureDef' from 'pytest' (C:\Users\38670\AppData\Roaming\Python\
Python312\site-packages\pytest\__init__.py)
For more information see https://pluggy.readthedocs.io/en/stable/api_reference.html#pluggy.PluggyT
eardownRaisedWarning
  config = pluginmanager.hook.pytest_cmdline_parse(
Traceback (most recent call last):
  File "<frozen runpy>", line 198, in _run_module_as_main
  File "<frozen runpy>", line 88, in _run_code
  File "C:\Users\38670\AppData\Roaming\Python\Python312\site-packages\pytest\__main__.py", line 5,
 in <module>
    raise SystemExit(pytest.console_main())
                     ^^^^^^^^^^^^^^^^^^^^^
  File "C:\Users\38670\AppData\Roaming\Python\Python312\site-packages\_pytest\config\__init__.py",
 line 192, in console_main
    code = main()
           ^^^^^^
  File "C:\Users\38670\AppData\Roaming\Python\Python312\site-packages\_pytest\config\__init__.py",
 line 150, in main
    config = _prepareconfig(args, plugins)
             ^^^^^^^^^^^^^^^^^^^^^^^^^^^^^
  File "C:\Users\38670\AppData\Roaming\Python\Python312\site-packages\_pytest\config\__init__.py",
 line 331, in _prepareconfig
    config = pluginmanager.hook.pytest_cmdline_parse(
             ^^^^^^^^^^^^^^^^^^^^^^^^^^^^^^^^^^^^^^^^
  File "C:\Users\38670\AppData\Roaming\Python\Python312\site-packages\pluggy\_hooks.py", line 512,
 in __call__
    return self._hookexec(self.name, self._hookimpls.copy(), kwargs, firstresult)
           ^^^^^^^^^^^^^^^^^^^^^^^^^^^^^^^^^^^^^^^^^^^^^^^^^^^^^^^^^^^^^^^^^^^^^^
  File "C:\Users\38670\AppData\Roaming\Python\Python312\site-packages\pluggy\_manager.py", line 12
0, in _hookexec
    return self._inner_hookexec(hook_name, methods, kwargs, firstresult)
           ^^^^^^^^^^^^^^^^^^^^^^^^^^^^^^^^^^^^^^^^^^^^^^^^^^^^^^^^^^^^^
  File "C:\Users\38670\AppData\Roaming\Python\Python312\site-packages\pluggy\_callers.py", line 16
7, in _multicall
    raise exception
  File "C:\Users\38670\AppData\Roaming\Python\Python312\site-packages\pluggy\_callers.py", line 13
9, in _multicall
    teardown.throw(exception)
  File "C:\Users\38670\AppData\Roaming\Python\Python312\site-packages\pluggy\_callers.py", line 43
, in run_old_style_hookwrapper
    teardown.send(result)
  File "C:\Users\38670\AppData\Roaming\Python\Python312\site-packages\_pytest\helpconfig.py", line
 104, in pytest_cmdline_parse
    config: Config = outcome.get_result()
                     ^^^^^^^^^^^^^^^^^^^^
  File "C:\Users\38670\AppData\Roaming\Python\Python312\site-packages\pluggy\_result.py", line 103
, in get_result
    raise exc.with_traceback(tb)
  File "C:\Users\38670\AppData\Roaming\Python\Python312\site-packages\pluggy\_callers.py", line 38
, in run_old_style_hookwrapper
    res = yield
          ^^^^^
  File "C:\Users\38670\AppData\Roaming\Python\Python312\site-packages\pluggy\_callers.py", line 12
1, in _multicall
    res = hook_impl.function(*args)
          ^^^^^^^^^^^^^^^^^^^^^^^^^
  File "C:\Users\38670\AppData\Roaming\Python\Python312\site-packages\_pytest\config\__init__.py",
 line 1075, in pytest_cmdline_parse
    self.parse(args)
  File "C:\Users\38670\AppData\Roaming\Python\Python312\site-packages\_pytest\config\__init__.py",
 line 1425, in parse
    self._preparse(args, addopts=addopts)
  File "C:\Users\38670\AppData\Roaming\Python\Python312\site-packages\_pytest\config\__init__.py",
 line 1305, in _preparse
    self.pluginmanager.load_setuptools_entrypoints("pytest11")
  File "C:\Users\38670\AppData\Roaming\Python\Python312\site-packages\pluggy\_manager.py", line 41
6, in load_setuptools_entrypoints
    plugin = ep.load()
             ^^^^^^^^^
  File "C:\Program Files\Python312\Lib\importlib\metadata\__init__.py", line 205, in load
    module = import_module(match.group('module'))
             ^^^^^^^^^^^^^^^^^^^^^^^^^^^^^^^^^^^^
  File "C:\Program Files\Python312\Lib\importlib\__init__.py", line 90, in import_module
    return _bootstrap._gcd_import(name[level:], package, level)
           ^^^^^^^^^^^^^^^^^^^^^^^^^^^^^^^^^^^^^^^^^^^^^^^^^^^^
  File "<frozen importlib._bootstrap>", line 1387, in _gcd_import
  File "<frozen importlib._bootstrap>", line 1360, in _find_and_load
  File "<frozen importlib._bootstrap>", line 1310, in _find_and_load_unlocked
  File "<frozen importlib._bootstrap>", line 488, in _call_with_frames_removed
  File "<frozen importlib._bootstrap>", line 1387, in _gcd_import
  File "<frozen importlib._bootstrap>", line 1360, in _find_and_load
  File "<frozen importlib._bootstrap>", line 1331, in _find_and_load_unlocked
  File "<frozen importlib._bootstrap>", line 935, in _load_unlocked
  File "C:\Users\38670\AppData\Roaming\Python\Python312\site-packages\_pytest\assertion\rewrite.py
", line 186, in exec_module
    exec(co, module.__dict__)
  File "C:\Users\38670\AppData\Roaming\Python\Python312\site-packages\pytest_asyncio\__init__.py",
 line 6, in <module>
    from .plugin import fixture, is_async_test
  File "C:\Users\38670\AppData\Roaming\Python\Python312\site-packages\_pytest\assertion\rewrite.py
", line 186, in exec_module
    exec(co, module.__dict__)
  File "C:\Users\38670\AppData\Roaming\Python\Python312\site-packages\pytest_asyncio\plugin.py", l
ine 36, in <module>
    from pytest import (
ImportError: cannot import name 'FixtureDef' from 'pytest' (C:\Users\38670\AppData\Roaming\Python\
Python312\site-packages\pytest\__init__.py)
